Overriden args with config: /home/yhguo/yuxuan/CL/origin/ContinualEvaluation/reproduce/..//reproduce/configs/CIFAR10_ER.yaml
STARTING TIME: 2024-04-07_06-18
EXP NAME:reproduce_paper_now=2024-04-07_06-18_uid=c9f5c6c857fe4735aea4919407478057
args: {'exp_name': 'reproduce_paper_now=2024-04-07_06-18_uid=c9f5c6c857fe4735aea4919407478057', 'config_path': '/home/yhguo/yuxuan/CL/origin/ContinualEvaluation/reproduce/..//reproduce/configs/CIFAR10_ER.yaml', 'exp_postfix': '#now,#uid', 'save_path': './results/', 'num_workers': 1, 'cuda': True, 'disable_pbar': True, 'debug': False, 'n_seeds': 5, 'seed': None, 'deterministic': False, 'wandb': False, 'scenario': 'CIFAR10', 'dset_rootpath': './data', 'partial_num_tasks': None, 'featsize': 400, 'backbone': 'resnet18', 'use_GAP': True, 'classifier': 'linear', 'lin_bias': True, 'optim': 'sgd', 'bs': 256, 'epochs': 10, 'iterations_per_task': None, 'lr': 0.1, 'momentum': 0.9, 'weight_decay': 0, 'lr_milestones': None, 'lr_decay': None, 'eval_with_test_data': True, 'enable_continual_eval': True, 'eval_periodicity': 1, 'eval_task_subset_size': 1000, 'track_class_stats': False, 'track_gradnorm': False, 'track_features': False, 'strategy': 'ER', 'task_incr': False, 'Lw_new': 0.7, 'record_stability_gradnorm': False, 'mem_size': 1000, 'gem_gamma': 0.5, 'lwf_alpha': 1, 'lwf_softmax_t': 2, 'iw_strength': 1, 'now': '2024-04-07_06-18', 'uid': 'c9f5c6c857fe4735aea4919407478057', 'device': device(type='cuda', index=0)}
STARTING SEED 0/4
[SCENARIO] CIFAR10, Task Incr = False
Files already downloaded and verified
Files already downloaded and verified
Scenario = CIFAR10
[Tensorboard] tb_log_dir=/home/yhguo/yuxuan/CL/origin/ContinualEvaluation/results/ER_CIFAR10_e=10_reproduce_paper_now=2024-04-07_06-18_uid=c9f5c6c857fe4735aea4919407478057/tb_run/seed=0
Evaluating on stream (eval=True): <avalanche.benchmarks.scenarios.generic_cl_scenario.GenericScenarioStream object at 0x7f5270681460>
TRACKING: subsetsize=1000,freq=1,stream=<avalanche.benchmarks.scenarios.generic_cl_scenario.GenericScenarioStream object at 0x7f5270681460>
[METHOD CONFIG] n_total_mems=1000 
[METHOD CONFIG] SUMMARY: { 'n_total_memories': 1000,
  'num_tasks': 5,
  'storage_policy': <avalanche.training.storage_policy.ClassBalancedBuffer object at 0x7f52705f3fa0>}
Running strategy:<src.methods.replay.ERStrategy object at 0x7f52705f3e80>
with Plugins: [<src.methods.replay.ERPlugin object at 0x7f52705f3f40>, <src.eval.minibatch_logging.StrategyAttributeAdderPlugin object at 0x7f52705f3dc0>, <avalanche.training.plugins.evaluation.EvaluationPlugin object at 0x7f52705f3d90>, <avalanche.training.plugins.clock.Clock object at 0x7f52705f3fd0>]
Starting experiment...

---------------------------------------- TRAIN ----------------------------------------
Start training on experience 0
-- >> Start of training phase << --
-- Starting training on experience 0 (Task 0) from train stream --
/home/yhguo/anaconda3/envs/rcg/lib/python3.8/site-packages/torch/autograd/__init__.py:173: UserWarning: An output with one or more elements was resized since it had shape [], which does not match the required output shape [256, 10]. This behavior is deprecated, and in a future PyTorch release outputs will not be resized unless they have zero elements. You can explicitly reuse an out tensor t by resizing it, inplace, to zero elements with t.resize_(0). (Triggered internally at  ../aten/src/ATen/native/Resize.cpp:24.)
  Variable._execution_engine.run_backward(  # Calls into the C++ engine to run the backward pass
'ERStrategy' object has no attribute 'avg_gradnorm_G'
strategy_attr not valid for strategy: '['avg_gradnorm_G']'
/home/yhguo/anaconda3/envs/rcg/lib/python3.8/site-packages/torch/autograd/__init__.py:173: UserWarning: An output with one or more elements was resized since it had shape [], which does not match the required output shape [16, 10]. This behavior is deprecated, and in a future PyTorch release outputs will not be resized unless they have zero elements. You can explicitly reuse an out tensor t by resizing it, inplace, to zero elements with t.resize_(0). (Triggered internally at  ../aten/src/ATen/native/Resize.cpp:24.)
  Variable._execution_engine.run_backward(  # Calls into the C++ engine to run the backward pass
Epoch 0 ended.
	CURRENT_MB_avg_gradnorm_G/train_phase/train_stream/Task000 = 0.0000
	CURRENT_MB_gradnorm_stab/train_phase/train_stream/Task000 = 0.0000
	CURRENT_MB_loss_new/train_phase/train_stream/Task000 = 0.0700
	CURRENT_MB_loss_reg/train_phase/train_stream/Task000 = 0.0000
	Loss_MB/train_phase/train_stream/Task000 = 0.0700
	TRACK_MB_F10/train_phase/train_stream/Task000 = 0.2420
	TRACK_MB_F100/train_phase/train_stream/Task000 = 0.2500
	TRACK_MB_F100_AVG/train_phase/train_stream/Task000 = 0.2500
	TRACK_MB_F10_AVG/train_phase/train_stream/Task000 = 0.2420
	TRACK_MB_LCA/train_phase/train_stream/Task000 = 0.3979
	TRACK_MB_P10/train_phase/train_stream/Task000 = 0.5150
	TRACK_MB_P100/train_phase/train_stream/Task000 = 0.7440
	TRACK_MB_P100_AVG/train_phase/train_stream/Task000 = 0.7440
	TRACK_MB_P10_AVG/train_phase/train_stream/Task000 = 0.5150
	TRACK_MB_WCACC/train_phase/train_stream/Task000 = 0.5090
	TRACK_MB_acc/train_phase/train_stream/Task000 = 0.5090
	TRACK_MB_acc_MIN_AVG/train_phase/train_stream/Task000 = None
	TRACK_MB_loss/train_phase/train_stream/Task000 = 1.0074
	Time_Epoch/train_phase/train_stream/Task000 = 28.5842
Epoch 1 ended.
	CURRENT_MB_avg_gradnorm_G/train_phase/train_stream/Task000 = 0.0000
	CURRENT_MB_gradnorm_stab/train_phase/train_stream/Task000 = 0.0000
	CURRENT_MB_loss_new/train_phase/train_stream/Task000 = 0.0700
	CURRENT_MB_loss_reg/train_phase/train_stream/Task000 = 0.0000
	Loss_MB/train_phase/train_stream/Task000 = 0.0700
	TRACK_MB_F10/train_phase/train_stream/Task000 = 0.2420
	TRACK_MB_F100/train_phase/train_stream/Task000 = 0.2680
	TRACK_MB_F100_AVG/train_phase/train_stream/Task000 = 0.2680
	TRACK_MB_F10_AVG/train_phase/train_stream/Task000 = 0.2420
	TRACK_MB_LCA/train_phase/train_stream/Task000 = 0.3979
	TRACK_MB_P10/train_phase/train_stream/Task000 = 0.5150
	TRACK_MB_P100/train_phase/train_stream/Task000 = 0.7440
	TRACK_MB_P100_AVG/train_phase/train_stream/Task000 = 0.7440
	TRACK_MB_P10_AVG/train_phase/train_stream/Task000 = 0.5150
	TRACK_MB_WCACC/train_phase/train_stream/Task000 = 0.5080
	TRACK_MB_acc/train_phase/train_stream/Task000 = 0.5080
	TRACK_MB_acc_MIN_AVG/train_phase/train_stream/Task000 = None
	TRACK_MB_loss/train_phase/train_stream/Task000 = 1.6507
	Time_Epoch/train_phase/train_stream/Task000 = 27.0811
Epoch 2 ended.
	CURRENT_MB_avg_gradnorm_G/train_phase/train_stream/Task000 = 0.0000
	CURRENT_MB_gradnorm_stab/train_phase/train_stream/Task000 = 0.0000
	CURRENT_MB_loss_new/train_phase/train_stream/Task000 = 0.0700
	CURRENT_MB_loss_reg/train_phase/train_stream/Task000 = 0.0000
	Loss_MB/train_phase/train_stream/Task000 = 0.0700
	TRACK_MB_F10/train_phase/train_stream/Task000 = 0.2420
	TRACK_MB_F100/train_phase/train_stream/Task000 = 0.2680
	TRACK_MB_F100_AVG/train_phase/train_stream/Task000 = 0.2680
	TRACK_MB_F10_AVG/train_phase/train_stream/Task000 = 0.2420
	TRACK_MB_LCA/train_phase/train_stream/Task000 = 0.3979
	TRACK_MB_P10/train_phase/train_stream/Task000 = 0.5150
	TRACK_MB_P100/train_phase/train_stream/Task000 = 0.7440
	TRACK_MB_P100_AVG/train_phase/train_stream/Task000 = 0.7440
	TRACK_MB_P10_AVG/train_phase/train_stream/Task000 = 0.5150
	TRACK_MB_WCACC/train_phase/train_stream/Task000 = 0.4920
	TRACK_MB_acc/train_phase/train_stream/Task000 = 0.4920
	TRACK_MB_acc_MIN_AVG/train_phase/train_stream/Task000 = None
	TRACK_MB_loss/train_phase/train_stream/Task000 = 1.6808
	Time_Epoch/train_phase/train_stream/Task000 = 26.8577
Epoch 3 ended.
	CURRENT_MB_avg_gradnorm_G/train_phase/train_stream/Task000 = 0.0000
	CURRENT_MB_gradnorm_stab/train_phase/train_stream/Task000 = 0.0000
	CURRENT_MB_loss_new/train_phase/train_stream/Task000 = 0.0700
	CURRENT_MB_loss_reg/train_phase/train_stream/Task000 = 0.0000
	Loss_MB/train_phase/train_stream/Task000 = 0.0700
	TRACK_MB_F10/train_phase/train_stream/Task000 = 0.2420
	TRACK_MB_F100/train_phase/train_stream/Task000 = 0.2680
	TRACK_MB_F100_AVG/train_phase/train_stream/Task000 = 0.2680
	TRACK_MB_F10_AVG/train_phase/train_stream/Task000 = 0.2420
	TRACK_MB_LCA/train_phase/train_stream/Task000 = 0.3979
	TRACK_MB_P10/train_phase/train_stream/Task000 = 0.5150
	TRACK_MB_P100/train_phase/train_stream/Task000 = 0.7440
	TRACK_MB_P100_AVG/train_phase/train_stream/Task000 = 0.7440
	TRACK_MB_P10_AVG/train_phase/train_stream/Task000 = 0.5150
	TRACK_MB_WCACC/train_phase/train_stream/Task000 = 0.4980
	TRACK_MB_acc/train_phase/train_stream/Task000 = 0.4980
	TRACK_MB_acc_MIN_AVG/train_phase/train_stream/Task000 = None
	TRACK_MB_loss/train_phase/train_stream/Task000 = 1.7400
	Time_Epoch/train_phase/train_stream/Task000 = 26.9638
Epoch 4 ended.
	CURRENT_MB_avg_gradnorm_G/train_phase/train_stream/Task000 = 0.0000
	CURRENT_MB_gradnorm_stab/train_phase/train_stream/Task000 = 0.0000
	CURRENT_MB_loss_new/train_phase/train_stream/Task000 = 0.0700
	CURRENT_MB_loss_reg/train_phase/train_stream/Task000 = 0.0000
	Loss_MB/train_phase/train_stream/Task000 = 0.0700
	TRACK_MB_F10/train_phase/train_stream/Task000 = 0.2420
	TRACK_MB_F100/train_phase/train_stream/Task000 = 0.2680
	TRACK_MB_F100_AVG/train_phase/train_stream/Task000 = 0.2680
	TRACK_MB_F10_AVG/train_phase/train_stream/Task000 = 0.2420
	TRACK_MB_LCA/train_phase/train_stream/Task000 = 0.3979
	TRACK_MB_P10/train_phase/train_stream/Task000 = 0.5150
	TRACK_MB_P100/train_phase/train_stream/Task000 = 0.7440
	TRACK_MB_P100_AVG/train_phase/train_stream/Task000 = 0.7440
	TRACK_MB_P10_AVG/train_phase/train_stream/Task000 = 0.5150
	TRACK_MB_WCACC/train_phase/train_stream/Task000 = 0.4800
	TRACK_MB_acc/train_phase/train_stream/Task000 = 0.4800
	TRACK_MB_acc_MIN_AVG/train_phase/train_stream/Task000 = None
	TRACK_MB_loss/train_phase/train_stream/Task000 = 1.7581
	Time_Epoch/train_phase/train_stream/Task000 = 27.1696
Epoch 5 ended.
	CURRENT_MB_avg_gradnorm_G/train_phase/train_stream/Task000 = 0.0000
	CURRENT_MB_gradnorm_stab/train_phase/train_stream/Task000 = 0.0000
	CURRENT_MB_loss_new/train_phase/train_stream/Task000 = 0.0700
	CURRENT_MB_loss_reg/train_phase/train_stream/Task000 = 0.0000
	Loss_MB/train_phase/train_stream/Task000 = 0.0700
	TRACK_MB_F10/train_phase/train_stream/Task000 = 0.2420
	TRACK_MB_F100/train_phase/train_stream/Task000 = 0.2680
	TRACK_MB_F100_AVG/train_phase/train_stream/Task000 = 0.2680
	TRACK_MB_F10_AVG/train_phase/train_stream/Task000 = 0.2420
	TRACK_MB_LCA/train_phase/train_stream/Task000 = 0.3979
	TRACK_MB_P10/train_phase/train_stream/Task000 = 0.5150
	TRACK_MB_P100/train_phase/train_stream/Task000 = 0.7440
	TRACK_MB_P100_AVG/train_phase/train_stream/Task000 = 0.7440
	TRACK_MB_P10_AVG/train_phase/train_stream/Task000 = 0.5150
	TRACK_MB_WCACC/train_phase/train_stream/Task000 = 0.4910
	TRACK_MB_acc/train_phase/train_stream/Task000 = 0.4910
	TRACK_MB_acc_MIN_AVG/train_phase/train_stream/Task000 = None
	TRACK_MB_loss/train_phase/train_stream/Task000 = 1.6660
	Time_Epoch/train_phase/train_stream/Task000 = 27.3214
Epoch 6 ended.
	CURRENT_MB_avg_gradnorm_G/train_phase/train_stream/Task000 = 0.0000
	CURRENT_MB_gradnorm_stab/train_phase/train_stream/Task000 = 0.0000
	CURRENT_MB_loss_new/train_phase/train_stream/Task000 = 0.0700
	CURRENT_MB_loss_reg/train_phase/train_stream/Task000 = 0.0000
	Loss_MB/train_phase/train_stream/Task000 = 0.0700
	TRACK_MB_F10/train_phase/train_stream/Task000 = 0.2420
	TRACK_MB_F100/train_phase/train_stream/Task000 = 0.2680
	TRACK_MB_F100_AVG/train_phase/train_stream/Task000 = 0.2680
	TRACK_MB_F10_AVG/train_phase/train_stream/Task000 = 0.2420
	TRACK_MB_LCA/train_phase/train_stream/Task000 = 0.3979
	TRACK_MB_P10/train_phase/train_stream/Task000 = 0.5150
	TRACK_MB_P100/train_phase/train_stream/Task000 = 0.7440
	TRACK_MB_P100_AVG/train_phase/train_stream/Task000 = 0.7440
	TRACK_MB_P10_AVG/train_phase/train_stream/Task000 = 0.5150
	TRACK_MB_WCACC/train_phase/train_stream/Task000 = 0.4930
	TRACK_MB_acc/train_phase/train_stream/Task000 = 0.4930
	TRACK_MB_acc_MIN_AVG/train_phase/train_stream/Task000 = None
	TRACK_MB_loss/train_phase/train_stream/Task000 = 1.6944
	Time_Epoch/train_phase/train_stream/Task000 = 27.0476
Epoch 7 ended.
	CURRENT_MB_avg_gradnorm_G/train_phase/train_stream/Task000 = 0.0000
	CURRENT_MB_gradnorm_stab/train_phase/train_stream/Task000 = 0.0000
	CURRENT_MB_loss_new/train_phase/train_stream/Task000 = 0.0700
	CURRENT_MB_loss_reg/train_phase/train_stream/Task000 = 0.0000
	Loss_MB/train_phase/train_stream/Task000 = 0.0700
	TRACK_MB_F10/train_phase/train_stream/Task000 = 0.2420
	TRACK_MB_F100/train_phase/train_stream/Task000 = 0.2680
	TRACK_MB_F100_AVG/train_phase/train_stream/Task000 = 0.2680
	TRACK_MB_F10_AVG/train_phase/train_stream/Task000 = 0.2420
	TRACK_MB_LCA/train_phase/train_stream/Task000 = 0.3979
	TRACK_MB_P10/train_phase/train_stream/Task000 = 0.5150
	TRACK_MB_P100/train_phase/train_stream/Task000 = 0.7440
	TRACK_MB_P100_AVG/train_phase/train_stream/Task000 = 0.7440
	TRACK_MB_P10_AVG/train_phase/train_stream/Task000 = 0.5150
	TRACK_MB_WCACC/train_phase/train_stream/Task000 = 0.4890
	TRACK_MB_acc/train_phase/train_stream/Task000 = 0.4890
	TRACK_MB_acc_MIN_AVG/train_phase/train_stream/Task000 = None
	TRACK_MB_loss/train_phase/train_stream/Task000 = 1.7069
	Time_Epoch/train_phase/train_stream/Task000 = 26.2949
Epoch 8 ended.
	CURRENT_MB_avg_gradnorm_G/train_phase/train_stream/Task000 = 0.0000
	CURRENT_MB_gradnorm_stab/train_phase/train_stream/Task000 = 0.0000
	CURRENT_MB_loss_new/train_phase/train_stream/Task000 = 0.0700
	CURRENT_MB_loss_reg/train_phase/train_stream/Task000 = 0.0000
	Loss_MB/train_phase/train_stream/Task000 = 0.0700
	TRACK_MB_F10/train_phase/train_stream/Task000 = 0.2420
	TRACK_MB_F100/train_phase/train_stream/Task000 = 0.2680
	TRACK_MB_F100_AVG/train_phase/train_stream/Task000 = 0.2680
	TRACK_MB_F10_AVG/train_phase/train_stream/Task000 = 0.2420
	TRACK_MB_LCA/train_phase/train_stream/Task000 = 0.3979
	TRACK_MB_P10/train_phase/train_stream/Task000 = 0.5150
	TRACK_MB_P100/train_phase/train_stream/Task000 = 0.7440
	TRACK_MB_P100_AVG/train_phase/train_stream/Task000 = 0.7440
	TRACK_MB_P10_AVG/train_phase/train_stream/Task000 = 0.5150
	TRACK_MB_WCACC/train_phase/train_stream/Task000 = 0.4900
	TRACK_MB_acc/train_phase/train_stream/Task000 = 0.4900
	TRACK_MB_acc_MIN_AVG/train_phase/train_stream/Task000 = None
	TRACK_MB_loss/train_phase/train_stream/Task000 = 1.7084
	Time_Epoch/train_phase/train_stream/Task000 = 27.0848
Epoch 9 ended.
	CURRENT_MB_avg_gradnorm_G/train_phase/train_stream/Task000 = 0.0000
	CURRENT_MB_gradnorm_stab/train_phase/train_stream/Task000 = 0.0000
	CURRENT_MB_loss_new/train_phase/train_stream/Task000 = 0.0700
	CURRENT_MB_loss_reg/train_phase/train_stream/Task000 = 0.0000
	Loss_MB/train_phase/train_stream/Task000 = 0.0700
	TRACK_MB_F10/train_phase/train_stream/Task000 = 0.2420
	TRACK_MB_F100/train_phase/train_stream/Task000 = 0.2680
	TRACK_MB_F100_AVG/train_phase/train_stream/Task000 = 0.2680
	TRACK_MB_F10_AVG/train_phase/train_stream/Task000 = 0.2420
	TRACK_MB_LCA/train_phase/train_stream/Task000 = 0.3979
	TRACK_MB_P10/train_phase/train_stream/Task000 = 0.5150
	TRACK_MB_P100/train_phase/train_stream/Task000 = 0.7440
	TRACK_MB_P100_AVG/train_phase/train_stream/Task000 = 0.7440
	TRACK_MB_P10_AVG/train_phase/train_stream/Task000 = 0.5150
	TRACK_MB_WCACC/train_phase/train_stream/Task000 = 0.4960
	TRACK_MB_acc/train_phase/train_stream/Task000 = 0.4960
	TRACK_MB_acc_MIN_AVG/train_phase/train_stream/Task000 = None
	TRACK_MB_loss/train_phase/train_stream/Task000 = 1.6870
	Time_Epoch/train_phase/train_stream/Task000 = 27.1009
-- >> End of training phase << --
End training on experience 0

======================================== EVAL ========================================
Standard Continual Learning eval on entire test set on task transition.
-- >> Start of eval phase << --
-- Starting eval on experience 0 (Task 0) from test stream --
> Eval on experience 0 (Task 0) from test stream ended.
	Loss_Exp/eval_phase/test_stream/Task000/Exp000 = 1.6645
	Top1_Acc_Exp/eval_phase/test_stream/Task000/Exp000 = 0.5000
-- Starting eval on experience 1 (Task 0) from test stream --
> Eval on experience 1 (Task 0) from test stream ended.
	Loss_Exp/eval_phase/test_stream/Task000/Exp001 = 33.4429
	Top1_Acc_Exp/eval_phase/test_stream/Task000/Exp001 = 0.0000
-- Starting eval on experience 2 (Task 0) from test stream --
> Eval on experience 2 (Task 0) from test stream ended.
	Loss_Exp/eval_phase/test_stream/Task000/Exp002 = 32.4779
	Top1_Acc_Exp/eval_phase/test_stream/Task000/Exp002 = 0.0000
-- Starting eval on experience 3 (Task 0) from test stream --
> Eval on experience 3 (Task 0) from test stream ended.
	Loss_Exp/eval_phase/test_stream/Task000/Exp003 = 33.5381
	Top1_Acc_Exp/eval_phase/test_stream/Task000/Exp003 = 0.0000
-- Starting eval on experience 4 (Task 0) from test stream --
> Eval on experience 4 (Task 0) from test stream ended.
	Loss_Exp/eval_phase/test_stream/Task000/Exp004 = 32.9250
	Top1_Acc_Exp/eval_phase/test_stream/Task000/Exp004 = 0.0000
-- >> End of eval phase << --
	ConfusionMatrix_Stream/eval_phase/test_stream = <avalanche.evaluation.metric_results.AlternativeValues object at 0x7f52700668b0>
	Loss_Stream/eval_phase/test_stream/Task000 = 26.8097
	StreamForgetting/eval_phase/test_stream = 0.0000
	Top1_Acc_Stream/eval_phase/test_stream/Task000 = 0.1000
[FILE:TASK-RESULTS]: /home/yhguo/yuxuan/CL/origin/ContinualEvaluation/results/ER_CIFAR10_e=10_reproduce_paper_now=2024-04-07_06-18_uid=c9f5c6c857fe4735aea4919407478057/results_summary/seed=0/task0_results.pt

---------------------------------------- TRAIN ----------------------------------------
Start training on experience 1
-- >> Start of training phase << --
-- Starting training on experience 1 (Task 0) from train stream --
/home/yhguo/anaconda3/envs/rcg/lib/python3.8/site-packages/torch/autograd/__init__.py:173: UserWarning: An output with one or more elements was resized since it had shape [], which does not match the required output shape [512, 10]. This behavior is deprecated, and in a future PyTorch release outputs will not be resized unless they have zero elements. You can explicitly reuse an out tensor t by resizing it, inplace, to zero elements with t.resize_(0). (Triggered internally at  ../aten/src/ATen/native/Resize.cpp:24.)
  Variable._execution_engine.run_backward(  # Calls into the C++ engine to run the backward pass
/home/yhguo/anaconda3/envs/rcg/lib/python3.8/site-packages/torch/autograd/__init__.py:173: UserWarning: An output with one or more elements was resized since it had shape [], which does not match the required output shape [272, 10]. This behavior is deprecated, and in a future PyTorch release outputs will not be resized unless they have zero elements. You can explicitly reuse an out tensor t by resizing it, inplace, to zero elements with t.resize_(0). (Triggered internally at  ../aten/src/ATen/native/Resize.cpp:24.)
  Variable._execution_engine.run_backward(  # Calls into the C++ engine to run the backward pass
Epoch 0 ended.
	CURRENT_MB_avg_gradnorm_G/train_phase/train_stream/Task000 = 0.0000
	CURRENT_MB_gradnorm_stab/train_phase/train_stream/Task000 = 0.0000
	CURRENT_MB_loss_new/train_phase/train_stream/Task000 = 0.7700
	CURRENT_MB_loss_reg/train_phase/train_stream/Task000 = 0.0300
	Loss_MB/train_phase/train_stream/Task000 = 0.8000
	TRACK_MB_F10/train_phase/train_stream/Task000 = 0.2420
	TRACK_MB_F10/train_phase/train_stream/Task001 = 0.0000
	TRACK_MB_F100/train_phase/train_stream/Task000 = 0.2680
	TRACK_MB_F100/train_phase/train_stream/Task001 = 0.0000
	TRACK_MB_F100_AVG/train_phase/train_stream/Task000 = 0.1340
	TRACK_MB_F10_AVG/train_phase/train_stream/Task000 = 0.1210
	TRACK_MB_LCA/train_phase/train_stream/Task000 = 0.1990
	TRACK_MB_P10/train_phase/train_stream/Task000 = 0.5150
	TRACK_MB_P10/train_phase/train_stream/Task001 = 0.0000
	TRACK_MB_P100/train_phase/train_stream/Task000 = 0.7440
	TRACK_MB_P100/train_phase/train_stream/Task001 = 0.0000
	TRACK_MB_P100_AVG/train_phase/train_stream/Task000 = 0.3720
	TRACK_MB_P10_AVG/train_phase/train_stream/Task000 = 0.2575
	TRACK_MB_WCACC/train_phase/train_stream/Task000 = 0.2345
	TRACK_MB_acc/train_phase/train_stream/Task000 = 0.4850
	TRACK_MB_acc/train_phase/train_stream/Task001 = 0.0000
	TRACK_MB_acc_MIN/train_phase/train_stream/Task000 = 0.4690
	TRACK_MB_acc_MIN_AVG/train_phase/train_stream/Task000 = 0.4690
	TRACK_MB_loss/train_phase/train_stream/Task000 = 1.6575
	TRACK_MB_loss/train_phase/train_stream/Task001 = 33.0588
	Time_Epoch/train_phase/train_stream/Task000 = 57.3147
Epoch 1 ended.
	CURRENT_MB_avg_gradnorm_G/train_phase/train_stream/Task000 = 0.0000
	CURRENT_MB_gradnorm_stab/train_phase/train_stream/Task000 = 0.0000
	CURRENT_MB_loss_new/train_phase/train_stream/Task000 = 0.7700
	CURRENT_MB_loss_reg/train_phase/train_stream/Task000 = 0.0300
	Loss_MB/train_phase/train_stream/Task000 = 0.8000
	TRACK_MB_F10/train_phase/train_stream/Task000 = 0.2420
	TRACK_MB_F10/train_phase/train_stream/Task001 = 0.0000
	TRACK_MB_F100/train_phase/train_stream/Task000 = 0.2680
	TRACK_MB_F100/train_phase/train_stream/Task001 = 0.0000
	TRACK_MB_F100_AVG/train_phase/train_stream/Task000 = 0.1340
	TRACK_MB_F10_AVG/train_phase/train_stream/Task000 = 0.1210
	TRACK_MB_LCA/train_phase/train_stream/Task000 = 0.1990
	TRACK_MB_P10/train_phase/train_stream/Task000 = 0.5150
	TRACK_MB_P10/train_phase/train_stream/Task001 = 0.0000
	TRACK_MB_P100/train_phase/train_stream/Task000 = 0.7440
	TRACK_MB_P100/train_phase/train_stream/Task001 = 0.0000
	TRACK_MB_P100_AVG/train_phase/train_stream/Task000 = 0.3720
	TRACK_MB_P10_AVG/train_phase/train_stream/Task000 = 0.2575
	TRACK_MB_WCACC/train_phase/train_stream/Task000 = 0.2345
	TRACK_MB_acc/train_phase/train_stream/Task000 = 0.5090
	TRACK_MB_acc/train_phase/train_stream/Task001 = 0.0000
	TRACK_MB_acc_MIN/train_phase/train_stream/Task000 = 0.4690
	TRACK_MB_acc_MIN_AVG/train_phase/train_stream/Task000 = 0.4690
	TRACK_MB_loss/train_phase/train_stream/Task000 = 1.5157
	TRACK_MB_loss/train_phase/train_stream/Task001 = 33.1419
	Time_Epoch/train_phase/train_stream/Task000 = 57.1732
Epoch 2 ended.
	CURRENT_MB_avg_gradnorm_G/train_phase/train_stream/Task000 = 0.0000
	CURRENT_MB_gradnorm_stab/train_phase/train_stream/Task000 = 0.0000
	CURRENT_MB_loss_new/train_phase/train_stream/Task000 = 0.7700
	CURRENT_MB_loss_reg/train_phase/train_stream/Task000 = 0.0300
	Loss_MB/train_phase/train_stream/Task000 = 0.8000
	TRACK_MB_F10/train_phase/train_stream/Task000 = 0.2420
	TRACK_MB_F10/train_phase/train_stream/Task001 = 0.0000
	TRACK_MB_F100/train_phase/train_stream/Task000 = 0.2680
	TRACK_MB_F100/train_phase/train_stream/Task001 = 0.0000
	TRACK_MB_F100_AVG/train_phase/train_stream/Task000 = 0.1340
	TRACK_MB_F10_AVG/train_phase/train_stream/Task000 = 0.1210
	TRACK_MB_LCA/train_phase/train_stream/Task000 = 0.1990
	TRACK_MB_P10/train_phase/train_stream/Task000 = 0.5150
	TRACK_MB_P10/train_phase/train_stream/Task001 = 0.0000
	TRACK_MB_P100/train_phase/train_stream/Task000 = 0.7440
	TRACK_MB_P100/train_phase/train_stream/Task001 = 0.0000
	TRACK_MB_P100_AVG/train_phase/train_stream/Task000 = 0.3720
	TRACK_MB_P10_AVG/train_phase/train_stream/Task000 = 0.2575
	TRACK_MB_WCACC/train_phase/train_stream/Task000 = 0.2345
	TRACK_MB_acc/train_phase/train_stream/Task000 = 0.5070
	TRACK_MB_acc/train_phase/train_stream/Task001 = 0.0000
	TRACK_MB_acc_MIN/train_phase/train_stream/Task000 = 0.4690
	TRACK_MB_acc_MIN_AVG/train_phase/train_stream/Task000 = 0.4690
	TRACK_MB_loss/train_phase/train_stream/Task000 = 1.5388
	TRACK_MB_loss/train_phase/train_stream/Task001 = 32.9728
	Time_Epoch/train_phase/train_stream/Task000 = 56.6889
Epoch 3 ended.
	CURRENT_MB_avg_gradnorm_G/train_phase/train_stream/Task000 = 0.0000
	CURRENT_MB_gradnorm_stab/train_phase/train_stream/Task000 = 0.0000
	CURRENT_MB_loss_new/train_phase/train_stream/Task000 = 0.7700
	CURRENT_MB_loss_reg/train_phase/train_stream/Task000 = 0.0300
	Loss_MB/train_phase/train_stream/Task000 = 0.8000
	TRACK_MB_F10/train_phase/train_stream/Task000 = 0.2420
	TRACK_MB_F10/train_phase/train_stream/Task001 = 0.0000
	TRACK_MB_F100/train_phase/train_stream/Task000 = 0.2680
	TRACK_MB_F100/train_phase/train_stream/Task001 = 0.0000
	TRACK_MB_F100_AVG/train_phase/train_stream/Task000 = 0.1340
	TRACK_MB_F10_AVG/train_phase/train_stream/Task000 = 0.1210
	TRACK_MB_LCA/train_phase/train_stream/Task000 = 0.1990
	TRACK_MB_P10/train_phase/train_stream/Task000 = 0.5150
	TRACK_MB_P10/train_phase/train_stream/Task001 = 0.0000
	TRACK_MB_P100/train_phase/train_stream/Task000 = 0.7440
	TRACK_MB_P100/train_phase/train_stream/Task001 = 0.0000
	TRACK_MB_P100_AVG/train_phase/train_stream/Task000 = 0.3720
	TRACK_MB_P10_AVG/train_phase/train_stream/Task000 = 0.2575
	TRACK_MB_WCACC/train_phase/train_stream/Task000 = 0.2345
	TRACK_MB_acc/train_phase/train_stream/Task000 = 0.5050
	TRACK_MB_acc/train_phase/train_stream/Task001 = 0.0000
	TRACK_MB_acc_MIN/train_phase/train_stream/Task000 = 0.4690
	TRACK_MB_acc_MIN_AVG/train_phase/train_stream/Task000 = 0.4690
	TRACK_MB_loss/train_phase/train_stream/Task000 = 1.5662
	TRACK_MB_loss/train_phase/train_stream/Task001 = 32.9854
	Time_Epoch/train_phase/train_stream/Task000 = 56.8388
Epoch 4 ended.
	CURRENT_MB_avg_gradnorm_G/train_phase/train_stream/Task000 = 0.0000
	CURRENT_MB_gradnorm_stab/train_phase/train_stream/Task000 = 0.0000
	CURRENT_MB_loss_new/train_phase/train_stream/Task000 = 0.7700
	CURRENT_MB_loss_reg/train_phase/train_stream/Task000 = 0.0300
	Loss_MB/train_phase/train_stream/Task000 = 0.8000
	TRACK_MB_F10/train_phase/train_stream/Task000 = 0.2420
	TRACK_MB_F10/train_phase/train_stream/Task001 = 0.0000
	TRACK_MB_F100/train_phase/train_stream/Task000 = 0.2680
	TRACK_MB_F100/train_phase/train_stream/Task001 = 0.0000
	TRACK_MB_F100_AVG/train_phase/train_stream/Task000 = 0.1340
	TRACK_MB_F10_AVG/train_phase/train_stream/Task000 = 0.1210
	TRACK_MB_LCA/train_phase/train_stream/Task000 = 0.1990
	TRACK_MB_P10/train_phase/train_stream/Task000 = 0.5150
	TRACK_MB_P10/train_phase/train_stream/Task001 = 0.0000
	TRACK_MB_P100/train_phase/train_stream/Task000 = 0.7440
	TRACK_MB_P100/train_phase/train_stream/Task001 = 0.0000
	TRACK_MB_P100_AVG/train_phase/train_stream/Task000 = 0.3720
	TRACK_MB_P10_AVG/train_phase/train_stream/Task000 = 0.2575
	TRACK_MB_WCACC/train_phase/train_stream/Task000 = 0.2345
	TRACK_MB_acc/train_phase/train_stream/Task000 = 0.4910
	TRACK_MB_acc/train_phase/train_stream/Task001 = 0.0000
	TRACK_MB_acc_MIN/train_phase/train_stream/Task000 = 0.4690
	TRACK_MB_acc_MIN_AVG/train_phase/train_stream/Task000 = 0.4690
	TRACK_MB_loss/train_phase/train_stream/Task000 = 1.6441
	TRACK_MB_loss/train_phase/train_stream/Task001 = 32.9335
	Time_Epoch/train_phase/train_stream/Task000 = 56.4643
Epoch 5 ended.
	CURRENT_MB_avg_gradnorm_G/train_phase/train_stream/Task000 = 0.0000
	CURRENT_MB_gradnorm_stab/train_phase/train_stream/Task000 = 0.0000
	CURRENT_MB_loss_new/train_phase/train_stream/Task000 = 0.7700
	CURRENT_MB_loss_reg/train_phase/train_stream/Task000 = 0.0300
	Loss_MB/train_phase/train_stream/Task000 = 0.8000
	TRACK_MB_F10/train_phase/train_stream/Task000 = 0.2420
	TRACK_MB_F10/train_phase/train_stream/Task001 = 0.0000
	TRACK_MB_F100/train_phase/train_stream/Task000 = 0.2680
	TRACK_MB_F100/train_phase/train_stream/Task001 = 0.0000
	TRACK_MB_F100_AVG/train_phase/train_stream/Task000 = 0.1340
	TRACK_MB_F10_AVG/train_phase/train_stream/Task000 = 0.1210
	TRACK_MB_LCA/train_phase/train_stream/Task000 = 0.1990
	TRACK_MB_P10/train_phase/train_stream/Task000 = 0.5150
	TRACK_MB_P10/train_phase/train_stream/Task001 = 0.0000
	TRACK_MB_P100/train_phase/train_stream/Task000 = 0.7440
	TRACK_MB_P100/train_phase/train_stream/Task001 = 0.0000
	TRACK_MB_P100_AVG/train_phase/train_stream/Task000 = 0.3720
	TRACK_MB_P10_AVG/train_phase/train_stream/Task000 = 0.2575
	TRACK_MB_WCACC/train_phase/train_stream/Task000 = 0.2345
	TRACK_MB_acc/train_phase/train_stream/Task000 = 0.5020
	TRACK_MB_acc/train_phase/train_stream/Task001 = 0.0000
	TRACK_MB_acc_MIN/train_phase/train_stream/Task000 = 0.4690
	TRACK_MB_acc_MIN_AVG/train_phase/train_stream/Task000 = 0.4690
	TRACK_MB_loss/train_phase/train_stream/Task000 = 1.5771
	TRACK_MB_loss/train_phase/train_stream/Task001 = 32.9379
	Time_Epoch/train_phase/train_stream/Task000 = 57.7164
Epoch 6 ended.
	CURRENT_MB_avg_gradnorm_G/train_phase/train_stream/Task000 = 0.0000
	CURRENT_MB_gradnorm_stab/train_phase/train_stream/Task000 = 0.0000
	CURRENT_MB_loss_new/train_phase/train_stream/Task000 = 0.7700
	CURRENT_MB_loss_reg/train_phase/train_stream/Task000 = 0.0300
	Loss_MB/train_phase/train_stream/Task000 = 0.8000
	TRACK_MB_F10/train_phase/train_stream/Task000 = 0.2420
	TRACK_MB_F10/train_phase/train_stream/Task001 = 0.0000
	TRACK_MB_F100/train_phase/train_stream/Task000 = 0.2680
	TRACK_MB_F100/train_phase/train_stream/Task001 = 0.0000
	TRACK_MB_F100_AVG/train_phase/train_stream/Task000 = 0.1340
	TRACK_MB_F10_AVG/train_phase/train_stream/Task000 = 0.1210
	TRACK_MB_LCA/train_phase/train_stream/Task000 = 0.1990
	TRACK_MB_P10/train_phase/train_stream/Task000 = 0.5150
	TRACK_MB_P10/train_phase/train_stream/Task001 = 0.0000
	TRACK_MB_P100/train_phase/train_stream/Task000 = 0.7440
	TRACK_MB_P100/train_phase/train_stream/Task001 = 0.0000
	TRACK_MB_P100_AVG/train_phase/train_stream/Task000 = 0.3720
	TRACK_MB_P10_AVG/train_phase/train_stream/Task000 = 0.2575
	TRACK_MB_WCACC/train_phase/train_stream/Task000 = 0.2345
	TRACK_MB_acc/train_phase/train_stream/Task000 = 0.4980
	TRACK_MB_acc/train_phase/train_stream/Task001 = 0.0000
	TRACK_MB_acc_MIN/train_phase/train_stream/Task000 = 0.4690
	TRACK_MB_acc_MIN_AVG/train_phase/train_stream/Task000 = 0.4690
	TRACK_MB_loss/train_phase/train_stream/Task000 = 1.6332
	TRACK_MB_loss/train_phase/train_stream/Task001 = 32.8258
	Time_Epoch/train_phase/train_stream/Task000 = 55.9317
Epoch 7 ended.
	CURRENT_MB_avg_gradnorm_G/train_phase/train_stream/Task000 = 0.0000
	CURRENT_MB_gradnorm_stab/train_phase/train_stream/Task000 = 0.0000
	CURRENT_MB_loss_new/train_phase/train_stream/Task000 = 0.7700
	CURRENT_MB_loss_reg/train_phase/train_stream/Task000 = 0.0300
	Loss_MB/train_phase/train_stream/Task000 = 0.8000
	TRACK_MB_F10/train_phase/train_stream/Task000 = 0.2420
	TRACK_MB_F10/train_phase/train_stream/Task001 = 0.0000
	TRACK_MB_F100/train_phase/train_stream/Task000 = 0.2680
	TRACK_MB_F100/train_phase/train_stream/Task001 = 0.0000
	TRACK_MB_F100_AVG/train_phase/train_stream/Task000 = 0.1340
	TRACK_MB_F10_AVG/train_phase/train_stream/Task000 = 0.1210
	TRACK_MB_LCA/train_phase/train_stream/Task000 = 0.1990
	TRACK_MB_P10/train_phase/train_stream/Task000 = 0.5150
	TRACK_MB_P10/train_phase/train_stream/Task001 = 0.0000
	TRACK_MB_P100/train_phase/train_stream/Task000 = 0.7440
	TRACK_MB_P100/train_phase/train_stream/Task001 = 0.0000
	TRACK_MB_P100_AVG/train_phase/train_stream/Task000 = 0.3720
	TRACK_MB_P10_AVG/train_phase/train_stream/Task000 = 0.2575
	TRACK_MB_WCACC/train_phase/train_stream/Task000 = 0.2345
	TRACK_MB_acc/train_phase/train_stream/Task000 = 0.4960
	TRACK_MB_acc/train_phase/train_stream/Task001 = 0.0000
	TRACK_MB_acc_MIN/train_phase/train_stream/Task000 = 0.4690
	TRACK_MB_acc_MIN_AVG/train_phase/train_stream/Task000 = 0.4690
	TRACK_MB_loss/train_phase/train_stream/Task000 = 1.5470
	TRACK_MB_loss/train_phase/train_stream/Task001 = 32.6405
	Time_Epoch/train_phase/train_stream/Task000 = 57.0272
Epoch 8 ended.
	CURRENT_MB_avg_gradnorm_G/train_phase/train_stream/Task000 = 0.0000
	CURRENT_MB_gradnorm_stab/train_phase/train_stream/Task000 = 0.0000
	CURRENT_MB_loss_new/train_phase/train_stream/Task000 = 0.7700
	CURRENT_MB_loss_reg/train_phase/train_stream/Task000 = 0.0300
	Loss_MB/train_phase/train_stream/Task000 = 0.8000
	TRACK_MB_F10/train_phase/train_stream/Task000 = 0.2420
	TRACK_MB_F10/train_phase/train_stream/Task001 = 0.0000
	TRACK_MB_F100/train_phase/train_stream/Task000 = 0.2680
	TRACK_MB_F100/train_phase/train_stream/Task001 = 0.0000
	TRACK_MB_F100_AVG/train_phase/train_stream/Task000 = 0.1340
	TRACK_MB_F10_AVG/train_phase/train_stream/Task000 = 0.1210
	TRACK_MB_LCA/train_phase/train_stream/Task000 = 0.1990
	TRACK_MB_P10/train_phase/train_stream/Task000 = 0.5150
	TRACK_MB_P10/train_phase/train_stream/Task001 = 0.0000
	TRACK_MB_P100/train_phase/train_stream/Task000 = 0.7440
	TRACK_MB_P100/train_phase/train_stream/Task001 = 0.0000
	TRACK_MB_P100_AVG/train_phase/train_stream/Task000 = 0.3720
	TRACK_MB_P10_AVG/train_phase/train_stream/Task000 = 0.2575
	TRACK_MB_WCACC/train_phase/train_stream/Task000 = 0.2345
	TRACK_MB_acc/train_phase/train_stream/Task000 = 0.5200
	TRACK_MB_acc/train_phase/train_stream/Task001 = 0.0000
	TRACK_MB_acc_MIN/train_phase/train_stream/Task000 = 0.4690
	TRACK_MB_acc_MIN_AVG/train_phase/train_stream/Task000 = 0.4690
	TRACK_MB_loss/train_phase/train_stream/Task000 = 1.5423
	TRACK_MB_loss/train_phase/train_stream/Task001 = 32.5593
	Time_Epoch/train_phase/train_stream/Task000 = 56.6207
Epoch 9 ended.
	CURRENT_MB_avg_gradnorm_G/train_phase/train_stream/Task000 = 0.0000
	CURRENT_MB_gradnorm_stab/train_phase/train_stream/Task000 = 0.0000
	CURRENT_MB_loss_new/train_phase/train_stream/Task000 = 0.7700
	CURRENT_MB_loss_reg/train_phase/train_stream/Task000 = 0.0300
	Loss_MB/train_phase/train_stream/Task000 = 0.8000
	TRACK_MB_F10/train_phase/train_stream/Task000 = 0.2420
	TRACK_MB_F10/train_phase/train_stream/Task001 = 0.0000
	TRACK_MB_F100/train_phase/train_stream/Task000 = 0.2680
	TRACK_MB_F100/train_phase/train_stream/Task001 = 0.0000
	TRACK_MB_F100_AVG/train_phase/train_stream/Task000 = 0.1340
	TRACK_MB_F10_AVG/train_phase/train_stream/Task000 = 0.1210
	TRACK_MB_LCA/train_phase/train_stream/Task000 = 0.1990
	TRACK_MB_P10/train_phase/train_stream/Task000 = 0.5150
	TRACK_MB_P10/train_phase/train_stream/Task001 = 0.0000
	TRACK_MB_P100/train_phase/train_stream/Task000 = 0.7440
	TRACK_MB_P100/train_phase/train_stream/Task001 = 0.0000
	TRACK_MB_P100_AVG/train_phase/train_stream/Task000 = 0.3720
	TRACK_MB_P10_AVG/train_phase/train_stream/Task000 = 0.2575
	TRACK_MB_WCACC/train_phase/train_stream/Task000 = 0.2335
	TRACK_MB_acc/train_phase/train_stream/Task000 = 0.5030
	TRACK_MB_acc/train_phase/train_stream/Task001 = 0.0000
	TRACK_MB_acc_MIN/train_phase/train_stream/Task000 = 0.4670
	TRACK_MB_acc_MIN_AVG/train_phase/train_stream/Task000 = 0.4670
	TRACK_MB_loss/train_phase/train_stream/Task000 = 1.5924
	TRACK_MB_loss/train_phase/train_stream/Task001 = 32.3591
	Time_Epoch/train_phase/train_stream/Task000 = 56.2610
-- >> End of training phase << --
End training on experience 1

======================================== EVAL ========================================
Standard Continual Learning eval on entire test set on task transition.
-- >> Start of eval phase << --
-- Starting eval on experience 0 (Task 0) from test stream --
> Eval on experience 0 (Task 0) from test stream ended.
	ExperienceForgetting/eval_phase/test_stream/Task000/Exp000 = 0.0000
	Loss_Exp/eval_phase/test_stream/Task000/Exp000 = 1.5994
	Top1_Acc_Exp/eval_phase/test_stream/Task000/Exp000 = 0.5000
-- Starting eval on experience 1 (Task 0) from test stream --
> Eval on experience 1 (Task 0) from test stream ended.
	Loss_Exp/eval_phase/test_stream/Task000/Exp001 = 32.4440
	Top1_Acc_Exp/eval_phase/test_stream/Task000/Exp001 = 0.0000
-- Starting eval on experience 2 (Task 0) from test stream --
> Eval on experience 2 (Task 0) from test stream ended.
	Loss_Exp/eval_phase/test_stream/Task000/Exp002 = 32.3261
	Top1_Acc_Exp/eval_phase/test_stream/Task000/Exp002 = 0.0000
-- Starting eval on experience 3 (Task 0) from test stream --
> Eval on experience 3 (Task 0) from test stream ended.
	Loss_Exp/eval_phase/test_stream/Task000/Exp003 = 33.1610
	Top1_Acc_Exp/eval_phase/test_stream/Task000/Exp003 = 0.0000
-- Starting eval on experience 4 (Task 0) from test stream --
> Eval on experience 4 (Task 0) from test stream ended.
	Loss_Exp/eval_phase/test_stream/Task000/Exp004 = 33.2636
	Top1_Acc_Exp/eval_phase/test_stream/Task000/Exp004 = 0.0000
-- >> End of eval phase << --
	ConfusionMatrix_Stream/eval_phase/test_stream = <avalanche.evaluation.metric_results.AlternativeValues object at 0x7f526a23b850>
	Loss_Stream/eval_phase/test_stream/Task000 = 26.5588
	StreamForgetting/eval_phase/test_stream = 0.0000
	Top1_Acc_Stream/eval_phase/test_stream/Task000 = 0.1000
[FILE:TASK-RESULTS]: /home/yhguo/yuxuan/CL/origin/ContinualEvaluation/results/ER_CIFAR10_e=10_reproduce_paper_now=2024-04-07_06-18_uid=c9f5c6c857fe4735aea4919407478057/results_summary/seed=0/task1_results.pt

---------------------------------------- TRAIN ----------------------------------------
Start training on experience 2
-- >> Start of training phase << --
-- Starting training on experience 2 (Task 0) from train stream --
Epoch 0 ended.
	CURRENT_MB_avg_gradnorm_G/train_phase/train_stream/Task000 = 0.0000
	CURRENT_MB_gradnorm_stab/train_phase/train_stream/Task000 = 0.0000
	CURRENT_MB_loss_new/train_phase/train_stream/Task000 = 0.7700
	CURRENT_MB_loss_reg/train_phase/train_stream/Task000 = 0.1905
	Loss_MB/train_phase/train_stream/Task000 = 0.9605
	TRACK_MB_F10/train_phase/train_stream/Task000 = 0.2420
	TRACK_MB_F10/train_phase/train_stream/Task001 = 0.0000
	TRACK_MB_F10/train_phase/train_stream/Task002 = 0.0000
	TRACK_MB_F100/train_phase/train_stream/Task000 = 0.2680
	TRACK_MB_F100/train_phase/train_stream/Task001 = 0.0000
	TRACK_MB_F100/train_phase/train_stream/Task002 = 0.0000
	TRACK_MB_F100_AVG/train_phase/train_stream/Task000 = 0.0893
	TRACK_MB_F10_AVG/train_phase/train_stream/Task000 = 0.0807
	TRACK_MB_LCA/train_phase/train_stream/Task000 = 0.1326
	TRACK_MB_P10/train_phase/train_stream/Task000 = 0.5150
	TRACK_MB_P10/train_phase/train_stream/Task001 = 0.0000
	TRACK_MB_P10/train_phase/train_stream/Task002 = 0.0000
	TRACK_MB_P100/train_phase/train_stream/Task000 = 0.7440
	TRACK_MB_P100/train_phase/train_stream/Task001 = 0.0000
	TRACK_MB_P100/train_phase/train_stream/Task002 = 0.0000
	TRACK_MB_P100_AVG/train_phase/train_stream/Task000 = 0.2480
	TRACK_MB_P10_AVG/train_phase/train_stream/Task000 = 0.1717
	TRACK_MB_WCACC/train_phase/train_stream/Task000 = 0.1557
	TRACK_MB_acc/train_phase/train_stream/Task000 = 0.5140
	TRACK_MB_acc/train_phase/train_stream/Task001 = 0.0000
	TRACK_MB_acc/train_phase/train_stream/Task002 = 0.0000
	TRACK_MB_acc_MIN/train_phase/train_stream/Task000 = 0.4670
	TRACK_MB_acc_MIN/train_phase/train_stream/Task001 = 0.0000
	TRACK_MB_acc_MIN_AVG/train_phase/train_stream/Task000 = 0.2335
	TRACK_MB_loss/train_phase/train_stream/Task000 = 1.4922
	TRACK_MB_loss/train_phase/train_stream/Task001 = 32.4227
	TRACK_MB_loss/train_phase/train_stream/Task002 = 32.1496
	Time_Epoch/train_phase/train_stream/Task000 = 79.9308
Epoch 1 ended.
	CURRENT_MB_avg_gradnorm_G/train_phase/train_stream/Task000 = 0.0000
	CURRENT_MB_gradnorm_stab/train_phase/train_stream/Task000 = 0.0000
	CURRENT_MB_loss_new/train_phase/train_stream/Task000 = 0.7700
	CURRENT_MB_loss_reg/train_phase/train_stream/Task000 = 0.1823
	Loss_MB/train_phase/train_stream/Task000 = 0.9523
	TRACK_MB_F10/train_phase/train_stream/Task000 = 0.2420
	TRACK_MB_F10/train_phase/train_stream/Task001 = 0.0000
	TRACK_MB_F10/train_phase/train_stream/Task002 = 0.0000
	TRACK_MB_F100/train_phase/train_stream/Task000 = 0.2680
	TRACK_MB_F100/train_phase/train_stream/Task001 = 0.0000
	TRACK_MB_F100/train_phase/train_stream/Task002 = 0.0000
	TRACK_MB_F100_AVG/train_phase/train_stream/Task000 = 0.0893
	TRACK_MB_F10_AVG/train_phase/train_stream/Task000 = 0.0807
	TRACK_MB_LCA/train_phase/train_stream/Task000 = 0.1326
	TRACK_MB_P10/train_phase/train_stream/Task000 = 0.5150
	TRACK_MB_P10/train_phase/train_stream/Task001 = 0.0000
	TRACK_MB_P10/train_phase/train_stream/Task002 = 0.0000
	TRACK_MB_P100/train_phase/train_stream/Task000 = 0.7440
	TRACK_MB_P100/train_phase/train_stream/Task001 = 0.0000
	TRACK_MB_P100/train_phase/train_stream/Task002 = 0.0000
	TRACK_MB_P100_AVG/train_phase/train_stream/Task000 = 0.2480
	TRACK_MB_P10_AVG/train_phase/train_stream/Task000 = 0.1717
	TRACK_MB_WCACC/train_phase/train_stream/Task000 = 0.1557
	TRACK_MB_acc/train_phase/train_stream/Task000 = 0.5050
	TRACK_MB_acc/train_phase/train_stream/Task001 = 0.0000
	TRACK_MB_acc/train_phase/train_stream/Task002 = 0.0000
	TRACK_MB_acc_MIN/train_phase/train_stream/Task000 = 0.4670
	TRACK_MB_acc_MIN/train_phase/train_stream/Task001 = 0.0000
	TRACK_MB_acc_MIN_AVG/train_phase/train_stream/Task000 = 0.2335
	TRACK_MB_loss/train_phase/train_stream/Task000 = 1.5467
	TRACK_MB_loss/train_phase/train_stream/Task001 = 32.3853
	TRACK_MB_loss/train_phase/train_stream/Task002 = 31.9525
	Time_Epoch/train_phase/train_stream/Task000 = 80.3858
Epoch 2 ended.
	CURRENT_MB_avg_gradnorm_G/train_phase/train_stream/Task000 = 0.0000
	CURRENT_MB_gradnorm_stab/train_phase/train_stream/Task000 = 0.0000
	CURRENT_MB_loss_new/train_phase/train_stream/Task000 = 0.7700
	CURRENT_MB_loss_reg/train_phase/train_stream/Task000 = 0.1905
	Loss_MB/train_phase/train_stream/Task000 = 0.9605
	TRACK_MB_F10/train_phase/train_stream/Task000 = 0.2420
	TRACK_MB_F10/train_phase/train_stream/Task001 = 0.0000
	TRACK_MB_F10/train_phase/train_stream/Task002 = 0.0000
	TRACK_MB_F100/train_phase/train_stream/Task000 = 0.2680
	TRACK_MB_F100/train_phase/train_stream/Task001 = 0.0000
	TRACK_MB_F100/train_phase/train_stream/Task002 = 0.0000
	TRACK_MB_F100_AVG/train_phase/train_stream/Task000 = 0.0893
	TRACK_MB_F10_AVG/train_phase/train_stream/Task000 = 0.0807
	TRACK_MB_LCA/train_phase/train_stream/Task000 = 0.1326
	TRACK_MB_P10/train_phase/train_stream/Task000 = 0.5150
	TRACK_MB_P10/train_phase/train_stream/Task001 = 0.0000
	TRACK_MB_P10/train_phase/train_stream/Task002 = 0.0000
	TRACK_MB_P100/train_phase/train_stream/Task000 = 0.7440
	TRACK_MB_P100/train_phase/train_stream/Task001 = 0.0000
	TRACK_MB_P100/train_phase/train_stream/Task002 = 0.0000
	TRACK_MB_P100_AVG/train_phase/train_stream/Task000 = 0.2480
	TRACK_MB_P10_AVG/train_phase/train_stream/Task000 = 0.1717
	TRACK_MB_WCACC/train_phase/train_stream/Task000 = 0.1557
	TRACK_MB_acc/train_phase/train_stream/Task000 = 0.5140
	TRACK_MB_acc/train_phase/train_stream/Task001 = 0.0000
	TRACK_MB_acc/train_phase/train_stream/Task002 = 0.0000
	TRACK_MB_acc_MIN/train_phase/train_stream/Task000 = 0.4670
	TRACK_MB_acc_MIN/train_phase/train_stream/Task001 = 0.0000
	TRACK_MB_acc_MIN_AVG/train_phase/train_stream/Task000 = 0.2335
	TRACK_MB_loss/train_phase/train_stream/Task000 = 1.5506
	TRACK_MB_loss/train_phase/train_stream/Task001 = 32.3841
	TRACK_MB_loss/train_phase/train_stream/Task002 = 31.8122
	Time_Epoch/train_phase/train_stream/Task000 = 79.1033
Epoch 3 ended.
	CURRENT_MB_avg_gradnorm_G/train_phase/train_stream/Task000 = 0.0000
	CURRENT_MB_gradnorm_stab/train_phase/train_stream/Task000 = 0.0000
	CURRENT_MB_loss_new/train_phase/train_stream/Task000 = 0.7700
	CURRENT_MB_loss_reg/train_phase/train_stream/Task000 = 0.1976
	Loss_MB/train_phase/train_stream/Task000 = 0.9675
	TRACK_MB_F10/train_phase/train_stream/Task000 = 0.2420
	TRACK_MB_F10/train_phase/train_stream/Task001 = 0.0000
	TRACK_MB_F10/train_phase/train_stream/Task002 = 0.0000
	TRACK_MB_F100/train_phase/train_stream/Task000 = 0.2680
	TRACK_MB_F100/train_phase/train_stream/Task001 = 0.0000
	TRACK_MB_F100/train_phase/train_stream/Task002 = 0.0000
	TRACK_MB_F100_AVG/train_phase/train_stream/Task000 = 0.0893
	TRACK_MB_F10_AVG/train_phase/train_stream/Task000 = 0.0807
	TRACK_MB_LCA/train_phase/train_stream/Task000 = 0.1326
	TRACK_MB_P10/train_phase/train_stream/Task000 = 0.5150
	TRACK_MB_P10/train_phase/train_stream/Task001 = 0.0000
	TRACK_MB_P10/train_phase/train_stream/Task002 = 0.0000
	TRACK_MB_P100/train_phase/train_stream/Task000 = 0.7440
	TRACK_MB_P100/train_phase/train_stream/Task001 = 0.0000
	TRACK_MB_P100/train_phase/train_stream/Task002 = 0.0000
	TRACK_MB_P100_AVG/train_phase/train_stream/Task000 = 0.2480
	TRACK_MB_P10_AVG/train_phase/train_stream/Task000 = 0.1717
	TRACK_MB_WCACC/train_phase/train_stream/Task000 = 0.1557
	TRACK_MB_acc/train_phase/train_stream/Task000 = 0.5020
	TRACK_MB_acc/train_phase/train_stream/Task001 = 0.0000
	TRACK_MB_acc/train_phase/train_stream/Task002 = 0.0000
	TRACK_MB_acc_MIN/train_phase/train_stream/Task000 = 0.4670
	TRACK_MB_acc_MIN/train_phase/train_stream/Task001 = 0.0000
	TRACK_MB_acc_MIN_AVG/train_phase/train_stream/Task000 = 0.2335
	TRACK_MB_loss/train_phase/train_stream/Task000 = 1.5539
	TRACK_MB_loss/train_phase/train_stream/Task001 = 32.3102
	TRACK_MB_loss/train_phase/train_stream/Task002 = 31.5975
	Time_Epoch/train_phase/train_stream/Task000 = 81.3653
Epoch 4 ended.
	CURRENT_MB_avg_gradnorm_G/train_phase/train_stream/Task000 = 0.0000
	CURRENT_MB_gradnorm_stab/train_phase/train_stream/Task000 = 0.0000
	CURRENT_MB_loss_new/train_phase/train_stream/Task000 = 0.7700
	CURRENT_MB_loss_reg/train_phase/train_stream/Task000 = 0.1765
	Loss_MB/train_phase/train_stream/Task000 = 0.9464
	TRACK_MB_F10/train_phase/train_stream/Task000 = 0.2420
	TRACK_MB_F10/train_phase/train_stream/Task001 = 0.0000
	TRACK_MB_F10/train_phase/train_stream/Task002 = 0.0000
	TRACK_MB_F100/train_phase/train_stream/Task000 = 0.2680
	TRACK_MB_F100/train_phase/train_stream/Task001 = 0.0000
	TRACK_MB_F100/train_phase/train_stream/Task002 = 0.0000
	TRACK_MB_F100_AVG/train_phase/train_stream/Task000 = 0.0893
	TRACK_MB_F10_AVG/train_phase/train_stream/Task000 = 0.0807
	TRACK_MB_LCA/train_phase/train_stream/Task000 = 0.1326
	TRACK_MB_P10/train_phase/train_stream/Task000 = 0.5150
	TRACK_MB_P10/train_phase/train_stream/Task001 = 0.0000
	TRACK_MB_P10/train_phase/train_stream/Task002 = 0.0000
	TRACK_MB_P100/train_phase/train_stream/Task000 = 0.7440
	TRACK_MB_P100/train_phase/train_stream/Task001 = 0.0000
	TRACK_MB_P100/train_phase/train_stream/Task002 = 0.0000
	TRACK_MB_P100_AVG/train_phase/train_stream/Task000 = 0.2480
	TRACK_MB_P10_AVG/train_phase/train_stream/Task000 = 0.1717
	TRACK_MB_WCACC/train_phase/train_stream/Task000 = 0.1557
	TRACK_MB_acc/train_phase/train_stream/Task000 = 0.5030
	TRACK_MB_acc/train_phase/train_stream/Task001 = 0.0000
	TRACK_MB_acc/train_phase/train_stream/Task002 = 0.0000
	TRACK_MB_acc_MIN/train_phase/train_stream/Task000 = 0.4670
	TRACK_MB_acc_MIN/train_phase/train_stream/Task001 = 0.0000
	TRACK_MB_acc_MIN_AVG/train_phase/train_stream/Task000 = 0.2335
	TRACK_MB_loss/train_phase/train_stream/Task000 = 1.5841
	TRACK_MB_loss/train_phase/train_stream/Task001 = 32.2721
	TRACK_MB_loss/train_phase/train_stream/Task002 = 31.3480
	Time_Epoch/train_phase/train_stream/Task000 = 80.1212
Epoch 5 ended.
	CURRENT_MB_avg_gradnorm_G/train_phase/train_stream/Task000 = 0.0000
	CURRENT_MB_gradnorm_stab/train_phase/train_stream/Task000 = 0.0000
	CURRENT_MB_loss_new/train_phase/train_stream/Task000 = 0.7699
	CURRENT_MB_loss_reg/train_phase/train_stream/Task000 = 0.1741
	Loss_MB/train_phase/train_stream/Task000 = 0.9441
	TRACK_MB_F10/train_phase/train_stream/Task000 = 0.2420
	TRACK_MB_F10/train_phase/train_stream/Task001 = 0.0000
	TRACK_MB_F10/train_phase/train_stream/Task002 = 0.0000
	TRACK_MB_F100/train_phase/train_stream/Task000 = 0.2680
	TRACK_MB_F100/train_phase/train_stream/Task001 = 0.0000
	TRACK_MB_F100/train_phase/train_stream/Task002 = 0.0000
	TRACK_MB_F100_AVG/train_phase/train_stream/Task000 = 0.0893
	TRACK_MB_F10_AVG/train_phase/train_stream/Task000 = 0.0807
	TRACK_MB_LCA/train_phase/train_stream/Task000 = 0.1326
	TRACK_MB_P10/train_phase/train_stream/Task000 = 0.5150
	TRACK_MB_P10/train_phase/train_stream/Task001 = 0.0000
	TRACK_MB_P10/train_phase/train_stream/Task002 = 0.0000
	TRACK_MB_P100/train_phase/train_stream/Task000 = 0.7440
	TRACK_MB_P100/train_phase/train_stream/Task001 = 0.0000
	TRACK_MB_P100/train_phase/train_stream/Task002 = 0.0000
	TRACK_MB_P100_AVG/train_phase/train_stream/Task000 = 0.2480
	TRACK_MB_P10_AVG/train_phase/train_stream/Task000 = 0.1717
	TRACK_MB_WCACC/train_phase/train_stream/Task000 = 0.1557
	TRACK_MB_acc/train_phase/train_stream/Task000 = 0.5030
	TRACK_MB_acc/train_phase/train_stream/Task001 = 0.0000
	TRACK_MB_acc/train_phase/train_stream/Task002 = 0.0000
	TRACK_MB_acc_MIN/train_phase/train_stream/Task000 = 0.4670
	TRACK_MB_acc_MIN/train_phase/train_stream/Task001 = 0.0000
	TRACK_MB_acc_MIN_AVG/train_phase/train_stream/Task000 = 0.2335
	TRACK_MB_loss/train_phase/train_stream/Task000 = 1.5837
	TRACK_MB_loss/train_phase/train_stream/Task001 = 32.1193
	TRACK_MB_loss/train_phase/train_stream/Task002 = 31.0677
	Time_Epoch/train_phase/train_stream/Task000 = 79.0123
Epoch 6 ended.
	CURRENT_MB_avg_gradnorm_G/train_phase/train_stream/Task000 = 0.0000
	CURRENT_MB_gradnorm_stab/train_phase/train_stream/Task000 = 0.0000
	CURRENT_MB_loss_new/train_phase/train_stream/Task000 = 0.7699
	CURRENT_MB_loss_reg/train_phase/train_stream/Task000 = 0.1847
	Loss_MB/train_phase/train_stream/Task000 = 0.9546
	TRACK_MB_F10/train_phase/train_stream/Task000 = 0.2420
	TRACK_MB_F10/train_phase/train_stream/Task001 = 0.0000
	TRACK_MB_F10/train_phase/train_stream/Task002 = 0.0000
	TRACK_MB_F100/train_phase/train_stream/Task000 = 0.2680
	TRACK_MB_F100/train_phase/train_stream/Task001 = 0.0000
	TRACK_MB_F100/train_phase/train_stream/Task002 = 0.0000
	TRACK_MB_F100_AVG/train_phase/train_stream/Task000 = 0.0893
	TRACK_MB_F10_AVG/train_phase/train_stream/Task000 = 0.0807
	TRACK_MB_LCA/train_phase/train_stream/Task000 = 0.1326
	TRACK_MB_P10/train_phase/train_stream/Task000 = 0.5150
	TRACK_MB_P10/train_phase/train_stream/Task001 = 0.0000
	TRACK_MB_P10/train_phase/train_stream/Task002 = 0.0000
	TRACK_MB_P100/train_phase/train_stream/Task000 = 0.7440
	TRACK_MB_P100/train_phase/train_stream/Task001 = 0.0000
	TRACK_MB_P100/train_phase/train_stream/Task002 = 0.0000
	TRACK_MB_P100_AVG/train_phase/train_stream/Task000 = 0.2480
	TRACK_MB_P10_AVG/train_phase/train_stream/Task000 = 0.1717
	TRACK_MB_WCACC/train_phase/train_stream/Task000 = 0.1557
	TRACK_MB_acc/train_phase/train_stream/Task000 = 0.4940
	TRACK_MB_acc/train_phase/train_stream/Task001 = 0.0000
	TRACK_MB_acc/train_phase/train_stream/Task002 = 0.0000
	TRACK_MB_acc_MIN/train_phase/train_stream/Task000 = 0.4670
	TRACK_MB_acc_MIN/train_phase/train_stream/Task001 = 0.0000
	TRACK_MB_acc_MIN_AVG/train_phase/train_stream/Task000 = 0.2335
	TRACK_MB_loss/train_phase/train_stream/Task000 = 1.6804
	TRACK_MB_loss/train_phase/train_stream/Task001 = 32.1170
	TRACK_MB_loss/train_phase/train_stream/Task002 = 30.6670
	Time_Epoch/train_phase/train_stream/Task000 = 79.7419
Epoch 7 ended.
	CURRENT_MB_avg_gradnorm_G/train_phase/train_stream/Task000 = 0.0000
	CURRENT_MB_gradnorm_stab/train_phase/train_stream/Task000 = 0.0000
	CURRENT_MB_loss_new/train_phase/train_stream/Task000 = 0.7696
	CURRENT_MB_loss_reg/train_phase/train_stream/Task000 = 0.1777
	Loss_MB/train_phase/train_stream/Task000 = 0.9472
	TRACK_MB_F10/train_phase/train_stream/Task000 = 0.2420
	TRACK_MB_F10/train_phase/train_stream/Task001 = 0.0000
	TRACK_MB_F10/train_phase/train_stream/Task002 = 0.0000
	TRACK_MB_F100/train_phase/train_stream/Task000 = 0.2680
	TRACK_MB_F100/train_phase/train_stream/Task001 = 0.0000
	TRACK_MB_F100/train_phase/train_stream/Task002 = 0.0000
	TRACK_MB_F100_AVG/train_phase/train_stream/Task000 = 0.0893
	TRACK_MB_F10_AVG/train_phase/train_stream/Task000 = 0.0807
	TRACK_MB_LCA/train_phase/train_stream/Task000 = 0.1326
	TRACK_MB_P10/train_phase/train_stream/Task000 = 0.5150
	TRACK_MB_P10/train_phase/train_stream/Task001 = 0.0000
	TRACK_MB_P10/train_phase/train_stream/Task002 = 0.0000
	TRACK_MB_P100/train_phase/train_stream/Task000 = 0.7440
	TRACK_MB_P100/train_phase/train_stream/Task001 = 0.0000
	TRACK_MB_P100/train_phase/train_stream/Task002 = 0.0000
	TRACK_MB_P100_AVG/train_phase/train_stream/Task000 = 0.2480
	TRACK_MB_P10_AVG/train_phase/train_stream/Task000 = 0.1717
	TRACK_MB_WCACC/train_phase/train_stream/Task000 = 0.1557
	TRACK_MB_acc/train_phase/train_stream/Task000 = 0.5100
	TRACK_MB_acc/train_phase/train_stream/Task001 = 0.0000
	TRACK_MB_acc/train_phase/train_stream/Task002 = 0.0000
	TRACK_MB_acc_MIN/train_phase/train_stream/Task000 = 0.4670
	TRACK_MB_acc_MIN/train_phase/train_stream/Task001 = 0.0000
	TRACK_MB_acc_MIN_AVG/train_phase/train_stream/Task000 = 0.2335
	TRACK_MB_loss/train_phase/train_stream/Task000 = 1.7682
	TRACK_MB_loss/train_phase/train_stream/Task001 = 32.1231
	TRACK_MB_loss/train_phase/train_stream/Task002 = 29.9743
	Time_Epoch/train_phase/train_stream/Task000 = 78.8238
Epoch 8 ended.
	CURRENT_MB_avg_gradnorm_G/train_phase/train_stream/Task000 = 0.0000
	CURRENT_MB_gradnorm_stab/train_phase/train_stream/Task000 = 0.0000
	CURRENT_MB_loss_new/train_phase/train_stream/Task000 = 0.4442
	CURRENT_MB_loss_reg/train_phase/train_stream/Task000 = 0.2068
	Loss_MB/train_phase/train_stream/Task000 = 0.6510
	TRACK_MB_F10/train_phase/train_stream/Task000 = 0.2420
	TRACK_MB_F10/train_phase/train_stream/Task001 = 0.0000
	TRACK_MB_F10/train_phase/train_stream/Task002 = 0.0000
	TRACK_MB_F100/train_phase/train_stream/Task000 = 0.2680
	TRACK_MB_F100/train_phase/train_stream/Task001 = 0.0000
	TRACK_MB_F100/train_phase/train_stream/Task002 = 0.0000
	TRACK_MB_F100_AVG/train_phase/train_stream/Task000 = 0.0893
	TRACK_MB_F10_AVG/train_phase/train_stream/Task000 = 0.0807
	TRACK_MB_LCA/train_phase/train_stream/Task000 = 0.1326
	TRACK_MB_P10/train_phase/train_stream/Task000 = 0.5150
	TRACK_MB_P10/train_phase/train_stream/Task001 = 0.0000
	TRACK_MB_P10/train_phase/train_stream/Task002 = 0.0000
	TRACK_MB_P100/train_phase/train_stream/Task000 = 0.7440
	TRACK_MB_P100/train_phase/train_stream/Task001 = 0.0000
	TRACK_MB_P100/train_phase/train_stream/Task002 = 0.0000
	TRACK_MB_P100_AVG/train_phase/train_stream/Task000 = 0.2480
	TRACK_MB_P10_AVG/train_phase/train_stream/Task000 = 0.1717
	TRACK_MB_WCACC/train_phase/train_stream/Task000 = 0.1557
	TRACK_MB_acc/train_phase/train_stream/Task000 = 0.5060
	TRACK_MB_acc/train_phase/train_stream/Task001 = 0.0000
	TRACK_MB_acc/train_phase/train_stream/Task002 = 0.0000
	TRACK_MB_acc_MIN/train_phase/train_stream/Task000 = 0.4670
	TRACK_MB_acc_MIN/train_phase/train_stream/Task001 = 0.0000
	TRACK_MB_acc_MIN_AVG/train_phase/train_stream/Task000 = 0.2335
	TRACK_MB_loss/train_phase/train_stream/Task000 = 96.8353
	TRACK_MB_loss/train_phase/train_stream/Task001 = 663.1137
	TRACK_MB_loss/train_phase/train_stream/Task002 = 530.0712
	Time_Epoch/train_phase/train_stream/Task000 = 80.6248
Epoch 9 ended.
	CURRENT_MB_avg_gradnorm_G/train_phase/train_stream/Task000 = 0.0000
	CURRENT_MB_gradnorm_stab/train_phase/train_stream/Task000 = 0.0000
	CURRENT_MB_loss_new/train_phase/train_stream/Task000 = 0.2105
	CURRENT_MB_loss_reg/train_phase/train_stream/Task000 = 0.2334
	Loss_MB/train_phase/train_stream/Task000 = 0.4439
	TRACK_MB_F10/train_phase/train_stream/Task000 = 0.2420
	TRACK_MB_F10/train_phase/train_stream/Task001 = 0.0000
	TRACK_MB_F10/train_phase/train_stream/Task002 = 0.0530
	TRACK_MB_F100/train_phase/train_stream/Task000 = 0.2680
	TRACK_MB_F100/train_phase/train_stream/Task001 = 0.0000
	TRACK_MB_F100/train_phase/train_stream/Task002 = 0.0530
	TRACK_MB_F100_AVG/train_phase/train_stream/Task000 = 0.1070
	TRACK_MB_F10_AVG/train_phase/train_stream/Task000 = 0.0983
	TRACK_MB_LCA/train_phase/train_stream/Task000 = 0.1326
	TRACK_MB_P10/train_phase/train_stream/Task000 = 0.5150
	TRACK_MB_P10/train_phase/train_stream/Task001 = 0.0000
	TRACK_MB_P10/train_phase/train_stream/Task002 = 0.3220
	TRACK_MB_P100/train_phase/train_stream/Task000 = 0.7440
	TRACK_MB_P100/train_phase/train_stream/Task001 = 0.0000
	TRACK_MB_P100/train_phase/train_stream/Task002 = 0.5090
	TRACK_MB_P100_AVG/train_phase/train_stream/Task000 = 0.4177
	TRACK_MB_P10_AVG/train_phase/train_stream/Task000 = 0.2790
	TRACK_MB_WCACC/train_phase/train_stream/Task000 = 0.2727
	TRACK_MB_acc/train_phase/train_stream/Task000 = 0.3550
	TRACK_MB_acc/train_phase/train_stream/Task001 = 0.0000
	TRACK_MB_acc/train_phase/train_stream/Task002 = 0.4790
	TRACK_MB_acc_MIN/train_phase/train_stream/Task000 = 0.3390
	TRACK_MB_acc_MIN/train_phase/train_stream/Task001 = 0.0000
	TRACK_MB_acc_MIN_AVG/train_phase/train_stream/Task000 = 0.1695
	TRACK_MB_loss/train_phase/train_stream/Task000 = 4.7812
	TRACK_MB_loss/train_phase/train_stream/Task001 = 23.4185
	TRACK_MB_loss/train_phase/train_stream/Task002 = 3.0528
	Time_Epoch/train_phase/train_stream/Task000 = 80.4880
-- >> End of training phase << --
End training on experience 2

======================================== EVAL ========================================
Standard Continual Learning eval on entire test set on task transition.
-- >> Start of eval phase << --
-- Starting eval on experience 0 (Task 0) from test stream --
> Eval on experience 0 (Task 0) from test stream ended.
	ExperienceForgetting/eval_phase/test_stream/Task000/Exp000 = 0.1590
	Loss_Exp/eval_phase/test_stream/Task000/Exp000 = 4.7924
	Top1_Acc_Exp/eval_phase/test_stream/Task000/Exp000 = 0.3410
-- Starting eval on experience 1 (Task 0) from test stream --
> Eval on experience 1 (Task 0) from test stream ended.
	ExperienceForgetting/eval_phase/test_stream/Task000/Exp001 = 0.0000
	Loss_Exp/eval_phase/test_stream/Task000/Exp001 = 24.0296
	Top1_Acc_Exp/eval_phase/test_stream/Task000/Exp001 = 0.0000
-- Starting eval on experience 2 (Task 0) from test stream --
> Eval on experience 2 (Task 0) from test stream ended.
	Loss_Exp/eval_phase/test_stream/Task000/Exp002 = 3.2189
	Top1_Acc_Exp/eval_phase/test_stream/Task000/Exp002 = 0.4760
-- Starting eval on experience 3 (Task 0) from test stream --
> Eval on experience 3 (Task 0) from test stream ended.
	Loss_Exp/eval_phase/test_stream/Task000/Exp003 = 24.9952
	Top1_Acc_Exp/eval_phase/test_stream/Task000/Exp003 = 0.0000
-- Starting eval on experience 4 (Task 0) from test stream --
> Eval on experience 4 (Task 0) from test stream ended.
	Loss_Exp/eval_phase/test_stream/Task000/Exp004 = 54.0332
	Top1_Acc_Exp/eval_phase/test_stream/Task000/Exp004 = 0.0000
-- >> End of eval phase << --
	ConfusionMatrix_Stream/eval_phase/test_stream = <avalanche.evaluation.metric_results.AlternativeValues object at 0x7f52674766d0>
	Loss_Stream/eval_phase/test_stream/Task000 = 22.2139
	StreamForgetting/eval_phase/test_stream = 0.0795
	Top1_Acc_Stream/eval_phase/test_stream/Task000 = 0.1634
[FILE:TASK-RESULTS]: /home/yhguo/yuxuan/CL/origin/ContinualEvaluation/results/ER_CIFAR10_e=10_reproduce_paper_now=2024-04-07_06-18_uid=c9f5c6c857fe4735aea4919407478057/results_summary/seed=0/task2_results.pt

---------------------------------------- TRAIN ----------------------------------------
Start training on experience 3
-- >> Start of training phase << --
-- Starting training on experience 3 (Task 0) from train stream --
Epoch 0 ended.
	CURRENT_MB_avg_gradnorm_G/train_phase/train_stream/Task000 = 0.0000
	CURRENT_MB_gradnorm_stab/train_phase/train_stream/Task000 = 0.0000
	CURRENT_MB_loss_new/train_phase/train_stream/Task000 = 0.8750
	CURRENT_MB_loss_reg/train_phase/train_stream/Task000 = 0.1878
	Loss_MB/train_phase/train_stream/Task000 = 1.0628
	TRACK_MB_F10/train_phase/train_stream/Task000 = 0.2740
	TRACK_MB_F10/train_phase/train_stream/Task001 = 0.0000
	TRACK_MB_F10/train_phase/train_stream/Task002 = 0.0720
	TRACK_MB_F10/train_phase/train_stream/Task003 = 0.0000
	TRACK_MB_F100/train_phase/train_stream/Task000 = 0.5200
	TRACK_MB_F100/train_phase/train_stream/Task001 = 0.0000
	TRACK_MB_F100/train_phase/train_stream/Task002 = 0.0730
	TRACK_MB_F100/train_phase/train_stream/Task003 = 0.0000
	TRACK_MB_F100_AVG/train_phase/train_stream/Task000 = 0.1482
	TRACK_MB_F10_AVG/train_phase/train_stream/Task000 = 0.0865
	TRACK_MB_LCA/train_phase/train_stream/Task000 = 0.0995
	TRACK_MB_P10/train_phase/train_stream/Task000 = 0.5150
	TRACK_MB_P10/train_phase/train_stream/Task001 = 0.0000
	TRACK_MB_P10/train_phase/train_stream/Task002 = 0.3220
	TRACK_MB_P10/train_phase/train_stream/Task003 = 0.0000
	TRACK_MB_P100/train_phase/train_stream/Task000 = 0.7440
	TRACK_MB_P100/train_phase/train_stream/Task001 = 0.0000
	TRACK_MB_P100/train_phase/train_stream/Task002 = 0.5400
	TRACK_MB_P100/train_phase/train_stream/Task003 = 0.0000
	TRACK_MB_P100_AVG/train_phase/train_stream/Task000 = 0.3210
	TRACK_MB_P10_AVG/train_phase/train_stream/Task000 = 0.2093
	TRACK_MB_WCACC/train_phase/train_stream/Task000 = 0.1090
	TRACK_MB_acc/train_phase/train_stream/Task000 = 0.0400
	TRACK_MB_acc/train_phase/train_stream/Task001 = 0.0000
	TRACK_MB_acc/train_phase/train_stream/Task002 = 0.5010
	TRACK_MB_acc/train_phase/train_stream/Task003 = 0.0000
	TRACK_MB_acc_MIN/train_phase/train_stream/Task000 = 0.0000
	TRACK_MB_acc_MIN/train_phase/train_stream/Task001 = 0.0000
	TRACK_MB_acc_MIN/train_phase/train_stream/Task002 = 0.4360
	TRACK_MB_acc_MIN_AVG/train_phase/train_stream/Task000 = 0.1453
	TRACK_MB_loss/train_phase/train_stream/Task000 = 8.2730
	TRACK_MB_loss/train_phase/train_stream/Task001 = 31.9792
	TRACK_MB_loss/train_phase/train_stream/Task002 = 1.9576
	TRACK_MB_loss/train_phase/train_stream/Task003 = 31.8846
	Time_Epoch/train_phase/train_stream/Task000 = 102.3602
Epoch 1 ended.
	CURRENT_MB_avg_gradnorm_G/train_phase/train_stream/Task000 = 0.0000
	CURRENT_MB_gradnorm_stab/train_phase/train_stream/Task000 = 0.0000
	CURRENT_MB_loss_new/train_phase/train_stream/Task000 = 0.8706
	CURRENT_MB_loss_reg/train_phase/train_stream/Task000 = 0.1766
	Loss_MB/train_phase/train_stream/Task000 = 1.0472
	TRACK_MB_F10/train_phase/train_stream/Task000 = 0.2740
	TRACK_MB_F10/train_phase/train_stream/Task001 = 0.0000
	TRACK_MB_F10/train_phase/train_stream/Task002 = 0.2290
	TRACK_MB_F10/train_phase/train_stream/Task003 = 0.0000
	TRACK_MB_F100/train_phase/train_stream/Task000 = 0.5200
	TRACK_MB_F100/train_phase/train_stream/Task001 = 0.0000
	TRACK_MB_F100/train_phase/train_stream/Task002 = 0.3630
	TRACK_MB_F100/train_phase/train_stream/Task003 = 0.0000
	TRACK_MB_F100_AVG/train_phase/train_stream/Task000 = 0.2208
	TRACK_MB_F10_AVG/train_phase/train_stream/Task000 = 0.1258
	TRACK_MB_LCA/train_phase/train_stream/Task000 = 0.0995
	TRACK_MB_P10/train_phase/train_stream/Task000 = 0.5150
	TRACK_MB_P10/train_phase/train_stream/Task001 = 0.0000
	TRACK_MB_P10/train_phase/train_stream/Task002 = 0.3220
	TRACK_MB_P10/train_phase/train_stream/Task003 = 0.0000
	TRACK_MB_P100/train_phase/train_stream/Task000 = 0.7440
	TRACK_MB_P100/train_phase/train_stream/Task001 = 0.0000
	TRACK_MB_P100/train_phase/train_stream/Task002 = 0.5400
	TRACK_MB_P100/train_phase/train_stream/Task003 = 0.0000
	TRACK_MB_P100_AVG/train_phase/train_stream/Task000 = 0.3210
	TRACK_MB_P10_AVG/train_phase/train_stream/Task000 = 0.2093
	TRACK_MB_WCACC/train_phase/train_stream/Task000 = 0.0443
	TRACK_MB_acc/train_phase/train_stream/Task000 = 0.4600
	TRACK_MB_acc/train_phase/train_stream/Task001 = 0.0000
	TRACK_MB_acc/train_phase/train_stream/Task002 = 0.1770
	TRACK_MB_acc/train_phase/train_stream/Task003 = 0.0000
	TRACK_MB_acc_MIN/train_phase/train_stream/Task000 = 0.0000
	TRACK_MB_acc_MIN/train_phase/train_stream/Task001 = 0.0000
	TRACK_MB_acc_MIN/train_phase/train_stream/Task002 = 0.1770
	TRACK_MB_acc_MIN_AVG/train_phase/train_stream/Task000 = 0.0590
	TRACK_MB_loss/train_phase/train_stream/Task000 = 2.8668
	TRACK_MB_loss/train_phase/train_stream/Task001 = 31.3773
	TRACK_MB_loss/train_phase/train_stream/Task002 = 12.1923
	TRACK_MB_loss/train_phase/train_stream/Task003 = 32.6947
	Time_Epoch/train_phase/train_stream/Task000 = 102.3838
Epoch 2 ended.
	CURRENT_MB_avg_gradnorm_G/train_phase/train_stream/Task000 = 0.0000
	CURRENT_MB_gradnorm_stab/train_phase/train_stream/Task000 = 0.0000
	CURRENT_MB_loss_new/train_phase/train_stream/Task000 = 0.8443
	CURRENT_MB_loss_reg/train_phase/train_stream/Task000 = 0.1926
	Loss_MB/train_phase/train_stream/Task000 = 1.0369
	TRACK_MB_F10/train_phase/train_stream/Task000 = 0.2740
	TRACK_MB_F10/train_phase/train_stream/Task001 = 0.0000
	TRACK_MB_F10/train_phase/train_stream/Task002 = 0.2440
	TRACK_MB_F10/train_phase/train_stream/Task003 = 0.0000
	TRACK_MB_F100/train_phase/train_stream/Task000 = 0.5200
	TRACK_MB_F100/train_phase/train_stream/Task001 = 0.0000
	TRACK_MB_F100/train_phase/train_stream/Task002 = 0.5100
	TRACK_MB_F100/train_phase/train_stream/Task003 = 0.0000
	TRACK_MB_F100_AVG/train_phase/train_stream/Task000 = 0.2575
	TRACK_MB_F10_AVG/train_phase/train_stream/Task000 = 0.1295
	TRACK_MB_LCA/train_phase/train_stream/Task000 = 0.0995
	TRACK_MB_P10/train_phase/train_stream/Task000 = 0.5150
	TRACK_MB_P10/train_phase/train_stream/Task001 = 0.0000
	TRACK_MB_P10/train_phase/train_stream/Task002 = 0.3220
	TRACK_MB_P10/train_phase/train_stream/Task003 = 0.0000
	TRACK_MB_P100/train_phase/train_stream/Task000 = 0.7440
	TRACK_MB_P100/train_phase/train_stream/Task001 = 0.0000
	TRACK_MB_P100/train_phase/train_stream/Task002 = 0.5400
	TRACK_MB_P100/train_phase/train_stream/Task003 = 0.0000
	TRACK_MB_P100_AVG/train_phase/train_stream/Task000 = 0.3210
	TRACK_MB_P10_AVG/train_phase/train_stream/Task000 = 0.2093
	TRACK_MB_WCACC/train_phase/train_stream/Task000 = 0.0075
	TRACK_MB_acc/train_phase/train_stream/Task000 = 0.4730
	TRACK_MB_acc/train_phase/train_stream/Task001 = 0.0000
	TRACK_MB_acc/train_phase/train_stream/Task002 = 0.1140
	TRACK_MB_acc/train_phase/train_stream/Task003 = 0.0000
	TRACK_MB_acc_MIN/train_phase/train_stream/Task000 = 0.0000
	TRACK_MB_acc_MIN/train_phase/train_stream/Task001 = 0.0000
	TRACK_MB_acc_MIN/train_phase/train_stream/Task002 = 0.0300
	TRACK_MB_acc_MIN_AVG/train_phase/train_stream/Task000 = 0.0100
	TRACK_MB_loss/train_phase/train_stream/Task000 = 2.6783
	TRACK_MB_loss/train_phase/train_stream/Task001 = 33.9323
	TRACK_MB_loss/train_phase/train_stream/Task002 = 13.3250
	TRACK_MB_loss/train_phase/train_stream/Task003 = 32.3499
	Time_Epoch/train_phase/train_stream/Task000 = 103.2220
Epoch 3 ended.
	CURRENT_MB_avg_gradnorm_G/train_phase/train_stream/Task000 = 0.0000
	CURRENT_MB_gradnorm_stab/train_phase/train_stream/Task000 = 0.0000
	CURRENT_MB_loss_new/train_phase/train_stream/Task000 = 0.8441
	CURRENT_MB_loss_reg/train_phase/train_stream/Task000 = 0.1887
	Loss_MB/train_phase/train_stream/Task000 = 1.0328
	TRACK_MB_F10/train_phase/train_stream/Task000 = 0.2740
	TRACK_MB_F10/train_phase/train_stream/Task001 = 0.0000
	TRACK_MB_F10/train_phase/train_stream/Task002 = 0.2440
	TRACK_MB_F10/train_phase/train_stream/Task003 = 0.0000
	TRACK_MB_F100/train_phase/train_stream/Task000 = 0.5200
	TRACK_MB_F100/train_phase/train_stream/Task001 = 0.0000
	TRACK_MB_F100/train_phase/train_stream/Task002 = 0.5100
	TRACK_MB_F100/train_phase/train_stream/Task003 = 0.0000
	TRACK_MB_F100_AVG/train_phase/train_stream/Task000 = 0.2575
	TRACK_MB_F10_AVG/train_phase/train_stream/Task000 = 0.1295
	TRACK_MB_LCA/train_phase/train_stream/Task000 = 0.0995
	TRACK_MB_P10/train_phase/train_stream/Task000 = 0.5150
	TRACK_MB_P10/train_phase/train_stream/Task001 = 0.0000
	TRACK_MB_P10/train_phase/train_stream/Task002 = 0.3220
	TRACK_MB_P10/train_phase/train_stream/Task003 = 0.0000
	TRACK_MB_P100/train_phase/train_stream/Task000 = 0.7440
	TRACK_MB_P100/train_phase/train_stream/Task001 = 0.0000
	TRACK_MB_P100/train_phase/train_stream/Task002 = 0.5400
	TRACK_MB_P100/train_phase/train_stream/Task003 = 0.0000
	TRACK_MB_P100_AVG/train_phase/train_stream/Task000 = 0.3210
	TRACK_MB_P10_AVG/train_phase/train_stream/Task000 = 0.2093
	TRACK_MB_WCACC/train_phase/train_stream/Task000 = 0.0047
	TRACK_MB_acc/train_phase/train_stream/Task000 = 0.4700
	TRACK_MB_acc/train_phase/train_stream/Task001 = 0.0000
	TRACK_MB_acc/train_phase/train_stream/Task002 = 0.0190
	TRACK_MB_acc/train_phase/train_stream/Task003 = 0.0000
	TRACK_MB_acc_MIN/train_phase/train_stream/Task000 = 0.0000
	TRACK_MB_acc_MIN/train_phase/train_stream/Task001 = 0.0000
	TRACK_MB_acc_MIN/train_phase/train_stream/Task002 = 0.0190
	TRACK_MB_acc_MIN_AVG/train_phase/train_stream/Task000 = 0.0063
	TRACK_MB_loss/train_phase/train_stream/Task000 = 3.3970
	TRACK_MB_loss/train_phase/train_stream/Task001 = 36.2636
	TRACK_MB_loss/train_phase/train_stream/Task002 = 19.0825
	TRACK_MB_loss/train_phase/train_stream/Task003 = 30.0557
	Time_Epoch/train_phase/train_stream/Task000 = 101.8007
Epoch 4 ended.
	CURRENT_MB_avg_gradnorm_G/train_phase/train_stream/Task000 = 0.0000
	CURRENT_MB_gradnorm_stab/train_phase/train_stream/Task000 = 0.0000
	CURRENT_MB_loss_new/train_phase/train_stream/Task000 = 0.2350
	CURRENT_MB_loss_reg/train_phase/train_stream/Task000 = 0.2653
	Loss_MB/train_phase/train_stream/Task000 = 0.5004
	TRACK_MB_F10/train_phase/train_stream/Task000 = 0.2740
	TRACK_MB_F10/train_phase/train_stream/Task001 = 0.0000
	TRACK_MB_F10/train_phase/train_stream/Task002 = 0.2440
	TRACK_MB_F10/train_phase/train_stream/Task003 = 0.0270
	TRACK_MB_F100/train_phase/train_stream/Task000 = 0.5200
	TRACK_MB_F100/train_phase/train_stream/Task001 = 0.0000
	TRACK_MB_F100/train_phase/train_stream/Task002 = 0.5100
	TRACK_MB_F100/train_phase/train_stream/Task003 = 0.0270
	TRACK_MB_F100_AVG/train_phase/train_stream/Task000 = 0.2642
	TRACK_MB_F10_AVG/train_phase/train_stream/Task000 = 0.1363
	TRACK_MB_LCA/train_phase/train_stream/Task000 = 0.0995
	TRACK_MB_P10/train_phase/train_stream/Task000 = 0.5150
	TRACK_MB_P10/train_phase/train_stream/Task001 = 0.0000
	TRACK_MB_P10/train_phase/train_stream/Task002 = 0.3220
	TRACK_MB_P10/train_phase/train_stream/Task003 = 0.2800
	TRACK_MB_P100/train_phase/train_stream/Task000 = 0.7440
	TRACK_MB_P100/train_phase/train_stream/Task001 = 0.0000
	TRACK_MB_P100/train_phase/train_stream/Task002 = 0.5400
	TRACK_MB_P100/train_phase/train_stream/Task003 = 0.3640
	TRACK_MB_P100_AVG/train_phase/train_stream/Task000 = 0.4120
	TRACK_MB_P10_AVG/train_phase/train_stream/Task000 = 0.2792
	TRACK_MB_WCACC/train_phase/train_stream/Task000 = 0.0910
	TRACK_MB_acc/train_phase/train_stream/Task000 = 0.4170
	TRACK_MB_acc/train_phase/train_stream/Task001 = 0.0000
	TRACK_MB_acc/train_phase/train_stream/Task002 = 0.0000
	TRACK_MB_acc/train_phase/train_stream/Task003 = 0.3640
	TRACK_MB_acc_MIN/train_phase/train_stream/Task000 = 0.0000
	TRACK_MB_acc_MIN/train_phase/train_stream/Task001 = 0.0000
	TRACK_MB_acc_MIN/train_phase/train_stream/Task002 = 0.0000
	TRACK_MB_acc_MIN_AVG/train_phase/train_stream/Task000 = 0.0000
	TRACK_MB_loss/train_phase/train_stream/Task000 = 35.8070
	TRACK_MB_loss/train_phase/train_stream/Task001 = 96.2352
	TRACK_MB_loss/train_phase/train_stream/Task002 = 55.4131
	TRACK_MB_loss/train_phase/train_stream/Task003 = 32.5502
	Time_Epoch/train_phase/train_stream/Task000 = 103.7815
Epoch 5 ended.
	CURRENT_MB_avg_gradnorm_G/train_phase/train_stream/Task000 = 0.0000
	CURRENT_MB_gradnorm_stab/train_phase/train_stream/Task000 = 0.0000
	CURRENT_MB_loss_new/train_phase/train_stream/Task000 = 0.1365
	CURRENT_MB_loss_reg/train_phase/train_stream/Task000 = 0.2782
	Loss_MB/train_phase/train_stream/Task000 = 0.4146
	TRACK_MB_F10/train_phase/train_stream/Task000 = 0.2740
	TRACK_MB_F10/train_phase/train_stream/Task001 = 0.0000
	TRACK_MB_F10/train_phase/train_stream/Task002 = 0.2440
	TRACK_MB_F10/train_phase/train_stream/Task003 = 0.2270
	TRACK_MB_F100/train_phase/train_stream/Task000 = 0.5200
	TRACK_MB_F100/train_phase/train_stream/Task001 = 0.0000
	TRACK_MB_F100/train_phase/train_stream/Task002 = 0.5100
	TRACK_MB_F100/train_phase/train_stream/Task003 = 0.2270
	TRACK_MB_F100_AVG/train_phase/train_stream/Task000 = 0.3142
	TRACK_MB_F10_AVG/train_phase/train_stream/Task000 = 0.1863
	TRACK_MB_LCA/train_phase/train_stream/Task000 = 0.0995
	TRACK_MB_P10/train_phase/train_stream/Task000 = 0.5150
	TRACK_MB_P10/train_phase/train_stream/Task001 = 0.0000
	TRACK_MB_P10/train_phase/train_stream/Task002 = 0.3220
	TRACK_MB_P10/train_phase/train_stream/Task003 = 0.2800
	TRACK_MB_P100/train_phase/train_stream/Task000 = 0.7440
	TRACK_MB_P100/train_phase/train_stream/Task001 = 0.0000
	TRACK_MB_P100/train_phase/train_stream/Task002 = 0.5400
	TRACK_MB_P100/train_phase/train_stream/Task003 = 0.5340
	TRACK_MB_P100_AVG/train_phase/train_stream/Task000 = 0.4545
	TRACK_MB_P10_AVG/train_phase/train_stream/Task000 = 0.2792
	TRACK_MB_WCACC/train_phase/train_stream/Task000 = 0.1135
	TRACK_MB_acc/train_phase/train_stream/Task000 = 0.2740
	TRACK_MB_acc/train_phase/train_stream/Task001 = 0.0000
	TRACK_MB_acc/train_phase/train_stream/Task002 = 0.0010
	TRACK_MB_acc/train_phase/train_stream/Task003 = 0.4540
	TRACK_MB_acc_MIN/train_phase/train_stream/Task000 = 0.0000
	TRACK_MB_acc_MIN/train_phase/train_stream/Task001 = 0.0000
	TRACK_MB_acc_MIN/train_phase/train_stream/Task002 = 0.0000
	TRACK_MB_acc_MIN_AVG/train_phase/train_stream/Task000 = 0.0000
	TRACK_MB_loss/train_phase/train_stream/Task000 = 14.7741
	TRACK_MB_loss/train_phase/train_stream/Task001 = 24.7454
	TRACK_MB_loss/train_phase/train_stream/Task002 = 14.5943
	TRACK_MB_loss/train_phase/train_stream/Task003 = 2.7269
	Time_Epoch/train_phase/train_stream/Task000 = 103.3602
Epoch 6 ended.
	CURRENT_MB_avg_gradnorm_G/train_phase/train_stream/Task000 = 0.0000
	CURRENT_MB_gradnorm_stab/train_phase/train_stream/Task000 = 0.0000
	CURRENT_MB_loss_new/train_phase/train_stream/Task000 = 0.0735
	CURRENT_MB_loss_reg/train_phase/train_stream/Task000 = 0.2624
	Loss_MB/train_phase/train_stream/Task000 = 0.3359
	TRACK_MB_F10/train_phase/train_stream/Task000 = 0.2740
	TRACK_MB_F10/train_phase/train_stream/Task001 = 0.0000
	TRACK_MB_F10/train_phase/train_stream/Task002 = 0.2440
	TRACK_MB_F10/train_phase/train_stream/Task003 = 0.2270
	TRACK_MB_F100/train_phase/train_stream/Task000 = 0.5200
	TRACK_MB_F100/train_phase/train_stream/Task001 = 0.0000
	TRACK_MB_F100/train_phase/train_stream/Task002 = 0.5100
	TRACK_MB_F100/train_phase/train_stream/Task003 = 0.2270
	TRACK_MB_F100_AVG/train_phase/train_stream/Task000 = 0.3142
	TRACK_MB_F10_AVG/train_phase/train_stream/Task000 = 0.1863
	TRACK_MB_LCA/train_phase/train_stream/Task000 = 0.0995
	TRACK_MB_P10/train_phase/train_stream/Task000 = 0.5150
	TRACK_MB_P10/train_phase/train_stream/Task001 = 0.0000
	TRACK_MB_P10/train_phase/train_stream/Task002 = 0.3220
	TRACK_MB_P10/train_phase/train_stream/Task003 = 0.2800
	TRACK_MB_P100/train_phase/train_stream/Task000 = 0.7440
	TRACK_MB_P100/train_phase/train_stream/Task001 = 0.0000
	TRACK_MB_P100/train_phase/train_stream/Task002 = 0.5400
	TRACK_MB_P100/train_phase/train_stream/Task003 = 0.5340
	TRACK_MB_P100_AVG/train_phase/train_stream/Task000 = 0.4545
	TRACK_MB_P10_AVG/train_phase/train_stream/Task000 = 0.2792
	TRACK_MB_WCACC/train_phase/train_stream/Task000 = 0.1213
	TRACK_MB_acc/train_phase/train_stream/Task000 = 0.2360
	TRACK_MB_acc/train_phase/train_stream/Task001 = 0.0000
	TRACK_MB_acc/train_phase/train_stream/Task002 = 0.0050
	TRACK_MB_acc/train_phase/train_stream/Task003 = 0.4850
	TRACK_MB_acc_MIN/train_phase/train_stream/Task000 = 0.0000
	TRACK_MB_acc_MIN/train_phase/train_stream/Task001 = 0.0000
	TRACK_MB_acc_MIN/train_phase/train_stream/Task002 = 0.0000
	TRACK_MB_acc_MIN_AVG/train_phase/train_stream/Task000 = 0.0000
	TRACK_MB_loss/train_phase/train_stream/Task000 = 14.2830
	TRACK_MB_loss/train_phase/train_stream/Task001 = 21.8232
	TRACK_MB_loss/train_phase/train_stream/Task002 = 15.9734
	TRACK_MB_loss/train_phase/train_stream/Task003 = 1.6839
	Time_Epoch/train_phase/train_stream/Task000 = 103.1576
Epoch 7 ended.
	CURRENT_MB_avg_gradnorm_G/train_phase/train_stream/Task000 = 0.0000
	CURRENT_MB_gradnorm_stab/train_phase/train_stream/Task000 = 0.0000
	CURRENT_MB_loss_new/train_phase/train_stream/Task000 = 0.0888
	CURRENT_MB_loss_reg/train_phase/train_stream/Task000 = 0.2464
	Loss_MB/train_phase/train_stream/Task000 = 0.3352
	TRACK_MB_F10/train_phase/train_stream/Task000 = 0.2740
	TRACK_MB_F10/train_phase/train_stream/Task001 = 0.0000
	TRACK_MB_F10/train_phase/train_stream/Task002 = 0.2440
	TRACK_MB_F10/train_phase/train_stream/Task003 = 0.2270
	TRACK_MB_F100/train_phase/train_stream/Task000 = 0.5200
	TRACK_MB_F100/train_phase/train_stream/Task001 = 0.0000
	TRACK_MB_F100/train_phase/train_stream/Task002 = 0.5100
	TRACK_MB_F100/train_phase/train_stream/Task003 = 0.2270
	TRACK_MB_F100_AVG/train_phase/train_stream/Task000 = 0.3142
	TRACK_MB_F10_AVG/train_phase/train_stream/Task000 = 0.1863
	TRACK_MB_LCA/train_phase/train_stream/Task000 = 0.0995
	TRACK_MB_P10/train_phase/train_stream/Task000 = 0.5150
	TRACK_MB_P10/train_phase/train_stream/Task001 = 0.0000
	TRACK_MB_P10/train_phase/train_stream/Task002 = 0.3220
	TRACK_MB_P10/train_phase/train_stream/Task003 = 0.2800
	TRACK_MB_P100/train_phase/train_stream/Task000 = 0.7440
	TRACK_MB_P100/train_phase/train_stream/Task001 = 0.0000
	TRACK_MB_P100/train_phase/train_stream/Task002 = 0.5400
	TRACK_MB_P100/train_phase/train_stream/Task003 = 0.5340
	TRACK_MB_P100_AVG/train_phase/train_stream/Task000 = 0.4545
	TRACK_MB_P10_AVG/train_phase/train_stream/Task000 = 0.2792
	TRACK_MB_WCACC/train_phase/train_stream/Task000 = 0.1147
	TRACK_MB_acc/train_phase/train_stream/Task000 = 0.2230
	TRACK_MB_acc/train_phase/train_stream/Task001 = 0.0000
	TRACK_MB_acc/train_phase/train_stream/Task002 = 0.0210
	TRACK_MB_acc/train_phase/train_stream/Task003 = 0.4590
	TRACK_MB_acc_MIN/train_phase/train_stream/Task000 = 0.0000
	TRACK_MB_acc_MIN/train_phase/train_stream/Task001 = 0.0000
	TRACK_MB_acc_MIN/train_phase/train_stream/Task002 = 0.0000
	TRACK_MB_acc_MIN_AVG/train_phase/train_stream/Task000 = 0.0000
	TRACK_MB_loss/train_phase/train_stream/Task000 = 11.3935
	TRACK_MB_loss/train_phase/train_stream/Task001 = 18.8895
	TRACK_MB_loss/train_phase/train_stream/Task002 = 15.6803
	TRACK_MB_loss/train_phase/train_stream/Task003 = 1.6978
	Time_Epoch/train_phase/train_stream/Task000 = 102.1317
Epoch 8 ended.
	CURRENT_MB_avg_gradnorm_G/train_phase/train_stream/Task000 = 0.0000
	CURRENT_MB_gradnorm_stab/train_phase/train_stream/Task000 = 0.0000
	CURRENT_MB_loss_new/train_phase/train_stream/Task000 = 0.0710
	CURRENT_MB_loss_reg/train_phase/train_stream/Task000 = 0.2249
	Loss_MB/train_phase/train_stream/Task000 = 0.2959
	TRACK_MB_F10/train_phase/train_stream/Task000 = 0.3420
	TRACK_MB_F10/train_phase/train_stream/Task001 = 0.0000
	TRACK_MB_F10/train_phase/train_stream/Task002 = 0.2440
	TRACK_MB_F10/train_phase/train_stream/Task003 = 0.2270
	TRACK_MB_F100/train_phase/train_stream/Task000 = 0.5200
	TRACK_MB_F100/train_phase/train_stream/Task001 = 0.0000
	TRACK_MB_F100/train_phase/train_stream/Task002 = 0.5100
	TRACK_MB_F100/train_phase/train_stream/Task003 = 0.2270
	TRACK_MB_F100_AVG/train_phase/train_stream/Task000 = 0.3142
	TRACK_MB_F10_AVG/train_phase/train_stream/Task000 = 0.2033
	TRACK_MB_LCA/train_phase/train_stream/Task000 = 0.0995
	TRACK_MB_P10/train_phase/train_stream/Task000 = 0.5150
	TRACK_MB_P10/train_phase/train_stream/Task001 = 0.0000
	TRACK_MB_P10/train_phase/train_stream/Task002 = 0.3220
	TRACK_MB_P10/train_phase/train_stream/Task003 = 0.2800
	TRACK_MB_P100/train_phase/train_stream/Task000 = 0.7440
	TRACK_MB_P100/train_phase/train_stream/Task001 = 0.0000
	TRACK_MB_P100/train_phase/train_stream/Task002 = 0.5400
	TRACK_MB_P100/train_phase/train_stream/Task003 = 0.5340
	TRACK_MB_P100_AVG/train_phase/train_stream/Task000 = 0.4545
	TRACK_MB_P10_AVG/train_phase/train_stream/Task000 = 0.2792
	TRACK_MB_WCACC/train_phase/train_stream/Task000 = 0.1198
	TRACK_MB_acc/train_phase/train_stream/Task000 = 0.3500
	TRACK_MB_acc/train_phase/train_stream/Task001 = 0.0000
	TRACK_MB_acc/train_phase/train_stream/Task002 = 0.0220
	TRACK_MB_acc/train_phase/train_stream/Task003 = 0.4790
	TRACK_MB_acc_MIN/train_phase/train_stream/Task000 = 0.0000
	TRACK_MB_acc_MIN/train_phase/train_stream/Task001 = 0.0000
	TRACK_MB_acc_MIN/train_phase/train_stream/Task002 = 0.0000
	TRACK_MB_acc_MIN_AVG/train_phase/train_stream/Task000 = 0.0000
	TRACK_MB_loss/train_phase/train_stream/Task000 = 10.5260
	TRACK_MB_loss/train_phase/train_stream/Task001 = 21.1314
	TRACK_MB_loss/train_phase/train_stream/Task002 = 16.9998
	TRACK_MB_loss/train_phase/train_stream/Task003 = 1.7863
	Time_Epoch/train_phase/train_stream/Task000 = 104.6517
Epoch 9 ended.
	CURRENT_MB_avg_gradnorm_G/train_phase/train_stream/Task000 = 0.0000
	CURRENT_MB_gradnorm_stab/train_phase/train_stream/Task000 = 0.0000
	CURRENT_MB_loss_new/train_phase/train_stream/Task000 = 0.0702
	CURRENT_MB_loss_reg/train_phase/train_stream/Task000 = 0.2234
	Loss_MB/train_phase/train_stream/Task000 = 0.2935
	TRACK_MB_F10/train_phase/train_stream/Task000 = 0.3420
	TRACK_MB_F10/train_phase/train_stream/Task001 = 0.0000
	TRACK_MB_F10/train_phase/train_stream/Task002 = 0.2440
	TRACK_MB_F10/train_phase/train_stream/Task003 = 0.2270
	TRACK_MB_F100/train_phase/train_stream/Task000 = 0.5200
	TRACK_MB_F100/train_phase/train_stream/Task001 = 0.0000
	TRACK_MB_F100/train_phase/train_stream/Task002 = 0.5100
	TRACK_MB_F100/train_phase/train_stream/Task003 = 0.2270
	TRACK_MB_F100_AVG/train_phase/train_stream/Task000 = 0.3142
	TRACK_MB_F10_AVG/train_phase/train_stream/Task000 = 0.2033
	TRACK_MB_LCA/train_phase/train_stream/Task000 = 0.0995
	TRACK_MB_P10/train_phase/train_stream/Task000 = 0.5150
	TRACK_MB_P10/train_phase/train_stream/Task001 = 0.0000
	TRACK_MB_P10/train_phase/train_stream/Task002 = 0.3220
	TRACK_MB_P10/train_phase/train_stream/Task003 = 0.2800
	TRACK_MB_P100/train_phase/train_stream/Task000 = 0.7440
	TRACK_MB_P100/train_phase/train_stream/Task001 = 0.0000
	TRACK_MB_P100/train_phase/train_stream/Task002 = 0.5400
	TRACK_MB_P100/train_phase/train_stream/Task003 = 0.5340
	TRACK_MB_P100_AVG/train_phase/train_stream/Task000 = 0.4545
	TRACK_MB_P10_AVG/train_phase/train_stream/Task000 = 0.2792
	TRACK_MB_WCACC/train_phase/train_stream/Task000 = 0.1208
	TRACK_MB_acc/train_phase/train_stream/Task000 = 0.2040
	TRACK_MB_acc/train_phase/train_stream/Task001 = 0.0000
	TRACK_MB_acc/train_phase/train_stream/Task002 = 0.0630
	TRACK_MB_acc/train_phase/train_stream/Task003 = 0.4830
	TRACK_MB_acc_MIN/train_phase/train_stream/Task000 = 0.0000
	TRACK_MB_acc_MIN/train_phase/train_stream/Task001 = 0.0000
	TRACK_MB_acc_MIN/train_phase/train_stream/Task002 = 0.0000
	TRACK_MB_acc_MIN_AVG/train_phase/train_stream/Task000 = 0.0000
	TRACK_MB_loss/train_phase/train_stream/Task000 = 9.1982
	TRACK_MB_loss/train_phase/train_stream/Task001 = 19.5283
	TRACK_MB_loss/train_phase/train_stream/Task002 = 14.4942
	TRACK_MB_loss/train_phase/train_stream/Task003 = 1.6710
	Time_Epoch/train_phase/train_stream/Task000 = 102.4518
-- >> End of training phase << --
End training on experience 3

======================================== EVAL ========================================
Standard Continual Learning eval on entire test set on task transition.
-- >> Start of eval phase << --
-- Starting eval on experience 0 (Task 0) from test stream --
> Eval on experience 0 (Task 0) from test stream ended.
	ExperienceForgetting/eval_phase/test_stream/Task000/Exp000 = 0.2970
	Loss_Exp/eval_phase/test_stream/Task000/Exp000 = 9.4037
	Top1_Acc_Exp/eval_phase/test_stream/Task000/Exp000 = 0.2030
-- Starting eval on experience 1 (Task 0) from test stream --
> Eval on experience 1 (Task 0) from test stream ended.
	ExperienceForgetting/eval_phase/test_stream/Task000/Exp001 = 0.0000
	Loss_Exp/eval_phase/test_stream/Task000/Exp001 = 19.3485
	Top1_Acc_Exp/eval_phase/test_stream/Task000/Exp001 = 0.0000
-- Starting eval on experience 2 (Task 0) from test stream --
> Eval on experience 2 (Task 0) from test stream ended.
	ExperienceForgetting/eval_phase/test_stream/Task000/Exp002 = 0.4210
	Loss_Exp/eval_phase/test_stream/Task000/Exp002 = 14.8767
	Top1_Acc_Exp/eval_phase/test_stream/Task000/Exp002 = 0.0550
-- Starting eval on experience 3 (Task 0) from test stream --
> Eval on experience 3 (Task 0) from test stream ended.
	Loss_Exp/eval_phase/test_stream/Task000/Exp003 = 1.6699
	Top1_Acc_Exp/eval_phase/test_stream/Task000/Exp003 = 0.4895
-- Starting eval on experience 4 (Task 0) from test stream --
> Eval on experience 4 (Task 0) from test stream ended.
	Loss_Exp/eval_phase/test_stream/Task000/Exp004 = 27.3573
	Top1_Acc_Exp/eval_phase/test_stream/Task000/Exp004 = 0.0000
-- >> End of eval phase << --
	ConfusionMatrix_Stream/eval_phase/test_stream = <avalanche.evaluation.metric_results.AlternativeValues object at 0x7f5267445790>
	Loss_Stream/eval_phase/test_stream/Task000 = 14.5312
	StreamForgetting/eval_phase/test_stream = 0.2393
	Top1_Acc_Stream/eval_phase/test_stream/Task000 = 0.1495
[FILE:TASK-RESULTS]: /home/yhguo/yuxuan/CL/origin/ContinualEvaluation/results/ER_CIFAR10_e=10_reproduce_paper_now=2024-04-07_06-18_uid=c9f5c6c857fe4735aea4919407478057/results_summary/seed=0/task3_results.pt

---------------------------------------- TRAIN ----------------------------------------
Start training on experience 4
-- >> Start of training phase << --
-- Starting training on experience 4 (Task 0) from train stream --
Epoch 0 ended.
	CURRENT_MB_avg_gradnorm_G/train_phase/train_stream/Task000 = 0.0000
	CURRENT_MB_gradnorm_stab/train_phase/train_stream/Task000 = 0.0000
	CURRENT_MB_loss_new/train_phase/train_stream/Task000 = 0.7737
	CURRENT_MB_loss_reg/train_phase/train_stream/Task000 = 0.1618
	Loss_MB/train_phase/train_stream/Task000 = 0.9355
	TRACK_MB_F10/train_phase/train_stream/Task000 = 0.3420
	TRACK_MB_F10/train_phase/train_stream/Task001 = 0.0000
	TRACK_MB_F10/train_phase/train_stream/Task002 = 0.2440
	TRACK_MB_F10/train_phase/train_stream/Task003 = 0.2270
	TRACK_MB_F10/train_phase/train_stream/Task004 = 0.0000
	TRACK_MB_F100/train_phase/train_stream/Task000 = 0.5200
	TRACK_MB_F100/train_phase/train_stream/Task001 = 0.0000
	TRACK_MB_F100/train_phase/train_stream/Task002 = 0.5100
	TRACK_MB_F100/train_phase/train_stream/Task003 = 0.2270
	TRACK_MB_F100/train_phase/train_stream/Task004 = 0.0000
	TRACK_MB_F100_AVG/train_phase/train_stream/Task000 = 0.2514
	TRACK_MB_F10_AVG/train_phase/train_stream/Task000 = 0.1626
	TRACK_MB_LCA/train_phase/train_stream/Task000 = 0.0796
	TRACK_MB_P10/train_phase/train_stream/Task000 = 0.5150
	TRACK_MB_P10/train_phase/train_stream/Task001 = 0.0000
	TRACK_MB_P10/train_phase/train_stream/Task002 = 0.3220
	TRACK_MB_P10/train_phase/train_stream/Task003 = 0.2800
	TRACK_MB_P10/train_phase/train_stream/Task004 = 0.0000
	TRACK_MB_P100/train_phase/train_stream/Task000 = 0.7440
	TRACK_MB_P100/train_phase/train_stream/Task001 = 0.0000
	TRACK_MB_P100/train_phase/train_stream/Task002 = 0.5400
	TRACK_MB_P100/train_phase/train_stream/Task003 = 0.5340
	TRACK_MB_P100/train_phase/train_stream/Task004 = 0.0000
	TRACK_MB_P100_AVG/train_phase/train_stream/Task000 = 0.3636
	TRACK_MB_P10_AVG/train_phase/train_stream/Task000 = 0.2234
	TRACK_MB_WCACC/train_phase/train_stream/Task000 = 0.0678
	TRACK_MB_acc/train_phase/train_stream/Task000 = 0.2040
	TRACK_MB_acc/train_phase/train_stream/Task001 = 0.0000
	TRACK_MB_acc/train_phase/train_stream/Task002 = 0.2050
	TRACK_MB_acc/train_phase/train_stream/Task003 = 0.3780
	TRACK_MB_acc/train_phase/train_stream/Task004 = 0.0000
	TRACK_MB_acc_MIN/train_phase/train_stream/Task000 = 0.0000
	TRACK_MB_acc_MIN/train_phase/train_stream/Task001 = 0.0000
	TRACK_MB_acc_MIN/train_phase/train_stream/Task002 = 0.0000
	TRACK_MB_acc_MIN/train_phase/train_stream/Task003 = 0.3390
	TRACK_MB_acc_MIN_AVG/train_phase/train_stream/Task000 = 0.0847
	TRACK_MB_loss/train_phase/train_stream/Task000 = 8.4572
	TRACK_MB_loss/train_phase/train_stream/Task001 = 23.9998
	TRACK_MB_loss/train_phase/train_stream/Task002 = 9.9912
	TRACK_MB_loss/train_phase/train_stream/Task003 = 5.7897
	TRACK_MB_loss/train_phase/train_stream/Task004 = 18.3914
	Time_Epoch/train_phase/train_stream/Task000 = 128.2295
Epoch 1 ended.
	CURRENT_MB_avg_gradnorm_G/train_phase/train_stream/Task000 = 0.0000
	CURRENT_MB_gradnorm_stab/train_phase/train_stream/Task000 = 0.0000
	CURRENT_MB_loss_new/train_phase/train_stream/Task000 = 0.6980
	CURRENT_MB_loss_reg/train_phase/train_stream/Task000 = 0.1578
	Loss_MB/train_phase/train_stream/Task000 = 0.8558
	TRACK_MB_F10/train_phase/train_stream/Task000 = 0.3420
	TRACK_MB_F10/train_phase/train_stream/Task001 = 0.0000
	TRACK_MB_F10/train_phase/train_stream/Task002 = 0.2450
	TRACK_MB_F10/train_phase/train_stream/Task003 = 0.2270
	TRACK_MB_F10/train_phase/train_stream/Task004 = 0.0000
	TRACK_MB_F100/train_phase/train_stream/Task000 = 0.5200
	TRACK_MB_F100/train_phase/train_stream/Task001 = 0.0000
	TRACK_MB_F100/train_phase/train_stream/Task002 = 0.5100
	TRACK_MB_F100/train_phase/train_stream/Task003 = 0.2270
	TRACK_MB_F100/train_phase/train_stream/Task004 = 0.0000
	TRACK_MB_F100_AVG/train_phase/train_stream/Task000 = 0.2514
	TRACK_MB_F10_AVG/train_phase/train_stream/Task000 = 0.1628
	TRACK_MB_LCA/train_phase/train_stream/Task000 = 0.0796
	TRACK_MB_P10/train_phase/train_stream/Task000 = 0.5150
	TRACK_MB_P10/train_phase/train_stream/Task001 = 0.0000
	TRACK_MB_P10/train_phase/train_stream/Task002 = 0.3220
	TRACK_MB_P10/train_phase/train_stream/Task003 = 0.2800
	TRACK_MB_P10/train_phase/train_stream/Task004 = 0.0000
	TRACK_MB_P100/train_phase/train_stream/Task000 = 0.7440
	TRACK_MB_P100/train_phase/train_stream/Task001 = 0.0000
	TRACK_MB_P100/train_phase/train_stream/Task002 = 0.5400
	TRACK_MB_P100/train_phase/train_stream/Task003 = 0.5340
	TRACK_MB_P100/train_phase/train_stream/Task004 = 0.0000
	TRACK_MB_P100_AVG/train_phase/train_stream/Task000 = 0.3636
	TRACK_MB_P10_AVG/train_phase/train_stream/Task000 = 0.2234
	TRACK_MB_WCACC/train_phase/train_stream/Task000 = 0.0678
	TRACK_MB_acc/train_phase/train_stream/Task000 = 0.2320
	TRACK_MB_acc/train_phase/train_stream/Task001 = 0.0000
	TRACK_MB_acc/train_phase/train_stream/Task002 = 0.1820
	TRACK_MB_acc/train_phase/train_stream/Task003 = 0.4190
	TRACK_MB_acc/train_phase/train_stream/Task004 = 0.0000
	TRACK_MB_acc_MIN/train_phase/train_stream/Task000 = 0.0000
	TRACK_MB_acc_MIN/train_phase/train_stream/Task001 = 0.0000
	TRACK_MB_acc_MIN/train_phase/train_stream/Task002 = 0.0000
	TRACK_MB_acc_MIN/train_phase/train_stream/Task003 = 0.3390
	TRACK_MB_acc_MIN_AVG/train_phase/train_stream/Task000 = 0.0847
	TRACK_MB_loss/train_phase/train_stream/Task000 = 10.1536
	TRACK_MB_loss/train_phase/train_stream/Task001 = 17.6274
	TRACK_MB_loss/train_phase/train_stream/Task002 = 7.9295
	TRACK_MB_loss/train_phase/train_stream/Task003 = 2.8811
	TRACK_MB_loss/train_phase/train_stream/Task004 = 30.3600
	Time_Epoch/train_phase/train_stream/Task000 = 128.3431
Epoch 2 ended.
	CURRENT_MB_avg_gradnorm_G/train_phase/train_stream/Task000 = 0.0000
	CURRENT_MB_gradnorm_stab/train_phase/train_stream/Task000 = 0.0000
	CURRENT_MB_loss_new/train_phase/train_stream/Task000 = 0.6306
	CURRENT_MB_loss_reg/train_phase/train_stream/Task000 = 0.1566
	Loss_MB/train_phase/train_stream/Task000 = 0.7871
	TRACK_MB_F10/train_phase/train_stream/Task000 = 0.3420
	TRACK_MB_F10/train_phase/train_stream/Task001 = 0.0000
	TRACK_MB_F10/train_phase/train_stream/Task002 = 0.2450
	TRACK_MB_F10/train_phase/train_stream/Task003 = 0.2270
	TRACK_MB_F10/train_phase/train_stream/Task004 = 0.0000
	TRACK_MB_F100/train_phase/train_stream/Task000 = 0.5200
	TRACK_MB_F100/train_phase/train_stream/Task001 = 0.0000
	TRACK_MB_F100/train_phase/train_stream/Task002 = 0.5100
	TRACK_MB_F100/train_phase/train_stream/Task003 = 0.2270
	TRACK_MB_F100/train_phase/train_stream/Task004 = 0.0000
	TRACK_MB_F100_AVG/train_phase/train_stream/Task000 = 0.2514
	TRACK_MB_F10_AVG/train_phase/train_stream/Task000 = 0.1628
	TRACK_MB_LCA/train_phase/train_stream/Task000 = 0.0796
	TRACK_MB_P10/train_phase/train_stream/Task000 = 0.5150
	TRACK_MB_P10/train_phase/train_stream/Task001 = 0.0000
	TRACK_MB_P10/train_phase/train_stream/Task002 = 0.3220
	TRACK_MB_P10/train_phase/train_stream/Task003 = 0.2800
	TRACK_MB_P10/train_phase/train_stream/Task004 = 0.0000
	TRACK_MB_P100/train_phase/train_stream/Task000 = 0.7440
	TRACK_MB_P100/train_phase/train_stream/Task001 = 0.0000
	TRACK_MB_P100/train_phase/train_stream/Task002 = 0.5400
	TRACK_MB_P100/train_phase/train_stream/Task003 = 0.5340
	TRACK_MB_P100/train_phase/train_stream/Task004 = 0.0000
	TRACK_MB_P100_AVG/train_phase/train_stream/Task000 = 0.3636
	TRACK_MB_P10_AVG/train_phase/train_stream/Task000 = 0.2234
	TRACK_MB_WCACC/train_phase/train_stream/Task000 = 0.0678
	TRACK_MB_acc/train_phase/train_stream/Task000 = 0.1740
	TRACK_MB_acc/train_phase/train_stream/Task001 = 0.0000
	TRACK_MB_acc/train_phase/train_stream/Task002 = 0.2920
	TRACK_MB_acc/train_phase/train_stream/Task003 = 0.4960
	TRACK_MB_acc/train_phase/train_stream/Task004 = 0.0000
	TRACK_MB_acc_MIN/train_phase/train_stream/Task000 = 0.0000
	TRACK_MB_acc_MIN/train_phase/train_stream/Task001 = 0.0000
	TRACK_MB_acc_MIN/train_phase/train_stream/Task002 = 0.0000
	TRACK_MB_acc_MIN/train_phase/train_stream/Task003 = 0.3390
	TRACK_MB_acc_MIN_AVG/train_phase/train_stream/Task000 = 0.0847
	TRACK_MB_loss/train_phase/train_stream/Task000 = 4.5115
	TRACK_MB_loss/train_phase/train_stream/Task001 = 12.4173
	TRACK_MB_loss/train_phase/train_stream/Task002 = 5.7764
	TRACK_MB_loss/train_phase/train_stream/Task003 = 3.2410
	TRACK_MB_loss/train_phase/train_stream/Task004 = 9.0367
	Time_Epoch/train_phase/train_stream/Task000 = 126.2971
Epoch 3 ended.
	CURRENT_MB_avg_gradnorm_G/train_phase/train_stream/Task000 = 0.0000
	CURRENT_MB_gradnorm_stab/train_phase/train_stream/Task000 = 0.0000
	CURRENT_MB_loss_new/train_phase/train_stream/Task000 = 0.6341
	CURRENT_MB_loss_reg/train_phase/train_stream/Task000 = 0.1698
	Loss_MB/train_phase/train_stream/Task000 = 0.8039
	TRACK_MB_F10/train_phase/train_stream/Task000 = 0.3420
	TRACK_MB_F10/train_phase/train_stream/Task001 = 0.0000
	TRACK_MB_F10/train_phase/train_stream/Task002 = 0.2450
	TRACK_MB_F10/train_phase/train_stream/Task003 = 0.2270
	TRACK_MB_F10/train_phase/train_stream/Task004 = 0.0000
	TRACK_MB_F100/train_phase/train_stream/Task000 = 0.5200
	TRACK_MB_F100/train_phase/train_stream/Task001 = 0.0000
	TRACK_MB_F100/train_phase/train_stream/Task002 = 0.5100
	TRACK_MB_F100/train_phase/train_stream/Task003 = 0.2420
	TRACK_MB_F100/train_phase/train_stream/Task004 = 0.0000
	TRACK_MB_F100_AVG/train_phase/train_stream/Task000 = 0.2544
	TRACK_MB_F10_AVG/train_phase/train_stream/Task000 = 0.1628
	TRACK_MB_LCA/train_phase/train_stream/Task000 = 0.0796
	TRACK_MB_P10/train_phase/train_stream/Task000 = 0.5150
	TRACK_MB_P10/train_phase/train_stream/Task001 = 0.0000
	TRACK_MB_P10/train_phase/train_stream/Task002 = 0.3220
	TRACK_MB_P10/train_phase/train_stream/Task003 = 0.2800
	TRACK_MB_P10/train_phase/train_stream/Task004 = 0.0000
	TRACK_MB_P100/train_phase/train_stream/Task000 = 0.7440
	TRACK_MB_P100/train_phase/train_stream/Task001 = 0.0000
	TRACK_MB_P100/train_phase/train_stream/Task002 = 0.5400
	TRACK_MB_P100/train_phase/train_stream/Task003 = 0.5340
	TRACK_MB_P100/train_phase/train_stream/Task004 = 0.0000
	TRACK_MB_P100_AVG/train_phase/train_stream/Task000 = 0.3636
	TRACK_MB_P10_AVG/train_phase/train_stream/Task000 = 0.2234
	TRACK_MB_WCACC/train_phase/train_stream/Task000 = 0.0678
	TRACK_MB_acc/train_phase/train_stream/Task000 = 0.3530
	TRACK_MB_acc/train_phase/train_stream/Task001 = 0.0000
	TRACK_MB_acc/train_phase/train_stream/Task002 = 0.2610
	TRACK_MB_acc/train_phase/train_stream/Task003 = 0.5500
	TRACK_MB_acc/train_phase/train_stream/Task004 = 0.0000
	TRACK_MB_acc_MIN/train_phase/train_stream/Task000 = 0.0000
	TRACK_MB_acc_MIN/train_phase/train_stream/Task001 = 0.0000
	TRACK_MB_acc_MIN/train_phase/train_stream/Task002 = 0.0000
	TRACK_MB_acc_MIN/train_phase/train_stream/Task003 = 0.3390
	TRACK_MB_acc_MIN_AVG/train_phase/train_stream/Task000 = 0.0847
	TRACK_MB_loss/train_phase/train_stream/Task000 = 3.4757
	TRACK_MB_loss/train_phase/train_stream/Task001 = 12.9521
	TRACK_MB_loss/train_phase/train_stream/Task002 = 6.3599
	TRACK_MB_loss/train_phase/train_stream/Task003 = 2.8921
	TRACK_MB_loss/train_phase/train_stream/Task004 = 10.2955
	Time_Epoch/train_phase/train_stream/Task000 = 126.3836
Epoch 4 ended.
	CURRENT_MB_avg_gradnorm_G/train_phase/train_stream/Task000 = 0.0000
	CURRENT_MB_gradnorm_stab/train_phase/train_stream/Task000 = 0.0000
	CURRENT_MB_loss_new/train_phase/train_stream/Task000 = 0.6303
	CURRENT_MB_loss_reg/train_phase/train_stream/Task000 = 0.1508
	Loss_MB/train_phase/train_stream/Task000 = 0.7811
	TRACK_MB_F10/train_phase/train_stream/Task000 = 0.3420
	TRACK_MB_F10/train_phase/train_stream/Task001 = 0.0000
	TRACK_MB_F10/train_phase/train_stream/Task002 = 0.2450
	TRACK_MB_F10/train_phase/train_stream/Task003 = 0.2540
	TRACK_MB_F10/train_phase/train_stream/Task004 = 0.0000
	TRACK_MB_F100/train_phase/train_stream/Task000 = 0.5200
	TRACK_MB_F100/train_phase/train_stream/Task001 = 0.0000
	TRACK_MB_F100/train_phase/train_stream/Task002 = 0.5100
	TRACK_MB_F100/train_phase/train_stream/Task003 = 0.2910
	TRACK_MB_F100/train_phase/train_stream/Task004 = 0.0000
	TRACK_MB_F100_AVG/train_phase/train_stream/Task000 = 0.2642
	TRACK_MB_F10_AVG/train_phase/train_stream/Task000 = 0.1682
	TRACK_MB_LCA/train_phase/train_stream/Task000 = 0.0796
	TRACK_MB_P10/train_phase/train_stream/Task000 = 0.5150
	TRACK_MB_P10/train_phase/train_stream/Task001 = 0.0000
	TRACK_MB_P10/train_phase/train_stream/Task002 = 0.3220
	TRACK_MB_P10/train_phase/train_stream/Task003 = 0.2800
	TRACK_MB_P10/train_phase/train_stream/Task004 = 0.0000
	TRACK_MB_P100/train_phase/train_stream/Task000 = 0.7440
	TRACK_MB_P100/train_phase/train_stream/Task001 = 0.0000
	TRACK_MB_P100/train_phase/train_stream/Task002 = 0.5400
	TRACK_MB_P100/train_phase/train_stream/Task003 = 0.5340
	TRACK_MB_P100/train_phase/train_stream/Task004 = 0.0000
	TRACK_MB_P100_AVG/train_phase/train_stream/Task000 = 0.3636
	TRACK_MB_P10_AVG/train_phase/train_stream/Task000 = 0.2234
	TRACK_MB_WCACC/train_phase/train_stream/Task000 = 0.0672
	TRACK_MB_acc/train_phase/train_stream/Task000 = 0.4860
	TRACK_MB_acc/train_phase/train_stream/Task001 = 0.0000
	TRACK_MB_acc/train_phase/train_stream/Task002 = 0.3510
	TRACK_MB_acc/train_phase/train_stream/Task003 = 0.4810
	TRACK_MB_acc/train_phase/train_stream/Task004 = 0.0000
	TRACK_MB_acc_MIN/train_phase/train_stream/Task000 = 0.0000
	TRACK_MB_acc_MIN/train_phase/train_stream/Task001 = 0.0000
	TRACK_MB_acc_MIN/train_phase/train_stream/Task002 = 0.0000
	TRACK_MB_acc_MIN/train_phase/train_stream/Task003 = 0.3360
	TRACK_MB_acc_MIN_AVG/train_phase/train_stream/Task000 = 0.0840
	TRACK_MB_loss/train_phase/train_stream/Task000 = 2.2824
	TRACK_MB_loss/train_phase/train_stream/Task001 = 11.6061
	TRACK_MB_loss/train_phase/train_stream/Task002 = 4.3141
	TRACK_MB_loss/train_phase/train_stream/Task003 = 3.4746
	TRACK_MB_loss/train_phase/train_stream/Task004 = 9.8609
	Time_Epoch/train_phase/train_stream/Task000 = 125.4422
Epoch 5 ended.
	CURRENT_MB_avg_gradnorm_G/train_phase/train_stream/Task000 = 0.0000
	CURRENT_MB_gradnorm_stab/train_phase/train_stream/Task000 = 0.0000
	CURRENT_MB_loss_new/train_phase/train_stream/Task000 = 0.6302
	CURRENT_MB_loss_reg/train_phase/train_stream/Task000 = 0.1475
	Loss_MB/train_phase/train_stream/Task000 = 0.7776
	TRACK_MB_F10/train_phase/train_stream/Task000 = 0.3420
	TRACK_MB_F10/train_phase/train_stream/Task001 = 0.0000
	TRACK_MB_F10/train_phase/train_stream/Task002 = 0.2450
	TRACK_MB_F10/train_phase/train_stream/Task003 = 0.2540
	TRACK_MB_F10/train_phase/train_stream/Task004 = 0.0000
	TRACK_MB_F100/train_phase/train_stream/Task000 = 0.5200
	TRACK_MB_F100/train_phase/train_stream/Task001 = 0.0000
	TRACK_MB_F100/train_phase/train_stream/Task002 = 0.5100
	TRACK_MB_F100/train_phase/train_stream/Task003 = 0.2910
	TRACK_MB_F100/train_phase/train_stream/Task004 = 0.0000
	TRACK_MB_F100_AVG/train_phase/train_stream/Task000 = 0.2642
	TRACK_MB_F10_AVG/train_phase/train_stream/Task000 = 0.1682
	TRACK_MB_LCA/train_phase/train_stream/Task000 = 0.0796
	TRACK_MB_P10/train_phase/train_stream/Task000 = 0.5150
	TRACK_MB_P10/train_phase/train_stream/Task001 = 0.0000
	TRACK_MB_P10/train_phase/train_stream/Task002 = 0.3220
	TRACK_MB_P10/train_phase/train_stream/Task003 = 0.2800
	TRACK_MB_P10/train_phase/train_stream/Task004 = 0.0000
	TRACK_MB_P100/train_phase/train_stream/Task000 = 0.7440
	TRACK_MB_P100/train_phase/train_stream/Task001 = 0.0000
	TRACK_MB_P100/train_phase/train_stream/Task002 = 0.5400
	TRACK_MB_P100/train_phase/train_stream/Task003 = 0.5340
	TRACK_MB_P100/train_phase/train_stream/Task004 = 0.0000
	TRACK_MB_P100_AVG/train_phase/train_stream/Task000 = 0.3636
	TRACK_MB_P10_AVG/train_phase/train_stream/Task000 = 0.2234
	TRACK_MB_WCACC/train_phase/train_stream/Task000 = 0.0672
	TRACK_MB_acc/train_phase/train_stream/Task000 = 0.5370
	TRACK_MB_acc/train_phase/train_stream/Task001 = 0.0000
	TRACK_MB_acc/train_phase/train_stream/Task002 = 0.3370
	TRACK_MB_acc/train_phase/train_stream/Task003 = 0.5100
	TRACK_MB_acc/train_phase/train_stream/Task004 = 0.0000
	TRACK_MB_acc_MIN/train_phase/train_stream/Task000 = 0.0000
	TRACK_MB_acc_MIN/train_phase/train_stream/Task001 = 0.0000
	TRACK_MB_acc_MIN/train_phase/train_stream/Task002 = 0.0000
	TRACK_MB_acc_MIN/train_phase/train_stream/Task003 = 0.3360
	TRACK_MB_acc_MIN_AVG/train_phase/train_stream/Task000 = 0.0840
	TRACK_MB_loss/train_phase/train_stream/Task000 = 1.8195
	TRACK_MB_loss/train_phase/train_stream/Task001 = 11.4274
	TRACK_MB_loss/train_phase/train_stream/Task002 = 4.8752
	TRACK_MB_loss/train_phase/train_stream/Task003 = 3.2308
	TRACK_MB_loss/train_phase/train_stream/Task004 = 8.2675
	Time_Epoch/train_phase/train_stream/Task000 = 124.3572
Epoch 6 ended.
	CURRENT_MB_avg_gradnorm_G/train_phase/train_stream/Task000 = 0.0000
	CURRENT_MB_gradnorm_stab/train_phase/train_stream/Task000 = 0.0000
	CURRENT_MB_loss_new/train_phase/train_stream/Task000 = 0.6301
	CURRENT_MB_loss_reg/train_phase/train_stream/Task000 = 0.1336
	Loss_MB/train_phase/train_stream/Task000 = 0.7637
	TRACK_MB_F10/train_phase/train_stream/Task000 = 0.3420
	TRACK_MB_F10/train_phase/train_stream/Task001 = 0.0000
	TRACK_MB_F10/train_phase/train_stream/Task002 = 0.2450
	TRACK_MB_F10/train_phase/train_stream/Task003 = 0.2540
	TRACK_MB_F10/train_phase/train_stream/Task004 = 0.0000
	TRACK_MB_F100/train_phase/train_stream/Task000 = 0.5200
	TRACK_MB_F100/train_phase/train_stream/Task001 = 0.0000
	TRACK_MB_F100/train_phase/train_stream/Task002 = 0.5100
	TRACK_MB_F100/train_phase/train_stream/Task003 = 0.2910
	TRACK_MB_F100/train_phase/train_stream/Task004 = 0.0000
	TRACK_MB_F100_AVG/train_phase/train_stream/Task000 = 0.2642
	TRACK_MB_F10_AVG/train_phase/train_stream/Task000 = 0.1682
	TRACK_MB_LCA/train_phase/train_stream/Task000 = 0.0796
	TRACK_MB_P10/train_phase/train_stream/Task000 = 0.5150
	TRACK_MB_P10/train_phase/train_stream/Task001 = 0.0000
	TRACK_MB_P10/train_phase/train_stream/Task002 = 0.3220
	TRACK_MB_P10/train_phase/train_stream/Task003 = 0.2800
	TRACK_MB_P10/train_phase/train_stream/Task004 = 0.0000
	TRACK_MB_P100/train_phase/train_stream/Task000 = 0.7440
	TRACK_MB_P100/train_phase/train_stream/Task001 = 0.0000
	TRACK_MB_P100/train_phase/train_stream/Task002 = 0.5400
	TRACK_MB_P100/train_phase/train_stream/Task003 = 0.5340
	TRACK_MB_P100/train_phase/train_stream/Task004 = 0.0000
	TRACK_MB_P100_AVG/train_phase/train_stream/Task000 = 0.3636
	TRACK_MB_P10_AVG/train_phase/train_stream/Task000 = 0.2234
	TRACK_MB_WCACC/train_phase/train_stream/Task000 = 0.0672
	TRACK_MB_acc/train_phase/train_stream/Task000 = 0.5190
	TRACK_MB_acc/train_phase/train_stream/Task001 = 0.0000
	TRACK_MB_acc/train_phase/train_stream/Task002 = 0.4090
	TRACK_MB_acc/train_phase/train_stream/Task003 = 0.5390
	TRACK_MB_acc/train_phase/train_stream/Task004 = 0.0000
	TRACK_MB_acc_MIN/train_phase/train_stream/Task000 = 0.0000
	TRACK_MB_acc_MIN/train_phase/train_stream/Task001 = 0.0000
	TRACK_MB_acc_MIN/train_phase/train_stream/Task002 = 0.0000
	TRACK_MB_acc_MIN/train_phase/train_stream/Task003 = 0.3360
	TRACK_MB_acc_MIN_AVG/train_phase/train_stream/Task000 = 0.0840
	TRACK_MB_loss/train_phase/train_stream/Task000 = 2.0998
	TRACK_MB_loss/train_phase/train_stream/Task001 = 12.1179
	TRACK_MB_loss/train_phase/train_stream/Task002 = 4.6132
	TRACK_MB_loss/train_phase/train_stream/Task003 = 3.3736
	TRACK_MB_loss/train_phase/train_stream/Task004 = 8.3931
	Time_Epoch/train_phase/train_stream/Task000 = 128.8282
Epoch 7 ended.
	CURRENT_MB_avg_gradnorm_G/train_phase/train_stream/Task000 = 0.0000
	CURRENT_MB_gradnorm_stab/train_phase/train_stream/Task000 = 0.0000
	CURRENT_MB_loss_new/train_phase/train_stream/Task000 = 0.6302
	CURRENT_MB_loss_reg/train_phase/train_stream/Task000 = 0.1293
	Loss_MB/train_phase/train_stream/Task000 = 0.7595
	TRACK_MB_F10/train_phase/train_stream/Task000 = 0.3420
	TRACK_MB_F10/train_phase/train_stream/Task001 = 0.0000
	TRACK_MB_F10/train_phase/train_stream/Task002 = 0.2450
	TRACK_MB_F10/train_phase/train_stream/Task003 = 0.2540
	TRACK_MB_F10/train_phase/train_stream/Task004 = 0.0000
	TRACK_MB_F100/train_phase/train_stream/Task000 = 0.5200
	TRACK_MB_F100/train_phase/train_stream/Task001 = 0.0000
	TRACK_MB_F100/train_phase/train_stream/Task002 = 0.5100
	TRACK_MB_F100/train_phase/train_stream/Task003 = 0.2910
	TRACK_MB_F100/train_phase/train_stream/Task004 = 0.0000
	TRACK_MB_F100_AVG/train_phase/train_stream/Task000 = 0.2642
	TRACK_MB_F10_AVG/train_phase/train_stream/Task000 = 0.1682
	TRACK_MB_LCA/train_phase/train_stream/Task000 = 0.0796
	TRACK_MB_P10/train_phase/train_stream/Task000 = 0.5150
	TRACK_MB_P10/train_phase/train_stream/Task001 = 0.0000
	TRACK_MB_P10/train_phase/train_stream/Task002 = 0.3220
	TRACK_MB_P10/train_phase/train_stream/Task003 = 0.2800
	TRACK_MB_P10/train_phase/train_stream/Task004 = 0.0000
	TRACK_MB_P100/train_phase/train_stream/Task000 = 0.7440
	TRACK_MB_P100/train_phase/train_stream/Task001 = 0.0000
	TRACK_MB_P100/train_phase/train_stream/Task002 = 0.5400
	TRACK_MB_P100/train_phase/train_stream/Task003 = 0.5340
	TRACK_MB_P100/train_phase/train_stream/Task004 = 0.0000
	TRACK_MB_P100_AVG/train_phase/train_stream/Task000 = 0.3636
	TRACK_MB_P10_AVG/train_phase/train_stream/Task000 = 0.2234
	TRACK_MB_WCACC/train_phase/train_stream/Task000 = 0.0672
	TRACK_MB_acc/train_phase/train_stream/Task000 = 0.6270
	TRACK_MB_acc/train_phase/train_stream/Task001 = 0.0000
	TRACK_MB_acc/train_phase/train_stream/Task002 = 0.3540
	TRACK_MB_acc/train_phase/train_stream/Task003 = 0.4890
	TRACK_MB_acc/train_phase/train_stream/Task004 = 0.0000
	TRACK_MB_acc_MIN/train_phase/train_stream/Task000 = 0.0000
	TRACK_MB_acc_MIN/train_phase/train_stream/Task001 = 0.0000
	TRACK_MB_acc_MIN/train_phase/train_stream/Task002 = 0.0000
	TRACK_MB_acc_MIN/train_phase/train_stream/Task003 = 0.3360
	TRACK_MB_acc_MIN_AVG/train_phase/train_stream/Task000 = 0.0840
	TRACK_MB_loss/train_phase/train_stream/Task000 = 1.4255
	TRACK_MB_loss/train_phase/train_stream/Task001 = 10.9225
	TRACK_MB_loss/train_phase/train_stream/Task002 = 4.7354
	TRACK_MB_loss/train_phase/train_stream/Task003 = 3.3462
	TRACK_MB_loss/train_phase/train_stream/Task004 = 8.1794
	Time_Epoch/train_phase/train_stream/Task000 = 125.8362
Epoch 8 ended.
	CURRENT_MB_avg_gradnorm_G/train_phase/train_stream/Task000 = 0.0000
	CURRENT_MB_gradnorm_stab/train_phase/train_stream/Task000 = 0.0000
	CURRENT_MB_loss_new/train_phase/train_stream/Task000 = 0.6301
	CURRENT_MB_loss_reg/train_phase/train_stream/Task000 = 0.1024
	Loss_MB/train_phase/train_stream/Task000 = 0.7326
	TRACK_MB_F10/train_phase/train_stream/Task000 = 0.3420
	TRACK_MB_F10/train_phase/train_stream/Task001 = 0.0000
	TRACK_MB_F10/train_phase/train_stream/Task002 = 0.2450
	TRACK_MB_F10/train_phase/train_stream/Task003 = 0.2540
	TRACK_MB_F10/train_phase/train_stream/Task004 = 0.0000
	TRACK_MB_F100/train_phase/train_stream/Task000 = 0.5200
	TRACK_MB_F100/train_phase/train_stream/Task001 = 0.0000
	TRACK_MB_F100/train_phase/train_stream/Task002 = 0.5100
	TRACK_MB_F100/train_phase/train_stream/Task003 = 0.2910
	TRACK_MB_F100/train_phase/train_stream/Task004 = 0.0000
	TRACK_MB_F100_AVG/train_phase/train_stream/Task000 = 0.2642
	TRACK_MB_F10_AVG/train_phase/train_stream/Task000 = 0.1682
	TRACK_MB_LCA/train_phase/train_stream/Task000 = 0.0796
	TRACK_MB_P10/train_phase/train_stream/Task000 = 0.5150
	TRACK_MB_P10/train_phase/train_stream/Task001 = 0.0000
	TRACK_MB_P10/train_phase/train_stream/Task002 = 0.3220
	TRACK_MB_P10/train_phase/train_stream/Task003 = 0.2800
	TRACK_MB_P10/train_phase/train_stream/Task004 = 0.0000
	TRACK_MB_P100/train_phase/train_stream/Task000 = 0.7440
	TRACK_MB_P100/train_phase/train_stream/Task001 = 0.0000
	TRACK_MB_P100/train_phase/train_stream/Task002 = 0.5400
	TRACK_MB_P100/train_phase/train_stream/Task003 = 0.5340
	TRACK_MB_P100/train_phase/train_stream/Task004 = 0.0000
	TRACK_MB_P100_AVG/train_phase/train_stream/Task000 = 0.3636
	TRACK_MB_P10_AVG/train_phase/train_stream/Task000 = 0.2234
	TRACK_MB_WCACC/train_phase/train_stream/Task000 = 0.0672
	TRACK_MB_acc/train_phase/train_stream/Task000 = 0.6130
	TRACK_MB_acc/train_phase/train_stream/Task001 = 0.0000
	TRACK_MB_acc/train_phase/train_stream/Task002 = 0.4300
	TRACK_MB_acc/train_phase/train_stream/Task003 = 0.4480
	TRACK_MB_acc/train_phase/train_stream/Task004 = 0.0000
	TRACK_MB_acc_MIN/train_phase/train_stream/Task000 = 0.0000
	TRACK_MB_acc_MIN/train_phase/train_stream/Task001 = 0.0000
	TRACK_MB_acc_MIN/train_phase/train_stream/Task002 = 0.0000
	TRACK_MB_acc_MIN/train_phase/train_stream/Task003 = 0.3360
	TRACK_MB_acc_MIN_AVG/train_phase/train_stream/Task000 = 0.0840
	TRACK_MB_loss/train_phase/train_stream/Task000 = 1.3975
	TRACK_MB_loss/train_phase/train_stream/Task001 = 10.3587
	TRACK_MB_loss/train_phase/train_stream/Task002 = 3.8104
	TRACK_MB_loss/train_phase/train_stream/Task003 = 4.0326
	TRACK_MB_loss/train_phase/train_stream/Task004 = 7.6069
	Time_Epoch/train_phase/train_stream/Task000 = 124.7947
Epoch 9 ended.
	CURRENT_MB_avg_gradnorm_G/train_phase/train_stream/Task000 = 0.0000
	CURRENT_MB_gradnorm_stab/train_phase/train_stream/Task000 = 0.0000
	CURRENT_MB_loss_new/train_phase/train_stream/Task000 = 0.6301
	CURRENT_MB_loss_reg/train_phase/train_stream/Task000 = 0.1143
	Loss_MB/train_phase/train_stream/Task000 = 0.7443
	TRACK_MB_F10/train_phase/train_stream/Task000 = 0.3420
	TRACK_MB_F10/train_phase/train_stream/Task001 = 0.0000
	TRACK_MB_F10/train_phase/train_stream/Task002 = 0.2450
	TRACK_MB_F10/train_phase/train_stream/Task003 = 0.2540
	TRACK_MB_F10/train_phase/train_stream/Task004 = 0.0000
	TRACK_MB_F100/train_phase/train_stream/Task000 = 0.5200
	TRACK_MB_F100/train_phase/train_stream/Task001 = 0.0000
	TRACK_MB_F100/train_phase/train_stream/Task002 = 0.5100
	TRACK_MB_F100/train_phase/train_stream/Task003 = 0.2910
	TRACK_MB_F100/train_phase/train_stream/Task004 = 0.0000
	TRACK_MB_F100_AVG/train_phase/train_stream/Task000 = 0.2642
	TRACK_MB_F10_AVG/train_phase/train_stream/Task000 = 0.1682
	TRACK_MB_LCA/train_phase/train_stream/Task000 = 0.0796
	TRACK_MB_P10/train_phase/train_stream/Task000 = 0.5150
	TRACK_MB_P10/train_phase/train_stream/Task001 = 0.0000
	TRACK_MB_P10/train_phase/train_stream/Task002 = 0.3220
	TRACK_MB_P10/train_phase/train_stream/Task003 = 0.2800
	TRACK_MB_P10/train_phase/train_stream/Task004 = 0.0000
	TRACK_MB_P100/train_phase/train_stream/Task000 = 0.7440
	TRACK_MB_P100/train_phase/train_stream/Task001 = 0.0000
	TRACK_MB_P100/train_phase/train_stream/Task002 = 0.5400
	TRACK_MB_P100/train_phase/train_stream/Task003 = 0.5340
	TRACK_MB_P100/train_phase/train_stream/Task004 = 0.0000
	TRACK_MB_P100_AVG/train_phase/train_stream/Task000 = 0.3636
	TRACK_MB_P10_AVG/train_phase/train_stream/Task000 = 0.2234
	TRACK_MB_WCACC/train_phase/train_stream/Task000 = 0.0672
	TRACK_MB_acc/train_phase/train_stream/Task000 = 0.5900
	TRACK_MB_acc/train_phase/train_stream/Task001 = 0.0000
	TRACK_MB_acc/train_phase/train_stream/Task002 = 0.3790
	TRACK_MB_acc/train_phase/train_stream/Task003 = 0.5160
	TRACK_MB_acc/train_phase/train_stream/Task004 = 0.0000
	TRACK_MB_acc_MIN/train_phase/train_stream/Task000 = 0.0000
	TRACK_MB_acc_MIN/train_phase/train_stream/Task001 = 0.0000
	TRACK_MB_acc_MIN/train_phase/train_stream/Task002 = 0.0000
	TRACK_MB_acc_MIN/train_phase/train_stream/Task003 = 0.3360
	TRACK_MB_acc_MIN_AVG/train_phase/train_stream/Task000 = 0.0840
	TRACK_MB_loss/train_phase/train_stream/Task000 = 1.7330
	TRACK_MB_loss/train_phase/train_stream/Task001 = 11.2388
	TRACK_MB_loss/train_phase/train_stream/Task002 = 5.2522
	TRACK_MB_loss/train_phase/train_stream/Task003 = 3.0500
	TRACK_MB_loss/train_phase/train_stream/Task004 = 7.7275
	Time_Epoch/train_phase/train_stream/Task000 = 127.7847
-- >> End of training phase << --
End training on experience 4

======================================== EVAL ========================================
Standard Continual Learning eval on entire test set on task transition.
-- >> Start of eval phase << --
-- Starting eval on experience 0 (Task 0) from test stream --
> Eval on experience 0 (Task 0) from test stream ended.
	ExperienceForgetting/eval_phase/test_stream/Task000/Exp000 = -0.0820
	Loss_Exp/eval_phase/test_stream/Task000/Exp000 = 1.7407
	Top1_Acc_Exp/eval_phase/test_stream/Task000/Exp000 = 0.5820
-- Starting eval on experience 1 (Task 0) from test stream --
> Eval on experience 1 (Task 0) from test stream ended.
	ExperienceForgetting/eval_phase/test_stream/Task000/Exp001 = 0.0000
	Loss_Exp/eval_phase/test_stream/Task000/Exp001 = 11.1113
	Top1_Acc_Exp/eval_phase/test_stream/Task000/Exp001 = 0.0000
-- Starting eval on experience 2 (Task 0) from test stream --
> Eval on experience 2 (Task 0) from test stream ended.
	ExperienceForgetting/eval_phase/test_stream/Task000/Exp002 = 0.0845
	Loss_Exp/eval_phase/test_stream/Task000/Exp002 = 5.0382
	Top1_Acc_Exp/eval_phase/test_stream/Task000/Exp002 = 0.3915
-- Starting eval on experience 3 (Task 0) from test stream --
> Eval on experience 3 (Task 0) from test stream ended.
	ExperienceForgetting/eval_phase/test_stream/Task000/Exp003 = -0.0430
	Loss_Exp/eval_phase/test_stream/Task000/Exp003 = 2.9618
	Top1_Acc_Exp/eval_phase/test_stream/Task000/Exp003 = 0.5325
-- Starting eval on experience 4 (Task 0) from test stream --
> Eval on experience 4 (Task 0) from test stream ended.
	Loss_Exp/eval_phase/test_stream/Task000/Exp004 = 7.8073
	Top1_Acc_Exp/eval_phase/test_stream/Task000/Exp004 = 0.0000
-- >> End of eval phase << --
	ConfusionMatrix_Stream/eval_phase/test_stream = <avalanche.evaluation.metric_results.AlternativeValues object at 0x7f5267f32dc0>
	Loss_Stream/eval_phase/test_stream/Task000 = 5.7318
	StreamForgetting/eval_phase/test_stream = -0.0101
	Top1_Acc_Stream/eval_phase/test_stream/Task000 = 0.3012
[FILE:TASK-RESULTS]: /home/yhguo/yuxuan/CL/origin/ContinualEvaluation/results/ER_CIFAR10_e=10_reproduce_paper_now=2024-04-07_06-18_uid=c9f5c6c857fe4735aea4919407478057/results_summary/seed=0/task4_results.pt
[FILE:SEED-RESULTS]: /home/yhguo/yuxuan/CL/origin/ContinualEvaluation/results/ER_CIFAR10_e=10_reproduce_paper_now=2024-04-07_06-18_uid=c9f5c6c857fe4735aea4919407478057/results_summary/seed=0_finalresults.pt
[FILE:TB-SEED-RESULTS]: /home/yhguo/yuxuan/CL/origin/ContinualEvaluation/results/ER_CIFAR10_e=10_reproduce_paper_now=2024-04-07_06-18_uid=c9f5c6c857fe4735aea4919407478057/tb_run/seed=0
STARTING SEED 1/4
[SCENARIO] CIFAR10, Task Incr = False
Files already downloaded and verified
Files already downloaded and verified
Scenario = CIFAR10
[Tensorboard] tb_log_dir=/home/yhguo/yuxuan/CL/origin/ContinualEvaluation/results/ER_CIFAR10_e=10_reproduce_paper_now=2024-04-07_06-18_uid=c9f5c6c857fe4735aea4919407478057/tb_run/seed=1
Evaluating on stream (eval=True): <avalanche.benchmarks.scenarios.generic_cl_scenario.GenericScenarioStream object at 0x7f5267e66df0>
TRACKING: subsetsize=1000,freq=1,stream=<avalanche.benchmarks.scenarios.generic_cl_scenario.GenericScenarioStream object at 0x7f5267e66df0>
[METHOD CONFIG] n_total_mems=1000 
[METHOD CONFIG] SUMMARY: { 'n_total_memories': 1000,
  'num_tasks': 5,
  'storage_policy': <avalanche.training.storage_policy.ClassBalancedBuffer object at 0x7f5267bcd700>}
Running strategy:<src.methods.replay.ERStrategy object at 0x7f5267bcd130>
with Plugins: [<src.methods.replay.ERPlugin object at 0x7f5267bcdac0>, <src.eval.minibatch_logging.StrategyAttributeAdderPlugin object at 0x7f5267bcd9d0>, <avalanche.training.plugins.evaluation.EvaluationPlugin object at 0x7f5267bcd820>, <avalanche.training.plugins.clock.Clock object at 0x7f5267ebf8b0>]
Starting experiment...

---------------------------------------- TRAIN ----------------------------------------
Start training on experience 0
-- >> Start of training phase << --
-- Starting training on experience 0 (Task 0) from train stream --
'ERStrategy' object has no attribute 'avg_gradnorm_G'
strategy_attr not valid for strategy: '['avg_gradnorm_G']'
Epoch 0 ended.
	CURRENT_MB_avg_gradnorm_G/train_phase/train_stream/Task000 = 0.0000
	CURRENT_MB_gradnorm_stab/train_phase/train_stream/Task000 = 0.0000
	CURRENT_MB_loss_new/train_phase/train_stream/Task000 = 0.0700
	CURRENT_MB_loss_reg/train_phase/train_stream/Task000 = 0.0000
	Loss_MB/train_phase/train_stream/Task000 = 0.0700
	TRACK_MB_F10/train_phase/train_stream/Task000 = 0.0680
	TRACK_MB_F100/train_phase/train_stream/Task000 = 0.0730
	TRACK_MB_F100_AVG/train_phase/train_stream/Task000 = 0.0730
	TRACK_MB_F10_AVG/train_phase/train_stream/Task000 = 0.0680
	TRACK_MB_LCA/train_phase/train_stream/Task000 = 0.3965
	TRACK_MB_P10/train_phase/train_stream/Task000 = 0.5120
	TRACK_MB_P100/train_phase/train_stream/Task000 = 0.5560
	TRACK_MB_P100_AVG/train_phase/train_stream/Task000 = 0.5560
	TRACK_MB_P10_AVG/train_phase/train_stream/Task000 = 0.5120
	TRACK_MB_WCACC/train_phase/train_stream/Task000 = 0.5560
	TRACK_MB_acc/train_phase/train_stream/Task000 = 0.5560
	TRACK_MB_acc_MIN_AVG/train_phase/train_stream/Task000 = None
	TRACK_MB_loss/train_phase/train_stream/Task000 = 0.7963
	Time_Epoch/train_phase/train_stream/Task000 = 26.1236
Epoch 1 ended.
	CURRENT_MB_avg_gradnorm_G/train_phase/train_stream/Task000 = 0.0000
	CURRENT_MB_gradnorm_stab/train_phase/train_stream/Task000 = 0.0000
	CURRENT_MB_loss_new/train_phase/train_stream/Task000 = 0.0700
	CURRENT_MB_loss_reg/train_phase/train_stream/Task000 = 0.0000
	Loss_MB/train_phase/train_stream/Task000 = 0.0700
	TRACK_MB_F10/train_phase/train_stream/Task000 = 0.0680
	TRACK_MB_F100/train_phase/train_stream/Task000 = 0.0730
	TRACK_MB_F100_AVG/train_phase/train_stream/Task000 = 0.0730
	TRACK_MB_F10_AVG/train_phase/train_stream/Task000 = 0.0680
	TRACK_MB_LCA/train_phase/train_stream/Task000 = 0.3965
	TRACK_MB_P10/train_phase/train_stream/Task000 = 0.5120
	TRACK_MB_P100/train_phase/train_stream/Task000 = 0.6500
	TRACK_MB_P100_AVG/train_phase/train_stream/Task000 = 0.6500
	TRACK_MB_P10_AVG/train_phase/train_stream/Task000 = 0.5120
	TRACK_MB_WCACC/train_phase/train_stream/Task000 = 0.6000
	TRACK_MB_acc/train_phase/train_stream/Task000 = 0.6000
	TRACK_MB_acc_MIN_AVG/train_phase/train_stream/Task000 = None
	TRACK_MB_loss/train_phase/train_stream/Task000 = 1.0463
	Time_Epoch/train_phase/train_stream/Task000 = 25.3296
Epoch 2 ended.
	CURRENT_MB_avg_gradnorm_G/train_phase/train_stream/Task000 = 0.0000
	CURRENT_MB_gradnorm_stab/train_phase/train_stream/Task000 = 0.0000
	CURRENT_MB_loss_new/train_phase/train_stream/Task000 = 0.0700
	CURRENT_MB_loss_reg/train_phase/train_stream/Task000 = 0.0000
	Loss_MB/train_phase/train_stream/Task000 = 0.0700
	TRACK_MB_F10/train_phase/train_stream/Task000 = 0.0680
	TRACK_MB_F100/train_phase/train_stream/Task000 = 0.0730
	TRACK_MB_F100_AVG/train_phase/train_stream/Task000 = 0.0730
	TRACK_MB_F10_AVG/train_phase/train_stream/Task000 = 0.0680
	TRACK_MB_LCA/train_phase/train_stream/Task000 = 0.3965
	TRACK_MB_P10/train_phase/train_stream/Task000 = 0.5120
	TRACK_MB_P100/train_phase/train_stream/Task000 = 0.6500
	TRACK_MB_P100_AVG/train_phase/train_stream/Task000 = 0.6500
	TRACK_MB_P10_AVG/train_phase/train_stream/Task000 = 0.5120
	TRACK_MB_WCACC/train_phase/train_stream/Task000 = 0.6300
	TRACK_MB_acc/train_phase/train_stream/Task000 = 0.6300
	TRACK_MB_acc_MIN_AVG/train_phase/train_stream/Task000 = None
	TRACK_MB_loss/train_phase/train_stream/Task000 = 1.1114
	Time_Epoch/train_phase/train_stream/Task000 = 26.3855
Epoch 3 ended.
	CURRENT_MB_avg_gradnorm_G/train_phase/train_stream/Task000 = 0.0000
	CURRENT_MB_gradnorm_stab/train_phase/train_stream/Task000 = 0.0000
	CURRENT_MB_loss_new/train_phase/train_stream/Task000 = 0.0700
	CURRENT_MB_loss_reg/train_phase/train_stream/Task000 = 0.0000
	Loss_MB/train_phase/train_stream/Task000 = 0.0700
	TRACK_MB_F10/train_phase/train_stream/Task000 = 0.0680
	TRACK_MB_F100/train_phase/train_stream/Task000 = 0.0730
	TRACK_MB_F100_AVG/train_phase/train_stream/Task000 = 0.0730
	TRACK_MB_F10_AVG/train_phase/train_stream/Task000 = 0.0680
	TRACK_MB_LCA/train_phase/train_stream/Task000 = 0.3965
	TRACK_MB_P10/train_phase/train_stream/Task000 = 0.5120
	TRACK_MB_P100/train_phase/train_stream/Task000 = 0.6500
	TRACK_MB_P100_AVG/train_phase/train_stream/Task000 = 0.6500
	TRACK_MB_P10_AVG/train_phase/train_stream/Task000 = 0.5120
	TRACK_MB_WCACC/train_phase/train_stream/Task000 = 0.5990
	TRACK_MB_acc/train_phase/train_stream/Task000 = 0.5990
	TRACK_MB_acc_MIN_AVG/train_phase/train_stream/Task000 = None
	TRACK_MB_loss/train_phase/train_stream/Task000 = 1.1736
	Time_Epoch/train_phase/train_stream/Task000 = 26.2202
Epoch 4 ended.
	CURRENT_MB_avg_gradnorm_G/train_phase/train_stream/Task000 = 0.0000
	CURRENT_MB_gradnorm_stab/train_phase/train_stream/Task000 = 0.0000
	CURRENT_MB_loss_new/train_phase/train_stream/Task000 = 0.0700
	CURRENT_MB_loss_reg/train_phase/train_stream/Task000 = 0.0000
	Loss_MB/train_phase/train_stream/Task000 = 0.0700
	TRACK_MB_F10/train_phase/train_stream/Task000 = 0.0680
	TRACK_MB_F100/train_phase/train_stream/Task000 = 0.0730
	TRACK_MB_F100_AVG/train_phase/train_stream/Task000 = 0.0730
	TRACK_MB_F10_AVG/train_phase/train_stream/Task000 = 0.0680
	TRACK_MB_LCA/train_phase/train_stream/Task000 = 0.3965
	TRACK_MB_P10/train_phase/train_stream/Task000 = 0.5120
	TRACK_MB_P100/train_phase/train_stream/Task000 = 0.6500
	TRACK_MB_P100_AVG/train_phase/train_stream/Task000 = 0.6500
	TRACK_MB_P10_AVG/train_phase/train_stream/Task000 = 0.5120
	TRACK_MB_WCACC/train_phase/train_stream/Task000 = 0.6120
	TRACK_MB_acc/train_phase/train_stream/Task000 = 0.6120
	TRACK_MB_acc_MIN_AVG/train_phase/train_stream/Task000 = None
	TRACK_MB_loss/train_phase/train_stream/Task000 = 1.0990
	Time_Epoch/train_phase/train_stream/Task000 = 25.7051
Epoch 5 ended.
	CURRENT_MB_avg_gradnorm_G/train_phase/train_stream/Task000 = 0.0000
	CURRENT_MB_gradnorm_stab/train_phase/train_stream/Task000 = 0.0000
	CURRENT_MB_loss_new/train_phase/train_stream/Task000 = 0.0700
	CURRENT_MB_loss_reg/train_phase/train_stream/Task000 = 0.0000
	Loss_MB/train_phase/train_stream/Task000 = 0.0700
	TRACK_MB_F10/train_phase/train_stream/Task000 = 0.0680
	TRACK_MB_F100/train_phase/train_stream/Task000 = 0.0730
	TRACK_MB_F100_AVG/train_phase/train_stream/Task000 = 0.0730
	TRACK_MB_F10_AVG/train_phase/train_stream/Task000 = 0.0680
	TRACK_MB_LCA/train_phase/train_stream/Task000 = 0.3965
	TRACK_MB_P10/train_phase/train_stream/Task000 = 0.5120
	TRACK_MB_P100/train_phase/train_stream/Task000 = 0.6500
	TRACK_MB_P100_AVG/train_phase/train_stream/Task000 = 0.6500
	TRACK_MB_P10_AVG/train_phase/train_stream/Task000 = 0.5120
	TRACK_MB_WCACC/train_phase/train_stream/Task000 = 0.6280
	TRACK_MB_acc/train_phase/train_stream/Task000 = 0.6280
	TRACK_MB_acc_MIN_AVG/train_phase/train_stream/Task000 = None
	TRACK_MB_loss/train_phase/train_stream/Task000 = 1.0048
	Time_Epoch/train_phase/train_stream/Task000 = 25.5046
Epoch 6 ended.
	CURRENT_MB_avg_gradnorm_G/train_phase/train_stream/Task000 = 0.0000
	CURRENT_MB_gradnorm_stab/train_phase/train_stream/Task000 = 0.0000
	CURRENT_MB_loss_new/train_phase/train_stream/Task000 = 0.0700
	CURRENT_MB_loss_reg/train_phase/train_stream/Task000 = 0.0000
	Loss_MB/train_phase/train_stream/Task000 = 0.0700
	TRACK_MB_F10/train_phase/train_stream/Task000 = 0.0680
	TRACK_MB_F100/train_phase/train_stream/Task000 = 0.0730
	TRACK_MB_F100_AVG/train_phase/train_stream/Task000 = 0.0730
	TRACK_MB_F10_AVG/train_phase/train_stream/Task000 = 0.0680
	TRACK_MB_LCA/train_phase/train_stream/Task000 = 0.3965
	TRACK_MB_P10/train_phase/train_stream/Task000 = 0.5120
	TRACK_MB_P100/train_phase/train_stream/Task000 = 0.6500
	TRACK_MB_P100_AVG/train_phase/train_stream/Task000 = 0.6500
	TRACK_MB_P10_AVG/train_phase/train_stream/Task000 = 0.5120
	TRACK_MB_WCACC/train_phase/train_stream/Task000 = 0.6390
	TRACK_MB_acc/train_phase/train_stream/Task000 = 0.6390
	TRACK_MB_acc_MIN_AVG/train_phase/train_stream/Task000 = None
	TRACK_MB_loss/train_phase/train_stream/Task000 = 1.0192
	Time_Epoch/train_phase/train_stream/Task000 = 26.0098
Epoch 7 ended.
	CURRENT_MB_avg_gradnorm_G/train_phase/train_stream/Task000 = 0.0000
	CURRENT_MB_gradnorm_stab/train_phase/train_stream/Task000 = 0.0000
	CURRENT_MB_loss_new/train_phase/train_stream/Task000 = 0.0700
	CURRENT_MB_loss_reg/train_phase/train_stream/Task000 = 0.0000
	Loss_MB/train_phase/train_stream/Task000 = 0.0700
	TRACK_MB_F10/train_phase/train_stream/Task000 = 0.0680
	TRACK_MB_F100/train_phase/train_stream/Task000 = 0.0730
	TRACK_MB_F100_AVG/train_phase/train_stream/Task000 = 0.0730
	TRACK_MB_F10_AVG/train_phase/train_stream/Task000 = 0.0680
	TRACK_MB_LCA/train_phase/train_stream/Task000 = 0.3965
	TRACK_MB_P10/train_phase/train_stream/Task000 = 0.5120
	TRACK_MB_P100/train_phase/train_stream/Task000 = 0.6500
	TRACK_MB_P100_AVG/train_phase/train_stream/Task000 = 0.6500
	TRACK_MB_P10_AVG/train_phase/train_stream/Task000 = 0.5120
	TRACK_MB_WCACC/train_phase/train_stream/Task000 = 0.6420
	TRACK_MB_acc/train_phase/train_stream/Task000 = 0.6420
	TRACK_MB_acc_MIN_AVG/train_phase/train_stream/Task000 = None
	TRACK_MB_loss/train_phase/train_stream/Task000 = 1.0141
	Time_Epoch/train_phase/train_stream/Task000 = 26.1834
Epoch 8 ended.
	CURRENT_MB_avg_gradnorm_G/train_phase/train_stream/Task000 = 0.0000
	CURRENT_MB_gradnorm_stab/train_phase/train_stream/Task000 = 0.0000
	CURRENT_MB_loss_new/train_phase/train_stream/Task000 = 0.0700
	CURRENT_MB_loss_reg/train_phase/train_stream/Task000 = 0.0000
	Loss_MB/train_phase/train_stream/Task000 = 0.0700
	TRACK_MB_F10/train_phase/train_stream/Task000 = 0.0680
	TRACK_MB_F100/train_phase/train_stream/Task000 = 0.0730
	TRACK_MB_F100_AVG/train_phase/train_stream/Task000 = 0.0730
	TRACK_MB_F10_AVG/train_phase/train_stream/Task000 = 0.0680
	TRACK_MB_LCA/train_phase/train_stream/Task000 = 0.3965
	TRACK_MB_P10/train_phase/train_stream/Task000 = 0.5120
	TRACK_MB_P100/train_phase/train_stream/Task000 = 0.6500
	TRACK_MB_P100_AVG/train_phase/train_stream/Task000 = 0.6500
	TRACK_MB_P10_AVG/train_phase/train_stream/Task000 = 0.5120
	TRACK_MB_WCACC/train_phase/train_stream/Task000 = 0.6450
	TRACK_MB_acc/train_phase/train_stream/Task000 = 0.6450
	TRACK_MB_acc_MIN_AVG/train_phase/train_stream/Task000 = None
	TRACK_MB_loss/train_phase/train_stream/Task000 = 0.9855
	Time_Epoch/train_phase/train_stream/Task000 = 25.9850
Epoch 9 ended.
	CURRENT_MB_avg_gradnorm_G/train_phase/train_stream/Task000 = 0.0000
	CURRENT_MB_gradnorm_stab/train_phase/train_stream/Task000 = 0.0000
	CURRENT_MB_loss_new/train_phase/train_stream/Task000 = 0.0700
	CURRENT_MB_loss_reg/train_phase/train_stream/Task000 = 0.0000
	Loss_MB/train_phase/train_stream/Task000 = 0.0700
	TRACK_MB_F10/train_phase/train_stream/Task000 = 0.0680
	TRACK_MB_F100/train_phase/train_stream/Task000 = 0.0730
	TRACK_MB_F100_AVG/train_phase/train_stream/Task000 = 0.0730
	TRACK_MB_F10_AVG/train_phase/train_stream/Task000 = 0.0680
	TRACK_MB_LCA/train_phase/train_stream/Task000 = 0.3965
	TRACK_MB_P10/train_phase/train_stream/Task000 = 0.5120
	TRACK_MB_P100/train_phase/train_stream/Task000 = 0.6500
	TRACK_MB_P100_AVG/train_phase/train_stream/Task000 = 0.6500
	TRACK_MB_P10_AVG/train_phase/train_stream/Task000 = 0.5120
	TRACK_MB_WCACC/train_phase/train_stream/Task000 = 0.6500
	TRACK_MB_acc/train_phase/train_stream/Task000 = 0.6500
	TRACK_MB_acc_MIN_AVG/train_phase/train_stream/Task000 = None
	TRACK_MB_loss/train_phase/train_stream/Task000 = 0.9500
	Time_Epoch/train_phase/train_stream/Task000 = 25.8949
-- >> End of training phase << --
End training on experience 0

======================================== EVAL ========================================
Standard Continual Learning eval on entire test set on task transition.
-- >> Start of eval phase << --
-- Starting eval on experience 0 (Task 0) from test stream --
> Eval on experience 0 (Task 0) from test stream ended.
	Loss_Exp/eval_phase/test_stream/Task000/Exp000 = 0.9724
	Top1_Acc_Exp/eval_phase/test_stream/Task000/Exp000 = 0.6425
-- Starting eval on experience 1 (Task 0) from test stream --
> Eval on experience 1 (Task 0) from test stream ended.
	Loss_Exp/eval_phase/test_stream/Task000/Exp001 = 30.6446
	Top1_Acc_Exp/eval_phase/test_stream/Task000/Exp001 = 0.0000
-- Starting eval on experience 2 (Task 0) from test stream --
> Eval on experience 2 (Task 0) from test stream ended.
	Loss_Exp/eval_phase/test_stream/Task000/Exp002 = 30.9564
	Top1_Acc_Exp/eval_phase/test_stream/Task000/Exp002 = 0.0000
-- Starting eval on experience 3 (Task 0) from test stream --
> Eval on experience 3 (Task 0) from test stream ended.
	Loss_Exp/eval_phase/test_stream/Task000/Exp003 = 30.3532
	Top1_Acc_Exp/eval_phase/test_stream/Task000/Exp003 = 0.0000
-- Starting eval on experience 4 (Task 0) from test stream --
> Eval on experience 4 (Task 0) from test stream ended.
	Loss_Exp/eval_phase/test_stream/Task000/Exp004 = 29.6080
	Top1_Acc_Exp/eval_phase/test_stream/Task000/Exp004 = 0.0000
-- >> End of eval phase << --
	ConfusionMatrix_Stream/eval_phase/test_stream = <avalanche.evaluation.metric_results.AlternativeValues object at 0x7f5267594a00>
	Loss_Stream/eval_phase/test_stream/Task000 = 24.5069
	StreamForgetting/eval_phase/test_stream = 0.0000
	Top1_Acc_Stream/eval_phase/test_stream/Task000 = 0.1285
[FILE:TASK-RESULTS]: /home/yhguo/yuxuan/CL/origin/ContinualEvaluation/results/ER_CIFAR10_e=10_reproduce_paper_now=2024-04-07_06-18_uid=c9f5c6c857fe4735aea4919407478057/results_summary/seed=1/task0_results.pt

---------------------------------------- TRAIN ----------------------------------------
Start training on experience 1
-- >> Start of training phase << --
-- Starting training on experience 1 (Task 0) from train stream --
Epoch 0 ended.
	CURRENT_MB_avg_gradnorm_G/train_phase/train_stream/Task000 = 0.0000
	CURRENT_MB_gradnorm_stab/train_phase/train_stream/Task000 = 0.0000
	CURRENT_MB_loss_new/train_phase/train_stream/Task000 = 0.7700
	CURRENT_MB_loss_reg/train_phase/train_stream/Task000 = 0.0300
	Loss_MB/train_phase/train_stream/Task000 = 0.8000
	TRACK_MB_F10/train_phase/train_stream/Task000 = 0.0680
	TRACK_MB_F10/train_phase/train_stream/Task001 = 0.0000
	TRACK_MB_F100/train_phase/train_stream/Task000 = 0.0730
	TRACK_MB_F100/train_phase/train_stream/Task001 = 0.0000
	TRACK_MB_F100_AVG/train_phase/train_stream/Task000 = 0.0365
	TRACK_MB_F10_AVG/train_phase/train_stream/Task000 = 0.0340
	TRACK_MB_LCA/train_phase/train_stream/Task000 = 0.1982
	TRACK_MB_P10/train_phase/train_stream/Task000 = 0.5120
	TRACK_MB_P10/train_phase/train_stream/Task001 = 0.0000
	TRACK_MB_P100/train_phase/train_stream/Task000 = 0.6500
	TRACK_MB_P100/train_phase/train_stream/Task001 = 0.0000
	TRACK_MB_P100_AVG/train_phase/train_stream/Task000 = 0.3250
	TRACK_MB_P10_AVG/train_phase/train_stream/Task000 = 0.2560
	TRACK_MB_WCACC/train_phase/train_stream/Task000 = 0.3140
	TRACK_MB_acc/train_phase/train_stream/Task000 = 0.6290
	TRACK_MB_acc/train_phase/train_stream/Task001 = 0.0000
	TRACK_MB_acc_MIN/train_phase/train_stream/Task000 = 0.6280
	TRACK_MB_acc_MIN_AVG/train_phase/train_stream/Task000 = 0.6280
	TRACK_MB_loss/train_phase/train_stream/Task000 = 1.0045
	TRACK_MB_loss/train_phase/train_stream/Task001 = 30.6793
	Time_Epoch/train_phase/train_stream/Task000 = 55.9878
Epoch 1 ended.
	CURRENT_MB_avg_gradnorm_G/train_phase/train_stream/Task000 = 0.0000
	CURRENT_MB_gradnorm_stab/train_phase/train_stream/Task000 = 0.0000
	CURRENT_MB_loss_new/train_phase/train_stream/Task000 = 0.7700
	CURRENT_MB_loss_reg/train_phase/train_stream/Task000 = 0.0300
	Loss_MB/train_phase/train_stream/Task000 = 0.8000
	TRACK_MB_F10/train_phase/train_stream/Task000 = 0.0680
	TRACK_MB_F10/train_phase/train_stream/Task001 = 0.0000
	TRACK_MB_F100/train_phase/train_stream/Task000 = 0.0730
	TRACK_MB_F100/train_phase/train_stream/Task001 = 0.0000
	TRACK_MB_F100_AVG/train_phase/train_stream/Task000 = 0.0365
	TRACK_MB_F10_AVG/train_phase/train_stream/Task000 = 0.0340
	TRACK_MB_LCA/train_phase/train_stream/Task000 = 0.1982
	TRACK_MB_P10/train_phase/train_stream/Task000 = 0.5120
	TRACK_MB_P10/train_phase/train_stream/Task001 = 0.0000
	TRACK_MB_P100/train_phase/train_stream/Task000 = 0.6500
	TRACK_MB_P100/train_phase/train_stream/Task001 = 0.0000
	TRACK_MB_P100_AVG/train_phase/train_stream/Task000 = 0.3250
	TRACK_MB_P10_AVG/train_phase/train_stream/Task000 = 0.2560
	TRACK_MB_WCACC/train_phase/train_stream/Task000 = 0.3135
	TRACK_MB_acc/train_phase/train_stream/Task000 = 0.6600
	TRACK_MB_acc/train_phase/train_stream/Task001 = 0.0000
	TRACK_MB_acc_MIN/train_phase/train_stream/Task000 = 0.6270
	TRACK_MB_acc_MIN_AVG/train_phase/train_stream/Task000 = 0.6270
	TRACK_MB_loss/train_phase/train_stream/Task000 = 0.8929
	TRACK_MB_loss/train_phase/train_stream/Task001 = 30.5648
	Time_Epoch/train_phase/train_stream/Task000 = 55.5912
Epoch 2 ended.
	CURRENT_MB_avg_gradnorm_G/train_phase/train_stream/Task000 = 0.0000
	CURRENT_MB_gradnorm_stab/train_phase/train_stream/Task000 = 0.0000
	CURRENT_MB_loss_new/train_phase/train_stream/Task000 = 0.7700
	CURRENT_MB_loss_reg/train_phase/train_stream/Task000 = 0.0300
	Loss_MB/train_phase/train_stream/Task000 = 0.8000
	TRACK_MB_F10/train_phase/train_stream/Task000 = 0.0680
	TRACK_MB_F10/train_phase/train_stream/Task001 = 0.0000
	TRACK_MB_F100/train_phase/train_stream/Task000 = 0.0730
	TRACK_MB_F100/train_phase/train_stream/Task001 = 0.0000
	TRACK_MB_F100_AVG/train_phase/train_stream/Task000 = 0.0365
	TRACK_MB_F10_AVG/train_phase/train_stream/Task000 = 0.0340
	TRACK_MB_LCA/train_phase/train_stream/Task000 = 0.1982
	TRACK_MB_P10/train_phase/train_stream/Task000 = 0.5120
	TRACK_MB_P10/train_phase/train_stream/Task001 = 0.0000
	TRACK_MB_P100/train_phase/train_stream/Task000 = 0.6500
	TRACK_MB_P100/train_phase/train_stream/Task001 = 0.0000
	TRACK_MB_P100_AVG/train_phase/train_stream/Task000 = 0.3250
	TRACK_MB_P10_AVG/train_phase/train_stream/Task000 = 0.2560
	TRACK_MB_WCACC/train_phase/train_stream/Task000 = 0.3135
	TRACK_MB_acc/train_phase/train_stream/Task000 = 0.6620
	TRACK_MB_acc/train_phase/train_stream/Task001 = 0.0000
	TRACK_MB_acc_MIN/train_phase/train_stream/Task000 = 0.6270
	TRACK_MB_acc_MIN_AVG/train_phase/train_stream/Task000 = 0.6270
	TRACK_MB_loss/train_phase/train_stream/Task000 = 0.9271
	TRACK_MB_loss/train_phase/train_stream/Task001 = 30.5559
	Time_Epoch/train_phase/train_stream/Task000 = 56.5359
Epoch 3 ended.
	CURRENT_MB_avg_gradnorm_G/train_phase/train_stream/Task000 = 0.0000
	CURRENT_MB_gradnorm_stab/train_phase/train_stream/Task000 = 0.0000
	CURRENT_MB_loss_new/train_phase/train_stream/Task000 = 0.7700
	CURRENT_MB_loss_reg/train_phase/train_stream/Task000 = 0.0300
	Loss_MB/train_phase/train_stream/Task000 = 0.8000
	TRACK_MB_F10/train_phase/train_stream/Task000 = 0.0680
	TRACK_MB_F10/train_phase/train_stream/Task001 = 0.0000
	TRACK_MB_F100/train_phase/train_stream/Task000 = 0.0730
	TRACK_MB_F100/train_phase/train_stream/Task001 = 0.0000
	TRACK_MB_F100_AVG/train_phase/train_stream/Task000 = 0.0365
	TRACK_MB_F10_AVG/train_phase/train_stream/Task000 = 0.0340
	TRACK_MB_LCA/train_phase/train_stream/Task000 = 0.1982
	TRACK_MB_P10/train_phase/train_stream/Task000 = 0.5120
	TRACK_MB_P10/train_phase/train_stream/Task001 = 0.0000
	TRACK_MB_P100/train_phase/train_stream/Task000 = 0.6500
	TRACK_MB_P100/train_phase/train_stream/Task001 = 0.0000
	TRACK_MB_P100_AVG/train_phase/train_stream/Task000 = 0.3250
	TRACK_MB_P10_AVG/train_phase/train_stream/Task000 = 0.2560
	TRACK_MB_WCACC/train_phase/train_stream/Task000 = 0.3135
	TRACK_MB_acc/train_phase/train_stream/Task000 = 0.6750
	TRACK_MB_acc/train_phase/train_stream/Task001 = 0.0000
	TRACK_MB_acc_MIN/train_phase/train_stream/Task000 = 0.6270
	TRACK_MB_acc_MIN_AVG/train_phase/train_stream/Task000 = 0.6270
	TRACK_MB_loss/train_phase/train_stream/Task000 = 0.8608
	TRACK_MB_loss/train_phase/train_stream/Task001 = 30.5715
	Time_Epoch/train_phase/train_stream/Task000 = 56.6829
Epoch 4 ended.
	CURRENT_MB_avg_gradnorm_G/train_phase/train_stream/Task000 = 0.0000
	CURRENT_MB_gradnorm_stab/train_phase/train_stream/Task000 = 0.0000
	CURRENT_MB_loss_new/train_phase/train_stream/Task000 = 0.7700
	CURRENT_MB_loss_reg/train_phase/train_stream/Task000 = 0.0300
	Loss_MB/train_phase/train_stream/Task000 = 0.8000
	TRACK_MB_F10/train_phase/train_stream/Task000 = 0.0680
	TRACK_MB_F10/train_phase/train_stream/Task001 = 0.0000
	TRACK_MB_F100/train_phase/train_stream/Task000 = 0.0730
	TRACK_MB_F100/train_phase/train_stream/Task001 = 0.0000
	TRACK_MB_F100_AVG/train_phase/train_stream/Task000 = 0.0365
	TRACK_MB_F10_AVG/train_phase/train_stream/Task000 = 0.0340
	TRACK_MB_LCA/train_phase/train_stream/Task000 = 0.1982
	TRACK_MB_P10/train_phase/train_stream/Task000 = 0.5120
	TRACK_MB_P10/train_phase/train_stream/Task001 = 0.0000
	TRACK_MB_P100/train_phase/train_stream/Task000 = 0.6500
	TRACK_MB_P100/train_phase/train_stream/Task001 = 0.0000
	TRACK_MB_P100_AVG/train_phase/train_stream/Task000 = 0.3250
	TRACK_MB_P10_AVG/train_phase/train_stream/Task000 = 0.2560
	TRACK_MB_WCACC/train_phase/train_stream/Task000 = 0.3135
	TRACK_MB_acc/train_phase/train_stream/Task000 = 0.6430
	TRACK_MB_acc/train_phase/train_stream/Task001 = 0.0000
	TRACK_MB_acc_MIN/train_phase/train_stream/Task000 = 0.6270
	TRACK_MB_acc_MIN_AVG/train_phase/train_stream/Task000 = 0.6270
	TRACK_MB_loss/train_phase/train_stream/Task000 = 0.9519
	TRACK_MB_loss/train_phase/train_stream/Task001 = 30.4731
	Time_Epoch/train_phase/train_stream/Task000 = 56.5969
Epoch 5 ended.
	CURRENT_MB_avg_gradnorm_G/train_phase/train_stream/Task000 = 0.0000
	CURRENT_MB_gradnorm_stab/train_phase/train_stream/Task000 = 0.0000
	CURRENT_MB_loss_new/train_phase/train_stream/Task000 = 0.7700
	CURRENT_MB_loss_reg/train_phase/train_stream/Task000 = 0.0300
	Loss_MB/train_phase/train_stream/Task000 = 0.8000
	TRACK_MB_F10/train_phase/train_stream/Task000 = 0.0680
	TRACK_MB_F10/train_phase/train_stream/Task001 = 0.0000
	TRACK_MB_F100/train_phase/train_stream/Task000 = 0.0730
	TRACK_MB_F100/train_phase/train_stream/Task001 = 0.0000
	TRACK_MB_F100_AVG/train_phase/train_stream/Task000 = 0.0365
	TRACK_MB_F10_AVG/train_phase/train_stream/Task000 = 0.0340
	TRACK_MB_LCA/train_phase/train_stream/Task000 = 0.1982
	TRACK_MB_P10/train_phase/train_stream/Task000 = 0.5120
	TRACK_MB_P10/train_phase/train_stream/Task001 = 0.0000
	TRACK_MB_P100/train_phase/train_stream/Task000 = 0.6500
	TRACK_MB_P100/train_phase/train_stream/Task001 = 0.0000
	TRACK_MB_P100_AVG/train_phase/train_stream/Task000 = 0.3250
	TRACK_MB_P10_AVG/train_phase/train_stream/Task000 = 0.2560
	TRACK_MB_WCACC/train_phase/train_stream/Task000 = 0.3135
	TRACK_MB_acc/train_phase/train_stream/Task000 = 0.6580
	TRACK_MB_acc/train_phase/train_stream/Task001 = 0.0000
	TRACK_MB_acc_MIN/train_phase/train_stream/Task000 = 0.6270
	TRACK_MB_acc_MIN_AVG/train_phase/train_stream/Task000 = 0.6270
	TRACK_MB_loss/train_phase/train_stream/Task000 = 0.9344
	TRACK_MB_loss/train_phase/train_stream/Task001 = 30.4613
	Time_Epoch/train_phase/train_stream/Task000 = 56.0826
Epoch 6 ended.
	CURRENT_MB_avg_gradnorm_G/train_phase/train_stream/Task000 = 0.0000
	CURRENT_MB_gradnorm_stab/train_phase/train_stream/Task000 = 0.0000
	CURRENT_MB_loss_new/train_phase/train_stream/Task000 = 0.7700
	CURRENT_MB_loss_reg/train_phase/train_stream/Task000 = 0.0300
	Loss_MB/train_phase/train_stream/Task000 = 0.8000
	TRACK_MB_F10/train_phase/train_stream/Task000 = 0.0680
	TRACK_MB_F10/train_phase/train_stream/Task001 = 0.0000
	TRACK_MB_F100/train_phase/train_stream/Task000 = 0.0730
	TRACK_MB_F100/train_phase/train_stream/Task001 = 0.0000
	TRACK_MB_F100_AVG/train_phase/train_stream/Task000 = 0.0365
	TRACK_MB_F10_AVG/train_phase/train_stream/Task000 = 0.0340
	TRACK_MB_LCA/train_phase/train_stream/Task000 = 0.1982
	TRACK_MB_P10/train_phase/train_stream/Task000 = 0.5120
	TRACK_MB_P10/train_phase/train_stream/Task001 = 0.0000
	TRACK_MB_P100/train_phase/train_stream/Task000 = 0.6500
	TRACK_MB_P100/train_phase/train_stream/Task001 = 0.0000
	TRACK_MB_P100_AVG/train_phase/train_stream/Task000 = 0.3250
	TRACK_MB_P10_AVG/train_phase/train_stream/Task000 = 0.2560
	TRACK_MB_WCACC/train_phase/train_stream/Task000 = 0.3135
	TRACK_MB_acc/train_phase/train_stream/Task000 = 0.6470
	TRACK_MB_acc/train_phase/train_stream/Task001 = 0.0000
	TRACK_MB_acc_MIN/train_phase/train_stream/Task000 = 0.6270
	TRACK_MB_acc_MIN_AVG/train_phase/train_stream/Task000 = 0.6270
	TRACK_MB_loss/train_phase/train_stream/Task000 = 0.9457
	TRACK_MB_loss/train_phase/train_stream/Task001 = 30.3780
	Time_Epoch/train_phase/train_stream/Task000 = 56.3898
Epoch 7 ended.
	CURRENT_MB_avg_gradnorm_G/train_phase/train_stream/Task000 = 0.0000
	CURRENT_MB_gradnorm_stab/train_phase/train_stream/Task000 = 0.0000
	CURRENT_MB_loss_new/train_phase/train_stream/Task000 = 0.7700
	CURRENT_MB_loss_reg/train_phase/train_stream/Task000 = 0.0300
	Loss_MB/train_phase/train_stream/Task000 = 0.8000
	TRACK_MB_F10/train_phase/train_stream/Task000 = 0.0680
	TRACK_MB_F10/train_phase/train_stream/Task001 = 0.0000
	TRACK_MB_F100/train_phase/train_stream/Task000 = 0.0730
	TRACK_MB_F100/train_phase/train_stream/Task001 = 0.0000
	TRACK_MB_F100_AVG/train_phase/train_stream/Task000 = 0.0365
	TRACK_MB_F10_AVG/train_phase/train_stream/Task000 = 0.0340
	TRACK_MB_LCA/train_phase/train_stream/Task000 = 0.1982
	TRACK_MB_P10/train_phase/train_stream/Task000 = 0.5120
	TRACK_MB_P10/train_phase/train_stream/Task001 = 0.0000
	TRACK_MB_P100/train_phase/train_stream/Task000 = 0.6500
	TRACK_MB_P100/train_phase/train_stream/Task001 = 0.0000
	TRACK_MB_P100_AVG/train_phase/train_stream/Task000 = 0.3250
	TRACK_MB_P10_AVG/train_phase/train_stream/Task000 = 0.2560
	TRACK_MB_WCACC/train_phase/train_stream/Task000 = 0.3135
	TRACK_MB_acc/train_phase/train_stream/Task000 = 0.6600
	TRACK_MB_acc/train_phase/train_stream/Task001 = 0.0000
	TRACK_MB_acc_MIN/train_phase/train_stream/Task000 = 0.6270
	TRACK_MB_acc_MIN_AVG/train_phase/train_stream/Task000 = 0.6270
	TRACK_MB_loss/train_phase/train_stream/Task000 = 0.8727
	TRACK_MB_loss/train_phase/train_stream/Task001 = 30.2561
	Time_Epoch/train_phase/train_stream/Task000 = 56.6912
Epoch 8 ended.
	CURRENT_MB_avg_gradnorm_G/train_phase/train_stream/Task000 = 0.0000
	CURRENT_MB_gradnorm_stab/train_phase/train_stream/Task000 = 0.0000
	CURRENT_MB_loss_new/train_phase/train_stream/Task000 = 0.7700
	CURRENT_MB_loss_reg/train_phase/train_stream/Task000 = 0.0300
	Loss_MB/train_phase/train_stream/Task000 = 0.8000
	TRACK_MB_F10/train_phase/train_stream/Task000 = 0.0680
	TRACK_MB_F10/train_phase/train_stream/Task001 = 0.0000
	TRACK_MB_F100/train_phase/train_stream/Task000 = 0.0730
	TRACK_MB_F100/train_phase/train_stream/Task001 = 0.0000
	TRACK_MB_F100_AVG/train_phase/train_stream/Task000 = 0.0365
	TRACK_MB_F10_AVG/train_phase/train_stream/Task000 = 0.0340
	TRACK_MB_LCA/train_phase/train_stream/Task000 = 0.1982
	TRACK_MB_P10/train_phase/train_stream/Task000 = 0.5120
	TRACK_MB_P10/train_phase/train_stream/Task001 = 0.0000
	TRACK_MB_P100/train_phase/train_stream/Task000 = 0.6500
	TRACK_MB_P100/train_phase/train_stream/Task001 = 0.0000
	TRACK_MB_P100_AVG/train_phase/train_stream/Task000 = 0.3250
	TRACK_MB_P10_AVG/train_phase/train_stream/Task000 = 0.2560
	TRACK_MB_WCACC/train_phase/train_stream/Task000 = 0.3135
	TRACK_MB_acc/train_phase/train_stream/Task000 = 0.6620
	TRACK_MB_acc/train_phase/train_stream/Task001 = 0.0000
	TRACK_MB_acc_MIN/train_phase/train_stream/Task000 = 0.6270
	TRACK_MB_acc_MIN_AVG/train_phase/train_stream/Task000 = 0.6270
	TRACK_MB_loss/train_phase/train_stream/Task000 = 0.8696
	TRACK_MB_loss/train_phase/train_stream/Task001 = 30.2694
	Time_Epoch/train_phase/train_stream/Task000 = 55.7233
Epoch 9 ended.
	CURRENT_MB_avg_gradnorm_G/train_phase/train_stream/Task000 = 0.0000
	CURRENT_MB_gradnorm_stab/train_phase/train_stream/Task000 = 0.0000
	CURRENT_MB_loss_new/train_phase/train_stream/Task000 = 0.7700
	CURRENT_MB_loss_reg/train_phase/train_stream/Task000 = 0.0300
	Loss_MB/train_phase/train_stream/Task000 = 0.8000
	TRACK_MB_F10/train_phase/train_stream/Task000 = 0.0680
	TRACK_MB_F10/train_phase/train_stream/Task001 = 0.0000
	TRACK_MB_F100/train_phase/train_stream/Task000 = 0.0730
	TRACK_MB_F100/train_phase/train_stream/Task001 = 0.0000
	TRACK_MB_F100_AVG/train_phase/train_stream/Task000 = 0.0365
	TRACK_MB_F10_AVG/train_phase/train_stream/Task000 = 0.0340
	TRACK_MB_LCA/train_phase/train_stream/Task000 = 0.1982
	TRACK_MB_P10/train_phase/train_stream/Task000 = 0.5120
	TRACK_MB_P10/train_phase/train_stream/Task001 = 0.0000
	TRACK_MB_P100/train_phase/train_stream/Task000 = 0.6500
	TRACK_MB_P100/train_phase/train_stream/Task001 = 0.0000
	TRACK_MB_P100_AVG/train_phase/train_stream/Task000 = 0.3250
	TRACK_MB_P10_AVG/train_phase/train_stream/Task000 = 0.2560
	TRACK_MB_WCACC/train_phase/train_stream/Task000 = 0.3135
	TRACK_MB_acc/train_phase/train_stream/Task000 = 0.6410
	TRACK_MB_acc/train_phase/train_stream/Task001 = 0.0000
	TRACK_MB_acc_MIN/train_phase/train_stream/Task000 = 0.6270
	TRACK_MB_acc_MIN_AVG/train_phase/train_stream/Task000 = 0.6270
	TRACK_MB_loss/train_phase/train_stream/Task000 = 0.9153
	TRACK_MB_loss/train_phase/train_stream/Task001 = 30.0963
	Time_Epoch/train_phase/train_stream/Task000 = 56.2774
-- >> End of training phase << --
End training on experience 1

======================================== EVAL ========================================
Standard Continual Learning eval on entire test set on task transition.
-- >> Start of eval phase << --
-- Starting eval on experience 0 (Task 0) from test stream --
> Eval on experience 0 (Task 0) from test stream ended.
	ExperienceForgetting/eval_phase/test_stream/Task000/Exp000 = -0.0035
	Loss_Exp/eval_phase/test_stream/Task000/Exp000 = 0.9182
	Top1_Acc_Exp/eval_phase/test_stream/Task000/Exp000 = 0.6460
-- Starting eval on experience 1 (Task 0) from test stream --
> Eval on experience 1 (Task 0) from test stream ended.
	Loss_Exp/eval_phase/test_stream/Task000/Exp001 = 30.1308
	Top1_Acc_Exp/eval_phase/test_stream/Task000/Exp001 = 0.0000
-- Starting eval on experience 2 (Task 0) from test stream --
> Eval on experience 2 (Task 0) from test stream ended.
	Loss_Exp/eval_phase/test_stream/Task000/Exp002 = 30.8224
	Top1_Acc_Exp/eval_phase/test_stream/Task000/Exp002 = 0.0000
-- Starting eval on experience 3 (Task 0) from test stream --
> Eval on experience 3 (Task 0) from test stream ended.
	Loss_Exp/eval_phase/test_stream/Task000/Exp003 = 30.3903
	Top1_Acc_Exp/eval_phase/test_stream/Task000/Exp003 = 0.0000
-- Starting eval on experience 4 (Task 0) from test stream --
> Eval on experience 4 (Task 0) from test stream ended.
	Loss_Exp/eval_phase/test_stream/Task000/Exp004 = 30.1878
	Top1_Acc_Exp/eval_phase/test_stream/Task000/Exp004 = 0.0000
-- >> End of eval phase << --
	ConfusionMatrix_Stream/eval_phase/test_stream = <avalanche.evaluation.metric_results.AlternativeValues object at 0x7f526a10c5b0>
	Loss_Stream/eval_phase/test_stream/Task000 = 24.4899
	StreamForgetting/eval_phase/test_stream = -0.0035
	Top1_Acc_Stream/eval_phase/test_stream/Task000 = 0.1292
[FILE:TASK-RESULTS]: /home/yhguo/yuxuan/CL/origin/ContinualEvaluation/results/ER_CIFAR10_e=10_reproduce_paper_now=2024-04-07_06-18_uid=c9f5c6c857fe4735aea4919407478057/results_summary/seed=1/task1_results.pt

---------------------------------------- TRAIN ----------------------------------------
Start training on experience 2
-- >> Start of training phase << --
-- Starting training on experience 2 (Task 0) from train stream --
Epoch 0 ended.
	CURRENT_MB_avg_gradnorm_G/train_phase/train_stream/Task000 = 0.0000
	CURRENT_MB_gradnorm_stab/train_phase/train_stream/Task000 = 0.0000
	CURRENT_MB_loss_new/train_phase/train_stream/Task000 = 0.7700
	CURRENT_MB_loss_reg/train_phase/train_stream/Task000 = 0.1777
	Loss_MB/train_phase/train_stream/Task000 = 0.9477
	TRACK_MB_F10/train_phase/train_stream/Task000 = 0.0680
	TRACK_MB_F10/train_phase/train_stream/Task001 = 0.0000
	TRACK_MB_F10/train_phase/train_stream/Task002 = 0.0000
	TRACK_MB_F100/train_phase/train_stream/Task000 = 0.0730
	TRACK_MB_F100/train_phase/train_stream/Task001 = 0.0000
	TRACK_MB_F100/train_phase/train_stream/Task002 = 0.0000
	TRACK_MB_F100_AVG/train_phase/train_stream/Task000 = 0.0243
	TRACK_MB_F10_AVG/train_phase/train_stream/Task000 = 0.0227
	TRACK_MB_LCA/train_phase/train_stream/Task000 = 0.1322
	TRACK_MB_P10/train_phase/train_stream/Task000 = 0.5120
	TRACK_MB_P10/train_phase/train_stream/Task001 = 0.0000
	TRACK_MB_P10/train_phase/train_stream/Task002 = 0.0000
	TRACK_MB_P100/train_phase/train_stream/Task000 = 0.6500
	TRACK_MB_P100/train_phase/train_stream/Task001 = 0.0000
	TRACK_MB_P100/train_phase/train_stream/Task002 = 0.0000
	TRACK_MB_P100_AVG/train_phase/train_stream/Task000 = 0.2167
	TRACK_MB_P10_AVG/train_phase/train_stream/Task000 = 0.1707
	TRACK_MB_WCACC/train_phase/train_stream/Task000 = 0.2083
	TRACK_MB_acc/train_phase/train_stream/Task000 = 0.6250
	TRACK_MB_acc/train_phase/train_stream/Task001 = 0.0000
	TRACK_MB_acc/train_phase/train_stream/Task002 = 0.0000
	TRACK_MB_acc_MIN/train_phase/train_stream/Task000 = 0.6250
	TRACK_MB_acc_MIN/train_phase/train_stream/Task001 = 0.0000
	TRACK_MB_acc_MIN_AVG/train_phase/train_stream/Task000 = 0.3125
	TRACK_MB_loss/train_phase/train_stream/Task000 = 0.9147
	TRACK_MB_loss/train_phase/train_stream/Task001 = 30.2697
	TRACK_MB_loss/train_phase/train_stream/Task002 = 30.9571
	Time_Epoch/train_phase/train_stream/Task000 = 78.8446
Epoch 1 ended.
	CURRENT_MB_avg_gradnorm_G/train_phase/train_stream/Task000 = 0.0000
	CURRENT_MB_gradnorm_stab/train_phase/train_stream/Task000 = 0.0000
	CURRENT_MB_loss_new/train_phase/train_stream/Task000 = 0.7700
	CURRENT_MB_loss_reg/train_phase/train_stream/Task000 = 0.1952
	Loss_MB/train_phase/train_stream/Task000 = 0.9652
	TRACK_MB_F10/train_phase/train_stream/Task000 = 0.0680
	TRACK_MB_F10/train_phase/train_stream/Task001 = 0.0000
	TRACK_MB_F10/train_phase/train_stream/Task002 = 0.0000
	TRACK_MB_F100/train_phase/train_stream/Task000 = 0.0730
	TRACK_MB_F100/train_phase/train_stream/Task001 = 0.0000
	TRACK_MB_F100/train_phase/train_stream/Task002 = 0.0000
	TRACK_MB_F100_AVG/train_phase/train_stream/Task000 = 0.0243
	TRACK_MB_F10_AVG/train_phase/train_stream/Task000 = 0.0227
	TRACK_MB_LCA/train_phase/train_stream/Task000 = 0.1322
	TRACK_MB_P10/train_phase/train_stream/Task000 = 0.5120
	TRACK_MB_P10/train_phase/train_stream/Task001 = 0.0000
	TRACK_MB_P10/train_phase/train_stream/Task002 = 0.0000
	TRACK_MB_P100/train_phase/train_stream/Task000 = 0.6500
	TRACK_MB_P100/train_phase/train_stream/Task001 = 0.0000
	TRACK_MB_P100/train_phase/train_stream/Task002 = 0.0000
	TRACK_MB_P100_AVG/train_phase/train_stream/Task000 = 0.2167
	TRACK_MB_P10_AVG/train_phase/train_stream/Task000 = 0.1707
	TRACK_MB_WCACC/train_phase/train_stream/Task000 = 0.2050
	TRACK_MB_acc/train_phase/train_stream/Task000 = 0.6510
	TRACK_MB_acc/train_phase/train_stream/Task001 = 0.0000
	TRACK_MB_acc/train_phase/train_stream/Task002 = 0.0000
	TRACK_MB_acc_MIN/train_phase/train_stream/Task000 = 0.6150
	TRACK_MB_acc_MIN/train_phase/train_stream/Task001 = 0.0000
	TRACK_MB_acc_MIN_AVG/train_phase/train_stream/Task000 = 0.3075
	TRACK_MB_loss/train_phase/train_stream/Task000 = 0.9003
	TRACK_MB_loss/train_phase/train_stream/Task001 = 30.3122
	TRACK_MB_loss/train_phase/train_stream/Task002 = 30.9416
	Time_Epoch/train_phase/train_stream/Task000 = 79.5806
Epoch 2 ended.
	CURRENT_MB_avg_gradnorm_G/train_phase/train_stream/Task000 = 0.0000
	CURRENT_MB_gradnorm_stab/train_phase/train_stream/Task000 = 0.0000
	CURRENT_MB_loss_new/train_phase/train_stream/Task000 = 0.7700
	CURRENT_MB_loss_reg/train_phase/train_stream/Task000 = 0.1882
	Loss_MB/train_phase/train_stream/Task000 = 0.9582
	TRACK_MB_F10/train_phase/train_stream/Task000 = 0.0680
	TRACK_MB_F10/train_phase/train_stream/Task001 = 0.0000
	TRACK_MB_F10/train_phase/train_stream/Task002 = 0.0000
	TRACK_MB_F100/train_phase/train_stream/Task000 = 0.0730
	TRACK_MB_F100/train_phase/train_stream/Task001 = 0.0000
	TRACK_MB_F100/train_phase/train_stream/Task002 = 0.0000
	TRACK_MB_F100_AVG/train_phase/train_stream/Task000 = 0.0243
	TRACK_MB_F10_AVG/train_phase/train_stream/Task000 = 0.0227
	TRACK_MB_LCA/train_phase/train_stream/Task000 = 0.1322
	TRACK_MB_P10/train_phase/train_stream/Task000 = 0.5120
	TRACK_MB_P10/train_phase/train_stream/Task001 = 0.0000
	TRACK_MB_P10/train_phase/train_stream/Task002 = 0.0000
	TRACK_MB_P100/train_phase/train_stream/Task000 = 0.6500
	TRACK_MB_P100/train_phase/train_stream/Task001 = 0.0000
	TRACK_MB_P100/train_phase/train_stream/Task002 = 0.0000
	TRACK_MB_P100_AVG/train_phase/train_stream/Task000 = 0.2167
	TRACK_MB_P10_AVG/train_phase/train_stream/Task000 = 0.1707
	TRACK_MB_WCACC/train_phase/train_stream/Task000 = 0.2050
	TRACK_MB_acc/train_phase/train_stream/Task000 = 0.6360
	TRACK_MB_acc/train_phase/train_stream/Task001 = 0.0000
	TRACK_MB_acc/train_phase/train_stream/Task002 = 0.0000
	TRACK_MB_acc_MIN/train_phase/train_stream/Task000 = 0.6150
	TRACK_MB_acc_MIN/train_phase/train_stream/Task001 = 0.0000
	TRACK_MB_acc_MIN_AVG/train_phase/train_stream/Task000 = 0.3075
	TRACK_MB_loss/train_phase/train_stream/Task000 = 0.9123
	TRACK_MB_loss/train_phase/train_stream/Task001 = 30.3090
	TRACK_MB_loss/train_phase/train_stream/Task002 = 30.9523
	Time_Epoch/train_phase/train_stream/Task000 = 80.0839
Epoch 3 ended.
	CURRENT_MB_avg_gradnorm_G/train_phase/train_stream/Task000 = 0.0000
	CURRENT_MB_gradnorm_stab/train_phase/train_stream/Task000 = 0.0000
	CURRENT_MB_loss_new/train_phase/train_stream/Task000 = 0.7700
	CURRENT_MB_loss_reg/train_phase/train_stream/Task000 = 0.1835
	Loss_MB/train_phase/train_stream/Task000 = 0.9535
	TRACK_MB_F10/train_phase/train_stream/Task000 = 0.0680
	TRACK_MB_F10/train_phase/train_stream/Task001 = 0.0000
	TRACK_MB_F10/train_phase/train_stream/Task002 = 0.0000
	TRACK_MB_F100/train_phase/train_stream/Task000 = 0.0730
	TRACK_MB_F100/train_phase/train_stream/Task001 = 0.0000
	TRACK_MB_F100/train_phase/train_stream/Task002 = 0.0000
	TRACK_MB_F100_AVG/train_phase/train_stream/Task000 = 0.0243
	TRACK_MB_F10_AVG/train_phase/train_stream/Task000 = 0.0227
	TRACK_MB_LCA/train_phase/train_stream/Task000 = 0.1322
	TRACK_MB_P10/train_phase/train_stream/Task000 = 0.5120
	TRACK_MB_P10/train_phase/train_stream/Task001 = 0.0000
	TRACK_MB_P10/train_phase/train_stream/Task002 = 0.0000
	TRACK_MB_P100/train_phase/train_stream/Task000 = 0.6500
	TRACK_MB_P100/train_phase/train_stream/Task001 = 0.0000
	TRACK_MB_P100/train_phase/train_stream/Task002 = 0.0000
	TRACK_MB_P100_AVG/train_phase/train_stream/Task000 = 0.2167
	TRACK_MB_P10_AVG/train_phase/train_stream/Task000 = 0.1707
	TRACK_MB_WCACC/train_phase/train_stream/Task000 = 0.2050
	TRACK_MB_acc/train_phase/train_stream/Task000 = 0.6490
	TRACK_MB_acc/train_phase/train_stream/Task001 = 0.0000
	TRACK_MB_acc/train_phase/train_stream/Task002 = 0.0000
	TRACK_MB_acc_MIN/train_phase/train_stream/Task000 = 0.6150
	TRACK_MB_acc_MIN/train_phase/train_stream/Task001 = 0.0000
	TRACK_MB_acc_MIN_AVG/train_phase/train_stream/Task000 = 0.3075
	TRACK_MB_loss/train_phase/train_stream/Task000 = 0.9066
	TRACK_MB_loss/train_phase/train_stream/Task001 = 30.2996
	TRACK_MB_loss/train_phase/train_stream/Task002 = 30.9301
	Time_Epoch/train_phase/train_stream/Task000 = 79.2311
Epoch 4 ended.
	CURRENT_MB_avg_gradnorm_G/train_phase/train_stream/Task000 = 0.0000
	CURRENT_MB_gradnorm_stab/train_phase/train_stream/Task000 = 0.0000
	CURRENT_MB_loss_new/train_phase/train_stream/Task000 = 0.7700
	CURRENT_MB_loss_reg/train_phase/train_stream/Task000 = 0.1882
	Loss_MB/train_phase/train_stream/Task000 = 0.9582
	TRACK_MB_F10/train_phase/train_stream/Task000 = 0.0680
	TRACK_MB_F10/train_phase/train_stream/Task001 = 0.0000
	TRACK_MB_F10/train_phase/train_stream/Task002 = 0.0000
	TRACK_MB_F100/train_phase/train_stream/Task000 = 0.0730
	TRACK_MB_F100/train_phase/train_stream/Task001 = 0.0000
	TRACK_MB_F100/train_phase/train_stream/Task002 = 0.0000
	TRACK_MB_F100_AVG/train_phase/train_stream/Task000 = 0.0243
	TRACK_MB_F10_AVG/train_phase/train_stream/Task000 = 0.0227
	TRACK_MB_LCA/train_phase/train_stream/Task000 = 0.1322
	TRACK_MB_P10/train_phase/train_stream/Task000 = 0.5120
	TRACK_MB_P10/train_phase/train_stream/Task001 = 0.0000
	TRACK_MB_P10/train_phase/train_stream/Task002 = 0.0000
	TRACK_MB_P100/train_phase/train_stream/Task000 = 0.6500
	TRACK_MB_P100/train_phase/train_stream/Task001 = 0.0000
	TRACK_MB_P100/train_phase/train_stream/Task002 = 0.0000
	TRACK_MB_P100_AVG/train_phase/train_stream/Task000 = 0.2167
	TRACK_MB_P10_AVG/train_phase/train_stream/Task000 = 0.1707
	TRACK_MB_WCACC/train_phase/train_stream/Task000 = 0.2047
	TRACK_MB_acc/train_phase/train_stream/Task000 = 0.6290
	TRACK_MB_acc/train_phase/train_stream/Task001 = 0.0000
	TRACK_MB_acc/train_phase/train_stream/Task002 = 0.0000
	TRACK_MB_acc_MIN/train_phase/train_stream/Task000 = 0.6140
	TRACK_MB_acc_MIN/train_phase/train_stream/Task001 = 0.0000
	TRACK_MB_acc_MIN_AVG/train_phase/train_stream/Task000 = 0.3070
	TRACK_MB_loss/train_phase/train_stream/Task000 = 0.9050
	TRACK_MB_loss/train_phase/train_stream/Task001 = 30.3404
	TRACK_MB_loss/train_phase/train_stream/Task002 = 30.8689
	Time_Epoch/train_phase/train_stream/Task000 = 79.8185
Epoch 5 ended.
	CURRENT_MB_avg_gradnorm_G/train_phase/train_stream/Task000 = 0.0000
	CURRENT_MB_gradnorm_stab/train_phase/train_stream/Task000 = 0.0000
	CURRENT_MB_loss_new/train_phase/train_stream/Task000 = 0.7700
	CURRENT_MB_loss_reg/train_phase/train_stream/Task000 = 0.1800
	Loss_MB/train_phase/train_stream/Task000 = 0.9500
	TRACK_MB_F10/train_phase/train_stream/Task000 = 0.0680
	TRACK_MB_F10/train_phase/train_stream/Task001 = 0.0000
	TRACK_MB_F10/train_phase/train_stream/Task002 = 0.0000
	TRACK_MB_F100/train_phase/train_stream/Task000 = 0.0730
	TRACK_MB_F100/train_phase/train_stream/Task001 = 0.0000
	TRACK_MB_F100/train_phase/train_stream/Task002 = 0.0000
	TRACK_MB_F100_AVG/train_phase/train_stream/Task000 = 0.0243
	TRACK_MB_F10_AVG/train_phase/train_stream/Task000 = 0.0227
	TRACK_MB_LCA/train_phase/train_stream/Task000 = 0.1322
	TRACK_MB_P10/train_phase/train_stream/Task000 = 0.5120
	TRACK_MB_P10/train_phase/train_stream/Task001 = 0.0000
	TRACK_MB_P10/train_phase/train_stream/Task002 = 0.0000
	TRACK_MB_P100/train_phase/train_stream/Task000 = 0.6500
	TRACK_MB_P100/train_phase/train_stream/Task001 = 0.0000
	TRACK_MB_P100/train_phase/train_stream/Task002 = 0.0000
	TRACK_MB_P100_AVG/train_phase/train_stream/Task000 = 0.2167
	TRACK_MB_P10_AVG/train_phase/train_stream/Task000 = 0.1707
	TRACK_MB_WCACC/train_phase/train_stream/Task000 = 0.2047
	TRACK_MB_acc/train_phase/train_stream/Task000 = 0.6310
	TRACK_MB_acc/train_phase/train_stream/Task001 = 0.0000
	TRACK_MB_acc/train_phase/train_stream/Task002 = 0.0000
	TRACK_MB_acc_MIN/train_phase/train_stream/Task000 = 0.6140
	TRACK_MB_acc_MIN/train_phase/train_stream/Task001 = 0.0000
	TRACK_MB_acc_MIN_AVG/train_phase/train_stream/Task000 = 0.3070
	TRACK_MB_loss/train_phase/train_stream/Task000 = 0.9100
	TRACK_MB_loss/train_phase/train_stream/Task001 = 30.3103
	TRACK_MB_loss/train_phase/train_stream/Task002 = 30.8904
	Time_Epoch/train_phase/train_stream/Task000 = 78.3204
Epoch 6 ended.
	CURRENT_MB_avg_gradnorm_G/train_phase/train_stream/Task000 = 0.0000
	CURRENT_MB_gradnorm_stab/train_phase/train_stream/Task000 = 0.0000
	CURRENT_MB_loss_new/train_phase/train_stream/Task000 = 0.7700
	CURRENT_MB_loss_reg/train_phase/train_stream/Task000 = 0.1847
	Loss_MB/train_phase/train_stream/Task000 = 0.9547
	TRACK_MB_F10/train_phase/train_stream/Task000 = 0.0680
	TRACK_MB_F10/train_phase/train_stream/Task001 = 0.0000
	TRACK_MB_F10/train_phase/train_stream/Task002 = 0.0000
	TRACK_MB_F100/train_phase/train_stream/Task000 = 0.0730
	TRACK_MB_F100/train_phase/train_stream/Task001 = 0.0000
	TRACK_MB_F100/train_phase/train_stream/Task002 = 0.0000
	TRACK_MB_F100_AVG/train_phase/train_stream/Task000 = 0.0243
	TRACK_MB_F10_AVG/train_phase/train_stream/Task000 = 0.0227
	TRACK_MB_LCA/train_phase/train_stream/Task000 = 0.1322
	TRACK_MB_P10/train_phase/train_stream/Task000 = 0.5120
	TRACK_MB_P10/train_phase/train_stream/Task001 = 0.0000
	TRACK_MB_P10/train_phase/train_stream/Task002 = 0.0000
	TRACK_MB_P100/train_phase/train_stream/Task000 = 0.6500
	TRACK_MB_P100/train_phase/train_stream/Task001 = 0.0000
	TRACK_MB_P100/train_phase/train_stream/Task002 = 0.0000
	TRACK_MB_P100_AVG/train_phase/train_stream/Task000 = 0.2167
	TRACK_MB_P10_AVG/train_phase/train_stream/Task000 = 0.1707
	TRACK_MB_WCACC/train_phase/train_stream/Task000 = 0.2047
	TRACK_MB_acc/train_phase/train_stream/Task000 = 0.6190
	TRACK_MB_acc/train_phase/train_stream/Task001 = 0.0000
	TRACK_MB_acc/train_phase/train_stream/Task002 = 0.0000
	TRACK_MB_acc_MIN/train_phase/train_stream/Task000 = 0.6140
	TRACK_MB_acc_MIN/train_phase/train_stream/Task001 = 0.0000
	TRACK_MB_acc_MIN_AVG/train_phase/train_stream/Task000 = 0.3070
	TRACK_MB_loss/train_phase/train_stream/Task000 = 0.9635
	TRACK_MB_loss/train_phase/train_stream/Task001 = 30.3741
	TRACK_MB_loss/train_phase/train_stream/Task002 = 30.8032
	Time_Epoch/train_phase/train_stream/Task000 = 80.0315
Epoch 7 ended.
	CURRENT_MB_avg_gradnorm_G/train_phase/train_stream/Task000 = 0.0000
	CURRENT_MB_gradnorm_stab/train_phase/train_stream/Task000 = 0.0000
	CURRENT_MB_loss_new/train_phase/train_stream/Task000 = 0.7700
	CURRENT_MB_loss_reg/train_phase/train_stream/Task000 = 0.1835
	Loss_MB/train_phase/train_stream/Task000 = 0.9535
	TRACK_MB_F10/train_phase/train_stream/Task000 = 0.0680
	TRACK_MB_F10/train_phase/train_stream/Task001 = 0.0000
	TRACK_MB_F10/train_phase/train_stream/Task002 = 0.0000
	TRACK_MB_F100/train_phase/train_stream/Task000 = 0.0730
	TRACK_MB_F100/train_phase/train_stream/Task001 = 0.0000
	TRACK_MB_F100/train_phase/train_stream/Task002 = 0.0000
	TRACK_MB_F100_AVG/train_phase/train_stream/Task000 = 0.0243
	TRACK_MB_F10_AVG/train_phase/train_stream/Task000 = 0.0227
	TRACK_MB_LCA/train_phase/train_stream/Task000 = 0.1322
	TRACK_MB_P10/train_phase/train_stream/Task000 = 0.5120
	TRACK_MB_P10/train_phase/train_stream/Task001 = 0.0000
	TRACK_MB_P10/train_phase/train_stream/Task002 = 0.0000
	TRACK_MB_P100/train_phase/train_stream/Task000 = 0.6500
	TRACK_MB_P100/train_phase/train_stream/Task001 = 0.0000
	TRACK_MB_P100/train_phase/train_stream/Task002 = 0.0000
	TRACK_MB_P100_AVG/train_phase/train_stream/Task000 = 0.2167
	TRACK_MB_P10_AVG/train_phase/train_stream/Task000 = 0.1707
	TRACK_MB_WCACC/train_phase/train_stream/Task000 = 0.2047
	TRACK_MB_acc/train_phase/train_stream/Task000 = 0.6430
	TRACK_MB_acc/train_phase/train_stream/Task001 = 0.0000
	TRACK_MB_acc/train_phase/train_stream/Task002 = 0.0000
	TRACK_MB_acc_MIN/train_phase/train_stream/Task000 = 0.6140
	TRACK_MB_acc_MIN/train_phase/train_stream/Task001 = 0.0000
	TRACK_MB_acc_MIN_AVG/train_phase/train_stream/Task000 = 0.3070
	TRACK_MB_loss/train_phase/train_stream/Task000 = 0.9273
	TRACK_MB_loss/train_phase/train_stream/Task001 = 30.3380
	TRACK_MB_loss/train_phase/train_stream/Task002 = 30.7568
	Time_Epoch/train_phase/train_stream/Task000 = 80.5819
Epoch 8 ended.
	CURRENT_MB_avg_gradnorm_G/train_phase/train_stream/Task000 = 0.0000
	CURRENT_MB_gradnorm_stab/train_phase/train_stream/Task000 = 0.0000
	CURRENT_MB_loss_new/train_phase/train_stream/Task000 = 0.7700
	CURRENT_MB_loss_reg/train_phase/train_stream/Task000 = 0.1847
	Loss_MB/train_phase/train_stream/Task000 = 0.9547
	TRACK_MB_F10/train_phase/train_stream/Task000 = 0.0680
	TRACK_MB_F10/train_phase/train_stream/Task001 = 0.0000
	TRACK_MB_F10/train_phase/train_stream/Task002 = 0.0000
	TRACK_MB_F100/train_phase/train_stream/Task000 = 0.0730
	TRACK_MB_F100/train_phase/train_stream/Task001 = 0.0000
	TRACK_MB_F100/train_phase/train_stream/Task002 = 0.0000
	TRACK_MB_F100_AVG/train_phase/train_stream/Task000 = 0.0243
	TRACK_MB_F10_AVG/train_phase/train_stream/Task000 = 0.0227
	TRACK_MB_LCA/train_phase/train_stream/Task000 = 0.1322
	TRACK_MB_P10/train_phase/train_stream/Task000 = 0.5120
	TRACK_MB_P10/train_phase/train_stream/Task001 = 0.0000
	TRACK_MB_P10/train_phase/train_stream/Task002 = 0.0000
	TRACK_MB_P100/train_phase/train_stream/Task000 = 0.6500
	TRACK_MB_P100/train_phase/train_stream/Task001 = 0.0000
	TRACK_MB_P100/train_phase/train_stream/Task002 = 0.0000
	TRACK_MB_P100_AVG/train_phase/train_stream/Task000 = 0.2167
	TRACK_MB_P10_AVG/train_phase/train_stream/Task000 = 0.1707
	TRACK_MB_WCACC/train_phase/train_stream/Task000 = 0.2043
	TRACK_MB_acc/train_phase/train_stream/Task000 = 0.6250
	TRACK_MB_acc/train_phase/train_stream/Task001 = 0.0000
	TRACK_MB_acc/train_phase/train_stream/Task002 = 0.0000
	TRACK_MB_acc_MIN/train_phase/train_stream/Task000 = 0.6130
	TRACK_MB_acc_MIN/train_phase/train_stream/Task001 = 0.0000
	TRACK_MB_acc_MIN_AVG/train_phase/train_stream/Task000 = 0.3065
	TRACK_MB_loss/train_phase/train_stream/Task000 = 0.9468
	TRACK_MB_loss/train_phase/train_stream/Task001 = 30.3844
	TRACK_MB_loss/train_phase/train_stream/Task002 = 30.7640
	Time_Epoch/train_phase/train_stream/Task000 = 79.8463
Epoch 9 ended.
	CURRENT_MB_avg_gradnorm_G/train_phase/train_stream/Task000 = 0.0000
	CURRENT_MB_gradnorm_stab/train_phase/train_stream/Task000 = 0.0000
	CURRENT_MB_loss_new/train_phase/train_stream/Task000 = 0.7700
	CURRENT_MB_loss_reg/train_phase/train_stream/Task000 = 0.1870
	Loss_MB/train_phase/train_stream/Task000 = 0.9570
	TRACK_MB_F10/train_phase/train_stream/Task000 = 0.0680
	TRACK_MB_F10/train_phase/train_stream/Task001 = 0.0000
	TRACK_MB_F10/train_phase/train_stream/Task002 = 0.0000
	TRACK_MB_F100/train_phase/train_stream/Task000 = 0.0730
	TRACK_MB_F100/train_phase/train_stream/Task001 = 0.0000
	TRACK_MB_F100/train_phase/train_stream/Task002 = 0.0000
	TRACK_MB_F100_AVG/train_phase/train_stream/Task000 = 0.0243
	TRACK_MB_F10_AVG/train_phase/train_stream/Task000 = 0.0227
	TRACK_MB_LCA/train_phase/train_stream/Task000 = 0.1322
	TRACK_MB_P10/train_phase/train_stream/Task000 = 0.5120
	TRACK_MB_P10/train_phase/train_stream/Task001 = 0.0000
	TRACK_MB_P10/train_phase/train_stream/Task002 = 0.0000
	TRACK_MB_P100/train_phase/train_stream/Task000 = 0.6500
	TRACK_MB_P100/train_phase/train_stream/Task001 = 0.0000
	TRACK_MB_P100/train_phase/train_stream/Task002 = 0.0000
	TRACK_MB_P100_AVG/train_phase/train_stream/Task000 = 0.2167
	TRACK_MB_P10_AVG/train_phase/train_stream/Task000 = 0.1707
	TRACK_MB_WCACC/train_phase/train_stream/Task000 = 0.2043
	TRACK_MB_acc/train_phase/train_stream/Task000 = 0.6280
	TRACK_MB_acc/train_phase/train_stream/Task001 = 0.0000
	TRACK_MB_acc/train_phase/train_stream/Task002 = 0.0000
	TRACK_MB_acc_MIN/train_phase/train_stream/Task000 = 0.6130
	TRACK_MB_acc_MIN/train_phase/train_stream/Task001 = 0.0000
	TRACK_MB_acc_MIN_AVG/train_phase/train_stream/Task000 = 0.3065
	TRACK_MB_loss/train_phase/train_stream/Task000 = 0.9150
	TRACK_MB_loss/train_phase/train_stream/Task001 = 30.3987
	TRACK_MB_loss/train_phase/train_stream/Task002 = 30.7294
	Time_Epoch/train_phase/train_stream/Task000 = 80.6223
-- >> End of training phase << --
End training on experience 2

======================================== EVAL ========================================
Standard Continual Learning eval on entire test set on task transition.
-- >> Start of eval phase << --
-- Starting eval on experience 0 (Task 0) from test stream --
> Eval on experience 0 (Task 0) from test stream ended.
	ExperienceForgetting/eval_phase/test_stream/Task000/Exp000 = 0.0060
	Loss_Exp/eval_phase/test_stream/Task000/Exp000 = 0.9153
	Top1_Acc_Exp/eval_phase/test_stream/Task000/Exp000 = 0.6365
-- Starting eval on experience 1 (Task 0) from test stream --
> Eval on experience 1 (Task 0) from test stream ended.
	ExperienceForgetting/eval_phase/test_stream/Task000/Exp001 = 0.0000
	Loss_Exp/eval_phase/test_stream/Task000/Exp001 = 30.3877
	Top1_Acc_Exp/eval_phase/test_stream/Task000/Exp001 = 0.0000
-- Starting eval on experience 2 (Task 0) from test stream --
> Eval on experience 2 (Task 0) from test stream ended.
	Loss_Exp/eval_phase/test_stream/Task000/Exp002 = 30.7205
	Top1_Acc_Exp/eval_phase/test_stream/Task000/Exp002 = 0.0000
-- Starting eval on experience 3 (Task 0) from test stream --
> Eval on experience 3 (Task 0) from test stream ended.
	Loss_Exp/eval_phase/test_stream/Task000/Exp003 = 30.7168
	Top1_Acc_Exp/eval_phase/test_stream/Task000/Exp003 = 0.0000
-- Starting eval on experience 4 (Task 0) from test stream --
> Eval on experience 4 (Task 0) from test stream ended.
	Loss_Exp/eval_phase/test_stream/Task000/Exp004 = 30.7466
	Top1_Acc_Exp/eval_phase/test_stream/Task000/Exp004 = 0.0000
-- >> End of eval phase << --
	ConfusionMatrix_Stream/eval_phase/test_stream = <avalanche.evaluation.metric_results.AlternativeValues object at 0x7f5267ebfa90>
	Loss_Stream/eval_phase/test_stream/Task000 = 24.6974
	StreamForgetting/eval_phase/test_stream = 0.0030
	Top1_Acc_Stream/eval_phase/test_stream/Task000 = 0.1273
[FILE:TASK-RESULTS]: /home/yhguo/yuxuan/CL/origin/ContinualEvaluation/results/ER_CIFAR10_e=10_reproduce_paper_now=2024-04-07_06-18_uid=c9f5c6c857fe4735aea4919407478057/results_summary/seed=1/task2_results.pt

---------------------------------------- TRAIN ----------------------------------------
Start training on experience 3
-- >> Start of training phase << --
-- Starting training on experience 3 (Task 0) from train stream --
Epoch 0 ended.
	CURRENT_MB_avg_gradnorm_G/train_phase/train_stream/Task000 = 0.0000
	CURRENT_MB_gradnorm_stab/train_phase/train_stream/Task000 = 0.0000
	CURRENT_MB_loss_new/train_phase/train_stream/Task000 = 0.7700
	CURRENT_MB_loss_reg/train_phase/train_stream/Task000 = 0.2316
	Loss_MB/train_phase/train_stream/Task000 = 1.0016
	TRACK_MB_F10/train_phase/train_stream/Task000 = 0.0680
	TRACK_MB_F10/train_phase/train_stream/Task001 = 0.0000
	TRACK_MB_F10/train_phase/train_stream/Task002 = 0.0000
	TRACK_MB_F10/train_phase/train_stream/Task003 = 0.0000
	TRACK_MB_F100/train_phase/train_stream/Task000 = 0.0730
	TRACK_MB_F100/train_phase/train_stream/Task001 = 0.0000
	TRACK_MB_F100/train_phase/train_stream/Task002 = 0.0000
	TRACK_MB_F100/train_phase/train_stream/Task003 = 0.0000
	TRACK_MB_F100_AVG/train_phase/train_stream/Task000 = 0.0182
	TRACK_MB_F10_AVG/train_phase/train_stream/Task000 = 0.0170
	TRACK_MB_LCA/train_phase/train_stream/Task000 = 0.0991
	TRACK_MB_P10/train_phase/train_stream/Task000 = 0.5120
	TRACK_MB_P10/train_phase/train_stream/Task001 = 0.0000
	TRACK_MB_P10/train_phase/train_stream/Task002 = 0.0000
	TRACK_MB_P10/train_phase/train_stream/Task003 = 0.0000
	TRACK_MB_P100/train_phase/train_stream/Task000 = 0.6500
	TRACK_MB_P100/train_phase/train_stream/Task001 = 0.0000
	TRACK_MB_P100/train_phase/train_stream/Task002 = 0.0000
	TRACK_MB_P100/train_phase/train_stream/Task003 = 0.0000
	TRACK_MB_P100_AVG/train_phase/train_stream/Task000 = 0.1625
	TRACK_MB_P10_AVG/train_phase/train_stream/Task000 = 0.1280
	TRACK_MB_WCACC/train_phase/train_stream/Task000 = 0.1532
	TRACK_MB_acc/train_phase/train_stream/Task000 = 0.6440
	TRACK_MB_acc/train_phase/train_stream/Task001 = 0.0000
	TRACK_MB_acc/train_phase/train_stream/Task002 = 0.0000
	TRACK_MB_acc/train_phase/train_stream/Task003 = 0.0000
	TRACK_MB_acc_MIN/train_phase/train_stream/Task000 = 0.6130
	TRACK_MB_acc_MIN/train_phase/train_stream/Task001 = 0.0000
	TRACK_MB_acc_MIN/train_phase/train_stream/Task002 = 0.0000
	TRACK_MB_acc_MIN_AVG/train_phase/train_stream/Task000 = 0.2043
	TRACK_MB_loss/train_phase/train_stream/Task000 = 0.8829
	TRACK_MB_loss/train_phase/train_stream/Task001 = 30.4854
	TRACK_MB_loss/train_phase/train_stream/Task002 = 30.8313
	TRACK_MB_loss/train_phase/train_stream/Task003 = 30.7933
	Time_Epoch/train_phase/train_stream/Task000 = 102.4258
Epoch 1 ended.
	CURRENT_MB_avg_gradnorm_G/train_phase/train_stream/Task000 = 0.0000
	CURRENT_MB_gradnorm_stab/train_phase/train_stream/Task000 = 0.0000
	CURRENT_MB_loss_new/train_phase/train_stream/Task000 = 0.7700
	CURRENT_MB_loss_reg/train_phase/train_stream/Task000 = 0.2269
	Loss_MB/train_phase/train_stream/Task000 = 0.9969
	TRACK_MB_F10/train_phase/train_stream/Task000 = 0.0680
	TRACK_MB_F10/train_phase/train_stream/Task001 = 0.0000
	TRACK_MB_F10/train_phase/train_stream/Task002 = 0.0000
	TRACK_MB_F10/train_phase/train_stream/Task003 = 0.0000
	TRACK_MB_F100/train_phase/train_stream/Task000 = 0.0730
	TRACK_MB_F100/train_phase/train_stream/Task001 = 0.0000
	TRACK_MB_F100/train_phase/train_stream/Task002 = 0.0000
	TRACK_MB_F100/train_phase/train_stream/Task003 = 0.0000
	TRACK_MB_F100_AVG/train_phase/train_stream/Task000 = 0.0182
	TRACK_MB_F10_AVG/train_phase/train_stream/Task000 = 0.0170
	TRACK_MB_LCA/train_phase/train_stream/Task000 = 0.0991
	TRACK_MB_P10/train_phase/train_stream/Task000 = 0.5120
	TRACK_MB_P10/train_phase/train_stream/Task001 = 0.0000
	TRACK_MB_P10/train_phase/train_stream/Task002 = 0.0000
	TRACK_MB_P10/train_phase/train_stream/Task003 = 0.0000
	TRACK_MB_P100/train_phase/train_stream/Task000 = 0.6500
	TRACK_MB_P100/train_phase/train_stream/Task001 = 0.0000
	TRACK_MB_P100/train_phase/train_stream/Task002 = 0.0000
	TRACK_MB_P100/train_phase/train_stream/Task003 = 0.0000
	TRACK_MB_P100_AVG/train_phase/train_stream/Task000 = 0.1625
	TRACK_MB_P10_AVG/train_phase/train_stream/Task000 = 0.1280
	TRACK_MB_WCACC/train_phase/train_stream/Task000 = 0.1532
	TRACK_MB_acc/train_phase/train_stream/Task000 = 0.6450
	TRACK_MB_acc/train_phase/train_stream/Task001 = 0.0000
	TRACK_MB_acc/train_phase/train_stream/Task002 = 0.0000
	TRACK_MB_acc/train_phase/train_stream/Task003 = 0.0000
	TRACK_MB_acc_MIN/train_phase/train_stream/Task000 = 0.6130
	TRACK_MB_acc_MIN/train_phase/train_stream/Task001 = 0.0000
	TRACK_MB_acc_MIN/train_phase/train_stream/Task002 = 0.0000
	TRACK_MB_acc_MIN_AVG/train_phase/train_stream/Task000 = 0.2043
	TRACK_MB_loss/train_phase/train_stream/Task000 = 0.9123
	TRACK_MB_loss/train_phase/train_stream/Task001 = 30.5535
	TRACK_MB_loss/train_phase/train_stream/Task002 = 30.8450
	TRACK_MB_loss/train_phase/train_stream/Task003 = 30.7579
	Time_Epoch/train_phase/train_stream/Task000 = 102.7034
Epoch 2 ended.
	CURRENT_MB_avg_gradnorm_G/train_phase/train_stream/Task000 = 0.0000
	CURRENT_MB_gradnorm_stab/train_phase/train_stream/Task000 = 0.0000
	CURRENT_MB_loss_new/train_phase/train_stream/Task000 = 0.7700
	CURRENT_MB_loss_reg/train_phase/train_stream/Task000 = 0.2257
	Loss_MB/train_phase/train_stream/Task000 = 0.9957
	TRACK_MB_F10/train_phase/train_stream/Task000 = 0.0680
	TRACK_MB_F10/train_phase/train_stream/Task001 = 0.0000
	TRACK_MB_F10/train_phase/train_stream/Task002 = 0.0000
	TRACK_MB_F10/train_phase/train_stream/Task003 = 0.0000
	TRACK_MB_F100/train_phase/train_stream/Task000 = 0.0730
	TRACK_MB_F100/train_phase/train_stream/Task001 = 0.0000
	TRACK_MB_F100/train_phase/train_stream/Task002 = 0.0000
	TRACK_MB_F100/train_phase/train_stream/Task003 = 0.0000
	TRACK_MB_F100_AVG/train_phase/train_stream/Task000 = 0.0182
	TRACK_MB_F10_AVG/train_phase/train_stream/Task000 = 0.0170
	TRACK_MB_LCA/train_phase/train_stream/Task000 = 0.0991
	TRACK_MB_P10/train_phase/train_stream/Task000 = 0.5120
	TRACK_MB_P10/train_phase/train_stream/Task001 = 0.0000
	TRACK_MB_P10/train_phase/train_stream/Task002 = 0.0000
	TRACK_MB_P10/train_phase/train_stream/Task003 = 0.0000
	TRACK_MB_P100/train_phase/train_stream/Task000 = 0.6500
	TRACK_MB_P100/train_phase/train_stream/Task001 = 0.0000
	TRACK_MB_P100/train_phase/train_stream/Task002 = 0.0000
	TRACK_MB_P100/train_phase/train_stream/Task003 = 0.0000
	TRACK_MB_P100_AVG/train_phase/train_stream/Task000 = 0.1625
	TRACK_MB_P10_AVG/train_phase/train_stream/Task000 = 0.1280
	TRACK_MB_WCACC/train_phase/train_stream/Task000 = 0.1532
	TRACK_MB_acc/train_phase/train_stream/Task000 = 0.6450
	TRACK_MB_acc/train_phase/train_stream/Task001 = 0.0000
	TRACK_MB_acc/train_phase/train_stream/Task002 = 0.0000
	TRACK_MB_acc/train_phase/train_stream/Task003 = 0.0000
	TRACK_MB_acc_MIN/train_phase/train_stream/Task000 = 0.6130
	TRACK_MB_acc_MIN/train_phase/train_stream/Task001 = 0.0000
	TRACK_MB_acc_MIN/train_phase/train_stream/Task002 = 0.0000
	TRACK_MB_acc_MIN_AVG/train_phase/train_stream/Task000 = 0.2043
	TRACK_MB_loss/train_phase/train_stream/Task000 = 0.8790
	TRACK_MB_loss/train_phase/train_stream/Task001 = 30.4610
	TRACK_MB_loss/train_phase/train_stream/Task002 = 30.8604
	TRACK_MB_loss/train_phase/train_stream/Task003 = 30.7349
	Time_Epoch/train_phase/train_stream/Task000 = 101.6912
Epoch 3 ended.
	CURRENT_MB_avg_gradnorm_G/train_phase/train_stream/Task000 = 0.0000
	CURRENT_MB_gradnorm_stab/train_phase/train_stream/Task000 = 0.0000
	CURRENT_MB_loss_new/train_phase/train_stream/Task000 = 0.7700
	CURRENT_MB_loss_reg/train_phase/train_stream/Task000 = 0.2210
	Loss_MB/train_phase/train_stream/Task000 = 0.9910
	TRACK_MB_F10/train_phase/train_stream/Task000 = 0.0680
	TRACK_MB_F10/train_phase/train_stream/Task001 = 0.0000
	TRACK_MB_F10/train_phase/train_stream/Task002 = 0.0000
	TRACK_MB_F10/train_phase/train_stream/Task003 = 0.0000
	TRACK_MB_F100/train_phase/train_stream/Task000 = 0.0730
	TRACK_MB_F100/train_phase/train_stream/Task001 = 0.0000
	TRACK_MB_F100/train_phase/train_stream/Task002 = 0.0000
	TRACK_MB_F100/train_phase/train_stream/Task003 = 0.0000
	TRACK_MB_F100_AVG/train_phase/train_stream/Task000 = 0.0182
	TRACK_MB_F10_AVG/train_phase/train_stream/Task000 = 0.0170
	TRACK_MB_LCA/train_phase/train_stream/Task000 = 0.0991
	TRACK_MB_P10/train_phase/train_stream/Task000 = 0.5120
	TRACK_MB_P10/train_phase/train_stream/Task001 = 0.0000
	TRACK_MB_P10/train_phase/train_stream/Task002 = 0.0000
	TRACK_MB_P10/train_phase/train_stream/Task003 = 0.0000
	TRACK_MB_P100/train_phase/train_stream/Task000 = 0.6500
	TRACK_MB_P100/train_phase/train_stream/Task001 = 0.0000
	TRACK_MB_P100/train_phase/train_stream/Task002 = 0.0000
	TRACK_MB_P100/train_phase/train_stream/Task003 = 0.0000
	TRACK_MB_P100_AVG/train_phase/train_stream/Task000 = 0.1625
	TRACK_MB_P10_AVG/train_phase/train_stream/Task000 = 0.1280
	TRACK_MB_WCACC/train_phase/train_stream/Task000 = 0.1532
	TRACK_MB_acc/train_phase/train_stream/Task000 = 0.6630
	TRACK_MB_acc/train_phase/train_stream/Task001 = 0.0000
	TRACK_MB_acc/train_phase/train_stream/Task002 = 0.0000
	TRACK_MB_acc/train_phase/train_stream/Task003 = 0.0000
	TRACK_MB_acc_MIN/train_phase/train_stream/Task000 = 0.6130
	TRACK_MB_acc_MIN/train_phase/train_stream/Task001 = 0.0000
	TRACK_MB_acc_MIN/train_phase/train_stream/Task002 = 0.0000
	TRACK_MB_acc_MIN_AVG/train_phase/train_stream/Task000 = 0.2043
	TRACK_MB_loss/train_phase/train_stream/Task000 = 0.8232
	TRACK_MB_loss/train_phase/train_stream/Task001 = 30.5378
	TRACK_MB_loss/train_phase/train_stream/Task002 = 30.8447
	TRACK_MB_loss/train_phase/train_stream/Task003 = 30.6482
	Time_Epoch/train_phase/train_stream/Task000 = 102.5211
Epoch 4 ended.
	CURRENT_MB_avg_gradnorm_G/train_phase/train_stream/Task000 = 0.0000
	CURRENT_MB_gradnorm_stab/train_phase/train_stream/Task000 = 0.0000
	CURRENT_MB_loss_new/train_phase/train_stream/Task000 = 0.7700
	CURRENT_MB_loss_reg/train_phase/train_stream/Task000 = 0.2198
	Loss_MB/train_phase/train_stream/Task000 = 0.9898
	TRACK_MB_F10/train_phase/train_stream/Task000 = 0.0680
	TRACK_MB_F10/train_phase/train_stream/Task001 = 0.0000
	TRACK_MB_F10/train_phase/train_stream/Task002 = 0.0000
	TRACK_MB_F10/train_phase/train_stream/Task003 = 0.0000
	TRACK_MB_F100/train_phase/train_stream/Task000 = 0.0730
	TRACK_MB_F100/train_phase/train_stream/Task001 = 0.0000
	TRACK_MB_F100/train_phase/train_stream/Task002 = 0.0000
	TRACK_MB_F100/train_phase/train_stream/Task003 = 0.0000
	TRACK_MB_F100_AVG/train_phase/train_stream/Task000 = 0.0182
	TRACK_MB_F10_AVG/train_phase/train_stream/Task000 = 0.0170
	TRACK_MB_LCA/train_phase/train_stream/Task000 = 0.0991
	TRACK_MB_P10/train_phase/train_stream/Task000 = 0.5120
	TRACK_MB_P10/train_phase/train_stream/Task001 = 0.0000
	TRACK_MB_P10/train_phase/train_stream/Task002 = 0.0000
	TRACK_MB_P10/train_phase/train_stream/Task003 = 0.0000
	TRACK_MB_P100/train_phase/train_stream/Task000 = 0.6500
	TRACK_MB_P100/train_phase/train_stream/Task001 = 0.0000
	TRACK_MB_P100/train_phase/train_stream/Task002 = 0.0000
	TRACK_MB_P100/train_phase/train_stream/Task003 = 0.0000
	TRACK_MB_P100_AVG/train_phase/train_stream/Task000 = 0.1625
	TRACK_MB_P10_AVG/train_phase/train_stream/Task000 = 0.1280
	TRACK_MB_WCACC/train_phase/train_stream/Task000 = 0.1532
	TRACK_MB_acc/train_phase/train_stream/Task000 = 0.6450
	TRACK_MB_acc/train_phase/train_stream/Task001 = 0.0000
	TRACK_MB_acc/train_phase/train_stream/Task002 = 0.0000
	TRACK_MB_acc/train_phase/train_stream/Task003 = 0.0000
	TRACK_MB_acc_MIN/train_phase/train_stream/Task000 = 0.6130
	TRACK_MB_acc_MIN/train_phase/train_stream/Task001 = 0.0000
	TRACK_MB_acc_MIN/train_phase/train_stream/Task002 = 0.0000
	TRACK_MB_acc_MIN_AVG/train_phase/train_stream/Task000 = 0.2043
	TRACK_MB_loss/train_phase/train_stream/Task000 = 0.8924
	TRACK_MB_loss/train_phase/train_stream/Task001 = 30.5740
	TRACK_MB_loss/train_phase/train_stream/Task002 = 30.8291
	TRACK_MB_loss/train_phase/train_stream/Task003 = 30.6414
	Time_Epoch/train_phase/train_stream/Task000 = 101.7872
Epoch 5 ended.
	CURRENT_MB_avg_gradnorm_G/train_phase/train_stream/Task000 = 0.0000
	CURRENT_MB_gradnorm_stab/train_phase/train_stream/Task000 = 0.0000
	CURRENT_MB_loss_new/train_phase/train_stream/Task000 = 0.7700
	CURRENT_MB_loss_reg/train_phase/train_stream/Task000 = 0.2398
	Loss_MB/train_phase/train_stream/Task000 = 1.0098
	TRACK_MB_F10/train_phase/train_stream/Task000 = 0.0680
	TRACK_MB_F10/train_phase/train_stream/Task001 = 0.0000
	TRACK_MB_F10/train_phase/train_stream/Task002 = 0.0000
	TRACK_MB_F10/train_phase/train_stream/Task003 = 0.0000
	TRACK_MB_F100/train_phase/train_stream/Task000 = 0.0730
	TRACK_MB_F100/train_phase/train_stream/Task001 = 0.0000
	TRACK_MB_F100/train_phase/train_stream/Task002 = 0.0000
	TRACK_MB_F100/train_phase/train_stream/Task003 = 0.0000
	TRACK_MB_F100_AVG/train_phase/train_stream/Task000 = 0.0182
	TRACK_MB_F10_AVG/train_phase/train_stream/Task000 = 0.0170
	TRACK_MB_LCA/train_phase/train_stream/Task000 = 0.0991
	TRACK_MB_P10/train_phase/train_stream/Task000 = 0.5120
	TRACK_MB_P10/train_phase/train_stream/Task001 = 0.0000
	TRACK_MB_P10/train_phase/train_stream/Task002 = 0.0000
	TRACK_MB_P10/train_phase/train_stream/Task003 = 0.0000
	TRACK_MB_P100/train_phase/train_stream/Task000 = 0.6500
	TRACK_MB_P100/train_phase/train_stream/Task001 = 0.0000
	TRACK_MB_P100/train_phase/train_stream/Task002 = 0.0000
	TRACK_MB_P100/train_phase/train_stream/Task003 = 0.0000
	TRACK_MB_P100_AVG/train_phase/train_stream/Task000 = 0.1625
	TRACK_MB_P10_AVG/train_phase/train_stream/Task000 = 0.1280
	TRACK_MB_WCACC/train_phase/train_stream/Task000 = 0.1530
	TRACK_MB_acc/train_phase/train_stream/Task000 = 0.6270
	TRACK_MB_acc/train_phase/train_stream/Task001 = 0.0000
	TRACK_MB_acc/train_phase/train_stream/Task002 = 0.0000
	TRACK_MB_acc/train_phase/train_stream/Task003 = 0.0000
	TRACK_MB_acc_MIN/train_phase/train_stream/Task000 = 0.6120
	TRACK_MB_acc_MIN/train_phase/train_stream/Task001 = 0.0000
	TRACK_MB_acc_MIN/train_phase/train_stream/Task002 = 0.0000
	TRACK_MB_acc_MIN_AVG/train_phase/train_stream/Task000 = 0.2040
	TRACK_MB_loss/train_phase/train_stream/Task000 = 0.9286
	TRACK_MB_loss/train_phase/train_stream/Task001 = 30.5908
	TRACK_MB_loss/train_phase/train_stream/Task002 = 30.8509
	TRACK_MB_loss/train_phase/train_stream/Task003 = 30.6194
	Time_Epoch/train_phase/train_stream/Task000 = 101.8691
Epoch 6 ended.
	CURRENT_MB_avg_gradnorm_G/train_phase/train_stream/Task000 = 0.0000
	CURRENT_MB_gradnorm_stab/train_phase/train_stream/Task000 = 0.0000
	CURRENT_MB_loss_new/train_phase/train_stream/Task000 = 0.7700
	CURRENT_MB_loss_reg/train_phase/train_stream/Task000 = 0.2386
	Loss_MB/train_phase/train_stream/Task000 = 1.0086
	TRACK_MB_F10/train_phase/train_stream/Task000 = 0.0680
	TRACK_MB_F10/train_phase/train_stream/Task001 = 0.0000
	TRACK_MB_F10/train_phase/train_stream/Task002 = 0.0000
	TRACK_MB_F10/train_phase/train_stream/Task003 = 0.0000
	TRACK_MB_F100/train_phase/train_stream/Task000 = 0.0730
	TRACK_MB_F100/train_phase/train_stream/Task001 = 0.0000
	TRACK_MB_F100/train_phase/train_stream/Task002 = 0.0000
	TRACK_MB_F100/train_phase/train_stream/Task003 = 0.0000
	TRACK_MB_F100_AVG/train_phase/train_stream/Task000 = 0.0182
	TRACK_MB_F10_AVG/train_phase/train_stream/Task000 = 0.0170
	TRACK_MB_LCA/train_phase/train_stream/Task000 = 0.0991
	TRACK_MB_P10/train_phase/train_stream/Task000 = 0.5120
	TRACK_MB_P10/train_phase/train_stream/Task001 = 0.0000
	TRACK_MB_P10/train_phase/train_stream/Task002 = 0.0000
	TRACK_MB_P10/train_phase/train_stream/Task003 = 0.0000
	TRACK_MB_P100/train_phase/train_stream/Task000 = 0.6500
	TRACK_MB_P100/train_phase/train_stream/Task001 = 0.0000
	TRACK_MB_P100/train_phase/train_stream/Task002 = 0.0000
	TRACK_MB_P100/train_phase/train_stream/Task003 = 0.0000
	TRACK_MB_P100_AVG/train_phase/train_stream/Task000 = 0.1625
	TRACK_MB_P10_AVG/train_phase/train_stream/Task000 = 0.1280
	TRACK_MB_WCACC/train_phase/train_stream/Task000 = 0.1530
	TRACK_MB_acc/train_phase/train_stream/Task000 = 0.6370
	TRACK_MB_acc/train_phase/train_stream/Task001 = 0.0000
	TRACK_MB_acc/train_phase/train_stream/Task002 = 0.0000
	TRACK_MB_acc/train_phase/train_stream/Task003 = 0.0000
	TRACK_MB_acc_MIN/train_phase/train_stream/Task000 = 0.6120
	TRACK_MB_acc_MIN/train_phase/train_stream/Task001 = 0.0000
	TRACK_MB_acc_MIN/train_phase/train_stream/Task002 = 0.0000
	TRACK_MB_acc_MIN_AVG/train_phase/train_stream/Task000 = 0.2040
	TRACK_MB_loss/train_phase/train_stream/Task000 = 0.9377
	TRACK_MB_loss/train_phase/train_stream/Task001 = 30.5917
	TRACK_MB_loss/train_phase/train_stream/Task002 = 30.8027
	TRACK_MB_loss/train_phase/train_stream/Task003 = 30.5674
	Time_Epoch/train_phase/train_stream/Task000 = 102.3405
Epoch 7 ended.
	CURRENT_MB_avg_gradnorm_G/train_phase/train_stream/Task000 = 0.0000
	CURRENT_MB_gradnorm_stab/train_phase/train_stream/Task000 = 0.0000
	CURRENT_MB_loss_new/train_phase/train_stream/Task000 = 0.7700
	CURRENT_MB_loss_reg/train_phase/train_stream/Task000 = 0.2210
	Loss_MB/train_phase/train_stream/Task000 = 0.9910
	TRACK_MB_F10/train_phase/train_stream/Task000 = 0.0680
	TRACK_MB_F10/train_phase/train_stream/Task001 = 0.0000
	TRACK_MB_F10/train_phase/train_stream/Task002 = 0.0000
	TRACK_MB_F10/train_phase/train_stream/Task003 = 0.0000
	TRACK_MB_F100/train_phase/train_stream/Task000 = 0.0730
	TRACK_MB_F100/train_phase/train_stream/Task001 = 0.0000
	TRACK_MB_F100/train_phase/train_stream/Task002 = 0.0000
	TRACK_MB_F100/train_phase/train_stream/Task003 = 0.0000
	TRACK_MB_F100_AVG/train_phase/train_stream/Task000 = 0.0182
	TRACK_MB_F10_AVG/train_phase/train_stream/Task000 = 0.0170
	TRACK_MB_LCA/train_phase/train_stream/Task000 = 0.0991
	TRACK_MB_P10/train_phase/train_stream/Task000 = 0.5120
	TRACK_MB_P10/train_phase/train_stream/Task001 = 0.0000
	TRACK_MB_P10/train_phase/train_stream/Task002 = 0.0000
	TRACK_MB_P10/train_phase/train_stream/Task003 = 0.0000
	TRACK_MB_P100/train_phase/train_stream/Task000 = 0.6500
	TRACK_MB_P100/train_phase/train_stream/Task001 = 0.0000
	TRACK_MB_P100/train_phase/train_stream/Task002 = 0.0000
	TRACK_MB_P100/train_phase/train_stream/Task003 = 0.0000
	TRACK_MB_P100_AVG/train_phase/train_stream/Task000 = 0.1625
	TRACK_MB_P10_AVG/train_phase/train_stream/Task000 = 0.1280
	TRACK_MB_WCACC/train_phase/train_stream/Task000 = 0.1530
	TRACK_MB_acc/train_phase/train_stream/Task000 = 0.6500
	TRACK_MB_acc/train_phase/train_stream/Task001 = 0.0000
	TRACK_MB_acc/train_phase/train_stream/Task002 = 0.0000
	TRACK_MB_acc/train_phase/train_stream/Task003 = 0.0000
	TRACK_MB_acc_MIN/train_phase/train_stream/Task000 = 0.6120
	TRACK_MB_acc_MIN/train_phase/train_stream/Task001 = 0.0000
	TRACK_MB_acc_MIN/train_phase/train_stream/Task002 = 0.0000
	TRACK_MB_acc_MIN_AVG/train_phase/train_stream/Task000 = 0.2040
	TRACK_MB_loss/train_phase/train_stream/Task000 = 0.8539
	TRACK_MB_loss/train_phase/train_stream/Task001 = 30.5879
	TRACK_MB_loss/train_phase/train_stream/Task002 = 30.8410
	TRACK_MB_loss/train_phase/train_stream/Task003 = 30.5318
	Time_Epoch/train_phase/train_stream/Task000 = 102.0512
Epoch 8 ended.
	CURRENT_MB_avg_gradnorm_G/train_phase/train_stream/Task000 = 0.0000
	CURRENT_MB_gradnorm_stab/train_phase/train_stream/Task000 = 0.0000
	CURRENT_MB_loss_new/train_phase/train_stream/Task000 = 0.7700
	CURRENT_MB_loss_reg/train_phase/train_stream/Task000 = 0.2222
	Loss_MB/train_phase/train_stream/Task000 = 0.9922
	TRACK_MB_F10/train_phase/train_stream/Task000 = 0.0680
	TRACK_MB_F10/train_phase/train_stream/Task001 = 0.0000
	TRACK_MB_F10/train_phase/train_stream/Task002 = 0.0000
	TRACK_MB_F10/train_phase/train_stream/Task003 = 0.0000
	TRACK_MB_F100/train_phase/train_stream/Task000 = 0.0730
	TRACK_MB_F100/train_phase/train_stream/Task001 = 0.0000
	TRACK_MB_F100/train_phase/train_stream/Task002 = 0.0000
	TRACK_MB_F100/train_phase/train_stream/Task003 = 0.0000
	TRACK_MB_F100_AVG/train_phase/train_stream/Task000 = 0.0182
	TRACK_MB_F10_AVG/train_phase/train_stream/Task000 = 0.0170
	TRACK_MB_LCA/train_phase/train_stream/Task000 = 0.0991
	TRACK_MB_P10/train_phase/train_stream/Task000 = 0.5120
	TRACK_MB_P10/train_phase/train_stream/Task001 = 0.0000
	TRACK_MB_P10/train_phase/train_stream/Task002 = 0.0000
	TRACK_MB_P10/train_phase/train_stream/Task003 = 0.0000
	TRACK_MB_P100/train_phase/train_stream/Task000 = 0.6500
	TRACK_MB_P100/train_phase/train_stream/Task001 = 0.0000
	TRACK_MB_P100/train_phase/train_stream/Task002 = 0.0000
	TRACK_MB_P100/train_phase/train_stream/Task003 = 0.0000
	TRACK_MB_P100_AVG/train_phase/train_stream/Task000 = 0.1625
	TRACK_MB_P10_AVG/train_phase/train_stream/Task000 = 0.1280
	TRACK_MB_WCACC/train_phase/train_stream/Task000 = 0.1528
	TRACK_MB_acc/train_phase/train_stream/Task000 = 0.6300
	TRACK_MB_acc/train_phase/train_stream/Task001 = 0.0000
	TRACK_MB_acc/train_phase/train_stream/Task002 = 0.0000
	TRACK_MB_acc/train_phase/train_stream/Task003 = 0.0000
	TRACK_MB_acc_MIN/train_phase/train_stream/Task000 = 0.6110
	TRACK_MB_acc_MIN/train_phase/train_stream/Task001 = 0.0000
	TRACK_MB_acc_MIN/train_phase/train_stream/Task002 = 0.0000
	TRACK_MB_acc_MIN_AVG/train_phase/train_stream/Task000 = 0.2037
	TRACK_MB_loss/train_phase/train_stream/Task000 = 0.9388
	TRACK_MB_loss/train_phase/train_stream/Task001 = 30.6117
	TRACK_MB_loss/train_phase/train_stream/Task002 = 30.7656
	TRACK_MB_loss/train_phase/train_stream/Task003 = 30.4836
	Time_Epoch/train_phase/train_stream/Task000 = 103.5422
Epoch 9 ended.
	CURRENT_MB_avg_gradnorm_G/train_phase/train_stream/Task000 = 0.0000
	CURRENT_MB_gradnorm_stab/train_phase/train_stream/Task000 = 0.0000
	CURRENT_MB_loss_new/train_phase/train_stream/Task000 = 0.7700
	CURRENT_MB_loss_reg/train_phase/train_stream/Task000 = 0.2257
	Loss_MB/train_phase/train_stream/Task000 = 0.9957
	TRACK_MB_F10/train_phase/train_stream/Task000 = 0.0680
	TRACK_MB_F10/train_phase/train_stream/Task001 = 0.0000
	TRACK_MB_F10/train_phase/train_stream/Task002 = 0.0000
	TRACK_MB_F10/train_phase/train_stream/Task003 = 0.0000
	TRACK_MB_F100/train_phase/train_stream/Task000 = 0.0730
	TRACK_MB_F100/train_phase/train_stream/Task001 = 0.0000
	TRACK_MB_F100/train_phase/train_stream/Task002 = 0.0000
	TRACK_MB_F100/train_phase/train_stream/Task003 = 0.0000
	TRACK_MB_F100_AVG/train_phase/train_stream/Task000 = 0.0182
	TRACK_MB_F10_AVG/train_phase/train_stream/Task000 = 0.0170
	TRACK_MB_LCA/train_phase/train_stream/Task000 = 0.0991
	TRACK_MB_P10/train_phase/train_stream/Task000 = 0.5120
	TRACK_MB_P10/train_phase/train_stream/Task001 = 0.0000
	TRACK_MB_P10/train_phase/train_stream/Task002 = 0.0000
	TRACK_MB_P10/train_phase/train_stream/Task003 = 0.0000
	TRACK_MB_P100/train_phase/train_stream/Task000 = 0.6500
	TRACK_MB_P100/train_phase/train_stream/Task001 = 0.0000
	TRACK_MB_P100/train_phase/train_stream/Task002 = 0.0000
	TRACK_MB_P100/train_phase/train_stream/Task003 = 0.0000
	TRACK_MB_P100_AVG/train_phase/train_stream/Task000 = 0.1625
	TRACK_MB_P10_AVG/train_phase/train_stream/Task000 = 0.1280
	TRACK_MB_WCACC/train_phase/train_stream/Task000 = 0.1503
	TRACK_MB_acc/train_phase/train_stream/Task000 = 0.6130
	TRACK_MB_acc/train_phase/train_stream/Task001 = 0.0000
	TRACK_MB_acc/train_phase/train_stream/Task002 = 0.0000
	TRACK_MB_acc/train_phase/train_stream/Task003 = 0.0000
	TRACK_MB_acc_MIN/train_phase/train_stream/Task000 = 0.6010
	TRACK_MB_acc_MIN/train_phase/train_stream/Task001 = 0.0000
	TRACK_MB_acc_MIN/train_phase/train_stream/Task002 = 0.0000
	TRACK_MB_acc_MIN_AVG/train_phase/train_stream/Task000 = 0.2003
	TRACK_MB_loss/train_phase/train_stream/Task000 = 0.9705
	TRACK_MB_loss/train_phase/train_stream/Task001 = 30.5811
	TRACK_MB_loss/train_phase/train_stream/Task002 = 30.7964
	TRACK_MB_loss/train_phase/train_stream/Task003 = 30.3921
	Time_Epoch/train_phase/train_stream/Task000 = 104.3927
-- >> End of training phase << --
End training on experience 3

======================================== EVAL ========================================
Standard Continual Learning eval on entire test set on task transition.
-- >> Start of eval phase << --
-- Starting eval on experience 0 (Task 0) from test stream --
> Eval on experience 0 (Task 0) from test stream ended.
	ExperienceForgetting/eval_phase/test_stream/Task000/Exp000 = 0.0215
	Loss_Exp/eval_phase/test_stream/Task000/Exp000 = 0.9444
	Top1_Acc_Exp/eval_phase/test_stream/Task000/Exp000 = 0.6210
-- Starting eval on experience 1 (Task 0) from test stream --
> Eval on experience 1 (Task 0) from test stream ended.
	ExperienceForgetting/eval_phase/test_stream/Task000/Exp001 = 0.0000
	Loss_Exp/eval_phase/test_stream/Task000/Exp001 = 30.5688
	Top1_Acc_Exp/eval_phase/test_stream/Task000/Exp001 = 0.0000
-- Starting eval on experience 2 (Task 0) from test stream --
> Eval on experience 2 (Task 0) from test stream ended.
	ExperienceForgetting/eval_phase/test_stream/Task000/Exp002 = 0.0000
	Loss_Exp/eval_phase/test_stream/Task000/Exp002 = 30.8038
	Top1_Acc_Exp/eval_phase/test_stream/Task000/Exp002 = 0.0000
-- Starting eval on experience 3 (Task 0) from test stream --
> Eval on experience 3 (Task 0) from test stream ended.
	Loss_Exp/eval_phase/test_stream/Task000/Exp003 = 30.3871
	Top1_Acc_Exp/eval_phase/test_stream/Task000/Exp003 = 0.0000
-- Starting eval on experience 4 (Task 0) from test stream --
> Eval on experience 4 (Task 0) from test stream ended.
	Loss_Exp/eval_phase/test_stream/Task000/Exp004 = 31.2384
	Top1_Acc_Exp/eval_phase/test_stream/Task000/Exp004 = 0.0000
-- >> End of eval phase << --
	ConfusionMatrix_Stream/eval_phase/test_stream = <avalanche.evaluation.metric_results.AlternativeValues object at 0x7f5267eff4f0>
	Loss_Stream/eval_phase/test_stream/Task000 = 24.7885
	StreamForgetting/eval_phase/test_stream = 0.0072
	Top1_Acc_Stream/eval_phase/test_stream/Task000 = 0.1242
[FILE:TASK-RESULTS]: /home/yhguo/yuxuan/CL/origin/ContinualEvaluation/results/ER_CIFAR10_e=10_reproduce_paper_now=2024-04-07_06-18_uid=c9f5c6c857fe4735aea4919407478057/results_summary/seed=1/task3_results.pt

---------------------------------------- TRAIN ----------------------------------------
Start training on experience 4
-- >> Start of training phase << --
-- Starting training on experience 4 (Task 0) from train stream --
Epoch 0 ended.
	CURRENT_MB_avg_gradnorm_G/train_phase/train_stream/Task000 = 0.0000
	CURRENT_MB_gradnorm_stab/train_phase/train_stream/Task000 = 0.0000
	CURRENT_MB_loss_new/train_phase/train_stream/Task000 = 0.7700
	CURRENT_MB_loss_reg/train_phase/train_stream/Task000 = 0.2480
	Loss_MB/train_phase/train_stream/Task000 = 1.0180
	TRACK_MB_F10/train_phase/train_stream/Task000 = 0.0680
	TRACK_MB_F10/train_phase/train_stream/Task001 = 0.0000
	TRACK_MB_F10/train_phase/train_stream/Task002 = 0.0000
	TRACK_MB_F10/train_phase/train_stream/Task003 = 0.0000
	TRACK_MB_F10/train_phase/train_stream/Task004 = 0.0000
	TRACK_MB_F100/train_phase/train_stream/Task000 = 0.0730
	TRACK_MB_F100/train_phase/train_stream/Task001 = 0.0000
	TRACK_MB_F100/train_phase/train_stream/Task002 = 0.0000
	TRACK_MB_F100/train_phase/train_stream/Task003 = 0.0000
	TRACK_MB_F100/train_phase/train_stream/Task004 = 0.0000
	TRACK_MB_F100_AVG/train_phase/train_stream/Task000 = 0.0146
	TRACK_MB_F10_AVG/train_phase/train_stream/Task000 = 0.0136
	TRACK_MB_LCA/train_phase/train_stream/Task000 = 0.0793
	TRACK_MB_P10/train_phase/train_stream/Task000 = 0.5120
	TRACK_MB_P10/train_phase/train_stream/Task001 = 0.0000
	TRACK_MB_P10/train_phase/train_stream/Task002 = 0.0000
	TRACK_MB_P10/train_phase/train_stream/Task003 = 0.0000
	TRACK_MB_P10/train_phase/train_stream/Task004 = 0.0000
	TRACK_MB_P100/train_phase/train_stream/Task000 = 0.6500
	TRACK_MB_P100/train_phase/train_stream/Task001 = 0.0000
	TRACK_MB_P100/train_phase/train_stream/Task002 = 0.0000
	TRACK_MB_P100/train_phase/train_stream/Task003 = 0.0000
	TRACK_MB_P100/train_phase/train_stream/Task004 = 0.0000
	TRACK_MB_P100_AVG/train_phase/train_stream/Task000 = 0.1300
	TRACK_MB_P10_AVG/train_phase/train_stream/Task000 = 0.1024
	TRACK_MB_WCACC/train_phase/train_stream/Task000 = 0.1202
	TRACK_MB_acc/train_phase/train_stream/Task000 = 0.6270
	TRACK_MB_acc/train_phase/train_stream/Task001 = 0.0000
	TRACK_MB_acc/train_phase/train_stream/Task002 = 0.0000
	TRACK_MB_acc/train_phase/train_stream/Task003 = 0.0000
	TRACK_MB_acc/train_phase/train_stream/Task004 = 0.0000
	TRACK_MB_acc_MIN/train_phase/train_stream/Task000 = 0.6010
	TRACK_MB_acc_MIN/train_phase/train_stream/Task001 = 0.0000
	TRACK_MB_acc_MIN/train_phase/train_stream/Task002 = 0.0000
	TRACK_MB_acc_MIN/train_phase/train_stream/Task003 = 0.0000
	TRACK_MB_acc_MIN_AVG/train_phase/train_stream/Task000 = 0.1503
	TRACK_MB_loss/train_phase/train_stream/Task000 = 0.9380
	TRACK_MB_loss/train_phase/train_stream/Task001 = 30.1037
	TRACK_MB_loss/train_phase/train_stream/Task002 = 30.4969
	TRACK_MB_loss/train_phase/train_stream/Task003 = 30.0606
	TRACK_MB_loss/train_phase/train_stream/Task004 = 30.7016
	Time_Epoch/train_phase/train_stream/Task000 = 125.0611
Epoch 1 ended.
	CURRENT_MB_avg_gradnorm_G/train_phase/train_stream/Task000 = 0.0000
	CURRENT_MB_gradnorm_stab/train_phase/train_stream/Task000 = 0.0000
	CURRENT_MB_loss_new/train_phase/train_stream/Task000 = 0.7700
	CURRENT_MB_loss_reg/train_phase/train_stream/Task000 = 0.2456
	Loss_MB/train_phase/train_stream/Task000 = 1.0156
	TRACK_MB_F10/train_phase/train_stream/Task000 = 0.0680
	TRACK_MB_F10/train_phase/train_stream/Task001 = 0.0000
	TRACK_MB_F10/train_phase/train_stream/Task002 = 0.0000
	TRACK_MB_F10/train_phase/train_stream/Task003 = 0.0000
	TRACK_MB_F10/train_phase/train_stream/Task004 = 0.0000
	TRACK_MB_F100/train_phase/train_stream/Task000 = 0.0730
	TRACK_MB_F100/train_phase/train_stream/Task001 = 0.0000
	TRACK_MB_F100/train_phase/train_stream/Task002 = 0.0000
	TRACK_MB_F100/train_phase/train_stream/Task003 = 0.0000
	TRACK_MB_F100/train_phase/train_stream/Task004 = 0.0000
	TRACK_MB_F100_AVG/train_phase/train_stream/Task000 = 0.0146
	TRACK_MB_F10_AVG/train_phase/train_stream/Task000 = 0.0136
	TRACK_MB_LCA/train_phase/train_stream/Task000 = 0.0793
	TRACK_MB_P10/train_phase/train_stream/Task000 = 0.5120
	TRACK_MB_P10/train_phase/train_stream/Task001 = 0.0000
	TRACK_MB_P10/train_phase/train_stream/Task002 = 0.0000
	TRACK_MB_P10/train_phase/train_stream/Task003 = 0.0000
	TRACK_MB_P10/train_phase/train_stream/Task004 = 0.0000
	TRACK_MB_P100/train_phase/train_stream/Task000 = 0.6500
	TRACK_MB_P100/train_phase/train_stream/Task001 = 0.0000
	TRACK_MB_P100/train_phase/train_stream/Task002 = 0.0000
	TRACK_MB_P100/train_phase/train_stream/Task003 = 0.0000
	TRACK_MB_P100/train_phase/train_stream/Task004 = 0.0000
	TRACK_MB_P100_AVG/train_phase/train_stream/Task000 = 0.1300
	TRACK_MB_P10_AVG/train_phase/train_stream/Task000 = 0.1024
	TRACK_MB_WCACC/train_phase/train_stream/Task000 = 0.1202
	TRACK_MB_acc/train_phase/train_stream/Task000 = 0.6300
	TRACK_MB_acc/train_phase/train_stream/Task001 = 0.0000
	TRACK_MB_acc/train_phase/train_stream/Task002 = 0.0000
	TRACK_MB_acc/train_phase/train_stream/Task003 = 0.0000
	TRACK_MB_acc/train_phase/train_stream/Task004 = 0.0000
	TRACK_MB_acc_MIN/train_phase/train_stream/Task000 = 0.6010
	TRACK_MB_acc_MIN/train_phase/train_stream/Task001 = 0.0000
	TRACK_MB_acc_MIN/train_phase/train_stream/Task002 = 0.0000
	TRACK_MB_acc_MIN/train_phase/train_stream/Task003 = 0.0000
	TRACK_MB_acc_MIN_AVG/train_phase/train_stream/Task000 = 0.1503
	TRACK_MB_loss/train_phase/train_stream/Task000 = 0.9385
	TRACK_MB_loss/train_phase/train_stream/Task001 = 30.2146
	TRACK_MB_loss/train_phase/train_stream/Task002 = 30.5388
	TRACK_MB_loss/train_phase/train_stream/Task003 = 30.0829
	TRACK_MB_loss/train_phase/train_stream/Task004 = 30.6929
	Time_Epoch/train_phase/train_stream/Task000 = 126.1178
Epoch 2 ended.
	CURRENT_MB_avg_gradnorm_G/train_phase/train_stream/Task000 = 0.0000
	CURRENT_MB_gradnorm_stab/train_phase/train_stream/Task000 = 0.0000
	CURRENT_MB_loss_new/train_phase/train_stream/Task000 = 0.7700
	CURRENT_MB_loss_reg/train_phase/train_stream/Task000 = 0.2409
	Loss_MB/train_phase/train_stream/Task000 = 1.0109
	TRACK_MB_F10/train_phase/train_stream/Task000 = 0.0680
	TRACK_MB_F10/train_phase/train_stream/Task001 = 0.0000
	TRACK_MB_F10/train_phase/train_stream/Task002 = 0.0000
	TRACK_MB_F10/train_phase/train_stream/Task003 = 0.0000
	TRACK_MB_F10/train_phase/train_stream/Task004 = 0.0000
	TRACK_MB_F100/train_phase/train_stream/Task000 = 0.0730
	TRACK_MB_F100/train_phase/train_stream/Task001 = 0.0000
	TRACK_MB_F100/train_phase/train_stream/Task002 = 0.0000
	TRACK_MB_F100/train_phase/train_stream/Task003 = 0.0000
	TRACK_MB_F100/train_phase/train_stream/Task004 = 0.0000
	TRACK_MB_F100_AVG/train_phase/train_stream/Task000 = 0.0146
	TRACK_MB_F10_AVG/train_phase/train_stream/Task000 = 0.0136
	TRACK_MB_LCA/train_phase/train_stream/Task000 = 0.0793
	TRACK_MB_P10/train_phase/train_stream/Task000 = 0.5120
	TRACK_MB_P10/train_phase/train_stream/Task001 = 0.0000
	TRACK_MB_P10/train_phase/train_stream/Task002 = 0.0000
	TRACK_MB_P10/train_phase/train_stream/Task003 = 0.0000
	TRACK_MB_P10/train_phase/train_stream/Task004 = 0.0000
	TRACK_MB_P100/train_phase/train_stream/Task000 = 0.6500
	TRACK_MB_P100/train_phase/train_stream/Task001 = 0.0000
	TRACK_MB_P100/train_phase/train_stream/Task002 = 0.0000
	TRACK_MB_P100/train_phase/train_stream/Task003 = 0.0000
	TRACK_MB_P100/train_phase/train_stream/Task004 = 0.0000
	TRACK_MB_P100_AVG/train_phase/train_stream/Task000 = 0.1300
	TRACK_MB_P10_AVG/train_phase/train_stream/Task000 = 0.1024
	TRACK_MB_WCACC/train_phase/train_stream/Task000 = 0.1202
	TRACK_MB_acc/train_phase/train_stream/Task000 = 0.6190
	TRACK_MB_acc/train_phase/train_stream/Task001 = 0.0000
	TRACK_MB_acc/train_phase/train_stream/Task002 = 0.0000
	TRACK_MB_acc/train_phase/train_stream/Task003 = 0.0000
	TRACK_MB_acc/train_phase/train_stream/Task004 = 0.0000
	TRACK_MB_acc_MIN/train_phase/train_stream/Task000 = 0.6010
	TRACK_MB_acc_MIN/train_phase/train_stream/Task001 = 0.0000
	TRACK_MB_acc_MIN/train_phase/train_stream/Task002 = 0.0000
	TRACK_MB_acc_MIN/train_phase/train_stream/Task003 = 0.0000
	TRACK_MB_acc_MIN_AVG/train_phase/train_stream/Task000 = 0.1503
	TRACK_MB_loss/train_phase/train_stream/Task000 = 0.9620
	TRACK_MB_loss/train_phase/train_stream/Task001 = 30.2225
	TRACK_MB_loss/train_phase/train_stream/Task002 = 30.5518
	TRACK_MB_loss/train_phase/train_stream/Task003 = 30.0621
	TRACK_MB_loss/train_phase/train_stream/Task004 = 30.5721
	Time_Epoch/train_phase/train_stream/Task000 = 127.9611
Epoch 3 ended.
	CURRENT_MB_avg_gradnorm_G/train_phase/train_stream/Task000 = 0.0000
	CURRENT_MB_gradnorm_stab/train_phase/train_stream/Task000 = 0.0000
	CURRENT_MB_loss_new/train_phase/train_stream/Task000 = 0.7700
	CURRENT_MB_loss_reg/train_phase/train_stream/Task000 = 0.2538
	Loss_MB/train_phase/train_stream/Task000 = 1.0238
	TRACK_MB_F10/train_phase/train_stream/Task000 = 0.0680
	TRACK_MB_F10/train_phase/train_stream/Task001 = 0.0000
	TRACK_MB_F10/train_phase/train_stream/Task002 = 0.0000
	TRACK_MB_F10/train_phase/train_stream/Task003 = 0.0000
	TRACK_MB_F10/train_phase/train_stream/Task004 = 0.0000
	TRACK_MB_F100/train_phase/train_stream/Task000 = 0.0730
	TRACK_MB_F100/train_phase/train_stream/Task001 = 0.0000
	TRACK_MB_F100/train_phase/train_stream/Task002 = 0.0000
	TRACK_MB_F100/train_phase/train_stream/Task003 = 0.0000
	TRACK_MB_F100/train_phase/train_stream/Task004 = 0.0000
	TRACK_MB_F100_AVG/train_phase/train_stream/Task000 = 0.0146
	TRACK_MB_F10_AVG/train_phase/train_stream/Task000 = 0.0136
	TRACK_MB_LCA/train_phase/train_stream/Task000 = 0.0793
	TRACK_MB_P10/train_phase/train_stream/Task000 = 0.5120
	TRACK_MB_P10/train_phase/train_stream/Task001 = 0.0000
	TRACK_MB_P10/train_phase/train_stream/Task002 = 0.0000
	TRACK_MB_P10/train_phase/train_stream/Task003 = 0.0000
	TRACK_MB_P10/train_phase/train_stream/Task004 = 0.0000
	TRACK_MB_P100/train_phase/train_stream/Task000 = 0.6500
	TRACK_MB_P100/train_phase/train_stream/Task001 = 0.0000
	TRACK_MB_P100/train_phase/train_stream/Task002 = 0.0000
	TRACK_MB_P100/train_phase/train_stream/Task003 = 0.0000
	TRACK_MB_P100/train_phase/train_stream/Task004 = 0.0000
	TRACK_MB_P100_AVG/train_phase/train_stream/Task000 = 0.1300
	TRACK_MB_P10_AVG/train_phase/train_stream/Task000 = 0.1024
	TRACK_MB_WCACC/train_phase/train_stream/Task000 = 0.1202
	TRACK_MB_acc/train_phase/train_stream/Task000 = 0.6260
	TRACK_MB_acc/train_phase/train_stream/Task001 = 0.0000
	TRACK_MB_acc/train_phase/train_stream/Task002 = 0.0000
	TRACK_MB_acc/train_phase/train_stream/Task003 = 0.0000
	TRACK_MB_acc/train_phase/train_stream/Task004 = 0.0000
	TRACK_MB_acc_MIN/train_phase/train_stream/Task000 = 0.6010
	TRACK_MB_acc_MIN/train_phase/train_stream/Task001 = 0.0000
	TRACK_MB_acc_MIN/train_phase/train_stream/Task002 = 0.0000
	TRACK_MB_acc_MIN/train_phase/train_stream/Task003 = 0.0000
	TRACK_MB_acc_MIN_AVG/train_phase/train_stream/Task000 = 0.1503
	TRACK_MB_loss/train_phase/train_stream/Task000 = 0.9597
	TRACK_MB_loss/train_phase/train_stream/Task001 = 30.2224
	TRACK_MB_loss/train_phase/train_stream/Task002 = 30.6098
	TRACK_MB_loss/train_phase/train_stream/Task003 = 30.1074
	TRACK_MB_loss/train_phase/train_stream/Task004 = 30.5689
	Time_Epoch/train_phase/train_stream/Task000 = 125.5786
Epoch 4 ended.
	CURRENT_MB_avg_gradnorm_G/train_phase/train_stream/Task000 = 0.0000
	CURRENT_MB_gradnorm_stab/train_phase/train_stream/Task000 = 0.0000
	CURRENT_MB_loss_new/train_phase/train_stream/Task000 = 0.7700
	CURRENT_MB_loss_reg/train_phase/train_stream/Task000 = 0.2421
	Loss_MB/train_phase/train_stream/Task000 = 1.0121
	TRACK_MB_F10/train_phase/train_stream/Task000 = 0.0680
	TRACK_MB_F10/train_phase/train_stream/Task001 = 0.0000
	TRACK_MB_F10/train_phase/train_stream/Task002 = 0.0000
	TRACK_MB_F10/train_phase/train_stream/Task003 = 0.0000
	TRACK_MB_F10/train_phase/train_stream/Task004 = 0.0000
	TRACK_MB_F100/train_phase/train_stream/Task000 = 0.0730
	TRACK_MB_F100/train_phase/train_stream/Task001 = 0.0000
	TRACK_MB_F100/train_phase/train_stream/Task002 = 0.0000
	TRACK_MB_F100/train_phase/train_stream/Task003 = 0.0000
	TRACK_MB_F100/train_phase/train_stream/Task004 = 0.0000
	TRACK_MB_F100_AVG/train_phase/train_stream/Task000 = 0.0146
	TRACK_MB_F10_AVG/train_phase/train_stream/Task000 = 0.0136
	TRACK_MB_LCA/train_phase/train_stream/Task000 = 0.0793
	TRACK_MB_P10/train_phase/train_stream/Task000 = 0.5120
	TRACK_MB_P10/train_phase/train_stream/Task001 = 0.0000
	TRACK_MB_P10/train_phase/train_stream/Task002 = 0.0000
	TRACK_MB_P10/train_phase/train_stream/Task003 = 0.0000
	TRACK_MB_P10/train_phase/train_stream/Task004 = 0.0000
	TRACK_MB_P100/train_phase/train_stream/Task000 = 0.6500
	TRACK_MB_P100/train_phase/train_stream/Task001 = 0.0000
	TRACK_MB_P100/train_phase/train_stream/Task002 = 0.0000
	TRACK_MB_P100/train_phase/train_stream/Task003 = 0.0000
	TRACK_MB_P100/train_phase/train_stream/Task004 = 0.0000
	TRACK_MB_P100_AVG/train_phase/train_stream/Task000 = 0.1300
	TRACK_MB_P10_AVG/train_phase/train_stream/Task000 = 0.1024
	TRACK_MB_WCACC/train_phase/train_stream/Task000 = 0.1202
	TRACK_MB_acc/train_phase/train_stream/Task000 = 0.6220
	TRACK_MB_acc/train_phase/train_stream/Task001 = 0.0000
	TRACK_MB_acc/train_phase/train_stream/Task002 = 0.0000
	TRACK_MB_acc/train_phase/train_stream/Task003 = 0.0000
	TRACK_MB_acc/train_phase/train_stream/Task004 = 0.0000
	TRACK_MB_acc_MIN/train_phase/train_stream/Task000 = 0.6010
	TRACK_MB_acc_MIN/train_phase/train_stream/Task001 = 0.0000
	TRACK_MB_acc_MIN/train_phase/train_stream/Task002 = 0.0000
	TRACK_MB_acc_MIN/train_phase/train_stream/Task003 = 0.0000
	TRACK_MB_acc_MIN_AVG/train_phase/train_stream/Task000 = 0.1503
	TRACK_MB_loss/train_phase/train_stream/Task000 = 0.9669
	TRACK_MB_loss/train_phase/train_stream/Task001 = 30.2504
	TRACK_MB_loss/train_phase/train_stream/Task002 = 30.5539
	TRACK_MB_loss/train_phase/train_stream/Task003 = 30.0849
	TRACK_MB_loss/train_phase/train_stream/Task004 = 30.4326
	Time_Epoch/train_phase/train_stream/Task000 = 125.2504
Epoch 5 ended.
	CURRENT_MB_avg_gradnorm_G/train_phase/train_stream/Task000 = 0.0000
	CURRENT_MB_gradnorm_stab/train_phase/train_stream/Task000 = 0.0000
	CURRENT_MB_loss_new/train_phase/train_stream/Task000 = 0.7700
	CURRENT_MB_loss_reg/train_phase/train_stream/Task000 = 0.2480
	Loss_MB/train_phase/train_stream/Task000 = 1.0180
	TRACK_MB_F10/train_phase/train_stream/Task000 = 0.0680
	TRACK_MB_F10/train_phase/train_stream/Task001 = 0.0000
	TRACK_MB_F10/train_phase/train_stream/Task002 = 0.0000
	TRACK_MB_F10/train_phase/train_stream/Task003 = 0.0000
	TRACK_MB_F10/train_phase/train_stream/Task004 = 0.0000
	TRACK_MB_F100/train_phase/train_stream/Task000 = 0.0730
	TRACK_MB_F100/train_phase/train_stream/Task001 = 0.0000
	TRACK_MB_F100/train_phase/train_stream/Task002 = 0.0000
	TRACK_MB_F100/train_phase/train_stream/Task003 = 0.0000
	TRACK_MB_F100/train_phase/train_stream/Task004 = 0.0000
	TRACK_MB_F100_AVG/train_phase/train_stream/Task000 = 0.0146
	TRACK_MB_F10_AVG/train_phase/train_stream/Task000 = 0.0136
	TRACK_MB_LCA/train_phase/train_stream/Task000 = 0.0793
	TRACK_MB_P10/train_phase/train_stream/Task000 = 0.5120
	TRACK_MB_P10/train_phase/train_stream/Task001 = 0.0000
	TRACK_MB_P10/train_phase/train_stream/Task002 = 0.0000
	TRACK_MB_P10/train_phase/train_stream/Task003 = 0.0000
	TRACK_MB_P10/train_phase/train_stream/Task004 = 0.0000
	TRACK_MB_P100/train_phase/train_stream/Task000 = 0.6500
	TRACK_MB_P100/train_phase/train_stream/Task001 = 0.0000
	TRACK_MB_P100/train_phase/train_stream/Task002 = 0.0000
	TRACK_MB_P100/train_phase/train_stream/Task003 = 0.0000
	TRACK_MB_P100/train_phase/train_stream/Task004 = 0.0000
	TRACK_MB_P100_AVG/train_phase/train_stream/Task000 = 0.1300
	TRACK_MB_P10_AVG/train_phase/train_stream/Task000 = 0.1024
	TRACK_MB_WCACC/train_phase/train_stream/Task000 = 0.1202
	TRACK_MB_acc/train_phase/train_stream/Task000 = 0.6310
	TRACK_MB_acc/train_phase/train_stream/Task001 = 0.0000
	TRACK_MB_acc/train_phase/train_stream/Task002 = 0.0000
	TRACK_MB_acc/train_phase/train_stream/Task003 = 0.0000
	TRACK_MB_acc/train_phase/train_stream/Task004 = 0.0000
	TRACK_MB_acc_MIN/train_phase/train_stream/Task000 = 0.6010
	TRACK_MB_acc_MIN/train_phase/train_stream/Task001 = 0.0000
	TRACK_MB_acc_MIN/train_phase/train_stream/Task002 = 0.0000
	TRACK_MB_acc_MIN/train_phase/train_stream/Task003 = 0.0000
	TRACK_MB_acc_MIN_AVG/train_phase/train_stream/Task000 = 0.1503
	TRACK_MB_loss/train_phase/train_stream/Task000 = 0.9117
	TRACK_MB_loss/train_phase/train_stream/Task001 = 30.2431
	TRACK_MB_loss/train_phase/train_stream/Task002 = 30.6109
	TRACK_MB_loss/train_phase/train_stream/Task003 = 30.1463
	TRACK_MB_loss/train_phase/train_stream/Task004 = 30.4563
	Time_Epoch/train_phase/train_stream/Task000 = 125.8038
Epoch 6 ended.
	CURRENT_MB_avg_gradnorm_G/train_phase/train_stream/Task000 = 0.0000
	CURRENT_MB_gradnorm_stab/train_phase/train_stream/Task000 = 0.0000
	CURRENT_MB_loss_new/train_phase/train_stream/Task000 = 0.7700
	CURRENT_MB_loss_reg/train_phase/train_stream/Task000 = 0.2597
	Loss_MB/train_phase/train_stream/Task000 = 1.0297
	TRACK_MB_F10/train_phase/train_stream/Task000 = 0.0680
	TRACK_MB_F10/train_phase/train_stream/Task001 = 0.0000
	TRACK_MB_F10/train_phase/train_stream/Task002 = 0.0000
	TRACK_MB_F10/train_phase/train_stream/Task003 = 0.0000
	TRACK_MB_F10/train_phase/train_stream/Task004 = 0.0000
	TRACK_MB_F100/train_phase/train_stream/Task000 = 0.0730
	TRACK_MB_F100/train_phase/train_stream/Task001 = 0.0000
	TRACK_MB_F100/train_phase/train_stream/Task002 = 0.0000
	TRACK_MB_F100/train_phase/train_stream/Task003 = 0.0000
	TRACK_MB_F100/train_phase/train_stream/Task004 = 0.0000
	TRACK_MB_F100_AVG/train_phase/train_stream/Task000 = 0.0146
	TRACK_MB_F10_AVG/train_phase/train_stream/Task000 = 0.0136
	TRACK_MB_LCA/train_phase/train_stream/Task000 = 0.0793
	TRACK_MB_P10/train_phase/train_stream/Task000 = 0.5120
	TRACK_MB_P10/train_phase/train_stream/Task001 = 0.0000
	TRACK_MB_P10/train_phase/train_stream/Task002 = 0.0000
	TRACK_MB_P10/train_phase/train_stream/Task003 = 0.0000
	TRACK_MB_P10/train_phase/train_stream/Task004 = 0.0000
	TRACK_MB_P100/train_phase/train_stream/Task000 = 0.6500
	TRACK_MB_P100/train_phase/train_stream/Task001 = 0.0000
	TRACK_MB_P100/train_phase/train_stream/Task002 = 0.0000
	TRACK_MB_P100/train_phase/train_stream/Task003 = 0.0000
	TRACK_MB_P100/train_phase/train_stream/Task004 = 0.0000
	TRACK_MB_P100_AVG/train_phase/train_stream/Task000 = 0.1300
	TRACK_MB_P10_AVG/train_phase/train_stream/Task000 = 0.1024
	TRACK_MB_WCACC/train_phase/train_stream/Task000 = 0.1202
	TRACK_MB_acc/train_phase/train_stream/Task000 = 0.6140
	TRACK_MB_acc/train_phase/train_stream/Task001 = 0.0000
	TRACK_MB_acc/train_phase/train_stream/Task002 = 0.0000
	TRACK_MB_acc/train_phase/train_stream/Task003 = 0.0000
	TRACK_MB_acc/train_phase/train_stream/Task004 = 0.0000
	TRACK_MB_acc_MIN/train_phase/train_stream/Task000 = 0.6010
	TRACK_MB_acc_MIN/train_phase/train_stream/Task001 = 0.0000
	TRACK_MB_acc_MIN/train_phase/train_stream/Task002 = 0.0000
	TRACK_MB_acc_MIN/train_phase/train_stream/Task003 = 0.0000
	TRACK_MB_acc_MIN_AVG/train_phase/train_stream/Task000 = 0.1503
	TRACK_MB_loss/train_phase/train_stream/Task000 = 0.9398
	TRACK_MB_loss/train_phase/train_stream/Task001 = 30.2120
	TRACK_MB_loss/train_phase/train_stream/Task002 = 30.5126
	TRACK_MB_loss/train_phase/train_stream/Task003 = 30.1488
	TRACK_MB_loss/train_phase/train_stream/Task004 = 30.2932
	Time_Epoch/train_phase/train_stream/Task000 = 126.2821
Epoch 7 ended.
	CURRENT_MB_avg_gradnorm_G/train_phase/train_stream/Task000 = 0.0000
	CURRENT_MB_gradnorm_stab/train_phase/train_stream/Task000 = 0.0000
	CURRENT_MB_loss_new/train_phase/train_stream/Task000 = 0.7700
	CURRENT_MB_loss_reg/train_phase/train_stream/Task000 = 0.2445
	Loss_MB/train_phase/train_stream/Task000 = 1.0144
	TRACK_MB_F10/train_phase/train_stream/Task000 = 0.0680
	TRACK_MB_F10/train_phase/train_stream/Task001 = 0.0000
	TRACK_MB_F10/train_phase/train_stream/Task002 = 0.0000
	TRACK_MB_F10/train_phase/train_stream/Task003 = 0.0000
	TRACK_MB_F10/train_phase/train_stream/Task004 = 0.0000
	TRACK_MB_F100/train_phase/train_stream/Task000 = 0.0730
	TRACK_MB_F100/train_phase/train_stream/Task001 = 0.0000
	TRACK_MB_F100/train_phase/train_stream/Task002 = 0.0000
	TRACK_MB_F100/train_phase/train_stream/Task003 = 0.0000
	TRACK_MB_F100/train_phase/train_stream/Task004 = 0.0000
	TRACK_MB_F100_AVG/train_phase/train_stream/Task000 = 0.0146
	TRACK_MB_F10_AVG/train_phase/train_stream/Task000 = 0.0136
	TRACK_MB_LCA/train_phase/train_stream/Task000 = 0.0793
	TRACK_MB_P10/train_phase/train_stream/Task000 = 0.5120
	TRACK_MB_P10/train_phase/train_stream/Task001 = 0.0000
	TRACK_MB_P10/train_phase/train_stream/Task002 = 0.0000
	TRACK_MB_P10/train_phase/train_stream/Task003 = 0.0000
	TRACK_MB_P10/train_phase/train_stream/Task004 = 0.0000
	TRACK_MB_P100/train_phase/train_stream/Task000 = 0.6500
	TRACK_MB_P100/train_phase/train_stream/Task001 = 0.0000
	TRACK_MB_P100/train_phase/train_stream/Task002 = 0.0000
	TRACK_MB_P100/train_phase/train_stream/Task003 = 0.0000
	TRACK_MB_P100/train_phase/train_stream/Task004 = 0.0000
	TRACK_MB_P100_AVG/train_phase/train_stream/Task000 = 0.1300
	TRACK_MB_P10_AVG/train_phase/train_stream/Task000 = 0.1024
	TRACK_MB_WCACC/train_phase/train_stream/Task000 = 0.1202
	TRACK_MB_acc/train_phase/train_stream/Task000 = 0.6260
	TRACK_MB_acc/train_phase/train_stream/Task001 = 0.0000
	TRACK_MB_acc/train_phase/train_stream/Task002 = 0.0000
	TRACK_MB_acc/train_phase/train_stream/Task003 = 0.0000
	TRACK_MB_acc/train_phase/train_stream/Task004 = 0.0000
	TRACK_MB_acc_MIN/train_phase/train_stream/Task000 = 0.6010
	TRACK_MB_acc_MIN/train_phase/train_stream/Task001 = 0.0000
	TRACK_MB_acc_MIN/train_phase/train_stream/Task002 = 0.0000
	TRACK_MB_acc_MIN/train_phase/train_stream/Task003 = 0.0000
	TRACK_MB_acc_MIN_AVG/train_phase/train_stream/Task000 = 0.1503
	TRACK_MB_loss/train_phase/train_stream/Task000 = 0.9521
	TRACK_MB_loss/train_phase/train_stream/Task001 = 30.2202
	TRACK_MB_loss/train_phase/train_stream/Task002 = 30.5630
	TRACK_MB_loss/train_phase/train_stream/Task003 = 30.2079
	TRACK_MB_loss/train_phase/train_stream/Task004 = 30.2089
	Time_Epoch/train_phase/train_stream/Task000 = 127.9137
Epoch 8 ended.
	CURRENT_MB_avg_gradnorm_G/train_phase/train_stream/Task000 = 0.0000
	CURRENT_MB_gradnorm_stab/train_phase/train_stream/Task000 = 0.0000
	CURRENT_MB_loss_new/train_phase/train_stream/Task000 = 0.7700
	CURRENT_MB_loss_reg/train_phase/train_stream/Task000 = 0.2515
	Loss_MB/train_phase/train_stream/Task000 = 1.0215
	TRACK_MB_F10/train_phase/train_stream/Task000 = 0.0680
	TRACK_MB_F10/train_phase/train_stream/Task001 = 0.0000
	TRACK_MB_F10/train_phase/train_stream/Task002 = 0.0000
	TRACK_MB_F10/train_phase/train_stream/Task003 = 0.0000
	TRACK_MB_F10/train_phase/train_stream/Task004 = 0.0000
	TRACK_MB_F100/train_phase/train_stream/Task000 = 0.0730
	TRACK_MB_F100/train_phase/train_stream/Task001 = 0.0000
	TRACK_MB_F100/train_phase/train_stream/Task002 = 0.0000
	TRACK_MB_F100/train_phase/train_stream/Task003 = 0.0000
	TRACK_MB_F100/train_phase/train_stream/Task004 = 0.0000
	TRACK_MB_F100_AVG/train_phase/train_stream/Task000 = 0.0146
	TRACK_MB_F10_AVG/train_phase/train_stream/Task000 = 0.0136
	TRACK_MB_LCA/train_phase/train_stream/Task000 = 0.0793
	TRACK_MB_P10/train_phase/train_stream/Task000 = 0.5120
	TRACK_MB_P10/train_phase/train_stream/Task001 = 0.0000
	TRACK_MB_P10/train_phase/train_stream/Task002 = 0.0000
	TRACK_MB_P10/train_phase/train_stream/Task003 = 0.0000
	TRACK_MB_P10/train_phase/train_stream/Task004 = 0.0000
	TRACK_MB_P100/train_phase/train_stream/Task000 = 0.6500
	TRACK_MB_P100/train_phase/train_stream/Task001 = 0.0000
	TRACK_MB_P100/train_phase/train_stream/Task002 = 0.0000
	TRACK_MB_P100/train_phase/train_stream/Task003 = 0.0000
	TRACK_MB_P100/train_phase/train_stream/Task004 = 0.0000
	TRACK_MB_P100_AVG/train_phase/train_stream/Task000 = 0.1300
	TRACK_MB_P10_AVG/train_phase/train_stream/Task000 = 0.1024
	TRACK_MB_WCACC/train_phase/train_stream/Task000 = 0.1202
	TRACK_MB_acc/train_phase/train_stream/Task000 = 0.6210
	TRACK_MB_acc/train_phase/train_stream/Task001 = 0.0000
	TRACK_MB_acc/train_phase/train_stream/Task002 = 0.0000
	TRACK_MB_acc/train_phase/train_stream/Task003 = 0.0000
	TRACK_MB_acc/train_phase/train_stream/Task004 = 0.0000
	TRACK_MB_acc_MIN/train_phase/train_stream/Task000 = 0.6010
	TRACK_MB_acc_MIN/train_phase/train_stream/Task001 = 0.0000
	TRACK_MB_acc_MIN/train_phase/train_stream/Task002 = 0.0000
	TRACK_MB_acc_MIN/train_phase/train_stream/Task003 = 0.0000
	TRACK_MB_acc_MIN_AVG/train_phase/train_stream/Task000 = 0.1503
	TRACK_MB_loss/train_phase/train_stream/Task000 = 0.9301
	TRACK_MB_loss/train_phase/train_stream/Task001 = 30.2986
	TRACK_MB_loss/train_phase/train_stream/Task002 = 30.5898
	TRACK_MB_loss/train_phase/train_stream/Task003 = 30.1996
	TRACK_MB_loss/train_phase/train_stream/Task004 = 30.1418
	Time_Epoch/train_phase/train_stream/Task000 = 126.2607
Epoch 9 ended.
	CURRENT_MB_avg_gradnorm_G/train_phase/train_stream/Task000 = 0.0000
	CURRENT_MB_gradnorm_stab/train_phase/train_stream/Task000 = 0.0000
	CURRENT_MB_loss_new/train_phase/train_stream/Task000 = 0.7700
	CURRENT_MB_loss_reg/train_phase/train_stream/Task000 = 0.2515
	Loss_MB/train_phase/train_stream/Task000 = 1.0215
	TRACK_MB_F10/train_phase/train_stream/Task000 = 0.0680
	TRACK_MB_F10/train_phase/train_stream/Task001 = 0.0000
	TRACK_MB_F10/train_phase/train_stream/Task002 = 0.0000
	TRACK_MB_F10/train_phase/train_stream/Task003 = 0.0000
	TRACK_MB_F10/train_phase/train_stream/Task004 = 0.0000
	TRACK_MB_F100/train_phase/train_stream/Task000 = 0.0730
	TRACK_MB_F100/train_phase/train_stream/Task001 = 0.0000
	TRACK_MB_F100/train_phase/train_stream/Task002 = 0.0000
	TRACK_MB_F100/train_phase/train_stream/Task003 = 0.0000
	TRACK_MB_F100/train_phase/train_stream/Task004 = 0.0000
	TRACK_MB_F100_AVG/train_phase/train_stream/Task000 = 0.0146
	TRACK_MB_F10_AVG/train_phase/train_stream/Task000 = 0.0136
	TRACK_MB_LCA/train_phase/train_stream/Task000 = 0.0793
	TRACK_MB_P10/train_phase/train_stream/Task000 = 0.5120
	TRACK_MB_P10/train_phase/train_stream/Task001 = 0.0000
	TRACK_MB_P10/train_phase/train_stream/Task002 = 0.0000
	TRACK_MB_P10/train_phase/train_stream/Task003 = 0.0000
	TRACK_MB_P10/train_phase/train_stream/Task004 = 0.0000
	TRACK_MB_P100/train_phase/train_stream/Task000 = 0.6500
	TRACK_MB_P100/train_phase/train_stream/Task001 = 0.0000
	TRACK_MB_P100/train_phase/train_stream/Task002 = 0.0000
	TRACK_MB_P100/train_phase/train_stream/Task003 = 0.0000
	TRACK_MB_P100/train_phase/train_stream/Task004 = 0.0000
	TRACK_MB_P100_AVG/train_phase/train_stream/Task000 = 0.1300
	TRACK_MB_P10_AVG/train_phase/train_stream/Task000 = 0.1024
	TRACK_MB_WCACC/train_phase/train_stream/Task000 = 0.1202
	TRACK_MB_acc/train_phase/train_stream/Task000 = 0.6470
	TRACK_MB_acc/train_phase/train_stream/Task001 = 0.0000
	TRACK_MB_acc/train_phase/train_stream/Task002 = 0.0000
	TRACK_MB_acc/train_phase/train_stream/Task003 = 0.0000
	TRACK_MB_acc/train_phase/train_stream/Task004 = 0.0000
	TRACK_MB_acc_MIN/train_phase/train_stream/Task000 = 0.6010
	TRACK_MB_acc_MIN/train_phase/train_stream/Task001 = 0.0000
	TRACK_MB_acc_MIN/train_phase/train_stream/Task002 = 0.0000
	TRACK_MB_acc_MIN/train_phase/train_stream/Task003 = 0.0000
	TRACK_MB_acc_MIN_AVG/train_phase/train_stream/Task000 = 0.1503
	TRACK_MB_loss/train_phase/train_stream/Task000 = 0.8711
	TRACK_MB_loss/train_phase/train_stream/Task001 = 30.2213
	TRACK_MB_loss/train_phase/train_stream/Task002 = 30.6113
	TRACK_MB_loss/train_phase/train_stream/Task003 = 30.2015
	TRACK_MB_loss/train_phase/train_stream/Task004 = 29.9658
	Time_Epoch/train_phase/train_stream/Task000 = 126.9151
-- >> End of training phase << --
End training on experience 4

======================================== EVAL ========================================
Standard Continual Learning eval on entire test set on task transition.
-- >> Start of eval phase << --
-- Starting eval on experience 0 (Task 0) from test stream --
> Eval on experience 0 (Task 0) from test stream ended.
	ExperienceForgetting/eval_phase/test_stream/Task000/Exp000 = 0.0020
	Loss_Exp/eval_phase/test_stream/Task000/Exp000 = 0.8872
	Top1_Acc_Exp/eval_phase/test_stream/Task000/Exp000 = 0.6405
-- Starting eval on experience 1 (Task 0) from test stream --
> Eval on experience 1 (Task 0) from test stream ended.
	ExperienceForgetting/eval_phase/test_stream/Task000/Exp001 = 0.0000
	Loss_Exp/eval_phase/test_stream/Task000/Exp001 = 30.2729
	Top1_Acc_Exp/eval_phase/test_stream/Task000/Exp001 = 0.0000
-- Starting eval on experience 2 (Task 0) from test stream --
> Eval on experience 2 (Task 0) from test stream ended.
	ExperienceForgetting/eval_phase/test_stream/Task000/Exp002 = 0.0000
	Loss_Exp/eval_phase/test_stream/Task000/Exp002 = 30.6034
	Top1_Acc_Exp/eval_phase/test_stream/Task000/Exp002 = 0.0000
-- Starting eval on experience 3 (Task 0) from test stream --
> Eval on experience 3 (Task 0) from test stream ended.
	ExperienceForgetting/eval_phase/test_stream/Task000/Exp003 = 0.0000
	Loss_Exp/eval_phase/test_stream/Task000/Exp003 = 30.2210
	Top1_Acc_Exp/eval_phase/test_stream/Task000/Exp003 = 0.0000
-- Starting eval on experience 4 (Task 0) from test stream --
> Eval on experience 4 (Task 0) from test stream ended.
	Loss_Exp/eval_phase/test_stream/Task000/Exp004 = 30.0007
	Top1_Acc_Exp/eval_phase/test_stream/Task000/Exp004 = 0.0000
-- >> End of eval phase << --
	ConfusionMatrix_Stream/eval_phase/test_stream = <avalanche.evaluation.metric_results.AlternativeValues object at 0x7f527021c190>
	Loss_Stream/eval_phase/test_stream/Task000 = 24.3970
	StreamForgetting/eval_phase/test_stream = 0.0005
	Top1_Acc_Stream/eval_phase/test_stream/Task000 = 0.1281
[FILE:TASK-RESULTS]: /home/yhguo/yuxuan/CL/origin/ContinualEvaluation/results/ER_CIFAR10_e=10_reproduce_paper_now=2024-04-07_06-18_uid=c9f5c6c857fe4735aea4919407478057/results_summary/seed=1/task4_results.pt
[FILE:SEED-RESULTS]: /home/yhguo/yuxuan/CL/origin/ContinualEvaluation/results/ER_CIFAR10_e=10_reproduce_paper_now=2024-04-07_06-18_uid=c9f5c6c857fe4735aea4919407478057/results_summary/seed=1_finalresults.pt
[FILE:TB-SEED-RESULTS]: /home/yhguo/yuxuan/CL/origin/ContinualEvaluation/results/ER_CIFAR10_e=10_reproduce_paper_now=2024-04-07_06-18_uid=c9f5c6c857fe4735aea4919407478057/tb_run/seed=1
STARTING SEED 2/4
[SCENARIO] CIFAR10, Task Incr = False
Files already downloaded and verified
Files already downloaded and verified
Scenario = CIFAR10
[Tensorboard] tb_log_dir=/home/yhguo/yuxuan/CL/origin/ContinualEvaluation/results/ER_CIFAR10_e=10_reproduce_paper_now=2024-04-07_06-18_uid=c9f5c6c857fe4735aea4919407478057/tb_run/seed=2
Evaluating on stream (eval=True): <avalanche.benchmarks.scenarios.generic_cl_scenario.GenericScenarioStream object at 0x7f5267344fa0>
TRACKING: subsetsize=1000,freq=1,stream=<avalanche.benchmarks.scenarios.generic_cl_scenario.GenericScenarioStream object at 0x7f5267344fa0>
[METHOD CONFIG] n_total_mems=1000 
[METHOD CONFIG] SUMMARY: { 'n_total_memories': 1000,
  'num_tasks': 5,
  'storage_policy': <avalanche.training.storage_policy.ClassBalancedBuffer object at 0x7f52706639d0>}
Running strategy:<src.methods.replay.ERStrategy object at 0x7f52706635e0>
with Plugins: [<src.methods.replay.ERPlugin object at 0x7f5270663880>, <src.eval.minibatch_logging.StrategyAttributeAdderPlugin object at 0x7f5270663400>, <avalanche.training.plugins.evaluation.EvaluationPlugin object at 0x7f52706638b0>, <avalanche.training.plugins.clock.Clock object at 0x7f5270663100>]
Starting experiment...

---------------------------------------- TRAIN ----------------------------------------
Start training on experience 0
-- >> Start of training phase << --
-- Starting training on experience 0 (Task 0) from train stream --
'ERStrategy' object has no attribute 'avg_gradnorm_G'
strategy_attr not valid for strategy: '['avg_gradnorm_G']'
Epoch 0 ended.
	CURRENT_MB_avg_gradnorm_G/train_phase/train_stream/Task000 = 0.0000
	CURRENT_MB_gradnorm_stab/train_phase/train_stream/Task000 = 0.0000
	CURRENT_MB_loss_new/train_phase/train_stream/Task000 = 0.0700
	CURRENT_MB_loss_reg/train_phase/train_stream/Task000 = 0.0000
	Loss_MB/train_phase/train_stream/Task000 = 0.0700
	TRACK_MB_F10/train_phase/train_stream/Task000 = 0.0360
	TRACK_MB_F100/train_phase/train_stream/Task000 = 0.0360
	TRACK_MB_F100_AVG/train_phase/train_stream/Task000 = 0.0360
	TRACK_MB_F10_AVG/train_phase/train_stream/Task000 = 0.0360
	TRACK_MB_LCA/train_phase/train_stream/Task000 = 0.4406
	TRACK_MB_P10/train_phase/train_stream/Task000 = 0.5010
	TRACK_MB_P100/train_phase/train_stream/Task000 = 0.7400
	TRACK_MB_P100_AVG/train_phase/train_stream/Task000 = 0.7400
	TRACK_MB_P10_AVG/train_phase/train_stream/Task000 = 0.5010
	TRACK_MB_WCACC/train_phase/train_stream/Task000 = 0.7400
	TRACK_MB_acc/train_phase/train_stream/Task000 = 0.7400
	TRACK_MB_acc_MIN_AVG/train_phase/train_stream/Task000 = None
	TRACK_MB_loss/train_phase/train_stream/Task000 = 0.5150
	Time_Epoch/train_phase/train_stream/Task000 = 26.6919
Epoch 1 ended.
	CURRENT_MB_avg_gradnorm_G/train_phase/train_stream/Task000 = 0.0000
	CURRENT_MB_gradnorm_stab/train_phase/train_stream/Task000 = 0.0000
	CURRENT_MB_loss_new/train_phase/train_stream/Task000 = 0.0700
	CURRENT_MB_loss_reg/train_phase/train_stream/Task000 = 0.0000
	Loss_MB/train_phase/train_stream/Task000 = 0.0700
	TRACK_MB_F10/train_phase/train_stream/Task000 = 0.0710
	TRACK_MB_F100/train_phase/train_stream/Task000 = 0.1350
	TRACK_MB_F100_AVG/train_phase/train_stream/Task000 = 0.1350
	TRACK_MB_F10_AVG/train_phase/train_stream/Task000 = 0.0710
	TRACK_MB_LCA/train_phase/train_stream/Task000 = 0.4406
	TRACK_MB_P10/train_phase/train_stream/Task000 = 0.5010
	TRACK_MB_P100/train_phase/train_stream/Task000 = 0.7820
	TRACK_MB_P100_AVG/train_phase/train_stream/Task000 = 0.7820
	TRACK_MB_P10_AVG/train_phase/train_stream/Task000 = 0.5010
	TRACK_MB_WCACC/train_phase/train_stream/Task000 = 0.6670
	TRACK_MB_acc/train_phase/train_stream/Task000 = 0.6670
	TRACK_MB_acc_MIN_AVG/train_phase/train_stream/Task000 = None
	TRACK_MB_loss/train_phase/train_stream/Task000 = 0.6638
	Time_Epoch/train_phase/train_stream/Task000 = 25.5555
Epoch 2 ended.
	CURRENT_MB_avg_gradnorm_G/train_phase/train_stream/Task000 = 0.0000
	CURRENT_MB_gradnorm_stab/train_phase/train_stream/Task000 = 0.0000
	CURRENT_MB_loss_new/train_phase/train_stream/Task000 = 0.0700
	CURRENT_MB_loss_reg/train_phase/train_stream/Task000 = 0.0000
	Loss_MB/train_phase/train_stream/Task000 = 0.0700
	TRACK_MB_F10/train_phase/train_stream/Task000 = 0.0710
	TRACK_MB_F100/train_phase/train_stream/Task000 = 0.1470
	TRACK_MB_F100_AVG/train_phase/train_stream/Task000 = 0.1470
	TRACK_MB_F10_AVG/train_phase/train_stream/Task000 = 0.0710
	TRACK_MB_LCA/train_phase/train_stream/Task000 = 0.4406
	TRACK_MB_P10/train_phase/train_stream/Task000 = 0.5010
	TRACK_MB_P100/train_phase/train_stream/Task000 = 0.7820
	TRACK_MB_P100_AVG/train_phase/train_stream/Task000 = 0.7820
	TRACK_MB_P10_AVG/train_phase/train_stream/Task000 = 0.5010
	TRACK_MB_WCACC/train_phase/train_stream/Task000 = 0.6670
	TRACK_MB_acc/train_phase/train_stream/Task000 = 0.6670
	TRACK_MB_acc_MIN_AVG/train_phase/train_stream/Task000 = None
	TRACK_MB_loss/train_phase/train_stream/Task000 = 0.7129
	Time_Epoch/train_phase/train_stream/Task000 = 26.2004
Epoch 3 ended.
	CURRENT_MB_avg_gradnorm_G/train_phase/train_stream/Task000 = 0.0000
	CURRENT_MB_gradnorm_stab/train_phase/train_stream/Task000 = 0.0000
	CURRENT_MB_loss_new/train_phase/train_stream/Task000 = 0.0700
	CURRENT_MB_loss_reg/train_phase/train_stream/Task000 = 0.0000
	Loss_MB/train_phase/train_stream/Task000 = 0.0700
	TRACK_MB_F10/train_phase/train_stream/Task000 = 0.0710
	TRACK_MB_F100/train_phase/train_stream/Task000 = 0.1470
	TRACK_MB_F100_AVG/train_phase/train_stream/Task000 = 0.1470
	TRACK_MB_F10_AVG/train_phase/train_stream/Task000 = 0.0710
	TRACK_MB_LCA/train_phase/train_stream/Task000 = 0.4406
	TRACK_MB_P10/train_phase/train_stream/Task000 = 0.5010
	TRACK_MB_P100/train_phase/train_stream/Task000 = 0.7820
	TRACK_MB_P100_AVG/train_phase/train_stream/Task000 = 0.7820
	TRACK_MB_P10_AVG/train_phase/train_stream/Task000 = 0.5010
	TRACK_MB_WCACC/train_phase/train_stream/Task000 = 0.6710
	TRACK_MB_acc/train_phase/train_stream/Task000 = 0.6710
	TRACK_MB_acc_MIN_AVG/train_phase/train_stream/Task000 = None
	TRACK_MB_loss/train_phase/train_stream/Task000 = 0.6742
	Time_Epoch/train_phase/train_stream/Task000 = 26.2518
Epoch 4 ended.
	CURRENT_MB_avg_gradnorm_G/train_phase/train_stream/Task000 = 0.0000
	CURRENT_MB_gradnorm_stab/train_phase/train_stream/Task000 = 0.0000
	CURRENT_MB_loss_new/train_phase/train_stream/Task000 = 0.0700
	CURRENT_MB_loss_reg/train_phase/train_stream/Task000 = 0.0000
	Loss_MB/train_phase/train_stream/Task000 = 0.0700
	TRACK_MB_F10/train_phase/train_stream/Task000 = 0.0710
	TRACK_MB_F100/train_phase/train_stream/Task000 = 0.1470
	TRACK_MB_F100_AVG/train_phase/train_stream/Task000 = 0.1470
	TRACK_MB_F10_AVG/train_phase/train_stream/Task000 = 0.0710
	TRACK_MB_LCA/train_phase/train_stream/Task000 = 0.4406
	TRACK_MB_P10/train_phase/train_stream/Task000 = 0.5010
	TRACK_MB_P100/train_phase/train_stream/Task000 = 0.7820
	TRACK_MB_P100_AVG/train_phase/train_stream/Task000 = 0.7820
	TRACK_MB_P10_AVG/train_phase/train_stream/Task000 = 0.5010
	TRACK_MB_WCACC/train_phase/train_stream/Task000 = 0.6620
	TRACK_MB_acc/train_phase/train_stream/Task000 = 0.6620
	TRACK_MB_acc_MIN_AVG/train_phase/train_stream/Task000 = None
	TRACK_MB_loss/train_phase/train_stream/Task000 = 0.6833
	Time_Epoch/train_phase/train_stream/Task000 = 25.8955
Epoch 5 ended.
	CURRENT_MB_avg_gradnorm_G/train_phase/train_stream/Task000 = 0.0000
	CURRENT_MB_gradnorm_stab/train_phase/train_stream/Task000 = 0.0000
	CURRENT_MB_loss_new/train_phase/train_stream/Task000 = 0.0700
	CURRENT_MB_loss_reg/train_phase/train_stream/Task000 = 0.0000
	Loss_MB/train_phase/train_stream/Task000 = 0.0700
	TRACK_MB_F10/train_phase/train_stream/Task000 = 0.0710
	TRACK_MB_F100/train_phase/train_stream/Task000 = 0.1470
	TRACK_MB_F100_AVG/train_phase/train_stream/Task000 = 0.1470
	TRACK_MB_F10_AVG/train_phase/train_stream/Task000 = 0.0710
	TRACK_MB_LCA/train_phase/train_stream/Task000 = 0.4406
	TRACK_MB_P10/train_phase/train_stream/Task000 = 0.5010
	TRACK_MB_P100/train_phase/train_stream/Task000 = 0.7820
	TRACK_MB_P100_AVG/train_phase/train_stream/Task000 = 0.7820
	TRACK_MB_P10_AVG/train_phase/train_stream/Task000 = 0.5010
	TRACK_MB_WCACC/train_phase/train_stream/Task000 = 0.6630
	TRACK_MB_acc/train_phase/train_stream/Task000 = 0.6630
	TRACK_MB_acc_MIN_AVG/train_phase/train_stream/Task000 = None
	TRACK_MB_loss/train_phase/train_stream/Task000 = 0.6902
	Time_Epoch/train_phase/train_stream/Task000 = 26.3855
Epoch 6 ended.
	CURRENT_MB_avg_gradnorm_G/train_phase/train_stream/Task000 = 0.0000
	CURRENT_MB_gradnorm_stab/train_phase/train_stream/Task000 = 0.0000
	CURRENT_MB_loss_new/train_phase/train_stream/Task000 = 0.0700
	CURRENT_MB_loss_reg/train_phase/train_stream/Task000 = 0.0000
	Loss_MB/train_phase/train_stream/Task000 = 0.0700
	TRACK_MB_F10/train_phase/train_stream/Task000 = 0.0710
	TRACK_MB_F100/train_phase/train_stream/Task000 = 0.1470
	TRACK_MB_F100_AVG/train_phase/train_stream/Task000 = 0.1470
	TRACK_MB_F10_AVG/train_phase/train_stream/Task000 = 0.0710
	TRACK_MB_LCA/train_phase/train_stream/Task000 = 0.4406
	TRACK_MB_P10/train_phase/train_stream/Task000 = 0.5010
	TRACK_MB_P100/train_phase/train_stream/Task000 = 0.7820
	TRACK_MB_P100_AVG/train_phase/train_stream/Task000 = 0.7820
	TRACK_MB_P10_AVG/train_phase/train_stream/Task000 = 0.5010
	TRACK_MB_WCACC/train_phase/train_stream/Task000 = 0.6550
	TRACK_MB_acc/train_phase/train_stream/Task000 = 0.6550
	TRACK_MB_acc_MIN_AVG/train_phase/train_stream/Task000 = None
	TRACK_MB_loss/train_phase/train_stream/Task000 = 0.7155
	Time_Epoch/train_phase/train_stream/Task000 = 25.5225
Epoch 7 ended.
	CURRENT_MB_avg_gradnorm_G/train_phase/train_stream/Task000 = 0.0000
	CURRENT_MB_gradnorm_stab/train_phase/train_stream/Task000 = 0.0000
	CURRENT_MB_loss_new/train_phase/train_stream/Task000 = 0.0700
	CURRENT_MB_loss_reg/train_phase/train_stream/Task000 = 0.0000
	Loss_MB/train_phase/train_stream/Task000 = 0.0700
	TRACK_MB_F10/train_phase/train_stream/Task000 = 0.0710
	TRACK_MB_F100/train_phase/train_stream/Task000 = 0.1470
	TRACK_MB_F100_AVG/train_phase/train_stream/Task000 = 0.1470
	TRACK_MB_F10_AVG/train_phase/train_stream/Task000 = 0.0710
	TRACK_MB_LCA/train_phase/train_stream/Task000 = 0.4406
	TRACK_MB_P10/train_phase/train_stream/Task000 = 0.5010
	TRACK_MB_P100/train_phase/train_stream/Task000 = 0.7820
	TRACK_MB_P100_AVG/train_phase/train_stream/Task000 = 0.7820
	TRACK_MB_P10_AVG/train_phase/train_stream/Task000 = 0.5010
	TRACK_MB_WCACC/train_phase/train_stream/Task000 = 0.6720
	TRACK_MB_acc/train_phase/train_stream/Task000 = 0.6720
	TRACK_MB_acc_MIN_AVG/train_phase/train_stream/Task000 = None
	TRACK_MB_loss/train_phase/train_stream/Task000 = 0.6624
	Time_Epoch/train_phase/train_stream/Task000 = 26.4612
Epoch 8 ended.
	CURRENT_MB_avg_gradnorm_G/train_phase/train_stream/Task000 = 0.0000
	CURRENT_MB_gradnorm_stab/train_phase/train_stream/Task000 = 0.0000
	CURRENT_MB_loss_new/train_phase/train_stream/Task000 = 0.0700
	CURRENT_MB_loss_reg/train_phase/train_stream/Task000 = 0.0000
	Loss_MB/train_phase/train_stream/Task000 = 0.0700
	TRACK_MB_F10/train_phase/train_stream/Task000 = 0.0710
	TRACK_MB_F100/train_phase/train_stream/Task000 = 0.1470
	TRACK_MB_F100_AVG/train_phase/train_stream/Task000 = 0.1470
	TRACK_MB_F10_AVG/train_phase/train_stream/Task000 = 0.0710
	TRACK_MB_LCA/train_phase/train_stream/Task000 = 0.4406
	TRACK_MB_P10/train_phase/train_stream/Task000 = 0.5010
	TRACK_MB_P100/train_phase/train_stream/Task000 = 0.7820
	TRACK_MB_P100_AVG/train_phase/train_stream/Task000 = 0.7820
	TRACK_MB_P10_AVG/train_phase/train_stream/Task000 = 0.5010
	TRACK_MB_WCACC/train_phase/train_stream/Task000 = 0.6410
	TRACK_MB_acc/train_phase/train_stream/Task000 = 0.6410
	TRACK_MB_acc_MIN_AVG/train_phase/train_stream/Task000 = None
	TRACK_MB_loss/train_phase/train_stream/Task000 = 0.7239
	Time_Epoch/train_phase/train_stream/Task000 = 26.0211
Epoch 9 ended.
	CURRENT_MB_avg_gradnorm_G/train_phase/train_stream/Task000 = 0.0000
	CURRENT_MB_gradnorm_stab/train_phase/train_stream/Task000 = 0.0000
	CURRENT_MB_loss_new/train_phase/train_stream/Task000 = 0.0700
	CURRENT_MB_loss_reg/train_phase/train_stream/Task000 = 0.0000
	Loss_MB/train_phase/train_stream/Task000 = 0.0700
	TRACK_MB_F10/train_phase/train_stream/Task000 = 0.0710
	TRACK_MB_F100/train_phase/train_stream/Task000 = 0.1470
	TRACK_MB_F100_AVG/train_phase/train_stream/Task000 = 0.1470
	TRACK_MB_F10_AVG/train_phase/train_stream/Task000 = 0.0710
	TRACK_MB_LCA/train_phase/train_stream/Task000 = 0.4406
	TRACK_MB_P10/train_phase/train_stream/Task000 = 0.5010
	TRACK_MB_P100/train_phase/train_stream/Task000 = 0.7820
	TRACK_MB_P100_AVG/train_phase/train_stream/Task000 = 0.7820
	TRACK_MB_P10_AVG/train_phase/train_stream/Task000 = 0.5010
	TRACK_MB_WCACC/train_phase/train_stream/Task000 = 0.6600
	TRACK_MB_acc/train_phase/train_stream/Task000 = 0.6600
	TRACK_MB_acc_MIN_AVG/train_phase/train_stream/Task000 = None
	TRACK_MB_loss/train_phase/train_stream/Task000 = 0.6966
	Time_Epoch/train_phase/train_stream/Task000 = 26.0114
-- >> End of training phase << --
End training on experience 0

======================================== EVAL ========================================
Standard Continual Learning eval on entire test set on task transition.
-- >> Start of eval phase << --
-- Starting eval on experience 0 (Task 0) from test stream --
> Eval on experience 0 (Task 0) from test stream ended.
	Loss_Exp/eval_phase/test_stream/Task000/Exp000 = 0.7074
	Top1_Acc_Exp/eval_phase/test_stream/Task000/Exp000 = 0.6575
-- Starting eval on experience 1 (Task 0) from test stream --
> Eval on experience 1 (Task 0) from test stream ended.
	Loss_Exp/eval_phase/test_stream/Task000/Exp001 = 32.2071
	Top1_Acc_Exp/eval_phase/test_stream/Task000/Exp001 = 0.0000
-- Starting eval on experience 2 (Task 0) from test stream --
> Eval on experience 2 (Task 0) from test stream ended.
	Loss_Exp/eval_phase/test_stream/Task000/Exp002 = 32.7420
	Top1_Acc_Exp/eval_phase/test_stream/Task000/Exp002 = 0.0000
-- Starting eval on experience 3 (Task 0) from test stream --
> Eval on experience 3 (Task 0) from test stream ended.
	Loss_Exp/eval_phase/test_stream/Task000/Exp003 = 33.0684
	Top1_Acc_Exp/eval_phase/test_stream/Task000/Exp003 = 0.0000
-- Starting eval on experience 4 (Task 0) from test stream --
> Eval on experience 4 (Task 0) from test stream ended.
	Loss_Exp/eval_phase/test_stream/Task000/Exp004 = 32.5774
	Top1_Acc_Exp/eval_phase/test_stream/Task000/Exp004 = 0.0000
-- >> End of eval phase << --
	ConfusionMatrix_Stream/eval_phase/test_stream = <avalanche.evaluation.metric_results.AlternativeValues object at 0x7f526750f430>
	Loss_Stream/eval_phase/test_stream/Task000 = 26.2605
	StreamForgetting/eval_phase/test_stream = 0.0000
	Top1_Acc_Stream/eval_phase/test_stream/Task000 = 0.1315
[FILE:TASK-RESULTS]: /home/yhguo/yuxuan/CL/origin/ContinualEvaluation/results/ER_CIFAR10_e=10_reproduce_paper_now=2024-04-07_06-18_uid=c9f5c6c857fe4735aea4919407478057/results_summary/seed=2/task0_results.pt

---------------------------------------- TRAIN ----------------------------------------
Start training on experience 1
-- >> Start of training phase << --
-- Starting training on experience 1 (Task 0) from train stream --
Epoch 0 ended.
	CURRENT_MB_avg_gradnorm_G/train_phase/train_stream/Task000 = 0.0000
	CURRENT_MB_gradnorm_stab/train_phase/train_stream/Task000 = 0.0000
	CURRENT_MB_loss_new/train_phase/train_stream/Task000 = 0.7700
	CURRENT_MB_loss_reg/train_phase/train_stream/Task000 = 0.0300
	Loss_MB/train_phase/train_stream/Task000 = 0.8000
	TRACK_MB_F10/train_phase/train_stream/Task000 = 0.0710
	TRACK_MB_F10/train_phase/train_stream/Task001 = 0.0000
	TRACK_MB_F100/train_phase/train_stream/Task000 = 0.1470
	TRACK_MB_F100/train_phase/train_stream/Task001 = 0.0000
	TRACK_MB_F100_AVG/train_phase/train_stream/Task000 = 0.0735
	TRACK_MB_F10_AVG/train_phase/train_stream/Task000 = 0.0355
	TRACK_MB_LCA/train_phase/train_stream/Task000 = 0.2203
	TRACK_MB_P10/train_phase/train_stream/Task000 = 0.5010
	TRACK_MB_P10/train_phase/train_stream/Task001 = 0.0000
	TRACK_MB_P100/train_phase/train_stream/Task000 = 0.7820
	TRACK_MB_P100/train_phase/train_stream/Task001 = 0.0000
	TRACK_MB_P100_AVG/train_phase/train_stream/Task000 = 0.3910
	TRACK_MB_P10_AVG/train_phase/train_stream/Task000 = 0.2505
	TRACK_MB_WCACC/train_phase/train_stream/Task000 = 0.3245
	TRACK_MB_acc/train_phase/train_stream/Task000 = 0.6800
	TRACK_MB_acc/train_phase/train_stream/Task001 = 0.0000
	TRACK_MB_acc_MIN/train_phase/train_stream/Task000 = 0.6490
	TRACK_MB_acc_MIN_AVG/train_phase/train_stream/Task000 = 0.6490
	TRACK_MB_loss/train_phase/train_stream/Task000 = 0.6429
	TRACK_MB_loss/train_phase/train_stream/Task001 = 31.9986
	Time_Epoch/train_phase/train_stream/Task000 = 55.6966
Epoch 1 ended.
	CURRENT_MB_avg_gradnorm_G/train_phase/train_stream/Task000 = 0.0000
	CURRENT_MB_gradnorm_stab/train_phase/train_stream/Task000 = 0.0000
	CURRENT_MB_loss_new/train_phase/train_stream/Task000 = 0.7699
	CURRENT_MB_loss_reg/train_phase/train_stream/Task000 = 0.0300
	Loss_MB/train_phase/train_stream/Task000 = 0.8000
	TRACK_MB_F10/train_phase/train_stream/Task000 = 0.0710
	TRACK_MB_F10/train_phase/train_stream/Task001 = 0.0000
	TRACK_MB_F100/train_phase/train_stream/Task000 = 0.1470
	TRACK_MB_F100/train_phase/train_stream/Task001 = 0.0000
	TRACK_MB_F100_AVG/train_phase/train_stream/Task000 = 0.0735
	TRACK_MB_F10_AVG/train_phase/train_stream/Task000 = 0.0355
	TRACK_MB_LCA/train_phase/train_stream/Task000 = 0.2203
	TRACK_MB_P10/train_phase/train_stream/Task000 = 0.5010
	TRACK_MB_P10/train_phase/train_stream/Task001 = 0.0000
	TRACK_MB_P100/train_phase/train_stream/Task000 = 0.7820
	TRACK_MB_P100/train_phase/train_stream/Task001 = 0.0000
	TRACK_MB_P100_AVG/train_phase/train_stream/Task000 = 0.3910
	TRACK_MB_P10_AVG/train_phase/train_stream/Task000 = 0.2505
	TRACK_MB_WCACC/train_phase/train_stream/Task000 = 0.3245
	TRACK_MB_acc/train_phase/train_stream/Task000 = 0.6660
	TRACK_MB_acc/train_phase/train_stream/Task001 = 0.0000
	TRACK_MB_acc_MIN/train_phase/train_stream/Task000 = 0.6490
	TRACK_MB_acc_MIN_AVG/train_phase/train_stream/Task000 = 0.6490
	TRACK_MB_loss/train_phase/train_stream/Task000 = 0.6999
	TRACK_MB_loss/train_phase/train_stream/Task001 = 31.7337
	Time_Epoch/train_phase/train_stream/Task000 = 55.4880
Epoch 2 ended.
	CURRENT_MB_avg_gradnorm_G/train_phase/train_stream/Task000 = 0.0000
	CURRENT_MB_gradnorm_stab/train_phase/train_stream/Task000 = 0.0000
	CURRENT_MB_loss_new/train_phase/train_stream/Task000 = 0.7700
	CURRENT_MB_loss_reg/train_phase/train_stream/Task000 = 0.0300
	Loss_MB/train_phase/train_stream/Task000 = 0.8000
	TRACK_MB_F10/train_phase/train_stream/Task000 = 0.0710
	TRACK_MB_F10/train_phase/train_stream/Task001 = 0.0000
	TRACK_MB_F100/train_phase/train_stream/Task000 = 0.1470
	TRACK_MB_F100/train_phase/train_stream/Task001 = 0.0000
	TRACK_MB_F100_AVG/train_phase/train_stream/Task000 = 0.0735
	TRACK_MB_F10_AVG/train_phase/train_stream/Task000 = 0.0355
	TRACK_MB_LCA/train_phase/train_stream/Task000 = 0.2203
	TRACK_MB_P10/train_phase/train_stream/Task000 = 0.5010
	TRACK_MB_P10/train_phase/train_stream/Task001 = 0.0000
	TRACK_MB_P100/train_phase/train_stream/Task000 = 0.7820
	TRACK_MB_P100/train_phase/train_stream/Task001 = 0.0000
	TRACK_MB_P100_AVG/train_phase/train_stream/Task000 = 0.3910
	TRACK_MB_P10_AVG/train_phase/train_stream/Task000 = 0.2505
	TRACK_MB_WCACC/train_phase/train_stream/Task000 = 0.3240
	TRACK_MB_acc/train_phase/train_stream/Task000 = 0.6580
	TRACK_MB_acc/train_phase/train_stream/Task001 = 0.0000
	TRACK_MB_acc_MIN/train_phase/train_stream/Task000 = 0.6480
	TRACK_MB_acc_MIN_AVG/train_phase/train_stream/Task000 = 0.6480
	TRACK_MB_loss/train_phase/train_stream/Task000 = 0.7022
	TRACK_MB_loss/train_phase/train_stream/Task001 = 31.5254
	Time_Epoch/train_phase/train_stream/Task000 = 56.7737
Epoch 3 ended.
	CURRENT_MB_avg_gradnorm_G/train_phase/train_stream/Task000 = 0.0000
	CURRENT_MB_gradnorm_stab/train_phase/train_stream/Task000 = 0.0000
	CURRENT_MB_loss_new/train_phase/train_stream/Task000 = 0.7699
	CURRENT_MB_loss_reg/train_phase/train_stream/Task000 = 0.0300
	Loss_MB/train_phase/train_stream/Task000 = 0.7999
	TRACK_MB_F10/train_phase/train_stream/Task000 = 0.0710
	TRACK_MB_F10/train_phase/train_stream/Task001 = 0.0000
	TRACK_MB_F100/train_phase/train_stream/Task000 = 0.1470
	TRACK_MB_F100/train_phase/train_stream/Task001 = 0.0000
	TRACK_MB_F100_AVG/train_phase/train_stream/Task000 = 0.0735
	TRACK_MB_F10_AVG/train_phase/train_stream/Task000 = 0.0355
	TRACK_MB_LCA/train_phase/train_stream/Task000 = 0.2203
	TRACK_MB_P10/train_phase/train_stream/Task000 = 0.5010
	TRACK_MB_P10/train_phase/train_stream/Task001 = 0.0000
	TRACK_MB_P100/train_phase/train_stream/Task000 = 0.7820
	TRACK_MB_P100/train_phase/train_stream/Task001 = 0.0000
	TRACK_MB_P100_AVG/train_phase/train_stream/Task000 = 0.3910
	TRACK_MB_P10_AVG/train_phase/train_stream/Task000 = 0.2505
	TRACK_MB_WCACC/train_phase/train_stream/Task000 = 0.3240
	TRACK_MB_acc/train_phase/train_stream/Task000 = 0.6950
	TRACK_MB_acc/train_phase/train_stream/Task001 = 0.0000
	TRACK_MB_acc_MIN/train_phase/train_stream/Task000 = 0.6480
	TRACK_MB_acc_MIN_AVG/train_phase/train_stream/Task000 = 0.6480
	TRACK_MB_loss/train_phase/train_stream/Task000 = 0.6365
	TRACK_MB_loss/train_phase/train_stream/Task001 = 31.2946
	Time_Epoch/train_phase/train_stream/Task000 = 56.1002
Epoch 4 ended.
	CURRENT_MB_avg_gradnorm_G/train_phase/train_stream/Task000 = 0.0000
	CURRENT_MB_gradnorm_stab/train_phase/train_stream/Task000 = 0.0000
	CURRENT_MB_loss_new/train_phase/train_stream/Task000 = 0.7696
	CURRENT_MB_loss_reg/train_phase/train_stream/Task000 = 0.0300
	Loss_MB/train_phase/train_stream/Task000 = 0.7996
	TRACK_MB_F10/train_phase/train_stream/Task000 = 0.0710
	TRACK_MB_F10/train_phase/train_stream/Task001 = 0.0000
	TRACK_MB_F100/train_phase/train_stream/Task000 = 0.1470
	TRACK_MB_F100/train_phase/train_stream/Task001 = 0.0000
	TRACK_MB_F100_AVG/train_phase/train_stream/Task000 = 0.0735
	TRACK_MB_F10_AVG/train_phase/train_stream/Task000 = 0.0355
	TRACK_MB_LCA/train_phase/train_stream/Task000 = 0.2203
	TRACK_MB_P10/train_phase/train_stream/Task000 = 0.5010
	TRACK_MB_P10/train_phase/train_stream/Task001 = 0.0000
	TRACK_MB_P100/train_phase/train_stream/Task000 = 0.7820
	TRACK_MB_P100/train_phase/train_stream/Task001 = 0.0000
	TRACK_MB_P100_AVG/train_phase/train_stream/Task000 = 0.3910
	TRACK_MB_P10_AVG/train_phase/train_stream/Task000 = 0.2505
	TRACK_MB_WCACC/train_phase/train_stream/Task000 = 0.3240
	TRACK_MB_acc/train_phase/train_stream/Task000 = 0.6850
	TRACK_MB_acc/train_phase/train_stream/Task001 = 0.0000
	TRACK_MB_acc_MIN/train_phase/train_stream/Task000 = 0.6480
	TRACK_MB_acc_MIN_AVG/train_phase/train_stream/Task000 = 0.6480
	TRACK_MB_loss/train_phase/train_stream/Task000 = 0.6442
	TRACK_MB_loss/train_phase/train_stream/Task001 = 30.4771
	Time_Epoch/train_phase/train_stream/Task000 = 56.6405
Epoch 5 ended.
	CURRENT_MB_avg_gradnorm_G/train_phase/train_stream/Task000 = 0.0000
	CURRENT_MB_gradnorm_stab/train_phase/train_stream/Task000 = 0.0000
	CURRENT_MB_loss_new/train_phase/train_stream/Task000 = 0.5759
	CURRENT_MB_loss_reg/train_phase/train_stream/Task000 = 0.0519
	Loss_MB/train_phase/train_stream/Task000 = 0.6278
	TRACK_MB_F10/train_phase/train_stream/Task000 = 0.2010
	TRACK_MB_F10/train_phase/train_stream/Task001 = 0.0000
	TRACK_MB_F100/train_phase/train_stream/Task000 = 0.2220
	TRACK_MB_F100/train_phase/train_stream/Task001 = 0.0000
	TRACK_MB_F100_AVG/train_phase/train_stream/Task000 = 0.1110
	TRACK_MB_F10_AVG/train_phase/train_stream/Task000 = 0.1005
	TRACK_MB_LCA/train_phase/train_stream/Task000 = 0.2203
	TRACK_MB_P10/train_phase/train_stream/Task000 = 0.5010
	TRACK_MB_P10/train_phase/train_stream/Task001 = 0.0000
	TRACK_MB_P100/train_phase/train_stream/Task000 = 0.7820
	TRACK_MB_P100/train_phase/train_stream/Task001 = 0.0000
	TRACK_MB_P100_AVG/train_phase/train_stream/Task000 = 0.3910
	TRACK_MB_P10_AVG/train_phase/train_stream/Task000 = 0.2505
	TRACK_MB_WCACC/train_phase/train_stream/Task000 = 0.2440
	TRACK_MB_acc/train_phase/train_stream/Task000 = 0.4880
	TRACK_MB_acc/train_phase/train_stream/Task001 = 0.0000
	TRACK_MB_acc_MIN/train_phase/train_stream/Task000 = 0.4880
	TRACK_MB_acc_MIN_AVG/train_phase/train_stream/Task000 = 0.4880
	TRACK_MB_loss/train_phase/train_stream/Task000 = 6.2655
	TRACK_MB_loss/train_phase/train_stream/Task001 = 59.8811
	Time_Epoch/train_phase/train_stream/Task000 = 57.1269
Epoch 6 ended.
	CURRENT_MB_avg_gradnorm_G/train_phase/train_stream/Task000 = 0.0000
	CURRENT_MB_gradnorm_stab/train_phase/train_stream/Task000 = 0.0000
	CURRENT_MB_loss_new/train_phase/train_stream/Task000 = 0.2108
	CURRENT_MB_loss_reg/train_phase/train_stream/Task000 = 0.0757
	Loss_MB/train_phase/train_stream/Task000 = 0.2865
	TRACK_MB_F10/train_phase/train_stream/Task000 = 0.2010
	TRACK_MB_F10/train_phase/train_stream/Task001 = 0.2680
	TRACK_MB_F100/train_phase/train_stream/Task000 = 0.4180
	TRACK_MB_F100/train_phase/train_stream/Task001 = 0.2680
	TRACK_MB_F100_AVG/train_phase/train_stream/Task000 = 0.3430
	TRACK_MB_F10_AVG/train_phase/train_stream/Task000 = 0.2345
	TRACK_MB_LCA/train_phase/train_stream/Task000 = 0.2203
	TRACK_MB_P10/train_phase/train_stream/Task000 = 0.5010
	TRACK_MB_P10/train_phase/train_stream/Task001 = 0.2630
	TRACK_MB_P100/train_phase/train_stream/Task000 = 0.7820
	TRACK_MB_P100/train_phase/train_stream/Task001 = 0.4620
	TRACK_MB_P100_AVG/train_phase/train_stream/Task000 = 0.6220
	TRACK_MB_P10_AVG/train_phase/train_stream/Task000 = 0.3820
	TRACK_MB_WCACC/train_phase/train_stream/Task000 = 0.3505
	TRACK_MB_acc/train_phase/train_stream/Task000 = 0.4720
	TRACK_MB_acc/train_phase/train_stream/Task001 = 0.4090
	TRACK_MB_acc_MIN/train_phase/train_stream/Task000 = 0.2920
	TRACK_MB_acc_MIN_AVG/train_phase/train_stream/Task000 = 0.2920
	TRACK_MB_loss/train_phase/train_stream/Task000 = 1.8786
	TRACK_MB_loss/train_phase/train_stream/Task001 = 3.9424
	Time_Epoch/train_phase/train_stream/Task000 = 55.1532
Epoch 7 ended.
	CURRENT_MB_avg_gradnorm_G/train_phase/train_stream/Task000 = 0.0000
	CURRENT_MB_gradnorm_stab/train_phase/train_stream/Task000 = 0.0000
	CURRENT_MB_loss_new/train_phase/train_stream/Task000 = 0.2102
	CURRENT_MB_loss_reg/train_phase/train_stream/Task000 = 0.0756
	Loss_MB/train_phase/train_stream/Task000 = 0.2858
	TRACK_MB_F10/train_phase/train_stream/Task000 = 0.2010
	TRACK_MB_F10/train_phase/train_stream/Task001 = 0.2680
	TRACK_MB_F100/train_phase/train_stream/Task000 = 0.4180
	TRACK_MB_F100/train_phase/train_stream/Task001 = 0.2680
	TRACK_MB_F100_AVG/train_phase/train_stream/Task000 = 0.3430
	TRACK_MB_F10_AVG/train_phase/train_stream/Task000 = 0.2345
	TRACK_MB_LCA/train_phase/train_stream/Task000 = 0.2203
	TRACK_MB_P10/train_phase/train_stream/Task000 = 0.5010
	TRACK_MB_P10/train_phase/train_stream/Task001 = 0.2630
	TRACK_MB_P100/train_phase/train_stream/Task000 = 0.7820
	TRACK_MB_P100/train_phase/train_stream/Task001 = 0.4620
	TRACK_MB_P100_AVG/train_phase/train_stream/Task000 = 0.6220
	TRACK_MB_P10_AVG/train_phase/train_stream/Task000 = 0.3820
	TRACK_MB_WCACC/train_phase/train_stream/Task000 = 0.3220
	TRACK_MB_acc/train_phase/train_stream/Task000 = 0.4760
	TRACK_MB_acc/train_phase/train_stream/Task001 = 0.3520
	TRACK_MB_acc_MIN/train_phase/train_stream/Task000 = 0.2920
	TRACK_MB_acc_MIN_AVG/train_phase/train_stream/Task000 = 0.2920
	TRACK_MB_loss/train_phase/train_stream/Task000 = 2.2310
	TRACK_MB_loss/train_phase/train_stream/Task001 = 10.2301
	Time_Epoch/train_phase/train_stream/Task000 = 56.9597
Epoch 8 ended.
	CURRENT_MB_avg_gradnorm_G/train_phase/train_stream/Task000 = 0.0000
	CURRENT_MB_gradnorm_stab/train_phase/train_stream/Task000 = 0.0000
	CURRENT_MB_loss_new/train_phase/train_stream/Task000 = 0.2100
	CURRENT_MB_loss_reg/train_phase/train_stream/Task000 = 0.0736
	Loss_MB/train_phase/train_stream/Task000 = 0.2836
	TRACK_MB_F10/train_phase/train_stream/Task000 = 0.2050
	TRACK_MB_F10/train_phase/train_stream/Task001 = 0.2680
	TRACK_MB_F100/train_phase/train_stream/Task000 = 0.4180
	TRACK_MB_F100/train_phase/train_stream/Task001 = 0.2680
	TRACK_MB_F100_AVG/train_phase/train_stream/Task000 = 0.3430
	TRACK_MB_F10_AVG/train_phase/train_stream/Task000 = 0.2365
	TRACK_MB_LCA/train_phase/train_stream/Task000 = 0.2203
	TRACK_MB_P10/train_phase/train_stream/Task000 = 0.5010
	TRACK_MB_P10/train_phase/train_stream/Task001 = 0.2630
	TRACK_MB_P100/train_phase/train_stream/Task000 = 0.7820
	TRACK_MB_P100/train_phase/train_stream/Task001 = 0.5080
	TRACK_MB_P100_AVG/train_phase/train_stream/Task000 = 0.6450
	TRACK_MB_P10_AVG/train_phase/train_stream/Task000 = 0.3820
	TRACK_MB_WCACC/train_phase/train_stream/Task000 = 0.3305
	TRACK_MB_acc/train_phase/train_stream/Task000 = 0.4590
	TRACK_MB_acc/train_phase/train_stream/Task001 = 0.4390
	TRACK_MB_acc_MIN/train_phase/train_stream/Task000 = 0.2220
	TRACK_MB_acc_MIN_AVG/train_phase/train_stream/Task000 = 0.2220
	TRACK_MB_loss/train_phase/train_stream/Task000 = 2.9517
	TRACK_MB_loss/train_phase/train_stream/Task001 = 3.8442
	Time_Epoch/train_phase/train_stream/Task000 = 55.3459
Epoch 9 ended.
	CURRENT_MB_avg_gradnorm_G/train_phase/train_stream/Task000 = 0.0000
	CURRENT_MB_gradnorm_stab/train_phase/train_stream/Task000 = 0.0000
	CURRENT_MB_loss_new/train_phase/train_stream/Task000 = 0.2104
	CURRENT_MB_loss_reg/train_phase/train_stream/Task000 = 0.0695
	Loss_MB/train_phase/train_stream/Task000 = 0.2799
	TRACK_MB_F10/train_phase/train_stream/Task000 = 0.2050
	TRACK_MB_F10/train_phase/train_stream/Task001 = 0.2680
	TRACK_MB_F100/train_phase/train_stream/Task000 = 0.4180
	TRACK_MB_F100/train_phase/train_stream/Task001 = 0.2680
	TRACK_MB_F100_AVG/train_phase/train_stream/Task000 = 0.3430
	TRACK_MB_F10_AVG/train_phase/train_stream/Task000 = 0.2365
	TRACK_MB_LCA/train_phase/train_stream/Task000 = 0.2203
	TRACK_MB_P10/train_phase/train_stream/Task000 = 0.5010
	TRACK_MB_P10/train_phase/train_stream/Task001 = 0.2630
	TRACK_MB_P100/train_phase/train_stream/Task000 = 0.7820
	TRACK_MB_P100/train_phase/train_stream/Task001 = 0.5080
	TRACK_MB_P100_AVG/train_phase/train_stream/Task000 = 0.6450
	TRACK_MB_P10_AVG/train_phase/train_stream/Task000 = 0.3820
	TRACK_MB_WCACC/train_phase/train_stream/Task000 = 0.3445
	TRACK_MB_acc/train_phase/train_stream/Task000 = 0.4040
	TRACK_MB_acc/train_phase/train_stream/Task001 = 0.4670
	TRACK_MB_acc_MIN/train_phase/train_stream/Task000 = 0.2220
	TRACK_MB_acc_MIN_AVG/train_phase/train_stream/Task000 = 0.2220
	TRACK_MB_loss/train_phase/train_stream/Task000 = 2.6424
	TRACK_MB_loss/train_phase/train_stream/Task001 = 3.8302
	Time_Epoch/train_phase/train_stream/Task000 = 56.4219
-- >> End of training phase << --
End training on experience 1

======================================== EVAL ========================================
Standard Continual Learning eval on entire test set on task transition.
-- >> Start of eval phase << --
-- Starting eval on experience 0 (Task 0) from test stream --
> Eval on experience 0 (Task 0) from test stream ended.
	ExperienceForgetting/eval_phase/test_stream/Task000/Exp000 = 0.2630
	Loss_Exp/eval_phase/test_stream/Task000/Exp000 = 2.6117
	Top1_Acc_Exp/eval_phase/test_stream/Task000/Exp000 = 0.3945
-- Starting eval on experience 1 (Task 0) from test stream --
> Eval on experience 1 (Task 0) from test stream ended.
	Loss_Exp/eval_phase/test_stream/Task000/Exp001 = 4.0394
	Top1_Acc_Exp/eval_phase/test_stream/Task000/Exp001 = 0.4485
-- Starting eval on experience 2 (Task 0) from test stream --
> Eval on experience 2 (Task 0) from test stream ended.
	Loss_Exp/eval_phase/test_stream/Task000/Exp002 = 32.7340
	Top1_Acc_Exp/eval_phase/test_stream/Task000/Exp002 = 0.0000
-- Starting eval on experience 3 (Task 0) from test stream --
> Eval on experience 3 (Task 0) from test stream ended.
	Loss_Exp/eval_phase/test_stream/Task000/Exp003 = 31.4049
	Top1_Acc_Exp/eval_phase/test_stream/Task000/Exp003 = 0.0000
-- Starting eval on experience 4 (Task 0) from test stream --
> Eval on experience 4 (Task 0) from test stream ended.
	Loss_Exp/eval_phase/test_stream/Task000/Exp004 = 41.6540
	Top1_Acc_Exp/eval_phase/test_stream/Task000/Exp004 = 0.0000
-- >> End of eval phase << --
	ConfusionMatrix_Stream/eval_phase/test_stream = <avalanche.evaluation.metric_results.AlternativeValues object at 0x7f5270093850>
	Loss_Stream/eval_phase/test_stream/Task000 = 22.4888
	StreamForgetting/eval_phase/test_stream = 0.2630
	Top1_Acc_Stream/eval_phase/test_stream/Task000 = 0.1686
[FILE:TASK-RESULTS]: /home/yhguo/yuxuan/CL/origin/ContinualEvaluation/results/ER_CIFAR10_e=10_reproduce_paper_now=2024-04-07_06-18_uid=c9f5c6c857fe4735aea4919407478057/results_summary/seed=2/task1_results.pt

---------------------------------------- TRAIN ----------------------------------------
Start training on experience 2
-- >> Start of training phase << --
-- Starting training on experience 2 (Task 0) from train stream --
Epoch 0 ended.
	CURRENT_MB_avg_gradnorm_G/train_phase/train_stream/Task000 = 0.0000
	CURRENT_MB_gradnorm_stab/train_phase/train_stream/Task000 = 0.0000
	CURRENT_MB_loss_new/train_phase/train_stream/Task000 = 0.8899
	CURRENT_MB_loss_reg/train_phase/train_stream/Task000 = 0.0785
	Loss_MB/train_phase/train_stream/Task000 = 0.9683
	TRACK_MB_F10/train_phase/train_stream/Task000 = 0.2050
	TRACK_MB_F10/train_phase/train_stream/Task001 = 0.2680
	TRACK_MB_F10/train_phase/train_stream/Task002 = 0.0000
	TRACK_MB_F100/train_phase/train_stream/Task000 = 0.4180
	TRACK_MB_F100/train_phase/train_stream/Task001 = 0.3610
	TRACK_MB_F100/train_phase/train_stream/Task002 = 0.0000
	TRACK_MB_F100_AVG/train_phase/train_stream/Task000 = 0.2597
	TRACK_MB_F10_AVG/train_phase/train_stream/Task000 = 0.1577
	TRACK_MB_LCA/train_phase/train_stream/Task000 = 0.1469
	TRACK_MB_P10/train_phase/train_stream/Task000 = 0.5010
	TRACK_MB_P10/train_phase/train_stream/Task001 = 0.2630
	TRACK_MB_P10/train_phase/train_stream/Task002 = 0.0000
	TRACK_MB_P100/train_phase/train_stream/Task000 = 0.7820
	TRACK_MB_P100/train_phase/train_stream/Task001 = 0.5080
	TRACK_MB_P100/train_phase/train_stream/Task002 = 0.0000
	TRACK_MB_P100_AVG/train_phase/train_stream/Task000 = 0.4300
	TRACK_MB_P10_AVG/train_phase/train_stream/Task000 = 0.2547
	TRACK_MB_WCACC/train_phase/train_stream/Task000 = 0.1237
	TRACK_MB_acc/train_phase/train_stream/Task000 = 0.4910
	TRACK_MB_acc/train_phase/train_stream/Task001 = 0.1700
	TRACK_MB_acc/train_phase/train_stream/Task002 = 0.0000
	TRACK_MB_acc_MIN/train_phase/train_stream/Task000 = 0.2220
	TRACK_MB_acc_MIN/train_phase/train_stream/Task001 = 0.1490
	TRACK_MB_acc_MIN_AVG/train_phase/train_stream/Task000 = 0.1855
	TRACK_MB_loss/train_phase/train_stream/Task000 = 1.7777
	TRACK_MB_loss/train_phase/train_stream/Task001 = 21.1193
	TRACK_MB_loss/train_phase/train_stream/Task002 = 40.7562
	Time_Epoch/train_phase/train_stream/Task000 = 79.7658
Epoch 1 ended.
	CURRENT_MB_avg_gradnorm_G/train_phase/train_stream/Task000 = 0.0000
	CURRENT_MB_gradnorm_stab/train_phase/train_stream/Task000 = 0.0000
	CURRENT_MB_loss_new/train_phase/train_stream/Task000 = 0.8129
	CURRENT_MB_loss_reg/train_phase/train_stream/Task000 = 0.1122
	Loss_MB/train_phase/train_stream/Task000 = 0.9251
	TRACK_MB_F10/train_phase/train_stream/Task000 = 0.2050
	TRACK_MB_F10/train_phase/train_stream/Task001 = 0.2680
	TRACK_MB_F10/train_phase/train_stream/Task002 = 0.0000
	TRACK_MB_F100/train_phase/train_stream/Task000 = 0.4180
	TRACK_MB_F100/train_phase/train_stream/Task001 = 0.4790
	TRACK_MB_F100/train_phase/train_stream/Task002 = 0.0000
	TRACK_MB_F100_AVG/train_phase/train_stream/Task000 = 0.2990
	TRACK_MB_F10_AVG/train_phase/train_stream/Task000 = 0.1577
	TRACK_MB_LCA/train_phase/train_stream/Task000 = 0.1469
	TRACK_MB_P10/train_phase/train_stream/Task000 = 0.5010
	TRACK_MB_P10/train_phase/train_stream/Task001 = 0.2630
	TRACK_MB_P10/train_phase/train_stream/Task002 = 0.0000
	TRACK_MB_P100/train_phase/train_stream/Task000 = 0.7820
	TRACK_MB_P100/train_phase/train_stream/Task001 = 0.5080
	TRACK_MB_P100/train_phase/train_stream/Task002 = 0.0000
	TRACK_MB_P100_AVG/train_phase/train_stream/Task000 = 0.4300
	TRACK_MB_P10_AVG/train_phase/train_stream/Task000 = 0.2547
	TRACK_MB_WCACC/train_phase/train_stream/Task000 = 0.0843
	TRACK_MB_acc/train_phase/train_stream/Task000 = 0.5140
	TRACK_MB_acc/train_phase/train_stream/Task001 = 0.1060
	TRACK_MB_acc/train_phase/train_stream/Task002 = 0.0000
	TRACK_MB_acc_MIN/train_phase/train_stream/Task000 = 0.2220
	TRACK_MB_acc_MIN/train_phase/train_stream/Task001 = 0.0310
	TRACK_MB_acc_MIN_AVG/train_phase/train_stream/Task000 = 0.1265
	TRACK_MB_loss/train_phase/train_stream/Task000 = 5.7287
	TRACK_MB_loss/train_phase/train_stream/Task001 = 22.5271
	TRACK_MB_loss/train_phase/train_stream/Task002 = 38.9899
	Time_Epoch/train_phase/train_stream/Task000 = 78.6613
Epoch 2 ended.
	CURRENT_MB_avg_gradnorm_G/train_phase/train_stream/Task000 = 0.0000
	CURRENT_MB_gradnorm_stab/train_phase/train_stream/Task000 = 0.0000
	CURRENT_MB_loss_new/train_phase/train_stream/Task000 = 0.7954
	CURRENT_MB_loss_reg/train_phase/train_stream/Task000 = 0.1086
	Loss_MB/train_phase/train_stream/Task000 = 0.9040
	TRACK_MB_F10/train_phase/train_stream/Task000 = 0.2050
	TRACK_MB_F10/train_phase/train_stream/Task001 = 0.2680
	TRACK_MB_F10/train_phase/train_stream/Task002 = 0.0000
	TRACK_MB_F100/train_phase/train_stream/Task000 = 0.4180
	TRACK_MB_F100/train_phase/train_stream/Task001 = 0.4830
	TRACK_MB_F100/train_phase/train_stream/Task002 = 0.0000
	TRACK_MB_F100_AVG/train_phase/train_stream/Task000 = 0.3003
	TRACK_MB_F10_AVG/train_phase/train_stream/Task000 = 0.1577
	TRACK_MB_LCA/train_phase/train_stream/Task000 = 0.1469
	TRACK_MB_P10/train_phase/train_stream/Task000 = 0.5010
	TRACK_MB_P10/train_phase/train_stream/Task001 = 0.2630
	TRACK_MB_P10/train_phase/train_stream/Task002 = 0.0000
	TRACK_MB_P100/train_phase/train_stream/Task000 = 0.7820
	TRACK_MB_P100/train_phase/train_stream/Task001 = 0.5080
	TRACK_MB_P100/train_phase/train_stream/Task002 = 0.0000
	TRACK_MB_P100_AVG/train_phase/train_stream/Task000 = 0.4300
	TRACK_MB_P10_AVG/train_phase/train_stream/Task000 = 0.2547
	TRACK_MB_WCACC/train_phase/train_stream/Task000 = 0.0767
	TRACK_MB_acc/train_phase/train_stream/Task000 = 0.5000
	TRACK_MB_acc/train_phase/train_stream/Task001 = 0.0080
	TRACK_MB_acc/train_phase/train_stream/Task002 = 0.0000
	TRACK_MB_acc_MIN/train_phase/train_stream/Task000 = 0.2220
	TRACK_MB_acc_MIN/train_phase/train_stream/Task001 = 0.0080
	TRACK_MB_acc_MIN_AVG/train_phase/train_stream/Task000 = 0.1150
	TRACK_MB_loss/train_phase/train_stream/Task000 = 2.4877
	TRACK_MB_loss/train_phase/train_stream/Task001 = 39.5247
	TRACK_MB_loss/train_phase/train_stream/Task002 = 41.8329
	Time_Epoch/train_phase/train_stream/Task000 = 78.4621
Epoch 3 ended.
	CURRENT_MB_avg_gradnorm_G/train_phase/train_stream/Task000 = 0.0000
	CURRENT_MB_gradnorm_stab/train_phase/train_stream/Task000 = 0.0000
	CURRENT_MB_loss_new/train_phase/train_stream/Task000 = 0.7896
	CURRENT_MB_loss_reg/train_phase/train_stream/Task000 = 0.0922
	Loss_MB/train_phase/train_stream/Task000 = 0.8818
	TRACK_MB_F10/train_phase/train_stream/Task000 = 0.2050
	TRACK_MB_F10/train_phase/train_stream/Task001 = 0.2680
	TRACK_MB_F10/train_phase/train_stream/Task002 = 0.0000
	TRACK_MB_F100/train_phase/train_stream/Task000 = 0.4180
	TRACK_MB_F100/train_phase/train_stream/Task001 = 0.4830
	TRACK_MB_F100/train_phase/train_stream/Task002 = 0.0000
	TRACK_MB_F100_AVG/train_phase/train_stream/Task000 = 0.3003
	TRACK_MB_F10_AVG/train_phase/train_stream/Task000 = 0.1577
	TRACK_MB_LCA/train_phase/train_stream/Task000 = 0.1469
	TRACK_MB_P10/train_phase/train_stream/Task000 = 0.5010
	TRACK_MB_P10/train_phase/train_stream/Task001 = 0.2630
	TRACK_MB_P10/train_phase/train_stream/Task002 = 0.0000
	TRACK_MB_P100/train_phase/train_stream/Task000 = 0.7820
	TRACK_MB_P100/train_phase/train_stream/Task001 = 0.5080
	TRACK_MB_P100/train_phase/train_stream/Task002 = 0.0000
	TRACK_MB_P100_AVG/train_phase/train_stream/Task000 = 0.4300
	TRACK_MB_P10_AVG/train_phase/train_stream/Task000 = 0.2547
	TRACK_MB_WCACC/train_phase/train_stream/Task000 = 0.0760
	TRACK_MB_acc/train_phase/train_stream/Task000 = 0.4940
	TRACK_MB_acc/train_phase/train_stream/Task001 = 0.0180
	TRACK_MB_acc/train_phase/train_stream/Task002 = 0.0000
	TRACK_MB_acc_MIN/train_phase/train_stream/Task000 = 0.2220
	TRACK_MB_acc_MIN/train_phase/train_stream/Task001 = 0.0060
	TRACK_MB_acc_MIN_AVG/train_phase/train_stream/Task000 = 0.1140
	TRACK_MB_loss/train_phase/train_stream/Task000 = 1.1365
	TRACK_MB_loss/train_phase/train_stream/Task001 = 28.0374
	TRACK_MB_loss/train_phase/train_stream/Task002 = 35.0489
	Time_Epoch/train_phase/train_stream/Task000 = 78.4616
Epoch 4 ended.
	CURRENT_MB_avg_gradnorm_G/train_phase/train_stream/Task000 = 0.0000
	CURRENT_MB_gradnorm_stab/train_phase/train_stream/Task000 = 0.0000
	CURRENT_MB_loss_new/train_phase/train_stream/Task000 = 0.7706
	CURRENT_MB_loss_reg/train_phase/train_stream/Task000 = 0.1122
	Loss_MB/train_phase/train_stream/Task000 = 0.8829
	TRACK_MB_F10/train_phase/train_stream/Task000 = 0.2050
	TRACK_MB_F10/train_phase/train_stream/Task001 = 0.2680
	TRACK_MB_F10/train_phase/train_stream/Task002 = 0.0000
	TRACK_MB_F100/train_phase/train_stream/Task000 = 0.4180
	TRACK_MB_F100/train_phase/train_stream/Task001 = 0.4830
	TRACK_MB_F100/train_phase/train_stream/Task002 = 0.0000
	TRACK_MB_F100_AVG/train_phase/train_stream/Task000 = 0.3003
	TRACK_MB_F10_AVG/train_phase/train_stream/Task000 = 0.1577
	TRACK_MB_LCA/train_phase/train_stream/Task000 = 0.1469
	TRACK_MB_P10/train_phase/train_stream/Task000 = 0.5010
	TRACK_MB_P10/train_phase/train_stream/Task001 = 0.2630
	TRACK_MB_P10/train_phase/train_stream/Task002 = 0.0000
	TRACK_MB_P100/train_phase/train_stream/Task000 = 0.7820
	TRACK_MB_P100/train_phase/train_stream/Task001 = 0.5080
	TRACK_MB_P100/train_phase/train_stream/Task002 = 0.0000
	TRACK_MB_P100_AVG/train_phase/train_stream/Task000 = 0.4300
	TRACK_MB_P10_AVG/train_phase/train_stream/Task000 = 0.2547
	TRACK_MB_WCACC/train_phase/train_stream/Task000 = 0.0740
	TRACK_MB_acc/train_phase/train_stream/Task000 = 0.4890
	TRACK_MB_acc/train_phase/train_stream/Task001 = 0.0140
	TRACK_MB_acc/train_phase/train_stream/Task002 = 0.0000
	TRACK_MB_acc_MIN/train_phase/train_stream/Task000 = 0.2220
	TRACK_MB_acc_MIN/train_phase/train_stream/Task001 = 0.0000
	TRACK_MB_acc_MIN_AVG/train_phase/train_stream/Task000 = 0.1110
	TRACK_MB_loss/train_phase/train_stream/Task000 = 0.9716
	TRACK_MB_loss/train_phase/train_stream/Task001 = 24.2871
	TRACK_MB_loss/train_phase/train_stream/Task002 = 30.9237
	Time_Epoch/train_phase/train_stream/Task000 = 78.8565
Epoch 5 ended.
	CURRENT_MB_avg_gradnorm_G/train_phase/train_stream/Task000 = 0.0000
	CURRENT_MB_gradnorm_stab/train_phase/train_stream/Task000 = 0.0000
	CURRENT_MB_loss_new/train_phase/train_stream/Task000 = 0.7700
	CURRENT_MB_loss_reg/train_phase/train_stream/Task000 = 0.1008
	Loss_MB/train_phase/train_stream/Task000 = 0.8708
	TRACK_MB_F10/train_phase/train_stream/Task000 = 0.2050
	TRACK_MB_F10/train_phase/train_stream/Task001 = 0.2680
	TRACK_MB_F10/train_phase/train_stream/Task002 = 0.0000
	TRACK_MB_F100/train_phase/train_stream/Task000 = 0.4180
	TRACK_MB_F100/train_phase/train_stream/Task001 = 0.4830
	TRACK_MB_F100/train_phase/train_stream/Task002 = 0.0000
	TRACK_MB_F100_AVG/train_phase/train_stream/Task000 = 0.3003
	TRACK_MB_F10_AVG/train_phase/train_stream/Task000 = 0.1577
	TRACK_MB_LCA/train_phase/train_stream/Task000 = 0.1469
	TRACK_MB_P10/train_phase/train_stream/Task000 = 0.5010
	TRACK_MB_P10/train_phase/train_stream/Task001 = 0.2630
	TRACK_MB_P10/train_phase/train_stream/Task002 = 0.0000
	TRACK_MB_P100/train_phase/train_stream/Task000 = 0.7820
	TRACK_MB_P100/train_phase/train_stream/Task001 = 0.5080
	TRACK_MB_P100/train_phase/train_stream/Task002 = 0.0000
	TRACK_MB_P100_AVG/train_phase/train_stream/Task000 = 0.4300
	TRACK_MB_P10_AVG/train_phase/train_stream/Task000 = 0.2547
	TRACK_MB_WCACC/train_phase/train_stream/Task000 = 0.0740
	TRACK_MB_acc/train_phase/train_stream/Task000 = 0.4770
	TRACK_MB_acc/train_phase/train_stream/Task001 = 0.0000
	TRACK_MB_acc/train_phase/train_stream/Task002 = 0.0000
	TRACK_MB_acc_MIN/train_phase/train_stream/Task000 = 0.2220
	TRACK_MB_acc_MIN/train_phase/train_stream/Task001 = 0.0000
	TRACK_MB_acc_MIN_AVG/train_phase/train_stream/Task000 = 0.1110
	TRACK_MB_loss/train_phase/train_stream/Task000 = 1.0283
	TRACK_MB_loss/train_phase/train_stream/Task001 = 33.0576
	TRACK_MB_loss/train_phase/train_stream/Task002 = 31.9291
	Time_Epoch/train_phase/train_stream/Task000 = 79.9312
Epoch 6 ended.
	CURRENT_MB_avg_gradnorm_G/train_phase/train_stream/Task000 = 0.0000
	CURRENT_MB_gradnorm_stab/train_phase/train_stream/Task000 = 0.0000
	CURRENT_MB_loss_new/train_phase/train_stream/Task000 = 0.7699
	CURRENT_MB_loss_reg/train_phase/train_stream/Task000 = 0.0865
	Loss_MB/train_phase/train_stream/Task000 = 0.8564
	TRACK_MB_F10/train_phase/train_stream/Task000 = 0.2050
	TRACK_MB_F10/train_phase/train_stream/Task001 = 0.2680
	TRACK_MB_F10/train_phase/train_stream/Task002 = 0.0000
	TRACK_MB_F100/train_phase/train_stream/Task000 = 0.4180
	TRACK_MB_F100/train_phase/train_stream/Task001 = 0.4830
	TRACK_MB_F100/train_phase/train_stream/Task002 = 0.0000
	TRACK_MB_F100_AVG/train_phase/train_stream/Task000 = 0.3003
	TRACK_MB_F10_AVG/train_phase/train_stream/Task000 = 0.1577
	TRACK_MB_LCA/train_phase/train_stream/Task000 = 0.1469
	TRACK_MB_P10/train_phase/train_stream/Task000 = 0.5010
	TRACK_MB_P10/train_phase/train_stream/Task001 = 0.2630
	TRACK_MB_P10/train_phase/train_stream/Task002 = 0.0000
	TRACK_MB_P100/train_phase/train_stream/Task000 = 0.7820
	TRACK_MB_P100/train_phase/train_stream/Task001 = 0.5080
	TRACK_MB_P100/train_phase/train_stream/Task002 = 0.0000
	TRACK_MB_P100_AVG/train_phase/train_stream/Task000 = 0.4300
	TRACK_MB_P10_AVG/train_phase/train_stream/Task000 = 0.2547
	TRACK_MB_WCACC/train_phase/train_stream/Task000 = 0.0740
	TRACK_MB_acc/train_phase/train_stream/Task000 = 0.5080
	TRACK_MB_acc/train_phase/train_stream/Task001 = 0.0000
	TRACK_MB_acc/train_phase/train_stream/Task002 = 0.0000
	TRACK_MB_acc_MIN/train_phase/train_stream/Task000 = 0.2220
	TRACK_MB_acc_MIN/train_phase/train_stream/Task001 = 0.0000
	TRACK_MB_acc_MIN_AVG/train_phase/train_stream/Task000 = 0.1110
	TRACK_MB_loss/train_phase/train_stream/Task000 = 0.9933
	TRACK_MB_loss/train_phase/train_stream/Task001 = 32.8251
	TRACK_MB_loss/train_phase/train_stream/Task002 = 32.9241
	Time_Epoch/train_phase/train_stream/Task000 = 79.0926
Epoch 7 ended.
	CURRENT_MB_avg_gradnorm_G/train_phase/train_stream/Task000 = 0.0000
	CURRENT_MB_gradnorm_stab/train_phase/train_stream/Task000 = 0.0000
	CURRENT_MB_loss_new/train_phase/train_stream/Task000 = 0.7699
	CURRENT_MB_loss_reg/train_phase/train_stream/Task000 = 0.1025
	Loss_MB/train_phase/train_stream/Task000 = 0.8724
	TRACK_MB_F10/train_phase/train_stream/Task000 = 0.2050
	TRACK_MB_F10/train_phase/train_stream/Task001 = 0.2680
	TRACK_MB_F10/train_phase/train_stream/Task002 = 0.0000
	TRACK_MB_F100/train_phase/train_stream/Task000 = 0.4180
	TRACK_MB_F100/train_phase/train_stream/Task001 = 0.4830
	TRACK_MB_F100/train_phase/train_stream/Task002 = 0.0000
	TRACK_MB_F100_AVG/train_phase/train_stream/Task000 = 0.3003
	TRACK_MB_F10_AVG/train_phase/train_stream/Task000 = 0.1577
	TRACK_MB_LCA/train_phase/train_stream/Task000 = 0.1469
	TRACK_MB_P10/train_phase/train_stream/Task000 = 0.5010
	TRACK_MB_P10/train_phase/train_stream/Task001 = 0.2630
	TRACK_MB_P10/train_phase/train_stream/Task002 = 0.0000
	TRACK_MB_P100/train_phase/train_stream/Task000 = 0.7820
	TRACK_MB_P100/train_phase/train_stream/Task001 = 0.5080
	TRACK_MB_P100/train_phase/train_stream/Task002 = 0.0000
	TRACK_MB_P100_AVG/train_phase/train_stream/Task000 = 0.4300
	TRACK_MB_P10_AVG/train_phase/train_stream/Task000 = 0.2547
	TRACK_MB_WCACC/train_phase/train_stream/Task000 = 0.0740
	TRACK_MB_acc/train_phase/train_stream/Task000 = 0.4820
	TRACK_MB_acc/train_phase/train_stream/Task001 = 0.0000
	TRACK_MB_acc/train_phase/train_stream/Task002 = 0.0000
	TRACK_MB_acc_MIN/train_phase/train_stream/Task000 = 0.2220
	TRACK_MB_acc_MIN/train_phase/train_stream/Task001 = 0.0000
	TRACK_MB_acc_MIN_AVG/train_phase/train_stream/Task000 = 0.1110
	TRACK_MB_loss/train_phase/train_stream/Task000 = 1.0212
	TRACK_MB_loss/train_phase/train_stream/Task001 = 30.8652
	TRACK_MB_loss/train_phase/train_stream/Task002 = 29.7869
	Time_Epoch/train_phase/train_stream/Task000 = 79.4745
Epoch 8 ended.
	CURRENT_MB_avg_gradnorm_G/train_phase/train_stream/Task000 = 0.0000
	CURRENT_MB_gradnorm_stab/train_phase/train_stream/Task000 = 0.0000
	CURRENT_MB_loss_new/train_phase/train_stream/Task000 = 0.7671
	CURRENT_MB_loss_reg/train_phase/train_stream/Task000 = 0.0797
	Loss_MB/train_phase/train_stream/Task000 = 0.8468
	TRACK_MB_F10/train_phase/train_stream/Task000 = 0.2050
	TRACK_MB_F10/train_phase/train_stream/Task001 = 0.2680
	TRACK_MB_F10/train_phase/train_stream/Task002 = 0.0000
	TRACK_MB_F100/train_phase/train_stream/Task000 = 0.4180
	TRACK_MB_F100/train_phase/train_stream/Task001 = 0.4830
	TRACK_MB_F100/train_phase/train_stream/Task002 = 0.0000
	TRACK_MB_F100_AVG/train_phase/train_stream/Task000 = 0.3003
	TRACK_MB_F10_AVG/train_phase/train_stream/Task000 = 0.1577
	TRACK_MB_LCA/train_phase/train_stream/Task000 = 0.1469
	TRACK_MB_P10/train_phase/train_stream/Task000 = 0.5010
	TRACK_MB_P10/train_phase/train_stream/Task001 = 0.2630
	TRACK_MB_P10/train_phase/train_stream/Task002 = 0.0000
	TRACK_MB_P100/train_phase/train_stream/Task000 = 0.7820
	TRACK_MB_P100/train_phase/train_stream/Task001 = 0.5080
	TRACK_MB_P100/train_phase/train_stream/Task002 = 0.0000
	TRACK_MB_P100_AVG/train_phase/train_stream/Task000 = 0.4300
	TRACK_MB_P10_AVG/train_phase/train_stream/Task000 = 0.2547
	TRACK_MB_WCACC/train_phase/train_stream/Task000 = 0.0740
	TRACK_MB_acc/train_phase/train_stream/Task000 = 0.4780
	TRACK_MB_acc/train_phase/train_stream/Task001 = 0.0000
	TRACK_MB_acc/train_phase/train_stream/Task002 = 0.0000
	TRACK_MB_acc_MIN/train_phase/train_stream/Task000 = 0.2220
	TRACK_MB_acc_MIN/train_phase/train_stream/Task001 = 0.0000
	TRACK_MB_acc_MIN_AVG/train_phase/train_stream/Task000 = 0.1110
	TRACK_MB_loss/train_phase/train_stream/Task000 = 0.9968
	TRACK_MB_loss/train_phase/train_stream/Task001 = 28.0210
	TRACK_MB_loss/train_phase/train_stream/Task002 = 27.9543
	Time_Epoch/train_phase/train_stream/Task000 = 78.4708
Epoch 9 ended.
	CURRENT_MB_avg_gradnorm_G/train_phase/train_stream/Task000 = 0.0000
	CURRENT_MB_gradnorm_stab/train_phase/train_stream/Task000 = 0.0000
	CURRENT_MB_loss_new/train_phase/train_stream/Task000 = 0.4900
	CURRENT_MB_loss_reg/train_phase/train_stream/Task000 = 0.1069
	Loss_MB/train_phase/train_stream/Task000 = 0.5968
	TRACK_MB_F10/train_phase/train_stream/Task000 = 0.2050
	TRACK_MB_F10/train_phase/train_stream/Task001 = 0.2680
	TRACK_MB_F10/train_phase/train_stream/Task002 = 0.0710
	TRACK_MB_F100/train_phase/train_stream/Task000 = 0.4180
	TRACK_MB_F100/train_phase/train_stream/Task001 = 0.4830
	TRACK_MB_F100/train_phase/train_stream/Task002 = 0.0710
	TRACK_MB_F100_AVG/train_phase/train_stream/Task000 = 0.3240
	TRACK_MB_F10_AVG/train_phase/train_stream/Task000 = 0.1813
	TRACK_MB_LCA/train_phase/train_stream/Task000 = 0.1469
	TRACK_MB_P10/train_phase/train_stream/Task000 = 0.5010
	TRACK_MB_P10/train_phase/train_stream/Task001 = 0.2630
	TRACK_MB_P10/train_phase/train_stream/Task002 = 0.3940
	TRACK_MB_P100/train_phase/train_stream/Task000 = 0.7820
	TRACK_MB_P100/train_phase/train_stream/Task001 = 0.5080
	TRACK_MB_P100/train_phase/train_stream/Task002 = 0.4910
	TRACK_MB_P100_AVG/train_phase/train_stream/Task000 = 0.5937
	TRACK_MB_P10_AVG/train_phase/train_stream/Task000 = 0.3860
	TRACK_MB_WCACC/train_phase/train_stream/Task000 = 0.2193
	TRACK_MB_acc/train_phase/train_stream/Task000 = 0.3000
	TRACK_MB_acc/train_phase/train_stream/Task001 = 0.0000
	TRACK_MB_acc/train_phase/train_stream/Task002 = 0.4360
	TRACK_MB_acc_MIN/train_phase/train_stream/Task000 = 0.2220
	TRACK_MB_acc_MIN/train_phase/train_stream/Task001 = 0.0000
	TRACK_MB_acc_MIN_AVG/train_phase/train_stream/Task000 = 0.1110
	TRACK_MB_loss/train_phase/train_stream/Task000 = 2.2309
	TRACK_MB_loss/train_phase/train_stream/Task001 = 27.8436
	TRACK_MB_loss/train_phase/train_stream/Task002 = 14.2515
	Time_Epoch/train_phase/train_stream/Task000 = 78.7799
-- >> End of training phase << --
End training on experience 2

======================================== EVAL ========================================
Standard Continual Learning eval on entire test set on task transition.
-- >> Start of eval phase << --
-- Starting eval on experience 0 (Task 0) from test stream --
> Eval on experience 0 (Task 0) from test stream ended.
	ExperienceForgetting/eval_phase/test_stream/Task000/Exp000 = 0.3470
	Loss_Exp/eval_phase/test_stream/Task000/Exp000 = 2.1619
	Top1_Acc_Exp/eval_phase/test_stream/Task000/Exp000 = 0.3105
-- Starting eval on experience 1 (Task 0) from test stream --
> Eval on experience 1 (Task 0) from test stream ended.
	ExperienceForgetting/eval_phase/test_stream/Task000/Exp001 = 0.4485
	Loss_Exp/eval_phase/test_stream/Task000/Exp001 = 27.6082
	Top1_Acc_Exp/eval_phase/test_stream/Task000/Exp001 = 0.0000
-- Starting eval on experience 2 (Task 0) from test stream --
> Eval on experience 2 (Task 0) from test stream ended.
	Loss_Exp/eval_phase/test_stream/Task000/Exp002 = 13.9012
	Top1_Acc_Exp/eval_phase/test_stream/Task000/Exp002 = 0.4465
-- Starting eval on experience 3 (Task 0) from test stream --
> Eval on experience 3 (Task 0) from test stream ended.
	Loss_Exp/eval_phase/test_stream/Task000/Exp003 = 29.0748
	Top1_Acc_Exp/eval_phase/test_stream/Task000/Exp003 = 0.0000
-- Starting eval on experience 4 (Task 0) from test stream --
> Eval on experience 4 (Task 0) from test stream ended.
	Loss_Exp/eval_phase/test_stream/Task000/Exp004 = 30.5514
	Top1_Acc_Exp/eval_phase/test_stream/Task000/Exp004 = 0.0000
-- >> End of eval phase << --
	ConfusionMatrix_Stream/eval_phase/test_stream = <avalanche.evaluation.metric_results.AlternativeValues object at 0x7f52703b86d0>
	Loss_Stream/eval_phase/test_stream/Task000 = 20.6595
	StreamForgetting/eval_phase/test_stream = 0.3977
	Top1_Acc_Stream/eval_phase/test_stream/Task000 = 0.1514
[FILE:TASK-RESULTS]: /home/yhguo/yuxuan/CL/origin/ContinualEvaluation/results/ER_CIFAR10_e=10_reproduce_paper_now=2024-04-07_06-18_uid=c9f5c6c857fe4735aea4919407478057/results_summary/seed=2/task2_results.pt

---------------------------------------- TRAIN ----------------------------------------
Start training on experience 3
-- >> Start of training phase << --
-- Starting training on experience 3 (Task 0) from train stream --
Epoch 0 ended.
	CURRENT_MB_avg_gradnorm_G/train_phase/train_stream/Task000 = 0.0000
	CURRENT_MB_gradnorm_stab/train_phase/train_stream/Task000 = 0.0000
	CURRENT_MB_loss_new/train_phase/train_stream/Task000 = 0.8399
	CURRENT_MB_loss_reg/train_phase/train_stream/Task000 = 0.1498
	Loss_MB/train_phase/train_stream/Task000 = 0.9897
	TRACK_MB_F10/train_phase/train_stream/Task000 = 0.2050
	TRACK_MB_F10/train_phase/train_stream/Task001 = 0.2680
	TRACK_MB_F10/train_phase/train_stream/Task002 = 0.0770
	TRACK_MB_F10/train_phase/train_stream/Task003 = 0.0000
	TRACK_MB_F100/train_phase/train_stream/Task000 = 0.4180
	TRACK_MB_F100/train_phase/train_stream/Task001 = 0.4830
	TRACK_MB_F100/train_phase/train_stream/Task002 = 0.1690
	TRACK_MB_F100/train_phase/train_stream/Task003 = 0.0000
	TRACK_MB_F100_AVG/train_phase/train_stream/Task000 = 0.2675
	TRACK_MB_F10_AVG/train_phase/train_stream/Task000 = 0.1375
	TRACK_MB_LCA/train_phase/train_stream/Task000 = 0.1102
	TRACK_MB_P10/train_phase/train_stream/Task000 = 0.5010
	TRACK_MB_P10/train_phase/train_stream/Task001 = 0.2630
	TRACK_MB_P10/train_phase/train_stream/Task002 = 0.3940
	TRACK_MB_P10/train_phase/train_stream/Task003 = 0.0000
	TRACK_MB_P100/train_phase/train_stream/Task000 = 0.7820
	TRACK_MB_P100/train_phase/train_stream/Task001 = 0.5080
	TRACK_MB_P100/train_phase/train_stream/Task002 = 0.4910
	TRACK_MB_P100/train_phase/train_stream/Task003 = 0.0000
	TRACK_MB_P100_AVG/train_phase/train_stream/Task000 = 0.4452
	TRACK_MB_P10_AVG/train_phase/train_stream/Task000 = 0.2895
	TRACK_MB_WCACC/train_phase/train_stream/Task000 = 0.1360
	TRACK_MB_acc/train_phase/train_stream/Task000 = 0.4330
	TRACK_MB_acc/train_phase/train_stream/Task001 = 0.0000
	TRACK_MB_acc/train_phase/train_stream/Task002 = 0.3990
	TRACK_MB_acc/train_phase/train_stream/Task003 = 0.0000
	TRACK_MB_acc_MIN/train_phase/train_stream/Task000 = 0.2220
	TRACK_MB_acc_MIN/train_phase/train_stream/Task001 = 0.0000
	TRACK_MB_acc_MIN/train_phase/train_stream/Task002 = 0.3220
	TRACK_MB_acc_MIN_AVG/train_phase/train_stream/Task000 = 0.1813
	TRACK_MB_loss/train_phase/train_stream/Task000 = 1.4174
	TRACK_MB_loss/train_phase/train_stream/Task001 = 28.4825
	TRACK_MB_loss/train_phase/train_stream/Task002 = 13.7463
	TRACK_MB_loss/train_phase/train_stream/Task003 = 26.8038
	Time_Epoch/train_phase/train_stream/Task000 = 102.9051
Epoch 1 ended.
	CURRENT_MB_avg_gradnorm_G/train_phase/train_stream/Task000 = 0.0000
	CURRENT_MB_gradnorm_stab/train_phase/train_stream/Task000 = 0.0000
	CURRENT_MB_loss_new/train_phase/train_stream/Task000 = 0.8173
	CURRENT_MB_loss_reg/train_phase/train_stream/Task000 = 0.1291
	Loss_MB/train_phase/train_stream/Task000 = 0.9465
	TRACK_MB_F10/train_phase/train_stream/Task000 = 0.2050
	TRACK_MB_F10/train_phase/train_stream/Task001 = 0.2680
	TRACK_MB_F10/train_phase/train_stream/Task002 = 0.0820
	TRACK_MB_F10/train_phase/train_stream/Task003 = 0.0000
	TRACK_MB_F100/train_phase/train_stream/Task000 = 0.4180
	TRACK_MB_F100/train_phase/train_stream/Task001 = 0.4830
	TRACK_MB_F100/train_phase/train_stream/Task002 = 0.2640
	TRACK_MB_F100/train_phase/train_stream/Task003 = 0.0000
	TRACK_MB_F100_AVG/train_phase/train_stream/Task000 = 0.2912
	TRACK_MB_F10_AVG/train_phase/train_stream/Task000 = 0.1388
	TRACK_MB_LCA/train_phase/train_stream/Task000 = 0.1102
	TRACK_MB_P10/train_phase/train_stream/Task000 = 0.5010
	TRACK_MB_P10/train_phase/train_stream/Task001 = 0.2630
	TRACK_MB_P10/train_phase/train_stream/Task002 = 0.3940
	TRACK_MB_P10/train_phase/train_stream/Task003 = 0.0000
	TRACK_MB_P100/train_phase/train_stream/Task000 = 0.7820
	TRACK_MB_P100/train_phase/train_stream/Task001 = 0.5080
	TRACK_MB_P100/train_phase/train_stream/Task002 = 0.4910
	TRACK_MB_P100/train_phase/train_stream/Task003 = 0.0000
	TRACK_MB_P100_AVG/train_phase/train_stream/Task000 = 0.4452
	TRACK_MB_P10_AVG/train_phase/train_stream/Task000 = 0.2895
	TRACK_MB_WCACC/train_phase/train_stream/Task000 = 0.1123
	TRACK_MB_acc/train_phase/train_stream/Task000 = 0.4830
	TRACK_MB_acc/train_phase/train_stream/Task001 = 0.0000
	TRACK_MB_acc/train_phase/train_stream/Task002 = 0.2860
	TRACK_MB_acc/train_phase/train_stream/Task003 = 0.0000
	TRACK_MB_acc_MIN/train_phase/train_stream/Task000 = 0.2220
	TRACK_MB_acc_MIN/train_phase/train_stream/Task001 = 0.0000
	TRACK_MB_acc_MIN/train_phase/train_stream/Task002 = 0.2270
	TRACK_MB_acc_MIN_AVG/train_phase/train_stream/Task000 = 0.1497
	TRACK_MB_loss/train_phase/train_stream/Task000 = 1.6388
	TRACK_MB_loss/train_phase/train_stream/Task001 = 29.1337
	TRACK_MB_loss/train_phase/train_stream/Task002 = 18.0701
	TRACK_MB_loss/train_phase/train_stream/Task003 = 30.1709
	Time_Epoch/train_phase/train_stream/Task000 = 102.9390
Epoch 2 ended.
	CURRENT_MB_avg_gradnorm_G/train_phase/train_stream/Task000 = 0.0000
	CURRENT_MB_gradnorm_stab/train_phase/train_stream/Task000 = 0.0000
	CURRENT_MB_loss_new/train_phase/train_stream/Task000 = 0.7791
	CURRENT_MB_loss_reg/train_phase/train_stream/Task000 = 0.1350
	Loss_MB/train_phase/train_stream/Task000 = 0.9141
	TRACK_MB_F10/train_phase/train_stream/Task000 = 0.2050
	TRACK_MB_F10/train_phase/train_stream/Task001 = 0.2680
	TRACK_MB_F10/train_phase/train_stream/Task002 = 0.1520
	TRACK_MB_F10/train_phase/train_stream/Task003 = 0.0000
	TRACK_MB_F100/train_phase/train_stream/Task000 = 0.4180
	TRACK_MB_F100/train_phase/train_stream/Task001 = 0.4830
	TRACK_MB_F100/train_phase/train_stream/Task002 = 0.2930
	TRACK_MB_F100/train_phase/train_stream/Task003 = 0.0000
	TRACK_MB_F100_AVG/train_phase/train_stream/Task000 = 0.2985
	TRACK_MB_F10_AVG/train_phase/train_stream/Task000 = 0.1562
	TRACK_MB_LCA/train_phase/train_stream/Task000 = 0.1102
	TRACK_MB_P10/train_phase/train_stream/Task000 = 0.5010
	TRACK_MB_P10/train_phase/train_stream/Task001 = 0.2630
	TRACK_MB_P10/train_phase/train_stream/Task002 = 0.3940
	TRACK_MB_P10/train_phase/train_stream/Task003 = 0.0000
	TRACK_MB_P100/train_phase/train_stream/Task000 = 0.7820
	TRACK_MB_P100/train_phase/train_stream/Task001 = 0.5080
	TRACK_MB_P100/train_phase/train_stream/Task002 = 0.4910
	TRACK_MB_P100/train_phase/train_stream/Task003 = 0.0000
	TRACK_MB_P100_AVG/train_phase/train_stream/Task000 = 0.4452
	TRACK_MB_P10_AVG/train_phase/train_stream/Task000 = 0.2895
	TRACK_MB_WCACC/train_phase/train_stream/Task000 = 0.0820
	TRACK_MB_acc/train_phase/train_stream/Task000 = 0.5050
	TRACK_MB_acc/train_phase/train_stream/Task001 = 0.0000
	TRACK_MB_acc/train_phase/train_stream/Task002 = 0.1060
	TRACK_MB_acc/train_phase/train_stream/Task003 = 0.0000
	TRACK_MB_acc_MIN/train_phase/train_stream/Task000 = 0.2220
	TRACK_MB_acc_MIN/train_phase/train_stream/Task001 = 0.0000
	TRACK_MB_acc_MIN/train_phase/train_stream/Task002 = 0.1060
	TRACK_MB_acc_MIN_AVG/train_phase/train_stream/Task000 = 0.1093
	TRACK_MB_loss/train_phase/train_stream/Task000 = 1.2738
	TRACK_MB_loss/train_phase/train_stream/Task001 = 31.1574
	TRACK_MB_loss/train_phase/train_stream/Task002 = 19.7511
	TRACK_MB_loss/train_phase/train_stream/Task003 = 26.6965
	Time_Epoch/train_phase/train_stream/Task000 = 100.9249
Epoch 3 ended.
	CURRENT_MB_avg_gradnorm_G/train_phase/train_stream/Task000 = 0.0000
	CURRENT_MB_gradnorm_stab/train_phase/train_stream/Task000 = 0.0000
	CURRENT_MB_loss_new/train_phase/train_stream/Task000 = 0.7750
	CURRENT_MB_loss_reg/train_phase/train_stream/Task000 = 0.1218
	Loss_MB/train_phase/train_stream/Task000 = 0.8968
	TRACK_MB_F10/train_phase/train_stream/Task000 = 0.2050
	TRACK_MB_F10/train_phase/train_stream/Task001 = 0.2680
	TRACK_MB_F10/train_phase/train_stream/Task002 = 0.1750
	TRACK_MB_F10/train_phase/train_stream/Task003 = 0.0000
	TRACK_MB_F100/train_phase/train_stream/Task000 = 0.4180
	TRACK_MB_F100/train_phase/train_stream/Task001 = 0.4830
	TRACK_MB_F100/train_phase/train_stream/Task002 = 0.3990
	TRACK_MB_F100/train_phase/train_stream/Task003 = 0.0000
	TRACK_MB_F100_AVG/train_phase/train_stream/Task000 = 0.3250
	TRACK_MB_F10_AVG/train_phase/train_stream/Task000 = 0.1620
	TRACK_MB_LCA/train_phase/train_stream/Task000 = 0.1102
	TRACK_MB_P10/train_phase/train_stream/Task000 = 0.5010
	TRACK_MB_P10/train_phase/train_stream/Task001 = 0.2630
	TRACK_MB_P10/train_phase/train_stream/Task002 = 0.3940
	TRACK_MB_P10/train_phase/train_stream/Task003 = 0.0000
	TRACK_MB_P100/train_phase/train_stream/Task000 = 0.7820
	TRACK_MB_P100/train_phase/train_stream/Task001 = 0.5080
	TRACK_MB_P100/train_phase/train_stream/Task002 = 0.4910
	TRACK_MB_P100/train_phase/train_stream/Task003 = 0.0000
	TRACK_MB_P100_AVG/train_phase/train_stream/Task000 = 0.4452
	TRACK_MB_P10_AVG/train_phase/train_stream/Task000 = 0.2895
	TRACK_MB_WCACC/train_phase/train_stream/Task000 = 0.0555
	TRACK_MB_acc/train_phase/train_stream/Task000 = 0.4850
	TRACK_MB_acc/train_phase/train_stream/Task001 = 0.0000
	TRACK_MB_acc/train_phase/train_stream/Task002 = 0.0000
	TRACK_MB_acc/train_phase/train_stream/Task003 = 0.0000
	TRACK_MB_acc_MIN/train_phase/train_stream/Task000 = 0.2220
	TRACK_MB_acc_MIN/train_phase/train_stream/Task001 = 0.0000
	TRACK_MB_acc_MIN/train_phase/train_stream/Task002 = 0.0000
	TRACK_MB_acc_MIN_AVG/train_phase/train_stream/Task000 = 0.0740
	TRACK_MB_loss/train_phase/train_stream/Task000 = 1.1019
	TRACK_MB_loss/train_phase/train_stream/Task001 = 32.7527
	TRACK_MB_loss/train_phase/train_stream/Task002 = 30.3468
	TRACK_MB_loss/train_phase/train_stream/Task003 = 31.1277
	Time_Epoch/train_phase/train_stream/Task000 = 103.1891
Epoch 4 ended.
	CURRENT_MB_avg_gradnorm_G/train_phase/train_stream/Task000 = 0.0000
	CURRENT_MB_gradnorm_stab/train_phase/train_stream/Task000 = 0.0000
	CURRENT_MB_loss_new/train_phase/train_stream/Task000 = 0.7701
	CURRENT_MB_loss_reg/train_phase/train_stream/Task000 = 0.1209
	Loss_MB/train_phase/train_stream/Task000 = 0.8910
	TRACK_MB_F10/train_phase/train_stream/Task000 = 0.2050
	TRACK_MB_F10/train_phase/train_stream/Task001 = 0.2680
	TRACK_MB_F10/train_phase/train_stream/Task002 = 0.1750
	TRACK_MB_F10/train_phase/train_stream/Task003 = 0.0000
	TRACK_MB_F100/train_phase/train_stream/Task000 = 0.4180
	TRACK_MB_F100/train_phase/train_stream/Task001 = 0.4830
	TRACK_MB_F100/train_phase/train_stream/Task002 = 0.3990
	TRACK_MB_F100/train_phase/train_stream/Task003 = 0.0000
	TRACK_MB_F100_AVG/train_phase/train_stream/Task000 = 0.3250
	TRACK_MB_F10_AVG/train_phase/train_stream/Task000 = 0.1620
	TRACK_MB_LCA/train_phase/train_stream/Task000 = 0.1102
	TRACK_MB_P10/train_phase/train_stream/Task000 = 0.5010
	TRACK_MB_P10/train_phase/train_stream/Task001 = 0.2630
	TRACK_MB_P10/train_phase/train_stream/Task002 = 0.3940
	TRACK_MB_P10/train_phase/train_stream/Task003 = 0.0000
	TRACK_MB_P100/train_phase/train_stream/Task000 = 0.7820
	TRACK_MB_P100/train_phase/train_stream/Task001 = 0.5080
	TRACK_MB_P100/train_phase/train_stream/Task002 = 0.4910
	TRACK_MB_P100/train_phase/train_stream/Task003 = 0.0000
	TRACK_MB_P100_AVG/train_phase/train_stream/Task000 = 0.4452
	TRACK_MB_P10_AVG/train_phase/train_stream/Task000 = 0.2895
	TRACK_MB_WCACC/train_phase/train_stream/Task000 = 0.0555
	TRACK_MB_acc/train_phase/train_stream/Task000 = 0.4900
	TRACK_MB_acc/train_phase/train_stream/Task001 = 0.0000
	TRACK_MB_acc/train_phase/train_stream/Task002 = 0.0000
	TRACK_MB_acc/train_phase/train_stream/Task003 = 0.0000
	TRACK_MB_acc_MIN/train_phase/train_stream/Task000 = 0.2220
	TRACK_MB_acc_MIN/train_phase/train_stream/Task001 = 0.0000
	TRACK_MB_acc_MIN/train_phase/train_stream/Task002 = 0.0000
	TRACK_MB_acc_MIN_AVG/train_phase/train_stream/Task000 = 0.0740
	TRACK_MB_loss/train_phase/train_stream/Task000 = 0.9809
	TRACK_MB_loss/train_phase/train_stream/Task001 = 29.8331
	TRACK_MB_loss/train_phase/train_stream/Task002 = 29.6518
	TRACK_MB_loss/train_phase/train_stream/Task003 = 27.1620
	Time_Epoch/train_phase/train_stream/Task000 = 102.8843
Epoch 5 ended.
	CURRENT_MB_avg_gradnorm_G/train_phase/train_stream/Task000 = 0.0000
	CURRENT_MB_gradnorm_stab/train_phase/train_stream/Task000 = 0.0000
	CURRENT_MB_loss_new/train_phase/train_stream/Task000 = 0.7622
	CURRENT_MB_loss_reg/train_phase/train_stream/Task000 = 0.1169
	Loss_MB/train_phase/train_stream/Task000 = 0.8791
	TRACK_MB_F10/train_phase/train_stream/Task000 = 0.2050
	TRACK_MB_F10/train_phase/train_stream/Task001 = 0.2680
	TRACK_MB_F10/train_phase/train_stream/Task002 = 0.1750
	TRACK_MB_F10/train_phase/train_stream/Task003 = 0.0000
	TRACK_MB_F100/train_phase/train_stream/Task000 = 0.4180
	TRACK_MB_F100/train_phase/train_stream/Task001 = 0.4830
	TRACK_MB_F100/train_phase/train_stream/Task002 = 0.3990
	TRACK_MB_F100/train_phase/train_stream/Task003 = 0.0000
	TRACK_MB_F100_AVG/train_phase/train_stream/Task000 = 0.3250
	TRACK_MB_F10_AVG/train_phase/train_stream/Task000 = 0.1620
	TRACK_MB_LCA/train_phase/train_stream/Task000 = 0.1102
	TRACK_MB_P10/train_phase/train_stream/Task000 = 0.5010
	TRACK_MB_P10/train_phase/train_stream/Task001 = 0.2630
	TRACK_MB_P10/train_phase/train_stream/Task002 = 0.3940
	TRACK_MB_P10/train_phase/train_stream/Task003 = 0.0000
	TRACK_MB_P100/train_phase/train_stream/Task000 = 0.7820
	TRACK_MB_P100/train_phase/train_stream/Task001 = 0.5080
	TRACK_MB_P100/train_phase/train_stream/Task002 = 0.4910
	TRACK_MB_P100/train_phase/train_stream/Task003 = 0.0000
	TRACK_MB_P100_AVG/train_phase/train_stream/Task000 = 0.4452
	TRACK_MB_P10_AVG/train_phase/train_stream/Task000 = 0.2895
	TRACK_MB_WCACC/train_phase/train_stream/Task000 = 0.0555
	TRACK_MB_acc/train_phase/train_stream/Task000 = 0.5100
	TRACK_MB_acc/train_phase/train_stream/Task001 = 0.0000
	TRACK_MB_acc/train_phase/train_stream/Task002 = 0.0000
	TRACK_MB_acc/train_phase/train_stream/Task003 = 0.0000
	TRACK_MB_acc_MIN/train_phase/train_stream/Task000 = 0.2220
	TRACK_MB_acc_MIN/train_phase/train_stream/Task001 = 0.0000
	TRACK_MB_acc_MIN/train_phase/train_stream/Task002 = 0.0000
	TRACK_MB_acc_MIN_AVG/train_phase/train_stream/Task000 = 0.0740
	TRACK_MB_loss/train_phase/train_stream/Task000 = 1.0294
	TRACK_MB_loss/train_phase/train_stream/Task001 = 34.6122
	TRACK_MB_loss/train_phase/train_stream/Task002 = 32.7642
	TRACK_MB_loss/train_phase/train_stream/Task003 = 24.9751
	Time_Epoch/train_phase/train_stream/Task000 = 101.3749
Epoch 6 ended.
	CURRENT_MB_avg_gradnorm_G/train_phase/train_stream/Task000 = 0.0000
	CURRENT_MB_gradnorm_stab/train_phase/train_stream/Task000 = 0.0000
	CURRENT_MB_loss_new/train_phase/train_stream/Task000 = 0.2178
	CURRENT_MB_loss_reg/train_phase/train_stream/Task000 = 0.1625
	Loss_MB/train_phase/train_stream/Task000 = 0.3803
	TRACK_MB_F10/train_phase/train_stream/Task000 = 0.2050
	TRACK_MB_F10/train_phase/train_stream/Task001 = 0.2680
	TRACK_MB_F10/train_phase/train_stream/Task002 = 0.1750
	TRACK_MB_F10/train_phase/train_stream/Task003 = 0.0710
	TRACK_MB_F100/train_phase/train_stream/Task000 = 0.4180
	TRACK_MB_F100/train_phase/train_stream/Task001 = 0.4830
	TRACK_MB_F100/train_phase/train_stream/Task002 = 0.3990
	TRACK_MB_F100/train_phase/train_stream/Task003 = 0.0710
	TRACK_MB_F100_AVG/train_phase/train_stream/Task000 = 0.3427
	TRACK_MB_F10_AVG/train_phase/train_stream/Task000 = 0.1797
	TRACK_MB_LCA/train_phase/train_stream/Task000 = 0.1102
	TRACK_MB_P10/train_phase/train_stream/Task000 = 0.5010
	TRACK_MB_P10/train_phase/train_stream/Task001 = 0.2630
	TRACK_MB_P10/train_phase/train_stream/Task002 = 0.3940
	TRACK_MB_P10/train_phase/train_stream/Task003 = 0.0690
	TRACK_MB_P100/train_phase/train_stream/Task000 = 0.7820
	TRACK_MB_P100/train_phase/train_stream/Task001 = 0.5080
	TRACK_MB_P100/train_phase/train_stream/Task002 = 0.4910
	TRACK_MB_P100/train_phase/train_stream/Task003 = 0.0710
	TRACK_MB_P100_AVG/train_phase/train_stream/Task000 = 0.4630
	TRACK_MB_P10_AVG/train_phase/train_stream/Task000 = 0.3067
	TRACK_MB_WCACC/train_phase/train_stream/Task000 = 0.0555
	TRACK_MB_acc/train_phase/train_stream/Task000 = 0.5010
	TRACK_MB_acc/train_phase/train_stream/Task001 = 0.0020
	TRACK_MB_acc/train_phase/train_stream/Task002 = 0.0000
	TRACK_MB_acc/train_phase/train_stream/Task003 = 0.0000
	TRACK_MB_acc_MIN/train_phase/train_stream/Task000 = 0.2220
	TRACK_MB_acc_MIN/train_phase/train_stream/Task001 = 0.0000
	TRACK_MB_acc_MIN/train_phase/train_stream/Task002 = 0.0000
	TRACK_MB_acc_MIN_AVG/train_phase/train_stream/Task000 = 0.0740
	TRACK_MB_loss/train_phase/train_stream/Task000 = 2.5226
	TRACK_MB_loss/train_phase/train_stream/Task001 = 47.9125
	TRACK_MB_loss/train_phase/train_stream/Task002 = 52.4046
	TRACK_MB_loss/train_phase/train_stream/Task003 = 35.9307
	Time_Epoch/train_phase/train_stream/Task000 = 101.9588
Epoch 7 ended.
	CURRENT_MB_avg_gradnorm_G/train_phase/train_stream/Task000 = 0.0000
	CURRENT_MB_gradnorm_stab/train_phase/train_stream/Task000 = 0.0000
	CURRENT_MB_loss_new/train_phase/train_stream/Task000 = 0.1967
	CURRENT_MB_loss_reg/train_phase/train_stream/Task000 = 0.1448
	Loss_MB/train_phase/train_stream/Task000 = 0.3414
	TRACK_MB_F10/train_phase/train_stream/Task000 = 0.2170
	TRACK_MB_F10/train_phase/train_stream/Task001 = 0.2680
	TRACK_MB_F10/train_phase/train_stream/Task002 = 0.1750
	TRACK_MB_F10/train_phase/train_stream/Task003 = 0.0710
	TRACK_MB_F100/train_phase/train_stream/Task000 = 0.4180
	TRACK_MB_F100/train_phase/train_stream/Task001 = 0.4830
	TRACK_MB_F100/train_phase/train_stream/Task002 = 0.3990
	TRACK_MB_F100/train_phase/train_stream/Task003 = 0.0710
	TRACK_MB_F100_AVG/train_phase/train_stream/Task000 = 0.3427
	TRACK_MB_F10_AVG/train_phase/train_stream/Task000 = 0.1828
	TRACK_MB_LCA/train_phase/train_stream/Task000 = 0.1102
	TRACK_MB_P10/train_phase/train_stream/Task000 = 0.5010
	TRACK_MB_P10/train_phase/train_stream/Task001 = 0.2630
	TRACK_MB_P10/train_phase/train_stream/Task002 = 0.3940
	TRACK_MB_P10/train_phase/train_stream/Task003 = 0.2030
	TRACK_MB_P100/train_phase/train_stream/Task000 = 0.7820
	TRACK_MB_P100/train_phase/train_stream/Task001 = 0.5080
	TRACK_MB_P100/train_phase/train_stream/Task002 = 0.4910
	TRACK_MB_P100/train_phase/train_stream/Task003 = 0.3300
	TRACK_MB_P100_AVG/train_phase/train_stream/Task000 = 0.5277
	TRACK_MB_P10_AVG/train_phase/train_stream/Task000 = 0.3402
	TRACK_MB_WCACC/train_phase/train_stream/Task000 = 0.1243
	TRACK_MB_acc/train_phase/train_stream/Task000 = 0.2370
	TRACK_MB_acc/train_phase/train_stream/Task001 = 0.0000
	TRACK_MB_acc/train_phase/train_stream/Task002 = 0.0000
	TRACK_MB_acc/train_phase/train_stream/Task003 = 0.2750
	TRACK_MB_acc_MIN/train_phase/train_stream/Task000 = 0.2220
	TRACK_MB_acc_MIN/train_phase/train_stream/Task001 = 0.0000
	TRACK_MB_acc_MIN/train_phase/train_stream/Task002 = 0.0000
	TRACK_MB_acc_MIN_AVG/train_phase/train_stream/Task000 = 0.0740
	TRACK_MB_loss/train_phase/train_stream/Task000 = 2.5424
	TRACK_MB_loss/train_phase/train_stream/Task001 = 25.0254
	TRACK_MB_loss/train_phase/train_stream/Task002 = 24.9349
	TRACK_MB_loss/train_phase/train_stream/Task003 = 3.1138
	Time_Epoch/train_phase/train_stream/Task000 = 104.1351
Epoch 8 ended.
	CURRENT_MB_avg_gradnorm_G/train_phase/train_stream/Task000 = 0.0000
	CURRENT_MB_gradnorm_stab/train_phase/train_stream/Task000 = 0.0000
	CURRENT_MB_loss_new/train_phase/train_stream/Task000 = 0.1848
	CURRENT_MB_loss_reg/train_phase/train_stream/Task000 = 0.1517
	Loss_MB/train_phase/train_stream/Task000 = 0.3365
	TRACK_MB_F10/train_phase/train_stream/Task000 = 0.2590
	TRACK_MB_F10/train_phase/train_stream/Task001 = 0.2680
	TRACK_MB_F10/train_phase/train_stream/Task002 = 0.1750
	TRACK_MB_F10/train_phase/train_stream/Task003 = 0.2070
	TRACK_MB_F100/train_phase/train_stream/Task000 = 0.4180
	TRACK_MB_F100/train_phase/train_stream/Task001 = 0.4830
	TRACK_MB_F100/train_phase/train_stream/Task002 = 0.3990
	TRACK_MB_F100/train_phase/train_stream/Task003 = 0.3060
	TRACK_MB_F100_AVG/train_phase/train_stream/Task000 = 0.4015
	TRACK_MB_F10_AVG/train_phase/train_stream/Task000 = 0.2273
	TRACK_MB_LCA/train_phase/train_stream/Task000 = 0.1102
	TRACK_MB_P10/train_phase/train_stream/Task000 = 0.5010
	TRACK_MB_P10/train_phase/train_stream/Task001 = 0.2630
	TRACK_MB_P10/train_phase/train_stream/Task002 = 0.3940
	TRACK_MB_P10/train_phase/train_stream/Task003 = 0.2030
	TRACK_MB_P100/train_phase/train_stream/Task000 = 0.7820
	TRACK_MB_P100/train_phase/train_stream/Task001 = 0.5080
	TRACK_MB_P100/train_phase/train_stream/Task002 = 0.4910
	TRACK_MB_P100/train_phase/train_stream/Task003 = 0.3300
	TRACK_MB_P100_AVG/train_phase/train_stream/Task000 = 0.5277
	TRACK_MB_P10_AVG/train_phase/train_stream/Task000 = 0.3402
	TRACK_MB_WCACC/train_phase/train_stream/Task000 = 0.0850
	TRACK_MB_acc/train_phase/train_stream/Task000 = 0.4120
	TRACK_MB_acc/train_phase/train_stream/Task001 = 0.0000
	TRACK_MB_acc/train_phase/train_stream/Task002 = 0.0000
	TRACK_MB_acc/train_phase/train_stream/Task003 = 0.1540
	TRACK_MB_acc_MIN/train_phase/train_stream/Task000 = 0.1860
	TRACK_MB_acc_MIN/train_phase/train_stream/Task001 = 0.0000
	TRACK_MB_acc_MIN/train_phase/train_stream/Task002 = 0.0000
	TRACK_MB_acc_MIN_AVG/train_phase/train_stream/Task000 = 0.0620
	TRACK_MB_loss/train_phase/train_stream/Task000 = 1.4039
	TRACK_MB_loss/train_phase/train_stream/Task001 = 22.9227
	TRACK_MB_loss/train_phase/train_stream/Task002 = 23.0352
	TRACK_MB_loss/train_phase/train_stream/Task003 = 5.7625
	Time_Epoch/train_phase/train_stream/Task000 = 103.5953
Epoch 9 ended.
	CURRENT_MB_avg_gradnorm_G/train_phase/train_stream/Task000 = 0.0000
	CURRENT_MB_gradnorm_stab/train_phase/train_stream/Task000 = 0.0000
	CURRENT_MB_loss_new/train_phase/train_stream/Task000 = 0.1834
	CURRENT_MB_loss_reg/train_phase/train_stream/Task000 = 0.1430
	Loss_MB/train_phase/train_stream/Task000 = 0.3264
	TRACK_MB_F10/train_phase/train_stream/Task000 = 0.2590
	TRACK_MB_F10/train_phase/train_stream/Task001 = 0.2680
	TRACK_MB_F10/train_phase/train_stream/Task002 = 0.1750
	TRACK_MB_F10/train_phase/train_stream/Task003 = 0.2070
	TRACK_MB_F100/train_phase/train_stream/Task000 = 0.4180
	TRACK_MB_F100/train_phase/train_stream/Task001 = 0.4830
	TRACK_MB_F100/train_phase/train_stream/Task002 = 0.3990
	TRACK_MB_F100/train_phase/train_stream/Task003 = 0.3060
	TRACK_MB_F100_AVG/train_phase/train_stream/Task000 = 0.4015
	TRACK_MB_F10_AVG/train_phase/train_stream/Task000 = 0.2273
	TRACK_MB_LCA/train_phase/train_stream/Task000 = 0.1102
	TRACK_MB_P10/train_phase/train_stream/Task000 = 0.5010
	TRACK_MB_P10/train_phase/train_stream/Task001 = 0.2630
	TRACK_MB_P10/train_phase/train_stream/Task002 = 0.3940
	TRACK_MB_P10/train_phase/train_stream/Task003 = 0.2030
	TRACK_MB_P100/train_phase/train_stream/Task000 = 0.7820
	TRACK_MB_P100/train_phase/train_stream/Task001 = 0.5080
	TRACK_MB_P100/train_phase/train_stream/Task002 = 0.4910
	TRACK_MB_P100/train_phase/train_stream/Task003 = 0.3300
	TRACK_MB_P100_AVG/train_phase/train_stream/Task000 = 0.5277
	TRACK_MB_P10_AVG/train_phase/train_stream/Task000 = 0.3402
	TRACK_MB_WCACC/train_phase/train_stream/Task000 = 0.0752
	TRACK_MB_acc/train_phase/train_stream/Task000 = 0.4360
	TRACK_MB_acc/train_phase/train_stream/Task001 = 0.0000
	TRACK_MB_acc/train_phase/train_stream/Task002 = 0.0000
	TRACK_MB_acc/train_phase/train_stream/Task003 = 0.1150
	TRACK_MB_acc_MIN/train_phase/train_stream/Task000 = 0.1860
	TRACK_MB_acc_MIN/train_phase/train_stream/Task001 = 0.0000
	TRACK_MB_acc_MIN/train_phase/train_stream/Task002 = 0.0000
	TRACK_MB_acc_MIN_AVG/train_phase/train_stream/Task000 = 0.0620
	TRACK_MB_loss/train_phase/train_stream/Task000 = 1.1468
	TRACK_MB_loss/train_phase/train_stream/Task001 = 24.9387
	TRACK_MB_loss/train_phase/train_stream/Task002 = 27.0999
	TRACK_MB_loss/train_phase/train_stream/Task003 = 8.6381
	Time_Epoch/train_phase/train_stream/Task000 = 104.7166
-- >> End of training phase << --
End training on experience 3

======================================== EVAL ========================================
Standard Continual Learning eval on entire test set on task transition.
-- >> Start of eval phase << --
-- Starting eval on experience 0 (Task 0) from test stream --
> Eval on experience 0 (Task 0) from test stream ended.
	ExperienceForgetting/eval_phase/test_stream/Task000/Exp000 = 0.2110
	Loss_Exp/eval_phase/test_stream/Task000/Exp000 = 1.1321
	Top1_Acc_Exp/eval_phase/test_stream/Task000/Exp000 = 0.4465
-- Starting eval on experience 1 (Task 0) from test stream --
> Eval on experience 1 (Task 0) from test stream ended.
	ExperienceForgetting/eval_phase/test_stream/Task000/Exp001 = 0.4485
	Loss_Exp/eval_phase/test_stream/Task000/Exp001 = 24.7657
	Top1_Acc_Exp/eval_phase/test_stream/Task000/Exp001 = 0.0000
-- Starting eval on experience 2 (Task 0) from test stream --
> Eval on experience 2 (Task 0) from test stream ended.
	ExperienceForgetting/eval_phase/test_stream/Task000/Exp002 = 0.4465
	Loss_Exp/eval_phase/test_stream/Task000/Exp002 = 27.1004
	Top1_Acc_Exp/eval_phase/test_stream/Task000/Exp002 = 0.0000
-- Starting eval on experience 3 (Task 0) from test stream --
> Eval on experience 3 (Task 0) from test stream ended.
	Loss_Exp/eval_phase/test_stream/Task000/Exp003 = 8.9747
	Top1_Acc_Exp/eval_phase/test_stream/Task000/Exp003 = 0.1140
-- Starting eval on experience 4 (Task 0) from test stream --
> Eval on experience 4 (Task 0) from test stream ended.
	Loss_Exp/eval_phase/test_stream/Task000/Exp004 = 32.4686
	Top1_Acc_Exp/eval_phase/test_stream/Task000/Exp004 = 0.0000
-- >> End of eval phase << --
	ConfusionMatrix_Stream/eval_phase/test_stream = <avalanche.evaluation.metric_results.AlternativeValues object at 0x7f5267cdff70>
	Loss_Stream/eval_phase/test_stream/Task000 = 18.8883
	StreamForgetting/eval_phase/test_stream = 0.3687
	Top1_Acc_Stream/eval_phase/test_stream/Task000 = 0.1121
[FILE:TASK-RESULTS]: /home/yhguo/yuxuan/CL/origin/ContinualEvaluation/results/ER_CIFAR10_e=10_reproduce_paper_now=2024-04-07_06-18_uid=c9f5c6c857fe4735aea4919407478057/results_summary/seed=2/task3_results.pt

---------------------------------------- TRAIN ----------------------------------------
Start training on experience 4
-- >> Start of training phase << --
-- Starting training on experience 4 (Task 0) from train stream --
Epoch 0 ended.
	CURRENT_MB_avg_gradnorm_G/train_phase/train_stream/Task000 = 0.0000
	CURRENT_MB_gradnorm_stab/train_phase/train_stream/Task000 = 0.0000
	CURRENT_MB_loss_new/train_phase/train_stream/Task000 = 0.7704
	CURRENT_MB_loss_reg/train_phase/train_stream/Task000 = 0.1436
	Loss_MB/train_phase/train_stream/Task000 = 0.9139
	TRACK_MB_F10/train_phase/train_stream/Task000 = 0.2590
	TRACK_MB_F10/train_phase/train_stream/Task001 = 0.2680
	TRACK_MB_F10/train_phase/train_stream/Task002 = 0.1750
	TRACK_MB_F10/train_phase/train_stream/Task003 = 0.2070
	TRACK_MB_F10/train_phase/train_stream/Task004 = 0.0000
	TRACK_MB_F100/train_phase/train_stream/Task000 = 0.4180
	TRACK_MB_F100/train_phase/train_stream/Task001 = 0.4830
	TRACK_MB_F100/train_phase/train_stream/Task002 = 0.3990
	TRACK_MB_F100/train_phase/train_stream/Task003 = 0.3060
	TRACK_MB_F100/train_phase/train_stream/Task004 = 0.0000
	TRACK_MB_F100_AVG/train_phase/train_stream/Task000 = 0.3212
	TRACK_MB_F10_AVG/train_phase/train_stream/Task000 = 0.1818
	TRACK_MB_LCA/train_phase/train_stream/Task000 = 0.0881
	TRACK_MB_P10/train_phase/train_stream/Task000 = 0.5010
	TRACK_MB_P10/train_phase/train_stream/Task001 = 0.2630
	TRACK_MB_P10/train_phase/train_stream/Task002 = 0.3940
	TRACK_MB_P10/train_phase/train_stream/Task003 = 0.2030
	TRACK_MB_P10/train_phase/train_stream/Task004 = 0.0000
	TRACK_MB_P100/train_phase/train_stream/Task000 = 0.7820
	TRACK_MB_P100/train_phase/train_stream/Task001 = 0.5080
	TRACK_MB_P100/train_phase/train_stream/Task002 = 0.4910
	TRACK_MB_P100/train_phase/train_stream/Task003 = 0.3300
	TRACK_MB_P100/train_phase/train_stream/Task004 = 0.0000
	TRACK_MB_P100_AVG/train_phase/train_stream/Task000 = 0.4222
	TRACK_MB_P10_AVG/train_phase/train_stream/Task000 = 0.2722
	TRACK_MB_WCACC/train_phase/train_stream/Task000 = 0.0372
	TRACK_MB_acc/train_phase/train_stream/Task000 = 0.4920
	TRACK_MB_acc/train_phase/train_stream/Task001 = 0.0000
	TRACK_MB_acc/train_phase/train_stream/Task002 = 0.0000
	TRACK_MB_acc/train_phase/train_stream/Task003 = 0.0040
	TRACK_MB_acc/train_phase/train_stream/Task004 = 0.0000
	TRACK_MB_acc_MIN/train_phase/train_stream/Task000 = 0.1860
	TRACK_MB_acc_MIN/train_phase/train_stream/Task001 = 0.0000
	TRACK_MB_acc_MIN/train_phase/train_stream/Task002 = 0.0000
	TRACK_MB_acc_MIN/train_phase/train_stream/Task003 = 0.0000
	TRACK_MB_acc_MIN_AVG/train_phase/train_stream/Task000 = 0.0465
	TRACK_MB_loss/train_phase/train_stream/Task000 = 0.7815
	TRACK_MB_loss/train_phase/train_stream/Task001 = 29.9846
	TRACK_MB_loss/train_phase/train_stream/Task002 = 31.5481
	TRACK_MB_loss/train_phase/train_stream/Task003 = 15.6571
	TRACK_MB_loss/train_phase/train_stream/Task004 = 27.9694
	Time_Epoch/train_phase/train_stream/Task000 = 126.9033
Epoch 1 ended.
	CURRENT_MB_avg_gradnorm_G/train_phase/train_stream/Task000 = 0.0000
	CURRENT_MB_gradnorm_stab/train_phase/train_stream/Task000 = 0.0000
	CURRENT_MB_loss_new/train_phase/train_stream/Task000 = 0.7702
	CURRENT_MB_loss_reg/train_phase/train_stream/Task000 = 0.1150
	Loss_MB/train_phase/train_stream/Task000 = 0.8852
	TRACK_MB_F10/train_phase/train_stream/Task000 = 0.2590
	TRACK_MB_F10/train_phase/train_stream/Task001 = 0.2680
	TRACK_MB_F10/train_phase/train_stream/Task002 = 0.1750
	TRACK_MB_F10/train_phase/train_stream/Task003 = 0.2070
	TRACK_MB_F10/train_phase/train_stream/Task004 = 0.0000
	TRACK_MB_F100/train_phase/train_stream/Task000 = 0.4180
	TRACK_MB_F100/train_phase/train_stream/Task001 = 0.4830
	TRACK_MB_F100/train_phase/train_stream/Task002 = 0.3990
	TRACK_MB_F100/train_phase/train_stream/Task003 = 0.3060
	TRACK_MB_F100/train_phase/train_stream/Task004 = 0.0000
	TRACK_MB_F100_AVG/train_phase/train_stream/Task000 = 0.3212
	TRACK_MB_F10_AVG/train_phase/train_stream/Task000 = 0.1818
	TRACK_MB_LCA/train_phase/train_stream/Task000 = 0.0881
	TRACK_MB_P10/train_phase/train_stream/Task000 = 0.5010
	TRACK_MB_P10/train_phase/train_stream/Task001 = 0.2630
	TRACK_MB_P10/train_phase/train_stream/Task002 = 0.3940
	TRACK_MB_P10/train_phase/train_stream/Task003 = 0.2030
	TRACK_MB_P10/train_phase/train_stream/Task004 = 0.0000
	TRACK_MB_P100/train_phase/train_stream/Task000 = 0.7820
	TRACK_MB_P100/train_phase/train_stream/Task001 = 0.5080
	TRACK_MB_P100/train_phase/train_stream/Task002 = 0.4910
	TRACK_MB_P100/train_phase/train_stream/Task003 = 0.3300
	TRACK_MB_P100/train_phase/train_stream/Task004 = 0.0000
	TRACK_MB_P100_AVG/train_phase/train_stream/Task000 = 0.4222
	TRACK_MB_P10_AVG/train_phase/train_stream/Task000 = 0.2722
	TRACK_MB_WCACC/train_phase/train_stream/Task000 = 0.0372
	TRACK_MB_acc/train_phase/train_stream/Task000 = 0.4840
	TRACK_MB_acc/train_phase/train_stream/Task001 = 0.0000
	TRACK_MB_acc/train_phase/train_stream/Task002 = 0.0000
	TRACK_MB_acc/train_phase/train_stream/Task003 = 0.0020
	TRACK_MB_acc/train_phase/train_stream/Task004 = 0.0000
	TRACK_MB_acc_MIN/train_phase/train_stream/Task000 = 0.1860
	TRACK_MB_acc_MIN/train_phase/train_stream/Task001 = 0.0000
	TRACK_MB_acc_MIN/train_phase/train_stream/Task002 = 0.0000
	TRACK_MB_acc_MIN/train_phase/train_stream/Task003 = 0.0000
	TRACK_MB_acc_MIN_AVG/train_phase/train_stream/Task000 = 0.0465
	TRACK_MB_loss/train_phase/train_stream/Task000 = 0.8033
	TRACK_MB_loss/train_phase/train_stream/Task001 = 28.3858
	TRACK_MB_loss/train_phase/train_stream/Task002 = 32.8860
	TRACK_MB_loss/train_phase/train_stream/Task003 = 19.4834
	TRACK_MB_loss/train_phase/train_stream/Task004 = 31.1817
	Time_Epoch/train_phase/train_stream/Task000 = 125.5026
Epoch 2 ended.
	CURRENT_MB_avg_gradnorm_G/train_phase/train_stream/Task000 = 0.0000
	CURRENT_MB_gradnorm_stab/train_phase/train_stream/Task000 = 0.0000
	CURRENT_MB_loss_new/train_phase/train_stream/Task000 = 0.7753
	CURRENT_MB_loss_reg/train_phase/train_stream/Task000 = 0.1125
	Loss_MB/train_phase/train_stream/Task000 = 0.8878
	TRACK_MB_F10/train_phase/train_stream/Task000 = 0.2590
	TRACK_MB_F10/train_phase/train_stream/Task001 = 0.2680
	TRACK_MB_F10/train_phase/train_stream/Task002 = 0.1750
	TRACK_MB_F10/train_phase/train_stream/Task003 = 0.2070
	TRACK_MB_F10/train_phase/train_stream/Task004 = 0.0000
	TRACK_MB_F100/train_phase/train_stream/Task000 = 0.4180
	TRACK_MB_F100/train_phase/train_stream/Task001 = 0.4830
	TRACK_MB_F100/train_phase/train_stream/Task002 = 0.3990
	TRACK_MB_F100/train_phase/train_stream/Task003 = 0.3060
	TRACK_MB_F100/train_phase/train_stream/Task004 = 0.0000
	TRACK_MB_F100_AVG/train_phase/train_stream/Task000 = 0.3212
	TRACK_MB_F10_AVG/train_phase/train_stream/Task000 = 0.1818
	TRACK_MB_LCA/train_phase/train_stream/Task000 = 0.0881
	TRACK_MB_P10/train_phase/train_stream/Task000 = 0.5010
	TRACK_MB_P10/train_phase/train_stream/Task001 = 0.2630
	TRACK_MB_P10/train_phase/train_stream/Task002 = 0.3940
	TRACK_MB_P10/train_phase/train_stream/Task003 = 0.2030
	TRACK_MB_P10/train_phase/train_stream/Task004 = 0.0000
	TRACK_MB_P100/train_phase/train_stream/Task000 = 0.7820
	TRACK_MB_P100/train_phase/train_stream/Task001 = 0.5080
	TRACK_MB_P100/train_phase/train_stream/Task002 = 0.4910
	TRACK_MB_P100/train_phase/train_stream/Task003 = 0.3300
	TRACK_MB_P100/train_phase/train_stream/Task004 = 0.0000
	TRACK_MB_P100_AVG/train_phase/train_stream/Task000 = 0.4222
	TRACK_MB_P10_AVG/train_phase/train_stream/Task000 = 0.2722
	TRACK_MB_WCACC/train_phase/train_stream/Task000 = 0.0372
	TRACK_MB_acc/train_phase/train_stream/Task000 = 0.5170
	TRACK_MB_acc/train_phase/train_stream/Task001 = 0.0000
	TRACK_MB_acc/train_phase/train_stream/Task002 = 0.0000
	TRACK_MB_acc/train_phase/train_stream/Task003 = 0.0000
	TRACK_MB_acc/train_phase/train_stream/Task004 = 0.0000
	TRACK_MB_acc_MIN/train_phase/train_stream/Task000 = 0.1860
	TRACK_MB_acc_MIN/train_phase/train_stream/Task001 = 0.0000
	TRACK_MB_acc_MIN/train_phase/train_stream/Task002 = 0.0000
	TRACK_MB_acc_MIN/train_phase/train_stream/Task003 = 0.0000
	TRACK_MB_acc_MIN_AVG/train_phase/train_stream/Task000 = 0.0465
	TRACK_MB_loss/train_phase/train_stream/Task000 = 0.7916
	TRACK_MB_loss/train_phase/train_stream/Task001 = 29.9061
	TRACK_MB_loss/train_phase/train_stream/Task002 = 35.9305
	TRACK_MB_loss/train_phase/train_stream/Task003 = 23.0474
	TRACK_MB_loss/train_phase/train_stream/Task004 = 31.3871
	Time_Epoch/train_phase/train_stream/Task000 = 125.6015
Epoch 3 ended.
	CURRENT_MB_avg_gradnorm_G/train_phase/train_stream/Task000 = 0.0000
	CURRENT_MB_gradnorm_stab/train_phase/train_stream/Task000 = 0.0000
	CURRENT_MB_loss_new/train_phase/train_stream/Task000 = 0.7700
	CURRENT_MB_loss_reg/train_phase/train_stream/Task000 = 0.1067
	Loss_MB/train_phase/train_stream/Task000 = 0.8768
	TRACK_MB_F10/train_phase/train_stream/Task000 = 0.2590
	TRACK_MB_F10/train_phase/train_stream/Task001 = 0.2680
	TRACK_MB_F10/train_phase/train_stream/Task002 = 0.1750
	TRACK_MB_F10/train_phase/train_stream/Task003 = 0.2070
	TRACK_MB_F10/train_phase/train_stream/Task004 = 0.0000
	TRACK_MB_F100/train_phase/train_stream/Task000 = 0.4180
	TRACK_MB_F100/train_phase/train_stream/Task001 = 0.4830
	TRACK_MB_F100/train_phase/train_stream/Task002 = 0.3990
	TRACK_MB_F100/train_phase/train_stream/Task003 = 0.3060
	TRACK_MB_F100/train_phase/train_stream/Task004 = 0.0000
	TRACK_MB_F100_AVG/train_phase/train_stream/Task000 = 0.3212
	TRACK_MB_F10_AVG/train_phase/train_stream/Task000 = 0.1818
	TRACK_MB_LCA/train_phase/train_stream/Task000 = 0.0881
	TRACK_MB_P10/train_phase/train_stream/Task000 = 0.5010
	TRACK_MB_P10/train_phase/train_stream/Task001 = 0.2630
	TRACK_MB_P10/train_phase/train_stream/Task002 = 0.3940
	TRACK_MB_P10/train_phase/train_stream/Task003 = 0.2030
	TRACK_MB_P10/train_phase/train_stream/Task004 = 0.0000
	TRACK_MB_P100/train_phase/train_stream/Task000 = 0.7820
	TRACK_MB_P100/train_phase/train_stream/Task001 = 0.5080
	TRACK_MB_P100/train_phase/train_stream/Task002 = 0.4910
	TRACK_MB_P100/train_phase/train_stream/Task003 = 0.3300
	TRACK_MB_P100/train_phase/train_stream/Task004 = 0.0000
	TRACK_MB_P100_AVG/train_phase/train_stream/Task000 = 0.4222
	TRACK_MB_P10_AVG/train_phase/train_stream/Task000 = 0.2722
	TRACK_MB_WCACC/train_phase/train_stream/Task000 = 0.0372
	TRACK_MB_acc/train_phase/train_stream/Task000 = 0.4950
	TRACK_MB_acc/train_phase/train_stream/Task001 = 0.0000
	TRACK_MB_acc/train_phase/train_stream/Task002 = 0.0000
	TRACK_MB_acc/train_phase/train_stream/Task003 = 0.0000
	TRACK_MB_acc/train_phase/train_stream/Task004 = 0.0000
	TRACK_MB_acc_MIN/train_phase/train_stream/Task000 = 0.1860
	TRACK_MB_acc_MIN/train_phase/train_stream/Task001 = 0.0000
	TRACK_MB_acc_MIN/train_phase/train_stream/Task002 = 0.0000
	TRACK_MB_acc_MIN/train_phase/train_stream/Task003 = 0.0000
	TRACK_MB_acc_MIN_AVG/train_phase/train_stream/Task000 = 0.0465
	TRACK_MB_loss/train_phase/train_stream/Task000 = 0.8319
	TRACK_MB_loss/train_phase/train_stream/Task001 = 31.8415
	TRACK_MB_loss/train_phase/train_stream/Task002 = 36.6108
	TRACK_MB_loss/train_phase/train_stream/Task003 = 23.1944
	TRACK_MB_loss/train_phase/train_stream/Task004 = 32.0992
	Time_Epoch/train_phase/train_stream/Task000 = 125.4380
Epoch 4 ended.
	CURRENT_MB_avg_gradnorm_G/train_phase/train_stream/Task000 = 0.0000
	CURRENT_MB_gradnorm_stab/train_phase/train_stream/Task000 = 0.0000
	CURRENT_MB_loss_new/train_phase/train_stream/Task000 = 0.7700
	CURRENT_MB_loss_reg/train_phase/train_stream/Task000 = 0.1044
	Loss_MB/train_phase/train_stream/Task000 = 0.8745
	TRACK_MB_F10/train_phase/train_stream/Task000 = 0.2590
	TRACK_MB_F10/train_phase/train_stream/Task001 = 0.2680
	TRACK_MB_F10/train_phase/train_stream/Task002 = 0.1750
	TRACK_MB_F10/train_phase/train_stream/Task003 = 0.2070
	TRACK_MB_F10/train_phase/train_stream/Task004 = 0.0000
	TRACK_MB_F100/train_phase/train_stream/Task000 = 0.4180
	TRACK_MB_F100/train_phase/train_stream/Task001 = 0.4830
	TRACK_MB_F100/train_phase/train_stream/Task002 = 0.3990
	TRACK_MB_F100/train_phase/train_stream/Task003 = 0.3060
	TRACK_MB_F100/train_phase/train_stream/Task004 = 0.0000
	TRACK_MB_F100_AVG/train_phase/train_stream/Task000 = 0.3212
	TRACK_MB_F10_AVG/train_phase/train_stream/Task000 = 0.1818
	TRACK_MB_LCA/train_phase/train_stream/Task000 = 0.0881
	TRACK_MB_P10/train_phase/train_stream/Task000 = 0.5010
	TRACK_MB_P10/train_phase/train_stream/Task001 = 0.2630
	TRACK_MB_P10/train_phase/train_stream/Task002 = 0.3940
	TRACK_MB_P10/train_phase/train_stream/Task003 = 0.2030
	TRACK_MB_P10/train_phase/train_stream/Task004 = 0.0000
	TRACK_MB_P100/train_phase/train_stream/Task000 = 0.7820
	TRACK_MB_P100/train_phase/train_stream/Task001 = 0.5080
	TRACK_MB_P100/train_phase/train_stream/Task002 = 0.4910
	TRACK_MB_P100/train_phase/train_stream/Task003 = 0.3300
	TRACK_MB_P100/train_phase/train_stream/Task004 = 0.0000
	TRACK_MB_P100_AVG/train_phase/train_stream/Task000 = 0.4222
	TRACK_MB_P10_AVG/train_phase/train_stream/Task000 = 0.2722
	TRACK_MB_WCACC/train_phase/train_stream/Task000 = 0.0372
	TRACK_MB_acc/train_phase/train_stream/Task000 = 0.5140
	TRACK_MB_acc/train_phase/train_stream/Task001 = 0.0000
	TRACK_MB_acc/train_phase/train_stream/Task002 = 0.0000
	TRACK_MB_acc/train_phase/train_stream/Task003 = 0.0000
	TRACK_MB_acc/train_phase/train_stream/Task004 = 0.0000
	TRACK_MB_acc_MIN/train_phase/train_stream/Task000 = 0.1860
	TRACK_MB_acc_MIN/train_phase/train_stream/Task001 = 0.0000
	TRACK_MB_acc_MIN/train_phase/train_stream/Task002 = 0.0000
	TRACK_MB_acc_MIN/train_phase/train_stream/Task003 = 0.0000
	TRACK_MB_acc_MIN_AVG/train_phase/train_stream/Task000 = 0.0465
	TRACK_MB_loss/train_phase/train_stream/Task000 = 0.7838
	TRACK_MB_loss/train_phase/train_stream/Task001 = 31.7533
	TRACK_MB_loss/train_phase/train_stream/Task002 = 36.0483
	TRACK_MB_loss/train_phase/train_stream/Task003 = 25.9770
	TRACK_MB_loss/train_phase/train_stream/Task004 = 31.3178
	Time_Epoch/train_phase/train_stream/Task000 = 127.4723
Epoch 5 ended.
	CURRENT_MB_avg_gradnorm_G/train_phase/train_stream/Task000 = 0.0000
	CURRENT_MB_gradnorm_stab/train_phase/train_stream/Task000 = 0.0000
	CURRENT_MB_loss_new/train_phase/train_stream/Task000 = 0.7700
	CURRENT_MB_loss_reg/train_phase/train_stream/Task000 = 0.0918
	Loss_MB/train_phase/train_stream/Task000 = 0.8619
	TRACK_MB_F10/train_phase/train_stream/Task000 = 0.2590
	TRACK_MB_F10/train_phase/train_stream/Task001 = 0.2680
	TRACK_MB_F10/train_phase/train_stream/Task002 = 0.1750
	TRACK_MB_F10/train_phase/train_stream/Task003 = 0.2070
	TRACK_MB_F10/train_phase/train_stream/Task004 = 0.0000
	TRACK_MB_F100/train_phase/train_stream/Task000 = 0.4180
	TRACK_MB_F100/train_phase/train_stream/Task001 = 0.4830
	TRACK_MB_F100/train_phase/train_stream/Task002 = 0.3990
	TRACK_MB_F100/train_phase/train_stream/Task003 = 0.3060
	TRACK_MB_F100/train_phase/train_stream/Task004 = 0.0000
	TRACK_MB_F100_AVG/train_phase/train_stream/Task000 = 0.3212
	TRACK_MB_F10_AVG/train_phase/train_stream/Task000 = 0.1818
	TRACK_MB_LCA/train_phase/train_stream/Task000 = 0.0881
	TRACK_MB_P10/train_phase/train_stream/Task000 = 0.5010
	TRACK_MB_P10/train_phase/train_stream/Task001 = 0.2630
	TRACK_MB_P10/train_phase/train_stream/Task002 = 0.3940
	TRACK_MB_P10/train_phase/train_stream/Task003 = 0.2030
	TRACK_MB_P10/train_phase/train_stream/Task004 = 0.0000
	TRACK_MB_P100/train_phase/train_stream/Task000 = 0.7820
	TRACK_MB_P100/train_phase/train_stream/Task001 = 0.5080
	TRACK_MB_P100/train_phase/train_stream/Task002 = 0.4910
	TRACK_MB_P100/train_phase/train_stream/Task003 = 0.3300
	TRACK_MB_P100/train_phase/train_stream/Task004 = 0.0000
	TRACK_MB_P100_AVG/train_phase/train_stream/Task000 = 0.4222
	TRACK_MB_P10_AVG/train_phase/train_stream/Task000 = 0.2722
	TRACK_MB_WCACC/train_phase/train_stream/Task000 = 0.0372
	TRACK_MB_acc/train_phase/train_stream/Task000 = 0.5090
	TRACK_MB_acc/train_phase/train_stream/Task001 = 0.0000
	TRACK_MB_acc/train_phase/train_stream/Task002 = 0.0000
	TRACK_MB_acc/train_phase/train_stream/Task003 = 0.0000
	TRACK_MB_acc/train_phase/train_stream/Task004 = 0.0000
	TRACK_MB_acc_MIN/train_phase/train_stream/Task000 = 0.1860
	TRACK_MB_acc_MIN/train_phase/train_stream/Task001 = 0.0000
	TRACK_MB_acc_MIN/train_phase/train_stream/Task002 = 0.0000
	TRACK_MB_acc_MIN/train_phase/train_stream/Task003 = 0.0000
	TRACK_MB_acc_MIN_AVG/train_phase/train_stream/Task000 = 0.0465
	TRACK_MB_loss/train_phase/train_stream/Task000 = 0.8005
	TRACK_MB_loss/train_phase/train_stream/Task001 = 32.4159
	TRACK_MB_loss/train_phase/train_stream/Task002 = 36.6711
	TRACK_MB_loss/train_phase/train_stream/Task003 = 26.0267
	TRACK_MB_loss/train_phase/train_stream/Task004 = 31.4288
	Time_Epoch/train_phase/train_stream/Task000 = 125.8964
Epoch 6 ended.
	CURRENT_MB_avg_gradnorm_G/train_phase/train_stream/Task000 = 0.0000
	CURRENT_MB_gradnorm_stab/train_phase/train_stream/Task000 = 0.0000
	CURRENT_MB_loss_new/train_phase/train_stream/Task000 = 0.7727
	CURRENT_MB_loss_reg/train_phase/train_stream/Task000 = 0.0936
	Loss_MB/train_phase/train_stream/Task000 = 0.8663
	TRACK_MB_F10/train_phase/train_stream/Task000 = 0.2590
	TRACK_MB_F10/train_phase/train_stream/Task001 = 0.2680
	TRACK_MB_F10/train_phase/train_stream/Task002 = 0.1750
	TRACK_MB_F10/train_phase/train_stream/Task003 = 0.2070
	TRACK_MB_F10/train_phase/train_stream/Task004 = 0.0000
	TRACK_MB_F100/train_phase/train_stream/Task000 = 0.4180
	TRACK_MB_F100/train_phase/train_stream/Task001 = 0.4830
	TRACK_MB_F100/train_phase/train_stream/Task002 = 0.3990
	TRACK_MB_F100/train_phase/train_stream/Task003 = 0.3060
	TRACK_MB_F100/train_phase/train_stream/Task004 = 0.0000
	TRACK_MB_F100_AVG/train_phase/train_stream/Task000 = 0.3212
	TRACK_MB_F10_AVG/train_phase/train_stream/Task000 = 0.1818
	TRACK_MB_LCA/train_phase/train_stream/Task000 = 0.0881
	TRACK_MB_P10/train_phase/train_stream/Task000 = 0.5010
	TRACK_MB_P10/train_phase/train_stream/Task001 = 0.2630
	TRACK_MB_P10/train_phase/train_stream/Task002 = 0.3940
	TRACK_MB_P10/train_phase/train_stream/Task003 = 0.2030
	TRACK_MB_P10/train_phase/train_stream/Task004 = 0.0000
	TRACK_MB_P100/train_phase/train_stream/Task000 = 0.7820
	TRACK_MB_P100/train_phase/train_stream/Task001 = 0.5080
	TRACK_MB_P100/train_phase/train_stream/Task002 = 0.4910
	TRACK_MB_P100/train_phase/train_stream/Task003 = 0.3300
	TRACK_MB_P100/train_phase/train_stream/Task004 = 0.0000
	TRACK_MB_P100_AVG/train_phase/train_stream/Task000 = 0.4222
	TRACK_MB_P10_AVG/train_phase/train_stream/Task000 = 0.2722
	TRACK_MB_WCACC/train_phase/train_stream/Task000 = 0.0372
	TRACK_MB_acc/train_phase/train_stream/Task000 = 0.4880
	TRACK_MB_acc/train_phase/train_stream/Task001 = 0.0000
	TRACK_MB_acc/train_phase/train_stream/Task002 = 0.0000
	TRACK_MB_acc/train_phase/train_stream/Task003 = 0.0000
	TRACK_MB_acc/train_phase/train_stream/Task004 = 0.0000
	TRACK_MB_acc_MIN/train_phase/train_stream/Task000 = 0.1860
	TRACK_MB_acc_MIN/train_phase/train_stream/Task001 = 0.0000
	TRACK_MB_acc_MIN/train_phase/train_stream/Task002 = 0.0000
	TRACK_MB_acc_MIN/train_phase/train_stream/Task003 = 0.0000
	TRACK_MB_acc_MIN_AVG/train_phase/train_stream/Task000 = 0.0465
	TRACK_MB_loss/train_phase/train_stream/Task000 = 0.8225
	TRACK_MB_loss/train_phase/train_stream/Task001 = 32.1437
	TRACK_MB_loss/train_phase/train_stream/Task002 = 36.2066
	TRACK_MB_loss/train_phase/train_stream/Task003 = 26.9903
	TRACK_MB_loss/train_phase/train_stream/Task004 = 31.0631
	Time_Epoch/train_phase/train_stream/Task000 = 126.0353
Epoch 7 ended.
	CURRENT_MB_avg_gradnorm_G/train_phase/train_stream/Task000 = 0.0000
	CURRENT_MB_gradnorm_stab/train_phase/train_stream/Task000 = 0.0000
	CURRENT_MB_loss_new/train_phase/train_stream/Task000 = 0.7700
	CURRENT_MB_loss_reg/train_phase/train_stream/Task000 = 0.0915
	Loss_MB/train_phase/train_stream/Task000 = 0.8615
	TRACK_MB_F10/train_phase/train_stream/Task000 = 0.2590
	TRACK_MB_F10/train_phase/train_stream/Task001 = 0.2680
	TRACK_MB_F10/train_phase/train_stream/Task002 = 0.1750
	TRACK_MB_F10/train_phase/train_stream/Task003 = 0.2070
	TRACK_MB_F10/train_phase/train_stream/Task004 = 0.0000
	TRACK_MB_F100/train_phase/train_stream/Task000 = 0.4180
	TRACK_MB_F100/train_phase/train_stream/Task001 = 0.4830
	TRACK_MB_F100/train_phase/train_stream/Task002 = 0.3990
	TRACK_MB_F100/train_phase/train_stream/Task003 = 0.3060
	TRACK_MB_F100/train_phase/train_stream/Task004 = 0.0000
	TRACK_MB_F100_AVG/train_phase/train_stream/Task000 = 0.3212
	TRACK_MB_F10_AVG/train_phase/train_stream/Task000 = 0.1818
	TRACK_MB_LCA/train_phase/train_stream/Task000 = 0.0881
	TRACK_MB_P10/train_phase/train_stream/Task000 = 0.5010
	TRACK_MB_P10/train_phase/train_stream/Task001 = 0.2630
	TRACK_MB_P10/train_phase/train_stream/Task002 = 0.3940
	TRACK_MB_P10/train_phase/train_stream/Task003 = 0.2030
	TRACK_MB_P10/train_phase/train_stream/Task004 = 0.0000
	TRACK_MB_P100/train_phase/train_stream/Task000 = 0.7820
	TRACK_MB_P100/train_phase/train_stream/Task001 = 0.5080
	TRACK_MB_P100/train_phase/train_stream/Task002 = 0.4910
	TRACK_MB_P100/train_phase/train_stream/Task003 = 0.3300
	TRACK_MB_P100/train_phase/train_stream/Task004 = 0.0000
	TRACK_MB_P100_AVG/train_phase/train_stream/Task000 = 0.4222
	TRACK_MB_P10_AVG/train_phase/train_stream/Task000 = 0.2722
	TRACK_MB_WCACC/train_phase/train_stream/Task000 = 0.0372
	TRACK_MB_acc/train_phase/train_stream/Task000 = 0.4960
	TRACK_MB_acc/train_phase/train_stream/Task001 = 0.0000
	TRACK_MB_acc/train_phase/train_stream/Task002 = 0.0000
	TRACK_MB_acc/train_phase/train_stream/Task003 = 0.0000
	TRACK_MB_acc/train_phase/train_stream/Task004 = 0.0000
	TRACK_MB_acc_MIN/train_phase/train_stream/Task000 = 0.1860
	TRACK_MB_acc_MIN/train_phase/train_stream/Task001 = 0.0000
	TRACK_MB_acc_MIN/train_phase/train_stream/Task002 = 0.0000
	TRACK_MB_acc_MIN/train_phase/train_stream/Task003 = 0.0000
	TRACK_MB_acc_MIN_AVG/train_phase/train_stream/Task000 = 0.0465
	TRACK_MB_loss/train_phase/train_stream/Task000 = 0.8236
	TRACK_MB_loss/train_phase/train_stream/Task001 = 32.9958
	TRACK_MB_loss/train_phase/train_stream/Task002 = 36.6732
	TRACK_MB_loss/train_phase/train_stream/Task003 = 26.1862
	TRACK_MB_loss/train_phase/train_stream/Task004 = 31.1767
	Time_Epoch/train_phase/train_stream/Task000 = 127.6081
Epoch 8 ended.
	CURRENT_MB_avg_gradnorm_G/train_phase/train_stream/Task000 = 0.0000
	CURRENT_MB_gradnorm_stab/train_phase/train_stream/Task000 = 0.0000
	CURRENT_MB_loss_new/train_phase/train_stream/Task000 = 0.7700
	CURRENT_MB_loss_reg/train_phase/train_stream/Task000 = 0.1062
	Loss_MB/train_phase/train_stream/Task000 = 0.8762
	TRACK_MB_F10/train_phase/train_stream/Task000 = 0.2590
	TRACK_MB_F10/train_phase/train_stream/Task001 = 0.2680
	TRACK_MB_F10/train_phase/train_stream/Task002 = 0.1750
	TRACK_MB_F10/train_phase/train_stream/Task003 = 0.2070
	TRACK_MB_F10/train_phase/train_stream/Task004 = 0.0000
	TRACK_MB_F100/train_phase/train_stream/Task000 = 0.4180
	TRACK_MB_F100/train_phase/train_stream/Task001 = 0.4830
	TRACK_MB_F100/train_phase/train_stream/Task002 = 0.3990
	TRACK_MB_F100/train_phase/train_stream/Task003 = 0.3060
	TRACK_MB_F100/train_phase/train_stream/Task004 = 0.0000
	TRACK_MB_F100_AVG/train_phase/train_stream/Task000 = 0.3212
	TRACK_MB_F10_AVG/train_phase/train_stream/Task000 = 0.1818
	TRACK_MB_LCA/train_phase/train_stream/Task000 = 0.0881
	TRACK_MB_P10/train_phase/train_stream/Task000 = 0.5010
	TRACK_MB_P10/train_phase/train_stream/Task001 = 0.2630
	TRACK_MB_P10/train_phase/train_stream/Task002 = 0.3940
	TRACK_MB_P10/train_phase/train_stream/Task003 = 0.2030
	TRACK_MB_P10/train_phase/train_stream/Task004 = 0.0000
	TRACK_MB_P100/train_phase/train_stream/Task000 = 0.7820
	TRACK_MB_P100/train_phase/train_stream/Task001 = 0.5080
	TRACK_MB_P100/train_phase/train_stream/Task002 = 0.4910
	TRACK_MB_P100/train_phase/train_stream/Task003 = 0.3300
	TRACK_MB_P100/train_phase/train_stream/Task004 = 0.0000
	TRACK_MB_P100_AVG/train_phase/train_stream/Task000 = 0.4222
	TRACK_MB_P10_AVG/train_phase/train_stream/Task000 = 0.2722
	TRACK_MB_WCACC/train_phase/train_stream/Task000 = 0.0372
	TRACK_MB_acc/train_phase/train_stream/Task000 = 0.4910
	TRACK_MB_acc/train_phase/train_stream/Task001 = 0.0000
	TRACK_MB_acc/train_phase/train_stream/Task002 = 0.0000
	TRACK_MB_acc/train_phase/train_stream/Task003 = 0.0000
	TRACK_MB_acc/train_phase/train_stream/Task004 = 0.0000
	TRACK_MB_acc_MIN/train_phase/train_stream/Task000 = 0.1860
	TRACK_MB_acc_MIN/train_phase/train_stream/Task001 = 0.0000
	TRACK_MB_acc_MIN/train_phase/train_stream/Task002 = 0.0000
	TRACK_MB_acc_MIN/train_phase/train_stream/Task003 = 0.0000
	TRACK_MB_acc_MIN_AVG/train_phase/train_stream/Task000 = 0.0465
	TRACK_MB_loss/train_phase/train_stream/Task000 = 0.8243
	TRACK_MB_loss/train_phase/train_stream/Task001 = 32.0723
	TRACK_MB_loss/train_phase/train_stream/Task002 = 36.3537
	TRACK_MB_loss/train_phase/train_stream/Task003 = 26.7616
	TRACK_MB_loss/train_phase/train_stream/Task004 = 31.3657
	Time_Epoch/train_phase/train_stream/Task000 = 128.8694
Epoch 9 ended.
	CURRENT_MB_avg_gradnorm_G/train_phase/train_stream/Task000 = 0.0000
	CURRENT_MB_gradnorm_stab/train_phase/train_stream/Task000 = 0.0000
	CURRENT_MB_loss_new/train_phase/train_stream/Task000 = 0.7700
	CURRENT_MB_loss_reg/train_phase/train_stream/Task000 = 0.0904
	Loss_MB/train_phase/train_stream/Task000 = 0.8604
	TRACK_MB_F10/train_phase/train_stream/Task000 = 0.2590
	TRACK_MB_F10/train_phase/train_stream/Task001 = 0.2680
	TRACK_MB_F10/train_phase/train_stream/Task002 = 0.1750
	TRACK_MB_F10/train_phase/train_stream/Task003 = 0.2070
	TRACK_MB_F10/train_phase/train_stream/Task004 = 0.0000
	TRACK_MB_F100/train_phase/train_stream/Task000 = 0.4180
	TRACK_MB_F100/train_phase/train_stream/Task001 = 0.4830
	TRACK_MB_F100/train_phase/train_stream/Task002 = 0.3990
	TRACK_MB_F100/train_phase/train_stream/Task003 = 0.3060
	TRACK_MB_F100/train_phase/train_stream/Task004 = 0.0000
	TRACK_MB_F100_AVG/train_phase/train_stream/Task000 = 0.3212
	TRACK_MB_F10_AVG/train_phase/train_stream/Task000 = 0.1818
	TRACK_MB_LCA/train_phase/train_stream/Task000 = 0.0881
	TRACK_MB_P10/train_phase/train_stream/Task000 = 0.5010
	TRACK_MB_P10/train_phase/train_stream/Task001 = 0.2630
	TRACK_MB_P10/train_phase/train_stream/Task002 = 0.3940
	TRACK_MB_P10/train_phase/train_stream/Task003 = 0.2030
	TRACK_MB_P10/train_phase/train_stream/Task004 = 0.0000
	TRACK_MB_P100/train_phase/train_stream/Task000 = 0.7820
	TRACK_MB_P100/train_phase/train_stream/Task001 = 0.5080
	TRACK_MB_P100/train_phase/train_stream/Task002 = 0.4910
	TRACK_MB_P100/train_phase/train_stream/Task003 = 0.3300
	TRACK_MB_P100/train_phase/train_stream/Task004 = 0.0000
	TRACK_MB_P100_AVG/train_phase/train_stream/Task000 = 0.4222
	TRACK_MB_P10_AVG/train_phase/train_stream/Task000 = 0.2722
	TRACK_MB_WCACC/train_phase/train_stream/Task000 = 0.0372
	TRACK_MB_acc/train_phase/train_stream/Task000 = 0.4890
	TRACK_MB_acc/train_phase/train_stream/Task001 = 0.0000
	TRACK_MB_acc/train_phase/train_stream/Task002 = 0.0000
	TRACK_MB_acc/train_phase/train_stream/Task003 = 0.0000
	TRACK_MB_acc/train_phase/train_stream/Task004 = 0.0000
	TRACK_MB_acc_MIN/train_phase/train_stream/Task000 = 0.1860
	TRACK_MB_acc_MIN/train_phase/train_stream/Task001 = 0.0000
	TRACK_MB_acc_MIN/train_phase/train_stream/Task002 = 0.0000
	TRACK_MB_acc_MIN/train_phase/train_stream/Task003 = 0.0000
	TRACK_MB_acc_MIN_AVG/train_phase/train_stream/Task000 = 0.0465
	TRACK_MB_loss/train_phase/train_stream/Task000 = 0.8249
	TRACK_MB_loss/train_phase/train_stream/Task001 = 31.9897
	TRACK_MB_loss/train_phase/train_stream/Task002 = 35.9953
	TRACK_MB_loss/train_phase/train_stream/Task003 = 26.5218
	TRACK_MB_loss/train_phase/train_stream/Task004 = 31.6136
	Time_Epoch/train_phase/train_stream/Task000 = 126.3479
-- >> End of training phase << --
End training on experience 4

======================================== EVAL ========================================
Standard Continual Learning eval on entire test set on task transition.
-- >> Start of eval phase << --
-- Starting eval on experience 0 (Task 0) from test stream --
> Eval on experience 0 (Task 0) from test stream ended.
	ExperienceForgetting/eval_phase/test_stream/Task000/Exp000 = 0.1575
	Loss_Exp/eval_phase/test_stream/Task000/Exp000 = 0.8134
	Top1_Acc_Exp/eval_phase/test_stream/Task000/Exp000 = 0.5000
-- Starting eval on experience 1 (Task 0) from test stream --
> Eval on experience 1 (Task 0) from test stream ended.
	ExperienceForgetting/eval_phase/test_stream/Task000/Exp001 = 0.4485
	Loss_Exp/eval_phase/test_stream/Task000/Exp001 = 32.3134
	Top1_Acc_Exp/eval_phase/test_stream/Task000/Exp001 = 0.0000
-- Starting eval on experience 2 (Task 0) from test stream --
> Eval on experience 2 (Task 0) from test stream ended.
	ExperienceForgetting/eval_phase/test_stream/Task000/Exp002 = 0.4465
	Loss_Exp/eval_phase/test_stream/Task000/Exp002 = 36.0915
	Top1_Acc_Exp/eval_phase/test_stream/Task000/Exp002 = 0.0000
-- Starting eval on experience 3 (Task 0) from test stream --
> Eval on experience 3 (Task 0) from test stream ended.
	ExperienceForgetting/eval_phase/test_stream/Task000/Exp003 = 0.1140
	Loss_Exp/eval_phase/test_stream/Task000/Exp003 = 26.4488
	Top1_Acc_Exp/eval_phase/test_stream/Task000/Exp003 = 0.0000
-- Starting eval on experience 4 (Task 0) from test stream --
> Eval on experience 4 (Task 0) from test stream ended.
	Loss_Exp/eval_phase/test_stream/Task000/Exp004 = 31.5668
	Top1_Acc_Exp/eval_phase/test_stream/Task000/Exp004 = 0.0000
-- >> End of eval phase << --
	ConfusionMatrix_Stream/eval_phase/test_stream = <avalanche.evaluation.metric_results.AlternativeValues object at 0x7f5270159d60>
	Loss_Stream/eval_phase/test_stream/Task000 = 25.4468
	StreamForgetting/eval_phase/test_stream = 0.2916
	Top1_Acc_Stream/eval_phase/test_stream/Task000 = 0.1000
[FILE:TASK-RESULTS]: /home/yhguo/yuxuan/CL/origin/ContinualEvaluation/results/ER_CIFAR10_e=10_reproduce_paper_now=2024-04-07_06-18_uid=c9f5c6c857fe4735aea4919407478057/results_summary/seed=2/task4_results.pt
[FILE:SEED-RESULTS]: /home/yhguo/yuxuan/CL/origin/ContinualEvaluation/results/ER_CIFAR10_e=10_reproduce_paper_now=2024-04-07_06-18_uid=c9f5c6c857fe4735aea4919407478057/results_summary/seed=2_finalresults.pt
[FILE:TB-SEED-RESULTS]: /home/yhguo/yuxuan/CL/origin/ContinualEvaluation/results/ER_CIFAR10_e=10_reproduce_paper_now=2024-04-07_06-18_uid=c9f5c6c857fe4735aea4919407478057/tb_run/seed=2
STARTING SEED 3/4
[SCENARIO] CIFAR10, Task Incr = False
Files already downloaded and verified
Files already downloaded and verified
Scenario = CIFAR10
[Tensorboard] tb_log_dir=/home/yhguo/yuxuan/CL/origin/ContinualEvaluation/results/ER_CIFAR10_e=10_reproduce_paper_now=2024-04-07_06-18_uid=c9f5c6c857fe4735aea4919407478057/tb_run/seed=3
Evaluating on stream (eval=True): <avalanche.benchmarks.scenarios.generic_cl_scenario.GenericScenarioStream object at 0x7f52706638b0>
TRACKING: subsetsize=1000,freq=1,stream=<avalanche.benchmarks.scenarios.generic_cl_scenario.GenericScenarioStream object at 0x7f52706638b0>
[METHOD CONFIG] n_total_mems=1000 
[METHOD CONFIG] SUMMARY: { 'n_total_memories': 1000,
  'num_tasks': 5,
  'storage_policy': <avalanche.training.storage_policy.ClassBalancedBuffer object at 0x7f5267e002b0>}
Running strategy:<src.methods.replay.ERStrategy object at 0x7f5267e00ee0>
with Plugins: [<src.methods.replay.ERPlugin object at 0x7f5267e00fa0>, <src.eval.minibatch_logging.StrategyAttributeAdderPlugin object at 0x7f5267e00ca0>, <avalanche.training.plugins.evaluation.EvaluationPlugin object at 0x7f5267e00c40>, <avalanche.training.plugins.clock.Clock object at 0x7f5267e00760>]
Starting experiment...

---------------------------------------- TRAIN ----------------------------------------
Start training on experience 0
-- >> Start of training phase << --
-- Starting training on experience 0 (Task 0) from train stream --
'ERStrategy' object has no attribute 'avg_gradnorm_G'
strategy_attr not valid for strategy: '['avg_gradnorm_G']'
Epoch 0 ended.
	CURRENT_MB_avg_gradnorm_G/train_phase/train_stream/Task000 = 0.0000
	CURRENT_MB_gradnorm_stab/train_phase/train_stream/Task000 = 0.0000
	CURRENT_MB_loss_new/train_phase/train_stream/Task000 = 0.0700
	CURRENT_MB_loss_reg/train_phase/train_stream/Task000 = 0.0000
	Loss_MB/train_phase/train_stream/Task000 = 0.0700
	TRACK_MB_F10/train_phase/train_stream/Task000 = 0.0440
	TRACK_MB_F100/train_phase/train_stream/Task000 = 0.0470
	TRACK_MB_F100_AVG/train_phase/train_stream/Task000 = 0.0470
	TRACK_MB_F10_AVG/train_phase/train_stream/Task000 = 0.0440
	TRACK_MB_LCA/train_phase/train_stream/Task000 = 0.4474
	TRACK_MB_P10/train_phase/train_stream/Task000 = 0.5260
	TRACK_MB_P100/train_phase/train_stream/Task000 = 0.6630
	TRACK_MB_P100_AVG/train_phase/train_stream/Task000 = 0.6630
	TRACK_MB_P10_AVG/train_phase/train_stream/Task000 = 0.5260
	TRACK_MB_WCACC/train_phase/train_stream/Task000 = 0.6640
	TRACK_MB_acc/train_phase/train_stream/Task000 = 0.6640
	TRACK_MB_acc_MIN_AVG/train_phase/train_stream/Task000 = None
	TRACK_MB_loss/train_phase/train_stream/Task000 = 0.6090
	Time_Epoch/train_phase/train_stream/Task000 = 26.6307
Epoch 1 ended.
	CURRENT_MB_avg_gradnorm_G/train_phase/train_stream/Task000 = 0.0000
	CURRENT_MB_gradnorm_stab/train_phase/train_stream/Task000 = 0.0000
	CURRENT_MB_loss_new/train_phase/train_stream/Task000 = 0.0700
	CURRENT_MB_loss_reg/train_phase/train_stream/Task000 = 0.0000
	Loss_MB/train_phase/train_stream/Task000 = 0.0700
	TRACK_MB_F10/train_phase/train_stream/Task000 = 0.0440
	TRACK_MB_F100/train_phase/train_stream/Task000 = 0.0790
	TRACK_MB_F100_AVG/train_phase/train_stream/Task000 = 0.0790
	TRACK_MB_F10_AVG/train_phase/train_stream/Task000 = 0.0440
	TRACK_MB_LCA/train_phase/train_stream/Task000 = 0.4474
	TRACK_MB_P10/train_phase/train_stream/Task000 = 0.5260
	TRACK_MB_P100/train_phase/train_stream/Task000 = 0.7030
	TRACK_MB_P100_AVG/train_phase/train_stream/Task000 = 0.7030
	TRACK_MB_P10_AVG/train_phase/train_stream/Task000 = 0.5260
	TRACK_MB_WCACC/train_phase/train_stream/Task000 = 0.6250
	TRACK_MB_acc/train_phase/train_stream/Task000 = 0.6250
	TRACK_MB_acc_MIN_AVG/train_phase/train_stream/Task000 = None
	TRACK_MB_loss/train_phase/train_stream/Task000 = 0.7384
	Time_Epoch/train_phase/train_stream/Task000 = 25.7251
Epoch 2 ended.
	CURRENT_MB_avg_gradnorm_G/train_phase/train_stream/Task000 = 0.0000
	CURRENT_MB_gradnorm_stab/train_phase/train_stream/Task000 = 0.0000
	CURRENT_MB_loss_new/train_phase/train_stream/Task000 = 0.0700
	CURRENT_MB_loss_reg/train_phase/train_stream/Task000 = 0.0000
	Loss_MB/train_phase/train_stream/Task000 = 0.0700
	TRACK_MB_F10/train_phase/train_stream/Task000 = 0.0550
	TRACK_MB_F100/train_phase/train_stream/Task000 = 0.1090
	TRACK_MB_F100_AVG/train_phase/train_stream/Task000 = 0.1090
	TRACK_MB_F10_AVG/train_phase/train_stream/Task000 = 0.0550
	TRACK_MB_LCA/train_phase/train_stream/Task000 = 0.4474
	TRACK_MB_P10/train_phase/train_stream/Task000 = 0.5260
	TRACK_MB_P100/train_phase/train_stream/Task000 = 0.7030
	TRACK_MB_P100_AVG/train_phase/train_stream/Task000 = 0.7030
	TRACK_MB_P10_AVG/train_phase/train_stream/Task000 = 0.5260
	TRACK_MB_WCACC/train_phase/train_stream/Task000 = 0.6460
	TRACK_MB_acc/train_phase/train_stream/Task000 = 0.6460
	TRACK_MB_acc_MIN_AVG/train_phase/train_stream/Task000 = None
	TRACK_MB_loss/train_phase/train_stream/Task000 = 0.7189
	Time_Epoch/train_phase/train_stream/Task000 = 26.5100
Epoch 3 ended.
	CURRENT_MB_avg_gradnorm_G/train_phase/train_stream/Task000 = 0.0000
	CURRENT_MB_gradnorm_stab/train_phase/train_stream/Task000 = 0.0000
	CURRENT_MB_loss_new/train_phase/train_stream/Task000 = 0.0700
	CURRENT_MB_loss_reg/train_phase/train_stream/Task000 = 0.0000
	Loss_MB/train_phase/train_stream/Task000 = 0.0700
	TRACK_MB_F10/train_phase/train_stream/Task000 = 0.0550
	TRACK_MB_F100/train_phase/train_stream/Task000 = 0.1090
	TRACK_MB_F100_AVG/train_phase/train_stream/Task000 = 0.1090
	TRACK_MB_F10_AVG/train_phase/train_stream/Task000 = 0.0550
	TRACK_MB_LCA/train_phase/train_stream/Task000 = 0.4474
	TRACK_MB_P10/train_phase/train_stream/Task000 = 0.5260
	TRACK_MB_P100/train_phase/train_stream/Task000 = 0.7030
	TRACK_MB_P100_AVG/train_phase/train_stream/Task000 = 0.7030
	TRACK_MB_P10_AVG/train_phase/train_stream/Task000 = 0.5260
	TRACK_MB_WCACC/train_phase/train_stream/Task000 = 0.6320
	TRACK_MB_acc/train_phase/train_stream/Task000 = 0.6320
	TRACK_MB_acc_MIN_AVG/train_phase/train_stream/Task000 = None
	TRACK_MB_loss/train_phase/train_stream/Task000 = 0.7476
	Time_Epoch/train_phase/train_stream/Task000 = 25.4443
Epoch 4 ended.
	CURRENT_MB_avg_gradnorm_G/train_phase/train_stream/Task000 = 0.0000
	CURRENT_MB_gradnorm_stab/train_phase/train_stream/Task000 = 0.0000
	CURRENT_MB_loss_new/train_phase/train_stream/Task000 = 0.0700
	CURRENT_MB_loss_reg/train_phase/train_stream/Task000 = 0.0000
	Loss_MB/train_phase/train_stream/Task000 = 0.0700
	TRACK_MB_F10/train_phase/train_stream/Task000 = 0.0550
	TRACK_MB_F100/train_phase/train_stream/Task000 = 0.1090
	TRACK_MB_F100_AVG/train_phase/train_stream/Task000 = 0.1090
	TRACK_MB_F10_AVG/train_phase/train_stream/Task000 = 0.0550
	TRACK_MB_LCA/train_phase/train_stream/Task000 = 0.4474
	TRACK_MB_P10/train_phase/train_stream/Task000 = 0.5260
	TRACK_MB_P100/train_phase/train_stream/Task000 = 0.7030
	TRACK_MB_P100_AVG/train_phase/train_stream/Task000 = 0.7030
	TRACK_MB_P10_AVG/train_phase/train_stream/Task000 = 0.5260
	TRACK_MB_WCACC/train_phase/train_stream/Task000 = 0.6360
	TRACK_MB_acc/train_phase/train_stream/Task000 = 0.6360
	TRACK_MB_acc_MIN_AVG/train_phase/train_stream/Task000 = None
	TRACK_MB_loss/train_phase/train_stream/Task000 = 0.7425
	Time_Epoch/train_phase/train_stream/Task000 = 26.4590
Epoch 5 ended.
	CURRENT_MB_avg_gradnorm_G/train_phase/train_stream/Task000 = 0.0000
	CURRENT_MB_gradnorm_stab/train_phase/train_stream/Task000 = 0.0000
	CURRENT_MB_loss_new/train_phase/train_stream/Task000 = 0.0700
	CURRENT_MB_loss_reg/train_phase/train_stream/Task000 = 0.0000
	Loss_MB/train_phase/train_stream/Task000 = 0.0700
	TRACK_MB_F10/train_phase/train_stream/Task000 = 0.0550
	TRACK_MB_F100/train_phase/train_stream/Task000 = 0.1090
	TRACK_MB_F100_AVG/train_phase/train_stream/Task000 = 0.1090
	TRACK_MB_F10_AVG/train_phase/train_stream/Task000 = 0.0550
	TRACK_MB_LCA/train_phase/train_stream/Task000 = 0.4474
	TRACK_MB_P10/train_phase/train_stream/Task000 = 0.5260
	TRACK_MB_P100/train_phase/train_stream/Task000 = 0.7030
	TRACK_MB_P100_AVG/train_phase/train_stream/Task000 = 0.7030
	TRACK_MB_P10_AVG/train_phase/train_stream/Task000 = 0.5260
	TRACK_MB_WCACC/train_phase/train_stream/Task000 = 0.6370
	TRACK_MB_acc/train_phase/train_stream/Task000 = 0.6370
	TRACK_MB_acc_MIN_AVG/train_phase/train_stream/Task000 = None
	TRACK_MB_loss/train_phase/train_stream/Task000 = 0.7417
	Time_Epoch/train_phase/train_stream/Task000 = 26.3162
Epoch 6 ended.
	CURRENT_MB_avg_gradnorm_G/train_phase/train_stream/Task000 = 0.0000
	CURRENT_MB_gradnorm_stab/train_phase/train_stream/Task000 = 0.0000
	CURRENT_MB_loss_new/train_phase/train_stream/Task000 = 0.0700
	CURRENT_MB_loss_reg/train_phase/train_stream/Task000 = 0.0000
	Loss_MB/train_phase/train_stream/Task000 = 0.0700
	TRACK_MB_F10/train_phase/train_stream/Task000 = 0.0550
	TRACK_MB_F100/train_phase/train_stream/Task000 = 0.1090
	TRACK_MB_F100_AVG/train_phase/train_stream/Task000 = 0.1090
	TRACK_MB_F10_AVG/train_phase/train_stream/Task000 = 0.0550
	TRACK_MB_LCA/train_phase/train_stream/Task000 = 0.4474
	TRACK_MB_P10/train_phase/train_stream/Task000 = 0.5260
	TRACK_MB_P100/train_phase/train_stream/Task000 = 0.7030
	TRACK_MB_P100_AVG/train_phase/train_stream/Task000 = 0.7030
	TRACK_MB_P10_AVG/train_phase/train_stream/Task000 = 0.5260
	TRACK_MB_WCACC/train_phase/train_stream/Task000 = 0.6280
	TRACK_MB_acc/train_phase/train_stream/Task000 = 0.6280
	TRACK_MB_acc_MIN_AVG/train_phase/train_stream/Task000 = None
	TRACK_MB_loss/train_phase/train_stream/Task000 = 0.7538
	Time_Epoch/train_phase/train_stream/Task000 = 25.6078
Epoch 7 ended.
	CURRENT_MB_avg_gradnorm_G/train_phase/train_stream/Task000 = 0.0000
	CURRENT_MB_gradnorm_stab/train_phase/train_stream/Task000 = 0.0000
	CURRENT_MB_loss_new/train_phase/train_stream/Task000 = 0.0700
	CURRENT_MB_loss_reg/train_phase/train_stream/Task000 = 0.0000
	Loss_MB/train_phase/train_stream/Task000 = 0.0700
	TRACK_MB_F10/train_phase/train_stream/Task000 = 0.0550
	TRACK_MB_F100/train_phase/train_stream/Task000 = 0.1090
	TRACK_MB_F100_AVG/train_phase/train_stream/Task000 = 0.1090
	TRACK_MB_F10_AVG/train_phase/train_stream/Task000 = 0.0550
	TRACK_MB_LCA/train_phase/train_stream/Task000 = 0.4474
	TRACK_MB_P10/train_phase/train_stream/Task000 = 0.5260
	TRACK_MB_P100/train_phase/train_stream/Task000 = 0.7030
	TRACK_MB_P100_AVG/train_phase/train_stream/Task000 = 0.7030
	TRACK_MB_P10_AVG/train_phase/train_stream/Task000 = 0.5260
	TRACK_MB_WCACC/train_phase/train_stream/Task000 = 0.6500
	TRACK_MB_acc/train_phase/train_stream/Task000 = 0.6500
	TRACK_MB_acc_MIN_AVG/train_phase/train_stream/Task000 = None
	TRACK_MB_loss/train_phase/train_stream/Task000 = 0.7352
	Time_Epoch/train_phase/train_stream/Task000 = 26.1571
Epoch 8 ended.
	CURRENT_MB_avg_gradnorm_G/train_phase/train_stream/Task000 = 0.0000
	CURRENT_MB_gradnorm_stab/train_phase/train_stream/Task000 = 0.0000
	CURRENT_MB_loss_new/train_phase/train_stream/Task000 = 0.0700
	CURRENT_MB_loss_reg/train_phase/train_stream/Task000 = 0.0000
	Loss_MB/train_phase/train_stream/Task000 = 0.0700
	TRACK_MB_F10/train_phase/train_stream/Task000 = 0.0550
	TRACK_MB_F100/train_phase/train_stream/Task000 = 0.1090
	TRACK_MB_F100_AVG/train_phase/train_stream/Task000 = 0.1090
	TRACK_MB_F10_AVG/train_phase/train_stream/Task000 = 0.0550
	TRACK_MB_LCA/train_phase/train_stream/Task000 = 0.4474
	TRACK_MB_P10/train_phase/train_stream/Task000 = 0.5260
	TRACK_MB_P100/train_phase/train_stream/Task000 = 0.7030
	TRACK_MB_P100_AVG/train_phase/train_stream/Task000 = 0.7030
	TRACK_MB_P10_AVG/train_phase/train_stream/Task000 = 0.5260
	TRACK_MB_WCACC/train_phase/train_stream/Task000 = 0.6350
	TRACK_MB_acc/train_phase/train_stream/Task000 = 0.6350
	TRACK_MB_acc_MIN_AVG/train_phase/train_stream/Task000 = None
	TRACK_MB_loss/train_phase/train_stream/Task000 = 0.7377
	Time_Epoch/train_phase/train_stream/Task000 = 26.5447
Epoch 9 ended.
	CURRENT_MB_avg_gradnorm_G/train_phase/train_stream/Task000 = 0.0000
	CURRENT_MB_gradnorm_stab/train_phase/train_stream/Task000 = 0.0000
	CURRENT_MB_loss_new/train_phase/train_stream/Task000 = 0.0700
	CURRENT_MB_loss_reg/train_phase/train_stream/Task000 = 0.0000
	Loss_MB/train_phase/train_stream/Task000 = 0.0700
	TRACK_MB_F10/train_phase/train_stream/Task000 = 0.0550
	TRACK_MB_F100/train_phase/train_stream/Task000 = 0.1090
	TRACK_MB_F100_AVG/train_phase/train_stream/Task000 = 0.1090
	TRACK_MB_F10_AVG/train_phase/train_stream/Task000 = 0.0550
	TRACK_MB_LCA/train_phase/train_stream/Task000 = 0.4474
	TRACK_MB_P10/train_phase/train_stream/Task000 = 0.5260
	TRACK_MB_P100/train_phase/train_stream/Task000 = 0.7030
	TRACK_MB_P100_AVG/train_phase/train_stream/Task000 = 0.7030
	TRACK_MB_P10_AVG/train_phase/train_stream/Task000 = 0.5260
	TRACK_MB_WCACC/train_phase/train_stream/Task000 = 0.6630
	TRACK_MB_acc/train_phase/train_stream/Task000 = 0.6630
	TRACK_MB_acc_MIN_AVG/train_phase/train_stream/Task000 = None
	TRACK_MB_loss/train_phase/train_stream/Task000 = 0.6881
	Time_Epoch/train_phase/train_stream/Task000 = 25.2815
-- >> End of training phase << --
End training on experience 0

======================================== EVAL ========================================
Standard Continual Learning eval on entire test set on task transition.
-- >> Start of eval phase << --
-- Starting eval on experience 0 (Task 0) from test stream --
> Eval on experience 0 (Task 0) from test stream ended.
	Loss_Exp/eval_phase/test_stream/Task000/Exp000 = 0.6991
	Top1_Acc_Exp/eval_phase/test_stream/Task000/Exp000 = 0.6530
-- Starting eval on experience 1 (Task 0) from test stream --
> Eval on experience 1 (Task 0) from test stream ended.
	Loss_Exp/eval_phase/test_stream/Task000/Exp001 = 29.6752
	Top1_Acc_Exp/eval_phase/test_stream/Task000/Exp001 = 0.0000
-- Starting eval on experience 2 (Task 0) from test stream --
> Eval on experience 2 (Task 0) from test stream ended.
	Loss_Exp/eval_phase/test_stream/Task000/Exp002 = 29.2435
	Top1_Acc_Exp/eval_phase/test_stream/Task000/Exp002 = 0.0000
-- Starting eval on experience 3 (Task 0) from test stream --
> Eval on experience 3 (Task 0) from test stream ended.
	Loss_Exp/eval_phase/test_stream/Task000/Exp003 = 28.9557
	Top1_Acc_Exp/eval_phase/test_stream/Task000/Exp003 = 0.0000
-- Starting eval on experience 4 (Task 0) from test stream --
> Eval on experience 4 (Task 0) from test stream ended.
	Loss_Exp/eval_phase/test_stream/Task000/Exp004 = 29.6232
	Top1_Acc_Exp/eval_phase/test_stream/Task000/Exp004 = 0.0000
-- >> End of eval phase << --
	ConfusionMatrix_Stream/eval_phase/test_stream = <avalanche.evaluation.metric_results.AlternativeValues object at 0x7f526a2ab2b0>
	Loss_Stream/eval_phase/test_stream/Task000 = 23.6393
	StreamForgetting/eval_phase/test_stream = 0.0000
	Top1_Acc_Stream/eval_phase/test_stream/Task000 = 0.1306
[FILE:TASK-RESULTS]: /home/yhguo/yuxuan/CL/origin/ContinualEvaluation/results/ER_CIFAR10_e=10_reproduce_paper_now=2024-04-07_06-18_uid=c9f5c6c857fe4735aea4919407478057/results_summary/seed=3/task0_results.pt

---------------------------------------- TRAIN ----------------------------------------
Start training on experience 1
-- >> Start of training phase << --
-- Starting training on experience 1 (Task 0) from train stream --
Epoch 0 ended.
	CURRENT_MB_avg_gradnorm_G/train_phase/train_stream/Task000 = 0.0000
	CURRENT_MB_gradnorm_stab/train_phase/train_stream/Task000 = 0.0000
	CURRENT_MB_loss_new/train_phase/train_stream/Task000 = 0.7700
	CURRENT_MB_loss_reg/train_phase/train_stream/Task000 = 0.0300
	Loss_MB/train_phase/train_stream/Task000 = 0.8000
	TRACK_MB_F10/train_phase/train_stream/Task000 = 0.0550
	TRACK_MB_F10/train_phase/train_stream/Task001 = 0.0000
	TRACK_MB_F100/train_phase/train_stream/Task000 = 0.1090
	TRACK_MB_F100/train_phase/train_stream/Task001 = 0.0000
	TRACK_MB_F100_AVG/train_phase/train_stream/Task000 = 0.0545
	TRACK_MB_F10_AVG/train_phase/train_stream/Task000 = 0.0275
	TRACK_MB_LCA/train_phase/train_stream/Task000 = 0.2237
	TRACK_MB_P10/train_phase/train_stream/Task000 = 0.5260
	TRACK_MB_P10/train_phase/train_stream/Task001 = 0.0000
	TRACK_MB_P100/train_phase/train_stream/Task000 = 0.7030
	TRACK_MB_P100/train_phase/train_stream/Task001 = 0.0000
	TRACK_MB_P100_AVG/train_phase/train_stream/Task000 = 0.3515
	TRACK_MB_P10_AVG/train_phase/train_stream/Task000 = 0.2630
	TRACK_MB_WCACC/train_phase/train_stream/Task000 = 0.3110
	TRACK_MB_acc/train_phase/train_stream/Task000 = 0.6390
	TRACK_MB_acc/train_phase/train_stream/Task001 = 0.0000
	TRACK_MB_acc_MIN/train_phase/train_stream/Task000 = 0.6220
	TRACK_MB_acc_MIN_AVG/train_phase/train_stream/Task000 = 0.6220
	TRACK_MB_loss/train_phase/train_stream/Task000 = 0.6871
	TRACK_MB_loss/train_phase/train_stream/Task001 = 29.4312
	Time_Epoch/train_phase/train_stream/Task000 = 55.8872
Epoch 1 ended.
	CURRENT_MB_avg_gradnorm_G/train_phase/train_stream/Task000 = 0.0000
	CURRENT_MB_gradnorm_stab/train_phase/train_stream/Task000 = 0.0000
	CURRENT_MB_loss_new/train_phase/train_stream/Task000 = 0.7700
	CURRENT_MB_loss_reg/train_phase/train_stream/Task000 = 0.0300
	Loss_MB/train_phase/train_stream/Task000 = 0.8000
	TRACK_MB_F10/train_phase/train_stream/Task000 = 0.0550
	TRACK_MB_F10/train_phase/train_stream/Task001 = 0.0000
	TRACK_MB_F100/train_phase/train_stream/Task000 = 0.1090
	TRACK_MB_F100/train_phase/train_stream/Task001 = 0.0000
	TRACK_MB_F100_AVG/train_phase/train_stream/Task000 = 0.0545
	TRACK_MB_F10_AVG/train_phase/train_stream/Task000 = 0.0275
	TRACK_MB_LCA/train_phase/train_stream/Task000 = 0.2237
	TRACK_MB_P10/train_phase/train_stream/Task000 = 0.5260
	TRACK_MB_P10/train_phase/train_stream/Task001 = 0.0000
	TRACK_MB_P100/train_phase/train_stream/Task000 = 0.7030
	TRACK_MB_P100/train_phase/train_stream/Task001 = 0.0000
	TRACK_MB_P100_AVG/train_phase/train_stream/Task000 = 0.3515
	TRACK_MB_P10_AVG/train_phase/train_stream/Task000 = 0.2630
	TRACK_MB_WCACC/train_phase/train_stream/Task000 = 0.3080
	TRACK_MB_acc/train_phase/train_stream/Task000 = 0.6480
	TRACK_MB_acc/train_phase/train_stream/Task001 = 0.0000
	TRACK_MB_acc_MIN/train_phase/train_stream/Task000 = 0.6160
	TRACK_MB_acc_MIN_AVG/train_phase/train_stream/Task000 = 0.6160
	TRACK_MB_loss/train_phase/train_stream/Task000 = 0.6817
	TRACK_MB_loss/train_phase/train_stream/Task001 = 29.2712
	Time_Epoch/train_phase/train_stream/Task000 = 55.7384
Epoch 2 ended.
	CURRENT_MB_avg_gradnorm_G/train_phase/train_stream/Task000 = 0.0000
	CURRENT_MB_gradnorm_stab/train_phase/train_stream/Task000 = 0.0000
	CURRENT_MB_loss_new/train_phase/train_stream/Task000 = 0.7700
	CURRENT_MB_loss_reg/train_phase/train_stream/Task000 = 0.0300
	Loss_MB/train_phase/train_stream/Task000 = 0.8000
	TRACK_MB_F10/train_phase/train_stream/Task000 = 0.0550
	TRACK_MB_F10/train_phase/train_stream/Task001 = 0.0000
	TRACK_MB_F100/train_phase/train_stream/Task000 = 0.1090
	TRACK_MB_F100/train_phase/train_stream/Task001 = 0.0000
	TRACK_MB_F100_AVG/train_phase/train_stream/Task000 = 0.0545
	TRACK_MB_F10_AVG/train_phase/train_stream/Task000 = 0.0275
	TRACK_MB_LCA/train_phase/train_stream/Task000 = 0.2237
	TRACK_MB_P10/train_phase/train_stream/Task000 = 0.5260
	TRACK_MB_P10/train_phase/train_stream/Task001 = 0.0000
	TRACK_MB_P100/train_phase/train_stream/Task000 = 0.7030
	TRACK_MB_P100/train_phase/train_stream/Task001 = 0.0000
	TRACK_MB_P100_AVG/train_phase/train_stream/Task000 = 0.3515
	TRACK_MB_P10_AVG/train_phase/train_stream/Task000 = 0.2630
	TRACK_MB_WCACC/train_phase/train_stream/Task000 = 0.3080
	TRACK_MB_acc/train_phase/train_stream/Task000 = 0.6210
	TRACK_MB_acc/train_phase/train_stream/Task001 = 0.0000
	TRACK_MB_acc_MIN/train_phase/train_stream/Task000 = 0.6160
	TRACK_MB_acc_MIN_AVG/train_phase/train_stream/Task000 = 0.6160
	TRACK_MB_loss/train_phase/train_stream/Task000 = 0.7067
	TRACK_MB_loss/train_phase/train_stream/Task001 = 29.1992
	Time_Epoch/train_phase/train_stream/Task000 = 55.7520
Epoch 3 ended.
	CURRENT_MB_avg_gradnorm_G/train_phase/train_stream/Task000 = 0.0000
	CURRENT_MB_gradnorm_stab/train_phase/train_stream/Task000 = 0.0000
	CURRENT_MB_loss_new/train_phase/train_stream/Task000 = 0.7700
	CURRENT_MB_loss_reg/train_phase/train_stream/Task000 = 0.0300
	Loss_MB/train_phase/train_stream/Task000 = 0.8000
	TRACK_MB_F10/train_phase/train_stream/Task000 = 0.0550
	TRACK_MB_F10/train_phase/train_stream/Task001 = 0.0000
	TRACK_MB_F100/train_phase/train_stream/Task000 = 0.1090
	TRACK_MB_F100/train_phase/train_stream/Task001 = 0.0000
	TRACK_MB_F100_AVG/train_phase/train_stream/Task000 = 0.0545
	TRACK_MB_F10_AVG/train_phase/train_stream/Task000 = 0.0275
	TRACK_MB_LCA/train_phase/train_stream/Task000 = 0.2237
	TRACK_MB_P10/train_phase/train_stream/Task000 = 0.5260
	TRACK_MB_P10/train_phase/train_stream/Task001 = 0.0000
	TRACK_MB_P100/train_phase/train_stream/Task000 = 0.7030
	TRACK_MB_P100/train_phase/train_stream/Task001 = 0.0000
	TRACK_MB_P100_AVG/train_phase/train_stream/Task000 = 0.3515
	TRACK_MB_P10_AVG/train_phase/train_stream/Task000 = 0.2630
	TRACK_MB_WCACC/train_phase/train_stream/Task000 = 0.3060
	TRACK_MB_acc/train_phase/train_stream/Task000 = 0.6370
	TRACK_MB_acc/train_phase/train_stream/Task001 = 0.0000
	TRACK_MB_acc_MIN/train_phase/train_stream/Task000 = 0.6120
	TRACK_MB_acc_MIN_AVG/train_phase/train_stream/Task000 = 0.6120
	TRACK_MB_loss/train_phase/train_stream/Task000 = 0.6832
	TRACK_MB_loss/train_phase/train_stream/Task001 = 29.0803
	Time_Epoch/train_phase/train_stream/Task000 = 55.8308
Epoch 4 ended.
	CURRENT_MB_avg_gradnorm_G/train_phase/train_stream/Task000 = 0.0000
	CURRENT_MB_gradnorm_stab/train_phase/train_stream/Task000 = 0.0000
	CURRENT_MB_loss_new/train_phase/train_stream/Task000 = 0.7700
	CURRENT_MB_loss_reg/train_phase/train_stream/Task000 = 0.0300
	Loss_MB/train_phase/train_stream/Task000 = 0.8000
	TRACK_MB_F10/train_phase/train_stream/Task000 = 0.0550
	TRACK_MB_F10/train_phase/train_stream/Task001 = 0.0000
	TRACK_MB_F100/train_phase/train_stream/Task000 = 0.1090
	TRACK_MB_F100/train_phase/train_stream/Task001 = 0.0000
	TRACK_MB_F100_AVG/train_phase/train_stream/Task000 = 0.0545
	TRACK_MB_F10_AVG/train_phase/train_stream/Task000 = 0.0275
	TRACK_MB_LCA/train_phase/train_stream/Task000 = 0.2237
	TRACK_MB_P10/train_phase/train_stream/Task000 = 0.5260
	TRACK_MB_P10/train_phase/train_stream/Task001 = 0.0000
	TRACK_MB_P100/train_phase/train_stream/Task000 = 0.7030
	TRACK_MB_P100/train_phase/train_stream/Task001 = 0.0000
	TRACK_MB_P100_AVG/train_phase/train_stream/Task000 = 0.3515
	TRACK_MB_P10_AVG/train_phase/train_stream/Task000 = 0.2630
	TRACK_MB_WCACC/train_phase/train_stream/Task000 = 0.2975
	TRACK_MB_acc/train_phase/train_stream/Task000 = 0.6150
	TRACK_MB_acc/train_phase/train_stream/Task001 = 0.0000
	TRACK_MB_acc_MIN/train_phase/train_stream/Task000 = 0.5950
	TRACK_MB_acc_MIN_AVG/train_phase/train_stream/Task000 = 0.5950
	TRACK_MB_loss/train_phase/train_stream/Task000 = 0.6965
	TRACK_MB_loss/train_phase/train_stream/Task001 = 28.9685
	Time_Epoch/train_phase/train_stream/Task000 = 55.2542
Epoch 5 ended.
	CURRENT_MB_avg_gradnorm_G/train_phase/train_stream/Task000 = 0.0000
	CURRENT_MB_gradnorm_stab/train_phase/train_stream/Task000 = 0.0000
	CURRENT_MB_loss_new/train_phase/train_stream/Task000 = 0.7700
	CURRENT_MB_loss_reg/train_phase/train_stream/Task000 = 0.0300
	Loss_MB/train_phase/train_stream/Task000 = 0.8000
	TRACK_MB_F10/train_phase/train_stream/Task000 = 0.0550
	TRACK_MB_F10/train_phase/train_stream/Task001 = 0.0000
	TRACK_MB_F100/train_phase/train_stream/Task000 = 0.1090
	TRACK_MB_F100/train_phase/train_stream/Task001 = 0.0000
	TRACK_MB_F100_AVG/train_phase/train_stream/Task000 = 0.0545
	TRACK_MB_F10_AVG/train_phase/train_stream/Task000 = 0.0275
	TRACK_MB_LCA/train_phase/train_stream/Task000 = 0.2237
	TRACK_MB_P10/train_phase/train_stream/Task000 = 0.5260
	TRACK_MB_P10/train_phase/train_stream/Task001 = 0.0000
	TRACK_MB_P100/train_phase/train_stream/Task000 = 0.7030
	TRACK_MB_P100/train_phase/train_stream/Task001 = 0.0000
	TRACK_MB_P100_AVG/train_phase/train_stream/Task000 = 0.3515
	TRACK_MB_P10_AVG/train_phase/train_stream/Task000 = 0.2630
	TRACK_MB_WCACC/train_phase/train_stream/Task000 = 0.2975
	TRACK_MB_acc/train_phase/train_stream/Task000 = 0.6230
	TRACK_MB_acc/train_phase/train_stream/Task001 = 0.0000
	TRACK_MB_acc_MIN/train_phase/train_stream/Task000 = 0.5950
	TRACK_MB_acc_MIN_AVG/train_phase/train_stream/Task000 = 0.5950
	TRACK_MB_loss/train_phase/train_stream/Task000 = 0.7018
	TRACK_MB_loss/train_phase/train_stream/Task001 = 28.8841
	Time_Epoch/train_phase/train_stream/Task000 = 56.1509
Epoch 6 ended.
	CURRENT_MB_avg_gradnorm_G/train_phase/train_stream/Task000 = 0.0000
	CURRENT_MB_gradnorm_stab/train_phase/train_stream/Task000 = 0.0000
	CURRENT_MB_loss_new/train_phase/train_stream/Task000 = 0.7699
	CURRENT_MB_loss_reg/train_phase/train_stream/Task000 = 0.0300
	Loss_MB/train_phase/train_stream/Task000 = 0.8000
	TRACK_MB_F10/train_phase/train_stream/Task000 = 0.0550
	TRACK_MB_F10/train_phase/train_stream/Task001 = 0.0000
	TRACK_MB_F100/train_phase/train_stream/Task000 = 0.1090
	TRACK_MB_F100/train_phase/train_stream/Task001 = 0.0000
	TRACK_MB_F100_AVG/train_phase/train_stream/Task000 = 0.0545
	TRACK_MB_F10_AVG/train_phase/train_stream/Task000 = 0.0275
	TRACK_MB_LCA/train_phase/train_stream/Task000 = 0.2237
	TRACK_MB_P10/train_phase/train_stream/Task000 = 0.5260
	TRACK_MB_P10/train_phase/train_stream/Task001 = 0.0000
	TRACK_MB_P100/train_phase/train_stream/Task000 = 0.7030
	TRACK_MB_P100/train_phase/train_stream/Task001 = 0.0000
	TRACK_MB_P100_AVG/train_phase/train_stream/Task000 = 0.3515
	TRACK_MB_P10_AVG/train_phase/train_stream/Task000 = 0.2630
	TRACK_MB_WCACC/train_phase/train_stream/Task000 = 0.2930
	TRACK_MB_acc/train_phase/train_stream/Task000 = 0.6070
	TRACK_MB_acc/train_phase/train_stream/Task001 = 0.0000
	TRACK_MB_acc_MIN/train_phase/train_stream/Task000 = 0.5860
	TRACK_MB_acc_MIN_AVG/train_phase/train_stream/Task000 = 0.5860
	TRACK_MB_loss/train_phase/train_stream/Task000 = 0.6994
	TRACK_MB_loss/train_phase/train_stream/Task001 = 28.6653
	Time_Epoch/train_phase/train_stream/Task000 = 55.7313
Epoch 7 ended.
	CURRENT_MB_avg_gradnorm_G/train_phase/train_stream/Task000 = 0.0000
	CURRENT_MB_gradnorm_stab/train_phase/train_stream/Task000 = 0.0000
	CURRENT_MB_loss_new/train_phase/train_stream/Task000 = 0.7700
	CURRENT_MB_loss_reg/train_phase/train_stream/Task000 = 0.0300
	Loss_MB/train_phase/train_stream/Task000 = 0.8000
	TRACK_MB_F10/train_phase/train_stream/Task000 = 0.0550
	TRACK_MB_F10/train_phase/train_stream/Task001 = 0.0000
	TRACK_MB_F100/train_phase/train_stream/Task000 = 0.1090
	TRACK_MB_F100/train_phase/train_stream/Task001 = 0.0000
	TRACK_MB_F100_AVG/train_phase/train_stream/Task000 = 0.0545
	TRACK_MB_F10_AVG/train_phase/train_stream/Task000 = 0.0275
	TRACK_MB_LCA/train_phase/train_stream/Task000 = 0.2237
	TRACK_MB_P10/train_phase/train_stream/Task000 = 0.5260
	TRACK_MB_P10/train_phase/train_stream/Task001 = 0.0000
	TRACK_MB_P100/train_phase/train_stream/Task000 = 0.7030
	TRACK_MB_P100/train_phase/train_stream/Task001 = 0.0000
	TRACK_MB_P100_AVG/train_phase/train_stream/Task000 = 0.3515
	TRACK_MB_P10_AVG/train_phase/train_stream/Task000 = 0.2630
	TRACK_MB_WCACC/train_phase/train_stream/Task000 = 0.2845
	TRACK_MB_acc/train_phase/train_stream/Task000 = 0.5760
	TRACK_MB_acc/train_phase/train_stream/Task001 = 0.0000
	TRACK_MB_acc_MIN/train_phase/train_stream/Task000 = 0.5690
	TRACK_MB_acc_MIN_AVG/train_phase/train_stream/Task000 = 0.5690
	TRACK_MB_loss/train_phase/train_stream/Task000 = 0.7336
	TRACK_MB_loss/train_phase/train_stream/Task001 = 28.4311
	Time_Epoch/train_phase/train_stream/Task000 = 55.5233
Epoch 8 ended.
	CURRENT_MB_avg_gradnorm_G/train_phase/train_stream/Task000 = 0.0000
	CURRENT_MB_gradnorm_stab/train_phase/train_stream/Task000 = 0.0000
	CURRENT_MB_loss_new/train_phase/train_stream/Task000 = 0.7699
	CURRENT_MB_loss_reg/train_phase/train_stream/Task000 = 0.0300
	Loss_MB/train_phase/train_stream/Task000 = 0.8000
	TRACK_MB_F10/train_phase/train_stream/Task000 = 0.0550
	TRACK_MB_F10/train_phase/train_stream/Task001 = 0.0000
	TRACK_MB_F100/train_phase/train_stream/Task000 = 0.1090
	TRACK_MB_F100/train_phase/train_stream/Task001 = 0.0000
	TRACK_MB_F100_AVG/train_phase/train_stream/Task000 = 0.0545
	TRACK_MB_F10_AVG/train_phase/train_stream/Task000 = 0.0275
	TRACK_MB_LCA/train_phase/train_stream/Task000 = 0.2237
	TRACK_MB_P10/train_phase/train_stream/Task000 = 0.5260
	TRACK_MB_P10/train_phase/train_stream/Task001 = 0.0000
	TRACK_MB_P100/train_phase/train_stream/Task000 = 0.7030
	TRACK_MB_P100/train_phase/train_stream/Task001 = 0.0000
	TRACK_MB_P100_AVG/train_phase/train_stream/Task000 = 0.3515
	TRACK_MB_P10_AVG/train_phase/train_stream/Task000 = 0.2630
	TRACK_MB_WCACC/train_phase/train_stream/Task000 = 0.2655
	TRACK_MB_acc/train_phase/train_stream/Task000 = 0.5370
	TRACK_MB_acc/train_phase/train_stream/Task001 = 0.0000
	TRACK_MB_acc_MIN/train_phase/train_stream/Task000 = 0.5310
	TRACK_MB_acc_MIN_AVG/train_phase/train_stream/Task000 = 0.5310
	TRACK_MB_loss/train_phase/train_stream/Task000 = 0.7955
	TRACK_MB_loss/train_phase/train_stream/Task001 = 28.0293
	Time_Epoch/train_phase/train_stream/Task000 = 56.2105
Epoch 9 ended.
	CURRENT_MB_avg_gradnorm_G/train_phase/train_stream/Task000 = 0.0000
	CURRENT_MB_gradnorm_stab/train_phase/train_stream/Task000 = 0.0000
	CURRENT_MB_loss_new/train_phase/train_stream/Task000 = 0.7695
	CURRENT_MB_loss_reg/train_phase/train_stream/Task000 = 0.0300
	Loss_MB/train_phase/train_stream/Task000 = 0.7995
	TRACK_MB_F10/train_phase/train_stream/Task000 = 0.0550
	TRACK_MB_F10/train_phase/train_stream/Task001 = 0.0000
	TRACK_MB_F100/train_phase/train_stream/Task000 = 0.1190
	TRACK_MB_F100/train_phase/train_stream/Task001 = 0.0000
	TRACK_MB_F100_AVG/train_phase/train_stream/Task000 = 0.0595
	TRACK_MB_F10_AVG/train_phase/train_stream/Task000 = 0.0275
	TRACK_MB_LCA/train_phase/train_stream/Task000 = 0.2237
	TRACK_MB_P10/train_phase/train_stream/Task000 = 0.5260
	TRACK_MB_P10/train_phase/train_stream/Task001 = 0.0000
	TRACK_MB_P100/train_phase/train_stream/Task000 = 0.7030
	TRACK_MB_P100/train_phase/train_stream/Task001 = 0.0000
	TRACK_MB_P100_AVG/train_phase/train_stream/Task000 = 0.3515
	TRACK_MB_P10_AVG/train_phase/train_stream/Task000 = 0.2630
	TRACK_MB_WCACC/train_phase/train_stream/Task000 = 0.2520
	TRACK_MB_acc/train_phase/train_stream/Task000 = 0.5260
	TRACK_MB_acc/train_phase/train_stream/Task001 = 0.0000
	TRACK_MB_acc_MIN/train_phase/train_stream/Task000 = 0.5040
	TRACK_MB_acc_MIN_AVG/train_phase/train_stream/Task000 = 0.5040
	TRACK_MB_loss/train_phase/train_stream/Task000 = 0.9342
	TRACK_MB_loss/train_phase/train_stream/Task001 = 27.3539
	Time_Epoch/train_phase/train_stream/Task000 = 55.6703
-- >> End of training phase << --
End training on experience 1

======================================== EVAL ========================================
Standard Continual Learning eval on entire test set on task transition.
-- >> Start of eval phase << --
-- Starting eval on experience 0 (Task 0) from test stream --
> Eval on experience 0 (Task 0) from test stream ended.
	ExperienceForgetting/eval_phase/test_stream/Task000/Exp000 = 0.1435
	Loss_Exp/eval_phase/test_stream/Task000/Exp000 = 0.9784
	Top1_Acc_Exp/eval_phase/test_stream/Task000/Exp000 = 0.5095
-- Starting eval on experience 1 (Task 0) from test stream --
> Eval on experience 1 (Task 0) from test stream ended.
	Loss_Exp/eval_phase/test_stream/Task000/Exp001 = 27.2799
	Top1_Acc_Exp/eval_phase/test_stream/Task000/Exp001 = 0.0000
-- Starting eval on experience 2 (Task 0) from test stream --
> Eval on experience 2 (Task 0) from test stream ended.
	Loss_Exp/eval_phase/test_stream/Task000/Exp002 = 27.7421
	Top1_Acc_Exp/eval_phase/test_stream/Task000/Exp002 = 0.0000
-- Starting eval on experience 3 (Task 0) from test stream --
> Eval on experience 3 (Task 0) from test stream ended.
	Loss_Exp/eval_phase/test_stream/Task000/Exp003 = 27.5649
	Top1_Acc_Exp/eval_phase/test_stream/Task000/Exp003 = 0.0000
-- Starting eval on experience 4 (Task 0) from test stream --
> Eval on experience 4 (Task 0) from test stream ended.
	Loss_Exp/eval_phase/test_stream/Task000/Exp004 = 31.5420
	Top1_Acc_Exp/eval_phase/test_stream/Task000/Exp004 = 0.0000
-- >> End of eval phase << --
	ConfusionMatrix_Stream/eval_phase/test_stream = <avalanche.evaluation.metric_results.AlternativeValues object at 0x7f5267ebd3a0>
	Loss_Stream/eval_phase/test_stream/Task000 = 23.0215
	StreamForgetting/eval_phase/test_stream = 0.1435
	Top1_Acc_Stream/eval_phase/test_stream/Task000 = 0.1019
[FILE:TASK-RESULTS]: /home/yhguo/yuxuan/CL/origin/ContinualEvaluation/results/ER_CIFAR10_e=10_reproduce_paper_now=2024-04-07_06-18_uid=c9f5c6c857fe4735aea4919407478057/results_summary/seed=3/task1_results.pt

---------------------------------------- TRAIN ----------------------------------------
Start training on experience 2
-- >> Start of training phase << --
-- Starting training on experience 2 (Task 0) from train stream --
Epoch 0 ended.
	CURRENT_MB_avg_gradnorm_G/train_phase/train_stream/Task000 = 0.0000
	CURRENT_MB_gradnorm_stab/train_phase/train_stream/Task000 = 0.0000
	CURRENT_MB_loss_new/train_phase/train_stream/Task000 = 0.7701
	CURRENT_MB_loss_reg/train_phase/train_stream/Task000 = 0.1729
	Loss_MB/train_phase/train_stream/Task000 = 0.9430
	TRACK_MB_F10/train_phase/train_stream/Task000 = 0.0560
	TRACK_MB_F10/train_phase/train_stream/Task001 = 0.0000
	TRACK_MB_F10/train_phase/train_stream/Task002 = 0.0000
	TRACK_MB_F100/train_phase/train_stream/Task000 = 0.1240
	TRACK_MB_F100/train_phase/train_stream/Task001 = 0.0000
	TRACK_MB_F100/train_phase/train_stream/Task002 = 0.0000
	TRACK_MB_F100_AVG/train_phase/train_stream/Task000 = 0.0413
	TRACK_MB_F10_AVG/train_phase/train_stream/Task000 = 0.0187
	TRACK_MB_LCA/train_phase/train_stream/Task000 = 0.1491
	TRACK_MB_P10/train_phase/train_stream/Task000 = 0.5260
	TRACK_MB_P10/train_phase/train_stream/Task001 = 0.0000
	TRACK_MB_P10/train_phase/train_stream/Task002 = 0.0000
	TRACK_MB_P100/train_phase/train_stream/Task000 = 0.7030
	TRACK_MB_P100/train_phase/train_stream/Task001 = 0.0000
	TRACK_MB_P100/train_phase/train_stream/Task002 = 0.0000
	TRACK_MB_P100_AVG/train_phase/train_stream/Task000 = 0.2343
	TRACK_MB_P10_AVG/train_phase/train_stream/Task000 = 0.1753
	TRACK_MB_WCACC/train_phase/train_stream/Task000 = 0.1587
	TRACK_MB_acc/train_phase/train_stream/Task000 = 0.4800
	TRACK_MB_acc/train_phase/train_stream/Task001 = 0.0000
	TRACK_MB_acc/train_phase/train_stream/Task002 = 0.0000
	TRACK_MB_acc_MIN/train_phase/train_stream/Task000 = 0.4760
	TRACK_MB_acc_MIN/train_phase/train_stream/Task001 = 0.0000
	TRACK_MB_acc_MIN_AVG/train_phase/train_stream/Task000 = 0.2380
	TRACK_MB_loss/train_phase/train_stream/Task000 = 1.0702
	TRACK_MB_loss/train_phase/train_stream/Task001 = 27.2971
	TRACK_MB_loss/train_phase/train_stream/Task002 = 27.6802
	Time_Epoch/train_phase/train_stream/Task000 = 78.9321
Epoch 1 ended.
	CURRENT_MB_avg_gradnorm_G/train_phase/train_stream/Task000 = 0.0000
	CURRENT_MB_gradnorm_stab/train_phase/train_stream/Task000 = 0.0000
	CURRENT_MB_loss_new/train_phase/train_stream/Task000 = 0.7701
	CURRENT_MB_loss_reg/train_phase/train_stream/Task000 = 0.1729
	Loss_MB/train_phase/train_stream/Task000 = 0.9430
	TRACK_MB_F10/train_phase/train_stream/Task000 = 0.0560
	TRACK_MB_F10/train_phase/train_stream/Task001 = 0.0000
	TRACK_MB_F10/train_phase/train_stream/Task002 = 0.0000
	TRACK_MB_F100/train_phase/train_stream/Task000 = 0.1240
	TRACK_MB_F100/train_phase/train_stream/Task001 = 0.0000
	TRACK_MB_F100/train_phase/train_stream/Task002 = 0.0000
	TRACK_MB_F100_AVG/train_phase/train_stream/Task000 = 0.0413
	TRACK_MB_F10_AVG/train_phase/train_stream/Task000 = 0.0187
	TRACK_MB_LCA/train_phase/train_stream/Task000 = 0.1491
	TRACK_MB_P10/train_phase/train_stream/Task000 = 0.5260
	TRACK_MB_P10/train_phase/train_stream/Task001 = 0.0000
	TRACK_MB_P10/train_phase/train_stream/Task002 = 0.0000
	TRACK_MB_P100/train_phase/train_stream/Task000 = 0.7030
	TRACK_MB_P100/train_phase/train_stream/Task001 = 0.0000
	TRACK_MB_P100/train_phase/train_stream/Task002 = 0.0000
	TRACK_MB_P100_AVG/train_phase/train_stream/Task000 = 0.2343
	TRACK_MB_P10_AVG/train_phase/train_stream/Task000 = 0.1753
	TRACK_MB_WCACC/train_phase/train_stream/Task000 = 0.1587
	TRACK_MB_acc/train_phase/train_stream/Task000 = 0.4960
	TRACK_MB_acc/train_phase/train_stream/Task001 = 0.0000
	TRACK_MB_acc/train_phase/train_stream/Task002 = 0.0000
	TRACK_MB_acc_MIN/train_phase/train_stream/Task000 = 0.4760
	TRACK_MB_acc_MIN/train_phase/train_stream/Task001 = 0.0000
	TRACK_MB_acc_MIN_AVG/train_phase/train_stream/Task000 = 0.2380
	TRACK_MB_loss/train_phase/train_stream/Task000 = 1.0598
	TRACK_MB_loss/train_phase/train_stream/Task001 = 27.4964
	TRACK_MB_loss/train_phase/train_stream/Task002 = 27.6856
	Time_Epoch/train_phase/train_stream/Task000 = 78.6206
Epoch 2 ended.
	CURRENT_MB_avg_gradnorm_G/train_phase/train_stream/Task000 = 0.0000
	CURRENT_MB_gradnorm_stab/train_phase/train_stream/Task000 = 0.0000
	CURRENT_MB_loss_new/train_phase/train_stream/Task000 = 0.7700
	CURRENT_MB_loss_reg/train_phase/train_stream/Task000 = 0.1671
	Loss_MB/train_phase/train_stream/Task000 = 0.9371
	TRACK_MB_F10/train_phase/train_stream/Task000 = 0.0560
	TRACK_MB_F10/train_phase/train_stream/Task001 = 0.0000
	TRACK_MB_F10/train_phase/train_stream/Task002 = 0.0000
	TRACK_MB_F100/train_phase/train_stream/Task000 = 0.1240
	TRACK_MB_F100/train_phase/train_stream/Task001 = 0.0000
	TRACK_MB_F100/train_phase/train_stream/Task002 = 0.0000
	TRACK_MB_F100_AVG/train_phase/train_stream/Task000 = 0.0413
	TRACK_MB_F10_AVG/train_phase/train_stream/Task000 = 0.0187
	TRACK_MB_LCA/train_phase/train_stream/Task000 = 0.1491
	TRACK_MB_P10/train_phase/train_stream/Task000 = 0.5260
	TRACK_MB_P10/train_phase/train_stream/Task001 = 0.0000
	TRACK_MB_P10/train_phase/train_stream/Task002 = 0.0000
	TRACK_MB_P100/train_phase/train_stream/Task000 = 0.7030
	TRACK_MB_P100/train_phase/train_stream/Task001 = 0.0000
	TRACK_MB_P100/train_phase/train_stream/Task002 = 0.0000
	TRACK_MB_P100_AVG/train_phase/train_stream/Task000 = 0.2343
	TRACK_MB_P10_AVG/train_phase/train_stream/Task000 = 0.1753
	TRACK_MB_WCACC/train_phase/train_stream/Task000 = 0.1587
	TRACK_MB_acc/train_phase/train_stream/Task000 = 0.4970
	TRACK_MB_acc/train_phase/train_stream/Task001 = 0.0000
	TRACK_MB_acc/train_phase/train_stream/Task002 = 0.0000
	TRACK_MB_acc_MIN/train_phase/train_stream/Task000 = 0.4760
	TRACK_MB_acc_MIN/train_phase/train_stream/Task001 = 0.0000
	TRACK_MB_acc_MIN_AVG/train_phase/train_stream/Task000 = 0.2380
	TRACK_MB_loss/train_phase/train_stream/Task000 = 1.1124
	TRACK_MB_loss/train_phase/train_stream/Task001 = 27.6817
	TRACK_MB_loss/train_phase/train_stream/Task002 = 27.4683
	Time_Epoch/train_phase/train_stream/Task000 = 77.7543
Epoch 3 ended.
	CURRENT_MB_avg_gradnorm_G/train_phase/train_stream/Task000 = 0.0000
	CURRENT_MB_gradnorm_stab/train_phase/train_stream/Task000 = 0.0000
	CURRENT_MB_loss_new/train_phase/train_stream/Task000 = 0.7700
	CURRENT_MB_loss_reg/train_phase/train_stream/Task000 = 0.1928
	Loss_MB/train_phase/train_stream/Task000 = 0.9628
	TRACK_MB_F10/train_phase/train_stream/Task000 = 0.0560
	TRACK_MB_F10/train_phase/train_stream/Task001 = 0.0000
	TRACK_MB_F10/train_phase/train_stream/Task002 = 0.0000
	TRACK_MB_F100/train_phase/train_stream/Task000 = 0.1240
	TRACK_MB_F100/train_phase/train_stream/Task001 = 0.0000
	TRACK_MB_F100/train_phase/train_stream/Task002 = 0.0000
	TRACK_MB_F100_AVG/train_phase/train_stream/Task000 = 0.0413
	TRACK_MB_F10_AVG/train_phase/train_stream/Task000 = 0.0187
	TRACK_MB_LCA/train_phase/train_stream/Task000 = 0.1491
	TRACK_MB_P10/train_phase/train_stream/Task000 = 0.5260
	TRACK_MB_P10/train_phase/train_stream/Task001 = 0.0000
	TRACK_MB_P10/train_phase/train_stream/Task002 = 0.0000
	TRACK_MB_P100/train_phase/train_stream/Task000 = 0.7030
	TRACK_MB_P100/train_phase/train_stream/Task001 = 0.0000
	TRACK_MB_P100/train_phase/train_stream/Task002 = 0.0000
	TRACK_MB_P100_AVG/train_phase/train_stream/Task000 = 0.2343
	TRACK_MB_P10_AVG/train_phase/train_stream/Task000 = 0.1753
	TRACK_MB_WCACC/train_phase/train_stream/Task000 = 0.1587
	TRACK_MB_acc/train_phase/train_stream/Task000 = 0.4920
	TRACK_MB_acc/train_phase/train_stream/Task001 = 0.0000
	TRACK_MB_acc/train_phase/train_stream/Task002 = 0.0000
	TRACK_MB_acc_MIN/train_phase/train_stream/Task000 = 0.4760
	TRACK_MB_acc_MIN/train_phase/train_stream/Task001 = 0.0000
	TRACK_MB_acc_MIN_AVG/train_phase/train_stream/Task000 = 0.2380
	TRACK_MB_loss/train_phase/train_stream/Task000 = 1.3114
	TRACK_MB_loss/train_phase/train_stream/Task001 = 27.5167
	TRACK_MB_loss/train_phase/train_stream/Task002 = 27.2760
	Time_Epoch/train_phase/train_stream/Task000 = 78.5911
Epoch 4 ended.
	CURRENT_MB_avg_gradnorm_G/train_phase/train_stream/Task000 = 0.0000
	CURRENT_MB_gradnorm_stab/train_phase/train_stream/Task000 = 0.0000
	CURRENT_MB_loss_new/train_phase/train_stream/Task000 = 0.7697
	CURRENT_MB_loss_reg/train_phase/train_stream/Task000 = 0.1670
	Loss_MB/train_phase/train_stream/Task000 = 0.9367
	TRACK_MB_F10/train_phase/train_stream/Task000 = 0.0560
	TRACK_MB_F10/train_phase/train_stream/Task001 = 0.0000
	TRACK_MB_F10/train_phase/train_stream/Task002 = 0.0000
	TRACK_MB_F100/train_phase/train_stream/Task000 = 0.1240
	TRACK_MB_F100/train_phase/train_stream/Task001 = 0.0000
	TRACK_MB_F100/train_phase/train_stream/Task002 = 0.0000
	TRACK_MB_F100_AVG/train_phase/train_stream/Task000 = 0.0413
	TRACK_MB_F10_AVG/train_phase/train_stream/Task000 = 0.0187
	TRACK_MB_LCA/train_phase/train_stream/Task000 = 0.1491
	TRACK_MB_P10/train_phase/train_stream/Task000 = 0.5260
	TRACK_MB_P10/train_phase/train_stream/Task001 = 0.0000
	TRACK_MB_P10/train_phase/train_stream/Task002 = 0.0000
	TRACK_MB_P100/train_phase/train_stream/Task000 = 0.7030
	TRACK_MB_P100/train_phase/train_stream/Task001 = 0.0000
	TRACK_MB_P100/train_phase/train_stream/Task002 = 0.0000
	TRACK_MB_P100_AVG/train_phase/train_stream/Task000 = 0.2343
	TRACK_MB_P10_AVG/train_phase/train_stream/Task000 = 0.1753
	TRACK_MB_WCACC/train_phase/train_stream/Task000 = 0.1583
	TRACK_MB_acc/train_phase/train_stream/Task000 = 0.4930
	TRACK_MB_acc/train_phase/train_stream/Task001 = 0.0000
	TRACK_MB_acc/train_phase/train_stream/Task002 = 0.0000
	TRACK_MB_acc_MIN/train_phase/train_stream/Task000 = 0.4750
	TRACK_MB_acc_MIN/train_phase/train_stream/Task001 = 0.0000
	TRACK_MB_acc_MIN_AVG/train_phase/train_stream/Task000 = 0.2375
	TRACK_MB_loss/train_phase/train_stream/Task000 = 2.0490
	TRACK_MB_loss/train_phase/train_stream/Task001 = 28.0846
	TRACK_MB_loss/train_phase/train_stream/Task002 = 26.6456
	Time_Epoch/train_phase/train_stream/Task000 = 78.7535
Epoch 5 ended.
	CURRENT_MB_avg_gradnorm_G/train_phase/train_stream/Task000 = 0.0000
	CURRENT_MB_gradnorm_stab/train_phase/train_stream/Task000 = 0.0000
	CURRENT_MB_loss_new/train_phase/train_stream/Task000 = 0.2516
	CURRENT_MB_loss_reg/train_phase/train_stream/Task000 = 0.2193
	Loss_MB/train_phase/train_stream/Task000 = 0.4709
	TRACK_MB_F10/train_phase/train_stream/Task000 = 0.1230
	TRACK_MB_F10/train_phase/train_stream/Task001 = 0.0000
	TRACK_MB_F10/train_phase/train_stream/Task002 = 0.0870
	TRACK_MB_F100/train_phase/train_stream/Task000 = 0.1240
	TRACK_MB_F100/train_phase/train_stream/Task001 = 0.0000
	TRACK_MB_F100/train_phase/train_stream/Task002 = 0.0870
	TRACK_MB_F100_AVG/train_phase/train_stream/Task000 = 0.0703
	TRACK_MB_F10_AVG/train_phase/train_stream/Task000 = 0.0700
	TRACK_MB_LCA/train_phase/train_stream/Task000 = 0.1491
	TRACK_MB_P10/train_phase/train_stream/Task000 = 0.5260
	TRACK_MB_P10/train_phase/train_stream/Task001 = 0.0000
	TRACK_MB_P10/train_phase/train_stream/Task002 = 0.2600
	TRACK_MB_P100/train_phase/train_stream/Task000 = 0.7030
	TRACK_MB_P100/train_phase/train_stream/Task001 = 0.0000
	TRACK_MB_P100/train_phase/train_stream/Task002 = 0.2600
	TRACK_MB_P100_AVG/train_phase/train_stream/Task000 = 0.3210
	TRACK_MB_P10_AVG/train_phase/train_stream/Task000 = 0.2620
	TRACK_MB_WCACC/train_phase/train_stream/Task000 = 0.1977
	TRACK_MB_acc/train_phase/train_stream/Task000 = 0.4870
	TRACK_MB_acc/train_phase/train_stream/Task001 = 0.0000
	TRACK_MB_acc/train_phase/train_stream/Task002 = 0.1730
	TRACK_MB_acc_MIN/train_phase/train_stream/Task000 = 0.4200
	TRACK_MB_acc_MIN/train_phase/train_stream/Task001 = 0.0000
	TRACK_MB_acc_MIN_AVG/train_phase/train_stream/Task000 = 0.2100
	TRACK_MB_loss/train_phase/train_stream/Task000 = 10.7389
	TRACK_MB_loss/train_phase/train_stream/Task001 = 56.9467
	TRACK_MB_loss/train_phase/train_stream/Task002 = 32.7184
	Time_Epoch/train_phase/train_stream/Task000 = 78.9728
Epoch 6 ended.
	CURRENT_MB_avg_gradnorm_G/train_phase/train_stream/Task000 = 0.0000
	CURRENT_MB_gradnorm_stab/train_phase/train_stream/Task000 = 0.0000
	CURRENT_MB_loss_new/train_phase/train_stream/Task000 = 0.2102
	CURRENT_MB_loss_reg/train_phase/train_stream/Task000 = 0.2222
	Loss_MB/train_phase/train_stream/Task000 = 0.4324
	TRACK_MB_F10/train_phase/train_stream/Task000 = 0.1230
	TRACK_MB_F10/train_phase/train_stream/Task001 = 0.0000
	TRACK_MB_F10/train_phase/train_stream/Task002 = 0.3410
	TRACK_MB_F100/train_phase/train_stream/Task000 = 0.1470
	TRACK_MB_F100/train_phase/train_stream/Task001 = 0.0000
	TRACK_MB_F100/train_phase/train_stream/Task002 = 0.3410
	TRACK_MB_F100_AVG/train_phase/train_stream/Task000 = 0.1627
	TRACK_MB_F10_AVG/train_phase/train_stream/Task000 = 0.1547
	TRACK_MB_LCA/train_phase/train_stream/Task000 = 0.1491
	TRACK_MB_P10/train_phase/train_stream/Task000 = 0.5260
	TRACK_MB_P10/train_phase/train_stream/Task001 = 0.0000
	TRACK_MB_P10/train_phase/train_stream/Task002 = 0.3240
	TRACK_MB_P100/train_phase/train_stream/Task000 = 0.7030
	TRACK_MB_P100/train_phase/train_stream/Task001 = 0.0000
	TRACK_MB_P100/train_phase/train_stream/Task002 = 0.4750
	TRACK_MB_P100_AVG/train_phase/train_stream/Task000 = 0.3927
	TRACK_MB_P10_AVG/train_phase/train_stream/Task000 = 0.2833
	TRACK_MB_WCACC/train_phase/train_stream/Task000 = 0.2907
	TRACK_MB_acc/train_phase/train_stream/Task000 = 0.3970
	TRACK_MB_acc/train_phase/train_stream/Task001 = 0.0000
	TRACK_MB_acc/train_phase/train_stream/Task002 = 0.4750
	TRACK_MB_acc_MIN/train_phase/train_stream/Task000 = 0.3970
	TRACK_MB_acc_MIN/train_phase/train_stream/Task001 = 0.0000
	TRACK_MB_acc_MIN_AVG/train_phase/train_stream/Task000 = 0.1985
	TRACK_MB_loss/train_phase/train_stream/Task000 = 3.5879
	TRACK_MB_loss/train_phase/train_stream/Task001 = 20.1404
	TRACK_MB_loss/train_phase/train_stream/Task002 = 2.2760
	Time_Epoch/train_phase/train_stream/Task000 = 80.0077
Epoch 7 ended.
	CURRENT_MB_avg_gradnorm_G/train_phase/train_stream/Task000 = 0.0000
	CURRENT_MB_gradnorm_stab/train_phase/train_stream/Task000 = 0.0000
	CURRENT_MB_loss_new/train_phase/train_stream/Task000 = 0.0975
	CURRENT_MB_loss_reg/train_phase/train_stream/Task000 = 0.2387
	Loss_MB/train_phase/train_stream/Task000 = 0.3362
	TRACK_MB_F10/train_phase/train_stream/Task000 = 0.1910
	TRACK_MB_F10/train_phase/train_stream/Task001 = 0.0000
	TRACK_MB_F10/train_phase/train_stream/Task002 = 0.3410
	TRACK_MB_F100/train_phase/train_stream/Task000 = 0.2570
	TRACK_MB_F100/train_phase/train_stream/Task001 = 0.0000
	TRACK_MB_F100/train_phase/train_stream/Task002 = 0.3410
	TRACK_MB_F100_AVG/train_phase/train_stream/Task000 = 0.1993
	TRACK_MB_F10_AVG/train_phase/train_stream/Task000 = 0.1773
	TRACK_MB_LCA/train_phase/train_stream/Task000 = 0.1491
	TRACK_MB_P10/train_phase/train_stream/Task000 = 0.5260
	TRACK_MB_P10/train_phase/train_stream/Task001 = 0.0000
	TRACK_MB_P10/train_phase/train_stream/Task002 = 0.3240
	TRACK_MB_P100/train_phase/train_stream/Task000 = 0.7030
	TRACK_MB_P100/train_phase/train_stream/Task001 = 0.0000
	TRACK_MB_P100/train_phase/train_stream/Task002 = 0.5510
	TRACK_MB_P100_AVG/train_phase/train_stream/Task000 = 0.4180
	TRACK_MB_P10_AVG/train_phase/train_stream/Task000 = 0.2833
	TRACK_MB_WCACC/train_phase/train_stream/Task000 = 0.2793
	TRACK_MB_acc/train_phase/train_stream/Task000 = 0.3440
	TRACK_MB_acc/train_phase/train_stream/Task001 = 0.0000
	TRACK_MB_acc/train_phase/train_stream/Task002 = 0.5510
	TRACK_MB_acc_MIN/train_phase/train_stream/Task000 = 0.2870
	TRACK_MB_acc_MIN/train_phase/train_stream/Task001 = 0.0000
	TRACK_MB_acc_MIN_AVG/train_phase/train_stream/Task000 = 0.1435
	TRACK_MB_loss/train_phase/train_stream/Task000 = 5.1024
	TRACK_MB_loss/train_phase/train_stream/Task001 = 16.1970
	TRACK_MB_loss/train_phase/train_stream/Task002 = 0.9778
	Time_Epoch/train_phase/train_stream/Task000 = 78.4257
Epoch 8 ended.
	CURRENT_MB_avg_gradnorm_G/train_phase/train_stream/Task000 = 0.0000
	CURRENT_MB_gradnorm_stab/train_phase/train_stream/Task000 = 0.0000
	CURRENT_MB_loss_new/train_phase/train_stream/Task000 = 0.1204
	CURRENT_MB_loss_reg/train_phase/train_stream/Task000 = 0.2336
	Loss_MB/train_phase/train_stream/Task000 = 0.3540
	TRACK_MB_F10/train_phase/train_stream/Task000 = 0.4060
	TRACK_MB_F10/train_phase/train_stream/Task001 = 0.0000
	TRACK_MB_F10/train_phase/train_stream/Task002 = 0.3410
	TRACK_MB_F100/train_phase/train_stream/Task000 = 0.4700
	TRACK_MB_F100/train_phase/train_stream/Task001 = 0.0000
	TRACK_MB_F100/train_phase/train_stream/Task002 = 0.3410
	TRACK_MB_F100_AVG/train_phase/train_stream/Task000 = 0.2703
	TRACK_MB_F10_AVG/train_phase/train_stream/Task000 = 0.2490
	TRACK_MB_LCA/train_phase/train_stream/Task000 = 0.1491
	TRACK_MB_P10/train_phase/train_stream/Task000 = 0.5260
	TRACK_MB_P10/train_phase/train_stream/Task001 = 0.0000
	TRACK_MB_P10/train_phase/train_stream/Task002 = 0.3240
	TRACK_MB_P100/train_phase/train_stream/Task000 = 0.7030
	TRACK_MB_P100/train_phase/train_stream/Task001 = 0.0000
	TRACK_MB_P100/train_phase/train_stream/Task002 = 0.6220
	TRACK_MB_P100_AVG/train_phase/train_stream/Task000 = 0.4417
	TRACK_MB_P10_AVG/train_phase/train_stream/Task000 = 0.2833
	TRACK_MB_WCACC/train_phase/train_stream/Task000 = 0.2150
	TRACK_MB_acc/train_phase/train_stream/Task000 = 0.3730
	TRACK_MB_acc/train_phase/train_stream/Task001 = 0.0000
	TRACK_MB_acc/train_phase/train_stream/Task002 = 0.5920
	TRACK_MB_acc_MIN/train_phase/train_stream/Task000 = 0.0530
	TRACK_MB_acc_MIN/train_phase/train_stream/Task001 = 0.0000
	TRACK_MB_acc_MIN_AVG/train_phase/train_stream/Task000 = 0.0265
	TRACK_MB_loss/train_phase/train_stream/Task000 = 4.8140
	TRACK_MB_loss/train_phase/train_stream/Task001 = 19.1900
	TRACK_MB_loss/train_phase/train_stream/Task002 = 1.1198
	Time_Epoch/train_phase/train_stream/Task000 = 79.6632
Epoch 9 ended.
	CURRENT_MB_avg_gradnorm_G/train_phase/train_stream/Task000 = 0.0000
	CURRENT_MB_gradnorm_stab/train_phase/train_stream/Task000 = 0.0000
	CURRENT_MB_loss_new/train_phase/train_stream/Task000 = 0.0779
	CURRENT_MB_loss_reg/train_phase/train_stream/Task000 = 0.2380
	Loss_MB/train_phase/train_stream/Task000 = 0.3159
	TRACK_MB_F10/train_phase/train_stream/Task000 = 0.4060
	TRACK_MB_F10/train_phase/train_stream/Task001 = 0.0000
	TRACK_MB_F10/train_phase/train_stream/Task002 = 0.3410
	TRACK_MB_F100/train_phase/train_stream/Task000 = 0.4700
	TRACK_MB_F100/train_phase/train_stream/Task001 = 0.0000
	TRACK_MB_F100/train_phase/train_stream/Task002 = 0.3410
	TRACK_MB_F100_AVG/train_phase/train_stream/Task000 = 0.2703
	TRACK_MB_F10_AVG/train_phase/train_stream/Task000 = 0.2490
	TRACK_MB_LCA/train_phase/train_stream/Task000 = 0.1491
	TRACK_MB_P10/train_phase/train_stream/Task000 = 0.5260
	TRACK_MB_P10/train_phase/train_stream/Task001 = 0.0000
	TRACK_MB_P10/train_phase/train_stream/Task002 = 0.3240
	TRACK_MB_P100/train_phase/train_stream/Task000 = 0.7030
	TRACK_MB_P100/train_phase/train_stream/Task001 = 0.0000
	TRACK_MB_P100/train_phase/train_stream/Task002 = 0.6220
	TRACK_MB_P100_AVG/train_phase/train_stream/Task000 = 0.4417
	TRACK_MB_P10_AVG/train_phase/train_stream/Task000 = 0.2833
	TRACK_MB_WCACC/train_phase/train_stream/Task000 = 0.2170
	TRACK_MB_acc/train_phase/train_stream/Task000 = 0.2580
	TRACK_MB_acc/train_phase/train_stream/Task001 = 0.0000
	TRACK_MB_acc/train_phase/train_stream/Task002 = 0.5980
	TRACK_MB_acc_MIN/train_phase/train_stream/Task000 = 0.0530
	TRACK_MB_acc_MIN/train_phase/train_stream/Task001 = 0.0000
	TRACK_MB_acc_MIN_AVG/train_phase/train_stream/Task000 = 0.0265
	TRACK_MB_loss/train_phase/train_stream/Task000 = 8.3831
	TRACK_MB_loss/train_phase/train_stream/Task001 = 19.7157
	TRACK_MB_loss/train_phase/train_stream/Task002 = 0.7253
	Time_Epoch/train_phase/train_stream/Task000 = 78.7591
-- >> End of training phase << --
End training on experience 2

======================================== EVAL ========================================
Standard Continual Learning eval on entire test set on task transition.
-- >> Start of eval phase << --
-- Starting eval on experience 0 (Task 0) from test stream --
> Eval on experience 0 (Task 0) from test stream ended.
	ExperienceForgetting/eval_phase/test_stream/Task000/Exp000 = 0.3840
	Loss_Exp/eval_phase/test_stream/Task000/Exp000 = 8.4534
	Top1_Acc_Exp/eval_phase/test_stream/Task000/Exp000 = 0.2690
-- Starting eval on experience 1 (Task 0) from test stream --
> Eval on experience 1 (Task 0) from test stream ended.
	ExperienceForgetting/eval_phase/test_stream/Task000/Exp001 = 0.0000
	Loss_Exp/eval_phase/test_stream/Task000/Exp001 = 19.6970
	Top1_Acc_Exp/eval_phase/test_stream/Task000/Exp001 = 0.0000
-- Starting eval on experience 2 (Task 0) from test stream --
> Eval on experience 2 (Task 0) from test stream ended.
	Loss_Exp/eval_phase/test_stream/Task000/Exp002 = 0.7252
	Top1_Acc_Exp/eval_phase/test_stream/Task000/Exp002 = 0.5885
-- Starting eval on experience 3 (Task 0) from test stream --
> Eval on experience 3 (Task 0) from test stream ended.
	Loss_Exp/eval_phase/test_stream/Task000/Exp003 = 21.8011
	Top1_Acc_Exp/eval_phase/test_stream/Task000/Exp003 = 0.0000
-- Starting eval on experience 4 (Task 0) from test stream --
> Eval on experience 4 (Task 0) from test stream ended.
	Loss_Exp/eval_phase/test_stream/Task000/Exp004 = 27.1146
	Top1_Acc_Exp/eval_phase/test_stream/Task000/Exp004 = 0.0000
-- >> End of eval phase << --
	ConfusionMatrix_Stream/eval_phase/test_stream = <avalanche.evaluation.metric_results.AlternativeValues object at 0x7f52674380a0>
	Loss_Stream/eval_phase/test_stream/Task000 = 15.5583
	StreamForgetting/eval_phase/test_stream = 0.1920
	Top1_Acc_Stream/eval_phase/test_stream/Task000 = 0.1715
[FILE:TASK-RESULTS]: /home/yhguo/yuxuan/CL/origin/ContinualEvaluation/results/ER_CIFAR10_e=10_reproduce_paper_now=2024-04-07_06-18_uid=c9f5c6c857fe4735aea4919407478057/results_summary/seed=3/task2_results.pt

---------------------------------------- TRAIN ----------------------------------------
Start training on experience 3
-- >> Start of training phase << --
-- Starting training on experience 3 (Task 0) from train stream --
Epoch 0 ended.
	CURRENT_MB_avg_gradnorm_G/train_phase/train_stream/Task000 = 0.0000
	CURRENT_MB_gradnorm_stab/train_phase/train_stream/Task000 = 0.0000
	CURRENT_MB_loss_new/train_phase/train_stream/Task000 = 0.7777
	CURRENT_MB_loss_reg/train_phase/train_stream/Task000 = 0.1410
	Loss_MB/train_phase/train_stream/Task000 = 0.9187
	TRACK_MB_F10/train_phase/train_stream/Task000 = 0.4060
	TRACK_MB_F10/train_phase/train_stream/Task001 = 0.0000
	TRACK_MB_F10/train_phase/train_stream/Task002 = 0.3410
	TRACK_MB_F10/train_phase/train_stream/Task003 = 0.0000
	TRACK_MB_F100/train_phase/train_stream/Task000 = 0.4700
	TRACK_MB_F100/train_phase/train_stream/Task001 = 0.0000
	TRACK_MB_F100/train_phase/train_stream/Task002 = 0.3410
	TRACK_MB_F100/train_phase/train_stream/Task003 = 0.0000
	TRACK_MB_F100_AVG/train_phase/train_stream/Task000 = 0.2027
	TRACK_MB_F10_AVG/train_phase/train_stream/Task000 = 0.1867
	TRACK_MB_LCA/train_phase/train_stream/Task000 = 0.1119
	TRACK_MB_P10/train_phase/train_stream/Task000 = 0.5260
	TRACK_MB_P10/train_phase/train_stream/Task001 = 0.0000
	TRACK_MB_P10/train_phase/train_stream/Task002 = 0.3240
	TRACK_MB_P10/train_phase/train_stream/Task003 = 0.0000
	TRACK_MB_P100/train_phase/train_stream/Task000 = 0.7030
	TRACK_MB_P100/train_phase/train_stream/Task001 = 0.0000
	TRACK_MB_P100/train_phase/train_stream/Task002 = 0.6220
	TRACK_MB_P100/train_phase/train_stream/Task003 = 0.0000
	TRACK_MB_P100_AVG/train_phase/train_stream/Task000 = 0.3313
	TRACK_MB_P10_AVG/train_phase/train_stream/Task000 = 0.2125
	TRACK_MB_WCACC/train_phase/train_stream/Task000 = 0.1180
	TRACK_MB_acc/train_phase/train_stream/Task000 = 0.4260
	TRACK_MB_acc/train_phase/train_stream/Task001 = 0.0000
	TRACK_MB_acc/train_phase/train_stream/Task002 = 0.4960
	TRACK_MB_acc/train_phase/train_stream/Task003 = 0.0000
	TRACK_MB_acc_MIN/train_phase/train_stream/Task000 = 0.0530
	TRACK_MB_acc_MIN/train_phase/train_stream/Task001 = 0.0000
	TRACK_MB_acc_MIN/train_phase/train_stream/Task002 = 0.4190
	TRACK_MB_acc_MIN_AVG/train_phase/train_stream/Task000 = 0.1573
	TRACK_MB_loss/train_phase/train_stream/Task000 = 5.4747
	TRACK_MB_loss/train_phase/train_stream/Task001 = 20.4878
	TRACK_MB_loss/train_phase/train_stream/Task002 = 2.8154
	TRACK_MB_loss/train_phase/train_stream/Task003 = 19.5436
	Time_Epoch/train_phase/train_stream/Task000 = 101.3311
Epoch 1 ended.
	CURRENT_MB_avg_gradnorm_G/train_phase/train_stream/Task000 = 0.0000
	CURRENT_MB_gradnorm_stab/train_phase/train_stream/Task000 = 0.0000
	CURRENT_MB_loss_new/train_phase/train_stream/Task000 = 0.7694
	CURRENT_MB_loss_reg/train_phase/train_stream/Task000 = 0.1518
	Loss_MB/train_phase/train_stream/Task000 = 0.9211
	TRACK_MB_F10/train_phase/train_stream/Task000 = 0.4060
	TRACK_MB_F10/train_phase/train_stream/Task001 = 0.0000
	TRACK_MB_F10/train_phase/train_stream/Task002 = 0.3410
	TRACK_MB_F10/train_phase/train_stream/Task003 = 0.0000
	TRACK_MB_F100/train_phase/train_stream/Task000 = 0.4700
	TRACK_MB_F100/train_phase/train_stream/Task001 = 0.0000
	TRACK_MB_F100/train_phase/train_stream/Task002 = 0.3410
	TRACK_MB_F100/train_phase/train_stream/Task003 = 0.0000
	TRACK_MB_F100_AVG/train_phase/train_stream/Task000 = 0.2027
	TRACK_MB_F10_AVG/train_phase/train_stream/Task000 = 0.1867
	TRACK_MB_LCA/train_phase/train_stream/Task000 = 0.1119
	TRACK_MB_P10/train_phase/train_stream/Task000 = 0.5260
	TRACK_MB_P10/train_phase/train_stream/Task001 = 0.0000
	TRACK_MB_P10/train_phase/train_stream/Task002 = 0.3240
	TRACK_MB_P10/train_phase/train_stream/Task003 = 0.0000
	TRACK_MB_P100/train_phase/train_stream/Task000 = 0.7030
	TRACK_MB_P100/train_phase/train_stream/Task001 = 0.0000
	TRACK_MB_P100/train_phase/train_stream/Task002 = 0.6220
	TRACK_MB_P100/train_phase/train_stream/Task003 = 0.0000
	TRACK_MB_P100_AVG/train_phase/train_stream/Task000 = 0.3313
	TRACK_MB_P10_AVG/train_phase/train_stream/Task000 = 0.2125
	TRACK_MB_WCACC/train_phase/train_stream/Task000 = 0.1115
	TRACK_MB_acc/train_phase/train_stream/Task000 = 0.4110
	TRACK_MB_acc/train_phase/train_stream/Task001 = 0.0000
	TRACK_MB_acc/train_phase/train_stream/Task002 = 0.5140
	TRACK_MB_acc/train_phase/train_stream/Task003 = 0.0000
	TRACK_MB_acc_MIN/train_phase/train_stream/Task000 = 0.0530
	TRACK_MB_acc_MIN/train_phase/train_stream/Task001 = 0.0000
	TRACK_MB_acc_MIN/train_phase/train_stream/Task002 = 0.3930
	TRACK_MB_acc_MIN_AVG/train_phase/train_stream/Task000 = 0.1487
	TRACK_MB_loss/train_phase/train_stream/Task000 = 4.8214
	TRACK_MB_loss/train_phase/train_stream/Task001 = 18.1022
	TRACK_MB_loss/train_phase/train_stream/Task002 = 1.2727
	TRACK_MB_loss/train_phase/train_stream/Task003 = 18.0350
	Time_Epoch/train_phase/train_stream/Task000 = 102.2293
Epoch 2 ended.
	CURRENT_MB_avg_gradnorm_G/train_phase/train_stream/Task000 = 0.0000
	CURRENT_MB_gradnorm_stab/train_phase/train_stream/Task000 = 0.0000
	CURRENT_MB_loss_new/train_phase/train_stream/Task000 = 0.4493
	CURRENT_MB_loss_reg/train_phase/train_stream/Task000 = 0.2186
	Loss_MB/train_phase/train_stream/Task000 = 0.6679
	TRACK_MB_F10/train_phase/train_stream/Task000 = 0.4060
	TRACK_MB_F10/train_phase/train_stream/Task001 = 0.0000
	TRACK_MB_F10/train_phase/train_stream/Task002 = 0.3410
	TRACK_MB_F10/train_phase/train_stream/Task003 = 0.0000
	TRACK_MB_F100/train_phase/train_stream/Task000 = 0.4700
	TRACK_MB_F100/train_phase/train_stream/Task001 = 0.0000
	TRACK_MB_F100/train_phase/train_stream/Task002 = 0.3410
	TRACK_MB_F100/train_phase/train_stream/Task003 = 0.0000
	TRACK_MB_F100_AVG/train_phase/train_stream/Task000 = 0.2027
	TRACK_MB_F10_AVG/train_phase/train_stream/Task000 = 0.1867
	TRACK_MB_LCA/train_phase/train_stream/Task000 = 0.1119
	TRACK_MB_P10/train_phase/train_stream/Task000 = 0.5260
	TRACK_MB_P10/train_phase/train_stream/Task001 = 0.0000
	TRACK_MB_P10/train_phase/train_stream/Task002 = 0.3240
	TRACK_MB_P10/train_phase/train_stream/Task003 = 0.0000
	TRACK_MB_P100/train_phase/train_stream/Task000 = 0.7030
	TRACK_MB_P100/train_phase/train_stream/Task001 = 0.0000
	TRACK_MB_P100/train_phase/train_stream/Task002 = 0.6220
	TRACK_MB_P100/train_phase/train_stream/Task003 = 0.0000
	TRACK_MB_P100_AVG/train_phase/train_stream/Task000 = 0.3313
	TRACK_MB_P10_AVG/train_phase/train_stream/Task000 = 0.2125
	TRACK_MB_WCACC/train_phase/train_stream/Task000 = 0.1115
	TRACK_MB_acc/train_phase/train_stream/Task000 = 0.2890
	TRACK_MB_acc/train_phase/train_stream/Task001 = 0.0000
	TRACK_MB_acc/train_phase/train_stream/Task002 = 0.4910
	TRACK_MB_acc/train_phase/train_stream/Task003 = 0.0000
	TRACK_MB_acc_MIN/train_phase/train_stream/Task000 = 0.0530
	TRACK_MB_acc_MIN/train_phase/train_stream/Task001 = 0.0000
	TRACK_MB_acc_MIN/train_phase/train_stream/Task002 = 0.3930
	TRACK_MB_acc_MIN_AVG/train_phase/train_stream/Task000 = 0.1487
	TRACK_MB_loss/train_phase/train_stream/Task000 = 10.0208
	TRACK_MB_loss/train_phase/train_stream/Task001 = 22.2395
	TRACK_MB_loss/train_phase/train_stream/Task002 = 2.7100
	TRACK_MB_loss/train_phase/train_stream/Task003 = 7.9329
	Time_Epoch/train_phase/train_stream/Task000 = 101.9986
Epoch 3 ended.
	CURRENT_MB_avg_gradnorm_G/train_phase/train_stream/Task000 = 0.0000
	CURRENT_MB_gradnorm_stab/train_phase/train_stream/Task000 = 0.0000
	CURRENT_MB_loss_new/train_phase/train_stream/Task000 = 0.2105
	CURRENT_MB_loss_reg/train_phase/train_stream/Task000 = 0.2162
	Loss_MB/train_phase/train_stream/Task000 = 0.4267
	TRACK_MB_F10/train_phase/train_stream/Task000 = 0.4060
	TRACK_MB_F10/train_phase/train_stream/Task001 = 0.0000
	TRACK_MB_F10/train_phase/train_stream/Task002 = 0.4930
	TRACK_MB_F10/train_phase/train_stream/Task003 = 0.1350
	TRACK_MB_F100/train_phase/train_stream/Task000 = 0.4700
	TRACK_MB_F100/train_phase/train_stream/Task001 = 0.0000
	TRACK_MB_F100/train_phase/train_stream/Task002 = 0.5390
	TRACK_MB_F100/train_phase/train_stream/Task003 = 0.1350
	TRACK_MB_F100_AVG/train_phase/train_stream/Task000 = 0.2860
	TRACK_MB_F10_AVG/train_phase/train_stream/Task000 = 0.2585
	TRACK_MB_LCA/train_phase/train_stream/Task000 = 0.1119
	TRACK_MB_P10/train_phase/train_stream/Task000 = 0.5260
	TRACK_MB_P10/train_phase/train_stream/Task001 = 0.0000
	TRACK_MB_P10/train_phase/train_stream/Task002 = 0.3240
	TRACK_MB_P10/train_phase/train_stream/Task003 = 0.4900
	TRACK_MB_P100/train_phase/train_stream/Task000 = 0.7030
	TRACK_MB_P100/train_phase/train_stream/Task001 = 0.0000
	TRACK_MB_P100/train_phase/train_stream/Task002 = 0.6220
	TRACK_MB_P100/train_phase/train_stream/Task003 = 0.6420
	TRACK_MB_P100_AVG/train_phase/train_stream/Task000 = 0.4918
	TRACK_MB_P10_AVG/train_phase/train_stream/Task000 = 0.3350
	TRACK_MB_WCACC/train_phase/train_stream/Task000 = 0.1557
	TRACK_MB_acc/train_phase/train_stream/Task000 = 0.0810
	TRACK_MB_acc/train_phase/train_stream/Task001 = 0.0000
	TRACK_MB_acc/train_phase/train_stream/Task002 = 0.0000
	TRACK_MB_acc/train_phase/train_stream/Task003 = 0.5700
	TRACK_MB_acc_MIN/train_phase/train_stream/Task000 = 0.0530
	TRACK_MB_acc_MIN/train_phase/train_stream/Task001 = 0.0000
	TRACK_MB_acc_MIN/train_phase/train_stream/Task002 = 0.0000
	TRACK_MB_acc_MIN_AVG/train_phase/train_stream/Task000 = 0.0177
	TRACK_MB_loss/train_phase/train_stream/Task000 = 11.9262
	TRACK_MB_loss/train_phase/train_stream/Task001 = 18.7747
	TRACK_MB_loss/train_phase/train_stream/Task002 = 4.6513
	TRACK_MB_loss/train_phase/train_stream/Task003 = 0.7258
	Time_Epoch/train_phase/train_stream/Task000 = 101.9302
Epoch 4 ended.
	CURRENT_MB_avg_gradnorm_G/train_phase/train_stream/Task000 = 0.0000
	CURRENT_MB_gradnorm_stab/train_phase/train_stream/Task000 = 0.0000
	CURRENT_MB_loss_new/train_phase/train_stream/Task000 = 0.2130
	CURRENT_MB_loss_reg/train_phase/train_stream/Task000 = 0.2121
	Loss_MB/train_phase/train_stream/Task000 = 0.4251
	TRACK_MB_F10/train_phase/train_stream/Task000 = 0.4060
	TRACK_MB_F10/train_phase/train_stream/Task001 = 0.0000
	TRACK_MB_F10/train_phase/train_stream/Task002 = 0.4930
	TRACK_MB_F10/train_phase/train_stream/Task003 = 0.1350
	TRACK_MB_F100/train_phase/train_stream/Task000 = 0.4700
	TRACK_MB_F100/train_phase/train_stream/Task001 = 0.0000
	TRACK_MB_F100/train_phase/train_stream/Task002 = 0.5390
	TRACK_MB_F100/train_phase/train_stream/Task003 = 0.1350
	TRACK_MB_F100_AVG/train_phase/train_stream/Task000 = 0.2860
	TRACK_MB_F10_AVG/train_phase/train_stream/Task000 = 0.2585
	TRACK_MB_LCA/train_phase/train_stream/Task000 = 0.1119
	TRACK_MB_P10/train_phase/train_stream/Task000 = 0.5260
	TRACK_MB_P10/train_phase/train_stream/Task001 = 0.0000
	TRACK_MB_P10/train_phase/train_stream/Task002 = 0.3240
	TRACK_MB_P10/train_phase/train_stream/Task003 = 0.4900
	TRACK_MB_P100/train_phase/train_stream/Task000 = 0.7030
	TRACK_MB_P100/train_phase/train_stream/Task001 = 0.0000
	TRACK_MB_P100/train_phase/train_stream/Task002 = 0.6220
	TRACK_MB_P100/train_phase/train_stream/Task003 = 0.6720
	TRACK_MB_P100_AVG/train_phase/train_stream/Task000 = 0.4992
	TRACK_MB_P10_AVG/train_phase/train_stream/Task000 = 0.3350
	TRACK_MB_WCACC/train_phase/train_stream/Task000 = 0.1760
	TRACK_MB_acc/train_phase/train_stream/Task000 = 0.3400
	TRACK_MB_acc/train_phase/train_stream/Task001 = 0.0000
	TRACK_MB_acc/train_phase/train_stream/Task002 = 0.0000
	TRACK_MB_acc/train_phase/train_stream/Task003 = 0.6510
	TRACK_MB_acc_MIN/train_phase/train_stream/Task000 = 0.0530
	TRACK_MB_acc_MIN/train_phase/train_stream/Task001 = 0.0000
	TRACK_MB_acc_MIN/train_phase/train_stream/Task002 = 0.0000
	TRACK_MB_acc_MIN_AVG/train_phase/train_stream/Task000 = 0.0177
	TRACK_MB_loss/train_phase/train_stream/Task000 = 7.6657
	TRACK_MB_loss/train_phase/train_stream/Task001 = 22.0446
	TRACK_MB_loss/train_phase/train_stream/Task002 = 7.1198
	TRACK_MB_loss/train_phase/train_stream/Task003 = 0.9269
	Time_Epoch/train_phase/train_stream/Task000 = 99.3146
Epoch 5 ended.
	CURRENT_MB_avg_gradnorm_G/train_phase/train_stream/Task000 = 0.0000
	CURRENT_MB_gradnorm_stab/train_phase/train_stream/Task000 = 0.0000
	CURRENT_MB_loss_new/train_phase/train_stream/Task000 = 0.1551
	CURRENT_MB_loss_reg/train_phase/train_stream/Task000 = 0.2106
	Loss_MB/train_phase/train_stream/Task000 = 0.3656
	TRACK_MB_F10/train_phase/train_stream/Task000 = 0.4060
	TRACK_MB_F10/train_phase/train_stream/Task001 = 0.0000
	TRACK_MB_F10/train_phase/train_stream/Task002 = 0.4930
	TRACK_MB_F10/train_phase/train_stream/Task003 = 0.1350
	TRACK_MB_F100/train_phase/train_stream/Task000 = 0.4700
	TRACK_MB_F100/train_phase/train_stream/Task001 = 0.0000
	TRACK_MB_F100/train_phase/train_stream/Task002 = 0.5390
	TRACK_MB_F100/train_phase/train_stream/Task003 = 0.1350
	TRACK_MB_F100_AVG/train_phase/train_stream/Task000 = 0.2860
	TRACK_MB_F10_AVG/train_phase/train_stream/Task000 = 0.2585
	TRACK_MB_LCA/train_phase/train_stream/Task000 = 0.1119
	TRACK_MB_P10/train_phase/train_stream/Task000 = 0.5260
	TRACK_MB_P10/train_phase/train_stream/Task001 = 0.0000
	TRACK_MB_P10/train_phase/train_stream/Task002 = 0.3240
	TRACK_MB_P10/train_phase/train_stream/Task003 = 0.4900
	TRACK_MB_P100/train_phase/train_stream/Task000 = 0.7030
	TRACK_MB_P100/train_phase/train_stream/Task001 = 0.0000
	TRACK_MB_P100/train_phase/train_stream/Task002 = 0.6220
	TRACK_MB_P100/train_phase/train_stream/Task003 = 0.6740
	TRACK_MB_P100_AVG/train_phase/train_stream/Task000 = 0.4998
	TRACK_MB_P10_AVG/train_phase/train_stream/Task000 = 0.3350
	TRACK_MB_WCACC/train_phase/train_stream/Task000 = 0.1807
	TRACK_MB_acc/train_phase/train_stream/Task000 = 0.0630
	TRACK_MB_acc/train_phase/train_stream/Task001 = 0.0000
	TRACK_MB_acc/train_phase/train_stream/Task002 = 0.0000
	TRACK_MB_acc/train_phase/train_stream/Task003 = 0.6700
	TRACK_MB_acc_MIN/train_phase/train_stream/Task000 = 0.0530
	TRACK_MB_acc_MIN/train_phase/train_stream/Task001 = 0.0000
	TRACK_MB_acc_MIN/train_phase/train_stream/Task002 = 0.0000
	TRACK_MB_acc_MIN_AVG/train_phase/train_stream/Task000 = 0.0177
	TRACK_MB_loss/train_phase/train_stream/Task000 = 13.0637
	TRACK_MB_loss/train_phase/train_stream/Task001 = 21.6754
	TRACK_MB_loss/train_phase/train_stream/Task002 = 8.0305
	TRACK_MB_loss/train_phase/train_stream/Task003 = 0.6260
	Time_Epoch/train_phase/train_stream/Task000 = 102.1783
Epoch 6 ended.
	CURRENT_MB_avg_gradnorm_G/train_phase/train_stream/Task000 = 0.0000
	CURRENT_MB_gradnorm_stab/train_phase/train_stream/Task000 = 0.0000
	CURRENT_MB_loss_new/train_phase/train_stream/Task000 = 0.0910
	CURRENT_MB_loss_reg/train_phase/train_stream/Task000 = 0.2183
	Loss_MB/train_phase/train_stream/Task000 = 0.3093
	TRACK_MB_F10/train_phase/train_stream/Task000 = 0.4060
	TRACK_MB_F10/train_phase/train_stream/Task001 = 0.0000
	TRACK_MB_F10/train_phase/train_stream/Task002 = 0.4930
	TRACK_MB_F10/train_phase/train_stream/Task003 = 0.1380
	TRACK_MB_F100/train_phase/train_stream/Task000 = 0.4700
	TRACK_MB_F100/train_phase/train_stream/Task001 = 0.0000
	TRACK_MB_F100/train_phase/train_stream/Task002 = 0.5390
	TRACK_MB_F100/train_phase/train_stream/Task003 = 0.2500
	TRACK_MB_F100_AVG/train_phase/train_stream/Task000 = 0.3147
	TRACK_MB_F10_AVG/train_phase/train_stream/Task000 = 0.2592
	TRACK_MB_LCA/train_phase/train_stream/Task000 = 0.1119
	TRACK_MB_P10/train_phase/train_stream/Task000 = 0.5260
	TRACK_MB_P10/train_phase/train_stream/Task001 = 0.0000
	TRACK_MB_P10/train_phase/train_stream/Task002 = 0.3240
	TRACK_MB_P10/train_phase/train_stream/Task003 = 0.4900
	TRACK_MB_P100/train_phase/train_stream/Task000 = 0.7030
	TRACK_MB_P100/train_phase/train_stream/Task001 = 0.0000
	TRACK_MB_P100/train_phase/train_stream/Task002 = 0.6220
	TRACK_MB_P100/train_phase/train_stream/Task003 = 0.6740
	TRACK_MB_P100_AVG/train_phase/train_stream/Task000 = 0.4998
	TRACK_MB_P10_AVG/train_phase/train_stream/Task000 = 0.3350
	TRACK_MB_WCACC/train_phase/train_stream/Task000 = 0.1335
	TRACK_MB_acc/train_phase/train_stream/Task000 = 0.2960
	TRACK_MB_acc/train_phase/train_stream/Task001 = 0.0000
	TRACK_MB_acc/train_phase/train_stream/Task002 = 0.0000
	TRACK_MB_acc/train_phase/train_stream/Task003 = 0.5070
	TRACK_MB_acc_MIN/train_phase/train_stream/Task000 = 0.0270
	TRACK_MB_acc_MIN/train_phase/train_stream/Task001 = 0.0000
	TRACK_MB_acc_MIN/train_phase/train_stream/Task002 = 0.0000
	TRACK_MB_acc_MIN_AVG/train_phase/train_stream/Task000 = 0.0090
	TRACK_MB_loss/train_phase/train_stream/Task000 = 6.7812
	TRACK_MB_loss/train_phase/train_stream/Task001 = 22.5896
	TRACK_MB_loss/train_phase/train_stream/Task002 = 15.9085
	TRACK_MB_loss/train_phase/train_stream/Task003 = 1.3160
	Time_Epoch/train_phase/train_stream/Task000 = 101.1742
Epoch 7 ended.
	CURRENT_MB_avg_gradnorm_G/train_phase/train_stream/Task000 = 0.0000
	CURRENT_MB_gradnorm_stab/train_phase/train_stream/Task000 = 0.0000
	CURRENT_MB_loss_new/train_phase/train_stream/Task000 = 0.0794
	CURRENT_MB_loss_reg/train_phase/train_stream/Task000 = 0.2041
	Loss_MB/train_phase/train_stream/Task000 = 0.2835
	TRACK_MB_F10/train_phase/train_stream/Task000 = 0.4060
	TRACK_MB_F10/train_phase/train_stream/Task001 = 0.0000
	TRACK_MB_F10/train_phase/train_stream/Task002 = 0.4930
	TRACK_MB_F10/train_phase/train_stream/Task003 = 0.1380
	TRACK_MB_F100/train_phase/train_stream/Task000 = 0.4700
	TRACK_MB_F100/train_phase/train_stream/Task001 = 0.0000
	TRACK_MB_F100/train_phase/train_stream/Task002 = 0.5390
	TRACK_MB_F100/train_phase/train_stream/Task003 = 0.2520
	TRACK_MB_F100_AVG/train_phase/train_stream/Task000 = 0.3152
	TRACK_MB_F10_AVG/train_phase/train_stream/Task000 = 0.2592
	TRACK_MB_LCA/train_phase/train_stream/Task000 = 0.1119
	TRACK_MB_P10/train_phase/train_stream/Task000 = 0.5260
	TRACK_MB_P10/train_phase/train_stream/Task001 = 0.0000
	TRACK_MB_P10/train_phase/train_stream/Task002 = 0.3240
	TRACK_MB_P10/train_phase/train_stream/Task003 = 0.4900
	TRACK_MB_P100/train_phase/train_stream/Task000 = 0.7030
	TRACK_MB_P100/train_phase/train_stream/Task001 = 0.0000
	TRACK_MB_P100/train_phase/train_stream/Task002 = 0.6220
	TRACK_MB_P100/train_phase/train_stream/Task003 = 0.6740
	TRACK_MB_P100_AVG/train_phase/train_stream/Task000 = 0.4998
	TRACK_MB_P10_AVG/train_phase/train_stream/Task000 = 0.3350
	TRACK_MB_WCACC/train_phase/train_stream/Task000 = 0.1360
	TRACK_MB_acc/train_phase/train_stream/Task000 = 0.2810
	TRACK_MB_acc/train_phase/train_stream/Task001 = 0.0000
	TRACK_MB_acc/train_phase/train_stream/Task002 = 0.0000
	TRACK_MB_acc/train_phase/train_stream/Task003 = 0.5170
	TRACK_MB_acc_MIN/train_phase/train_stream/Task000 = 0.0270
	TRACK_MB_acc_MIN/train_phase/train_stream/Task001 = 0.0000
	TRACK_MB_acc_MIN/train_phase/train_stream/Task002 = 0.0000
	TRACK_MB_acc_MIN_AVG/train_phase/train_stream/Task000 = 0.0090
	TRACK_MB_loss/train_phase/train_stream/Task000 = 8.6994
	TRACK_MB_loss/train_phase/train_stream/Task001 = 24.1454
	TRACK_MB_loss/train_phase/train_stream/Task002 = 16.4367
	TRACK_MB_loss/train_phase/train_stream/Task003 = 1.1254
	Time_Epoch/train_phase/train_stream/Task000 = 101.1140
Epoch 8 ended.
	CURRENT_MB_avg_gradnorm_G/train_phase/train_stream/Task000 = 0.0000
	CURRENT_MB_gradnorm_stab/train_phase/train_stream/Task000 = 0.0000
	CURRENT_MB_loss_new/train_phase/train_stream/Task000 = 0.0757
	CURRENT_MB_loss_reg/train_phase/train_stream/Task000 = 0.2050
	Loss_MB/train_phase/train_stream/Task000 = 0.2807
	TRACK_MB_F10/train_phase/train_stream/Task000 = 0.4060
	TRACK_MB_F10/train_phase/train_stream/Task001 = 0.0000
	TRACK_MB_F10/train_phase/train_stream/Task002 = 0.4930
	TRACK_MB_F10/train_phase/train_stream/Task003 = 0.1380
	TRACK_MB_F100/train_phase/train_stream/Task000 = 0.4700
	TRACK_MB_F100/train_phase/train_stream/Task001 = 0.0000
	TRACK_MB_F100/train_phase/train_stream/Task002 = 0.5390
	TRACK_MB_F100/train_phase/train_stream/Task003 = 0.2520
	TRACK_MB_F100_AVG/train_phase/train_stream/Task000 = 0.3152
	TRACK_MB_F10_AVG/train_phase/train_stream/Task000 = 0.2592
	TRACK_MB_LCA/train_phase/train_stream/Task000 = 0.1119
	TRACK_MB_P10/train_phase/train_stream/Task000 = 0.5260
	TRACK_MB_P10/train_phase/train_stream/Task001 = 0.0000
	TRACK_MB_P10/train_phase/train_stream/Task002 = 0.3240
	TRACK_MB_P10/train_phase/train_stream/Task003 = 0.4900
	TRACK_MB_P100/train_phase/train_stream/Task000 = 0.7030
	TRACK_MB_P100/train_phase/train_stream/Task001 = 0.0000
	TRACK_MB_P100/train_phase/train_stream/Task002 = 0.6220
	TRACK_MB_P100/train_phase/train_stream/Task003 = 0.6740
	TRACK_MB_P100_AVG/train_phase/train_stream/Task000 = 0.4998
	TRACK_MB_P10_AVG/train_phase/train_stream/Task000 = 0.3350
	TRACK_MB_WCACC/train_phase/train_stream/Task000 = 0.1330
	TRACK_MB_acc/train_phase/train_stream/Task000 = 0.2290
	TRACK_MB_acc/train_phase/train_stream/Task001 = 0.0000
	TRACK_MB_acc/train_phase/train_stream/Task002 = 0.0000
	TRACK_MB_acc/train_phase/train_stream/Task003 = 0.5050
	TRACK_MB_acc_MIN/train_phase/train_stream/Task000 = 0.0270
	TRACK_MB_acc_MIN/train_phase/train_stream/Task001 = 0.0000
	TRACK_MB_acc_MIN/train_phase/train_stream/Task002 = 0.0000
	TRACK_MB_acc_MIN_AVG/train_phase/train_stream/Task000 = 0.0090
	TRACK_MB_loss/train_phase/train_stream/Task000 = 8.8815
	TRACK_MB_loss/train_phase/train_stream/Task001 = 24.1315
	TRACK_MB_loss/train_phase/train_stream/Task002 = 19.6050
	TRACK_MB_loss/train_phase/train_stream/Task003 = 1.3993
	Time_Epoch/train_phase/train_stream/Task000 = 101.5598
Epoch 9 ended.
	CURRENT_MB_avg_gradnorm_G/train_phase/train_stream/Task000 = 0.0000
	CURRENT_MB_gradnorm_stab/train_phase/train_stream/Task000 = 0.0000
	CURRENT_MB_loss_new/train_phase/train_stream/Task000 = 0.0708
	CURRENT_MB_loss_reg/train_phase/train_stream/Task000 = 0.2065
	Loss_MB/train_phase/train_stream/Task000 = 0.2774
	TRACK_MB_F10/train_phase/train_stream/Task000 = 0.4060
	TRACK_MB_F10/train_phase/train_stream/Task001 = 0.0000
	TRACK_MB_F10/train_phase/train_stream/Task002 = 0.4930
	TRACK_MB_F10/train_phase/train_stream/Task003 = 0.1380
	TRACK_MB_F100/train_phase/train_stream/Task000 = 0.4700
	TRACK_MB_F100/train_phase/train_stream/Task001 = 0.0000
	TRACK_MB_F100/train_phase/train_stream/Task002 = 0.5390
	TRACK_MB_F100/train_phase/train_stream/Task003 = 0.2520
	TRACK_MB_F100_AVG/train_phase/train_stream/Task000 = 0.3152
	TRACK_MB_F10_AVG/train_phase/train_stream/Task000 = 0.2592
	TRACK_MB_LCA/train_phase/train_stream/Task000 = 0.1119
	TRACK_MB_P10/train_phase/train_stream/Task000 = 0.5260
	TRACK_MB_P10/train_phase/train_stream/Task001 = 0.0000
	TRACK_MB_P10/train_phase/train_stream/Task002 = 0.3240
	TRACK_MB_P10/train_phase/train_stream/Task003 = 0.4900
	TRACK_MB_P100/train_phase/train_stream/Task000 = 0.7030
	TRACK_MB_P100/train_phase/train_stream/Task001 = 0.0000
	TRACK_MB_P100/train_phase/train_stream/Task002 = 0.6220
	TRACK_MB_P100/train_phase/train_stream/Task003 = 0.6740
	TRACK_MB_P100_AVG/train_phase/train_stream/Task000 = 0.4998
	TRACK_MB_P10_AVG/train_phase/train_stream/Task000 = 0.3350
	TRACK_MB_WCACC/train_phase/train_stream/Task000 = 0.1322
	TRACK_MB_acc/train_phase/train_stream/Task000 = 0.3030
	TRACK_MB_acc/train_phase/train_stream/Task001 = 0.0000
	TRACK_MB_acc/train_phase/train_stream/Task002 = 0.0000
	TRACK_MB_acc/train_phase/train_stream/Task003 = 0.5020
	TRACK_MB_acc_MIN/train_phase/train_stream/Task000 = 0.0270
	TRACK_MB_acc_MIN/train_phase/train_stream/Task001 = 0.0000
	TRACK_MB_acc_MIN/train_phase/train_stream/Task002 = 0.0000
	TRACK_MB_acc_MIN_AVG/train_phase/train_stream/Task000 = 0.0090
	TRACK_MB_loss/train_phase/train_stream/Task000 = 6.8191
	TRACK_MB_loss/train_phase/train_stream/Task001 = 22.6531
	TRACK_MB_loss/train_phase/train_stream/Task002 = 19.9788
	TRACK_MB_loss/train_phase/train_stream/Task003 = 1.1928
	Time_Epoch/train_phase/train_stream/Task000 = 101.5264
-- >> End of training phase << --
End training on experience 3

======================================== EVAL ========================================
Standard Continual Learning eval on entire test set on task transition.
-- >> Start of eval phase << --
-- Starting eval on experience 0 (Task 0) from test stream --
> Eval on experience 0 (Task 0) from test stream ended.
	ExperienceForgetting/eval_phase/test_stream/Task000/Exp000 = 0.3310
	Loss_Exp/eval_phase/test_stream/Task000/Exp000 = 6.5705
	Top1_Acc_Exp/eval_phase/test_stream/Task000/Exp000 = 0.3220
-- Starting eval on experience 1 (Task 0) from test stream --
> Eval on experience 1 (Task 0) from test stream ended.
	ExperienceForgetting/eval_phase/test_stream/Task000/Exp001 = 0.0000
	Loss_Exp/eval_phase/test_stream/Task000/Exp001 = 22.6548
	Top1_Acc_Exp/eval_phase/test_stream/Task000/Exp001 = 0.0000
-- Starting eval on experience 2 (Task 0) from test stream --
> Eval on experience 2 (Task 0) from test stream ended.
	ExperienceForgetting/eval_phase/test_stream/Task000/Exp002 = 0.5885
	Loss_Exp/eval_phase/test_stream/Task000/Exp002 = 19.8751
	Top1_Acc_Exp/eval_phase/test_stream/Task000/Exp002 = 0.0000
-- Starting eval on experience 3 (Task 0) from test stream --
> Eval on experience 3 (Task 0) from test stream ended.
	Loss_Exp/eval_phase/test_stream/Task000/Exp003 = 1.2146
	Top1_Acc_Exp/eval_phase/test_stream/Task000/Exp003 = 0.4890
-- Starting eval on experience 4 (Task 0) from test stream --
> Eval on experience 4 (Task 0) from test stream ended.
	Loss_Exp/eval_phase/test_stream/Task000/Exp004 = 30.4278
	Top1_Acc_Exp/eval_phase/test_stream/Task000/Exp004 = 0.0000
-- >> End of eval phase << --
	ConfusionMatrix_Stream/eval_phase/test_stream = <avalanche.evaluation.metric_results.AlternativeValues object at 0x7f52706072b0>
	Loss_Stream/eval_phase/test_stream/Task000 = 16.1485
	StreamForgetting/eval_phase/test_stream = 0.3065
	Top1_Acc_Stream/eval_phase/test_stream/Task000 = 0.1622
[FILE:TASK-RESULTS]: /home/yhguo/yuxuan/CL/origin/ContinualEvaluation/results/ER_CIFAR10_e=10_reproduce_paper_now=2024-04-07_06-18_uid=c9f5c6c857fe4735aea4919407478057/results_summary/seed=3/task3_results.pt

---------------------------------------- TRAIN ----------------------------------------
Start training on experience 4
-- >> Start of training phase << --
-- Starting training on experience 4 (Task 0) from train stream --
Epoch 0 ended.
	CURRENT_MB_avg_gradnorm_G/train_phase/train_stream/Task000 = 0.0000
	CURRENT_MB_gradnorm_stab/train_phase/train_stream/Task000 = 0.0000
	CURRENT_MB_loss_new/train_phase/train_stream/Task000 = 0.6383
	CURRENT_MB_loss_reg/train_phase/train_stream/Task000 = 0.1797
	Loss_MB/train_phase/train_stream/Task000 = 0.8180
	TRACK_MB_F10/train_phase/train_stream/Task000 = 0.4060
	TRACK_MB_F10/train_phase/train_stream/Task001 = 0.0000
	TRACK_MB_F10/train_phase/train_stream/Task002 = 0.4930
	TRACK_MB_F10/train_phase/train_stream/Task003 = 0.1380
	TRACK_MB_F10/train_phase/train_stream/Task004 = 0.0000
	TRACK_MB_F100/train_phase/train_stream/Task000 = 0.4850
	TRACK_MB_F100/train_phase/train_stream/Task001 = 0.0000
	TRACK_MB_F100/train_phase/train_stream/Task002 = 0.5390
	TRACK_MB_F100/train_phase/train_stream/Task003 = 0.2520
	TRACK_MB_F100/train_phase/train_stream/Task004 = 0.0000
	TRACK_MB_F100_AVG/train_phase/train_stream/Task000 = 0.2552
	TRACK_MB_F10_AVG/train_phase/train_stream/Task000 = 0.2074
	TRACK_MB_LCA/train_phase/train_stream/Task000 = 0.0895
	TRACK_MB_P10/train_phase/train_stream/Task000 = 0.5260
	TRACK_MB_P10/train_phase/train_stream/Task001 = 0.0000
	TRACK_MB_P10/train_phase/train_stream/Task002 = 0.3240
	TRACK_MB_P10/train_phase/train_stream/Task003 = 0.4900
	TRACK_MB_P10/train_phase/train_stream/Task004 = 0.0000
	TRACK_MB_P100/train_phase/train_stream/Task000 = 0.7030
	TRACK_MB_P100/train_phase/train_stream/Task001 = 0.0000
	TRACK_MB_P100/train_phase/train_stream/Task002 = 0.6220
	TRACK_MB_P100/train_phase/train_stream/Task003 = 0.6740
	TRACK_MB_P100/train_phase/train_stream/Task004 = 0.0000
	TRACK_MB_P100_AVG/train_phase/train_stream/Task000 = 0.3998
	TRACK_MB_P10_AVG/train_phase/train_stream/Task000 = 0.2680
	TRACK_MB_WCACC/train_phase/train_stream/Task000 = 0.0938
	TRACK_MB_acc/train_phase/train_stream/Task000 = 0.0710
	TRACK_MB_acc/train_phase/train_stream/Task001 = 0.0000
	TRACK_MB_acc/train_phase/train_stream/Task002 = 0.0000
	TRACK_MB_acc/train_phase/train_stream/Task003 = 0.4790
	TRACK_MB_acc/train_phase/train_stream/Task004 = 0.0000
	TRACK_MB_acc_MIN/train_phase/train_stream/Task000 = 0.0000
	TRACK_MB_acc_MIN/train_phase/train_stream/Task001 = 0.0000
	TRACK_MB_acc_MIN/train_phase/train_stream/Task002 = 0.0000
	TRACK_MB_acc_MIN/train_phase/train_stream/Task003 = 0.4690
	TRACK_MB_acc_MIN_AVG/train_phase/train_stream/Task000 = 0.1173
	TRACK_MB_loss/train_phase/train_stream/Task000 = 11.0853
	TRACK_MB_loss/train_phase/train_stream/Task001 = 30.2891
	TRACK_MB_loss/train_phase/train_stream/Task002 = 21.8320
	TRACK_MB_loss/train_phase/train_stream/Task003 = 1.5977
	TRACK_MB_loss/train_phase/train_stream/Task004 = 15.0259
	Time_Epoch/train_phase/train_stream/Task000 = 125.0954
Epoch 1 ended.
	CURRENT_MB_avg_gradnorm_G/train_phase/train_stream/Task000 = 0.0000
	CURRENT_MB_gradnorm_stab/train_phase/train_stream/Task000 = 0.0000
	CURRENT_MB_loss_new/train_phase/train_stream/Task000 = 0.6302
	CURRENT_MB_loss_reg/train_phase/train_stream/Task000 = 0.1630
	Loss_MB/train_phase/train_stream/Task000 = 0.7931
	TRACK_MB_F10/train_phase/train_stream/Task000 = 0.4060
	TRACK_MB_F10/train_phase/train_stream/Task001 = 0.0000
	TRACK_MB_F10/train_phase/train_stream/Task002 = 0.4930
	TRACK_MB_F10/train_phase/train_stream/Task003 = 0.1380
	TRACK_MB_F10/train_phase/train_stream/Task004 = 0.0000
	TRACK_MB_F100/train_phase/train_stream/Task000 = 0.4850
	TRACK_MB_F100/train_phase/train_stream/Task001 = 0.0000
	TRACK_MB_F100/train_phase/train_stream/Task002 = 0.5390
	TRACK_MB_F100/train_phase/train_stream/Task003 = 0.2520
	TRACK_MB_F100/train_phase/train_stream/Task004 = 0.0000
	TRACK_MB_F100_AVG/train_phase/train_stream/Task000 = 0.2552
	TRACK_MB_F10_AVG/train_phase/train_stream/Task000 = 0.2074
	TRACK_MB_LCA/train_phase/train_stream/Task000 = 0.0895
	TRACK_MB_P10/train_phase/train_stream/Task000 = 0.5260
	TRACK_MB_P10/train_phase/train_stream/Task001 = 0.0000
	TRACK_MB_P10/train_phase/train_stream/Task002 = 0.3240
	TRACK_MB_P10/train_phase/train_stream/Task003 = 0.4900
	TRACK_MB_P10/train_phase/train_stream/Task004 = 0.0000
	TRACK_MB_P100/train_phase/train_stream/Task000 = 0.7030
	TRACK_MB_P100/train_phase/train_stream/Task001 = 0.0000
	TRACK_MB_P100/train_phase/train_stream/Task002 = 0.6220
	TRACK_MB_P100/train_phase/train_stream/Task003 = 0.6740
	TRACK_MB_P100/train_phase/train_stream/Task004 = 0.0000
	TRACK_MB_P100_AVG/train_phase/train_stream/Task000 = 0.3998
	TRACK_MB_P10_AVG/train_phase/train_stream/Task000 = 0.2680
	TRACK_MB_WCACC/train_phase/train_stream/Task000 = 0.0846
	TRACK_MB_acc/train_phase/train_stream/Task000 = 0.6330
	TRACK_MB_acc/train_phase/train_stream/Task001 = 0.0000
	TRACK_MB_acc/train_phase/train_stream/Task002 = 0.0000
	TRACK_MB_acc/train_phase/train_stream/Task003 = 0.4280
	TRACK_MB_acc/train_phase/train_stream/Task004 = 0.0000
	TRACK_MB_acc_MIN/train_phase/train_stream/Task000 = 0.0000
	TRACK_MB_acc_MIN/train_phase/train_stream/Task001 = 0.0000
	TRACK_MB_acc_MIN/train_phase/train_stream/Task002 = 0.0000
	TRACK_MB_acc_MIN/train_phase/train_stream/Task003 = 0.4230
	TRACK_MB_acc_MIN_AVG/train_phase/train_stream/Task000 = 0.1058
	TRACK_MB_loss/train_phase/train_stream/Task000 = 2.1263
	TRACK_MB_loss/train_phase/train_stream/Task001 = 20.8551
	TRACK_MB_loss/train_phase/train_stream/Task002 = 16.6855
	TRACK_MB_loss/train_phase/train_stream/Task003 = 1.7458
	TRACK_MB_loss/train_phase/train_stream/Task004 = 11.5302
	Time_Epoch/train_phase/train_stream/Task000 = 124.6835
Epoch 2 ended.
	CURRENT_MB_avg_gradnorm_G/train_phase/train_stream/Task000 = 0.0000
	CURRENT_MB_gradnorm_stab/train_phase/train_stream/Task000 = 0.0000
	CURRENT_MB_loss_new/train_phase/train_stream/Task000 = 0.6347
	CURRENT_MB_loss_reg/train_phase/train_stream/Task000 = 0.1667
	Loss_MB/train_phase/train_stream/Task000 = 0.8014
	TRACK_MB_F10/train_phase/train_stream/Task000 = 0.4060
	TRACK_MB_F10/train_phase/train_stream/Task001 = 0.0020
	TRACK_MB_F10/train_phase/train_stream/Task002 = 0.4930
	TRACK_MB_F10/train_phase/train_stream/Task003 = 0.1380
	TRACK_MB_F10/train_phase/train_stream/Task004 = 0.0000
	TRACK_MB_F100/train_phase/train_stream/Task000 = 0.4850
	TRACK_MB_F100/train_phase/train_stream/Task001 = 0.0020
	TRACK_MB_F100/train_phase/train_stream/Task002 = 0.5390
	TRACK_MB_F100/train_phase/train_stream/Task003 = 0.2520
	TRACK_MB_F100/train_phase/train_stream/Task004 = 0.0000
	TRACK_MB_F100_AVG/train_phase/train_stream/Task000 = 0.2556
	TRACK_MB_F10_AVG/train_phase/train_stream/Task000 = 0.2078
	TRACK_MB_LCA/train_phase/train_stream/Task000 = 0.0895
	TRACK_MB_P10/train_phase/train_stream/Task000 = 0.5260
	TRACK_MB_P10/train_phase/train_stream/Task001 = 0.0020
	TRACK_MB_P10/train_phase/train_stream/Task002 = 0.3240
	TRACK_MB_P10/train_phase/train_stream/Task003 = 0.4900
	TRACK_MB_P10/train_phase/train_stream/Task004 = 0.0000
	TRACK_MB_P100/train_phase/train_stream/Task000 = 0.7030
	TRACK_MB_P100/train_phase/train_stream/Task001 = 0.0020
	TRACK_MB_P100/train_phase/train_stream/Task002 = 0.6220
	TRACK_MB_P100/train_phase/train_stream/Task003 = 0.6740
	TRACK_MB_P100/train_phase/train_stream/Task004 = 0.0000
	TRACK_MB_P100_AVG/train_phase/train_stream/Task000 = 0.4002
	TRACK_MB_P10_AVG/train_phase/train_stream/Task000 = 0.2684
	TRACK_MB_WCACC/train_phase/train_stream/Task000 = 0.0782
	TRACK_MB_acc/train_phase/train_stream/Task000 = 0.6910
	TRACK_MB_acc/train_phase/train_stream/Task001 = 0.0010
	TRACK_MB_acc/train_phase/train_stream/Task002 = 0.0010
	TRACK_MB_acc/train_phase/train_stream/Task003 = 0.3910
	TRACK_MB_acc/train_phase/train_stream/Task004 = 0.0000
	TRACK_MB_acc_MIN/train_phase/train_stream/Task000 = 0.0000
	TRACK_MB_acc_MIN/train_phase/train_stream/Task001 = 0.0000
	TRACK_MB_acc_MIN/train_phase/train_stream/Task002 = 0.0000
	TRACK_MB_acc_MIN/train_phase/train_stream/Task003 = 0.3910
	TRACK_MB_acc_MIN_AVG/train_phase/train_stream/Task000 = 0.0978
	TRACK_MB_loss/train_phase/train_stream/Task000 = 1.2959
	TRACK_MB_loss/train_phase/train_stream/Task001 = 12.4500
	TRACK_MB_loss/train_phase/train_stream/Task002 = 11.0294
	TRACK_MB_loss/train_phase/train_stream/Task003 = 2.0541
	TRACK_MB_loss/train_phase/train_stream/Task004 = 8.6798
	Time_Epoch/train_phase/train_stream/Task000 = 124.1412
Epoch 3 ended.
	CURRENT_MB_avg_gradnorm_G/train_phase/train_stream/Task000 = 0.0000
	CURRENT_MB_gradnorm_stab/train_phase/train_stream/Task000 = 0.0000
	CURRENT_MB_loss_new/train_phase/train_stream/Task000 = 0.6301
	CURRENT_MB_loss_reg/train_phase/train_stream/Task000 = 0.1650
	Loss_MB/train_phase/train_stream/Task000 = 0.7951
	TRACK_MB_F10/train_phase/train_stream/Task000 = 0.5210
	TRACK_MB_F10/train_phase/train_stream/Task001 = 0.0050
	TRACK_MB_F10/train_phase/train_stream/Task002 = 0.4930
	TRACK_MB_F10/train_phase/train_stream/Task003 = 0.1430
	TRACK_MB_F10/train_phase/train_stream/Task004 = 0.0000
	TRACK_MB_F100/train_phase/train_stream/Task000 = 0.5230
	TRACK_MB_F100/train_phase/train_stream/Task001 = 0.0050
	TRACK_MB_F100/train_phase/train_stream/Task002 = 0.5390
	TRACK_MB_F100/train_phase/train_stream/Task003 = 0.2520
	TRACK_MB_F100/train_phase/train_stream/Task004 = 0.0000
	TRACK_MB_F100_AVG/train_phase/train_stream/Task000 = 0.2638
	TRACK_MB_F10_AVG/train_phase/train_stream/Task000 = 0.2324
	TRACK_MB_LCA/train_phase/train_stream/Task000 = 0.0895
	TRACK_MB_P10/train_phase/train_stream/Task000 = 0.5260
	TRACK_MB_P10/train_phase/train_stream/Task001 = 0.0050
	TRACK_MB_P10/train_phase/train_stream/Task002 = 0.3240
	TRACK_MB_P10/train_phase/train_stream/Task003 = 0.4900
	TRACK_MB_P10/train_phase/train_stream/Task004 = 0.0000
	TRACK_MB_P100/train_phase/train_stream/Task000 = 0.7630
	TRACK_MB_P100/train_phase/train_stream/Task001 = 0.0050
	TRACK_MB_P100/train_phase/train_stream/Task002 = 0.6220
	TRACK_MB_P100/train_phase/train_stream/Task003 = 0.6740
	TRACK_MB_P100/train_phase/train_stream/Task004 = 0.0000
	TRACK_MB_P100_AVG/train_phase/train_stream/Task000 = 0.4128
	TRACK_MB_P10_AVG/train_phase/train_stream/Task000 = 0.2690
	TRACK_MB_WCACC/train_phase/train_stream/Task000 = 0.0628
	TRACK_MB_acc/train_phase/train_stream/Task000 = 0.6780
	TRACK_MB_acc/train_phase/train_stream/Task001 = 0.0020
	TRACK_MB_acc/train_phase/train_stream/Task002 = 0.0000
	TRACK_MB_acc/train_phase/train_stream/Task003 = 0.4340
	TRACK_MB_acc/train_phase/train_stream/Task004 = 0.0000
	TRACK_MB_acc_MIN/train_phase/train_stream/Task000 = 0.0000
	TRACK_MB_acc_MIN/train_phase/train_stream/Task001 = 0.0000
	TRACK_MB_acc_MIN/train_phase/train_stream/Task002 = 0.0000
	TRACK_MB_acc_MIN/train_phase/train_stream/Task003 = 0.3140
	TRACK_MB_acc_MIN_AVG/train_phase/train_stream/Task000 = 0.0785
	TRACK_MB_loss/train_phase/train_stream/Task000 = 1.7424
	TRACK_MB_loss/train_phase/train_stream/Task001 = 14.6326
	TRACK_MB_loss/train_phase/train_stream/Task002 = 12.6986
	TRACK_MB_loss/train_phase/train_stream/Task003 = 2.0231
	TRACK_MB_loss/train_phase/train_stream/Task004 = 7.8474
	Time_Epoch/train_phase/train_stream/Task000 = 124.3894
Epoch 4 ended.
	CURRENT_MB_avg_gradnorm_G/train_phase/train_stream/Task000 = 0.0000
	CURRENT_MB_gradnorm_stab/train_phase/train_stream/Task000 = 0.0000
	CURRENT_MB_loss_new/train_phase/train_stream/Task000 = 0.6300
	CURRENT_MB_loss_reg/train_phase/train_stream/Task000 = 0.1452
	Loss_MB/train_phase/train_stream/Task000 = 0.7752
	TRACK_MB_F10/train_phase/train_stream/Task000 = 0.5210
	TRACK_MB_F10/train_phase/train_stream/Task001 = 0.0070
	TRACK_MB_F10/train_phase/train_stream/Task002 = 0.4930
	TRACK_MB_F10/train_phase/train_stream/Task003 = 0.1430
	TRACK_MB_F10/train_phase/train_stream/Task004 = 0.0000
	TRACK_MB_F100/train_phase/train_stream/Task000 = 0.5230
	TRACK_MB_F100/train_phase/train_stream/Task001 = 0.0070
	TRACK_MB_F100/train_phase/train_stream/Task002 = 0.5390
	TRACK_MB_F100/train_phase/train_stream/Task003 = 0.2520
	TRACK_MB_F100/train_phase/train_stream/Task004 = 0.0000
	TRACK_MB_F100_AVG/train_phase/train_stream/Task000 = 0.2642
	TRACK_MB_F10_AVG/train_phase/train_stream/Task000 = 0.2328
	TRACK_MB_LCA/train_phase/train_stream/Task000 = 0.0895
	TRACK_MB_P10/train_phase/train_stream/Task000 = 0.5260
	TRACK_MB_P10/train_phase/train_stream/Task001 = 0.0070
	TRACK_MB_P10/train_phase/train_stream/Task002 = 0.3240
	TRACK_MB_P10/train_phase/train_stream/Task003 = 0.4900
	TRACK_MB_P10/train_phase/train_stream/Task004 = 0.0000
	TRACK_MB_P100/train_phase/train_stream/Task000 = 0.7630
	TRACK_MB_P100/train_phase/train_stream/Task001 = 0.0070
	TRACK_MB_P100/train_phase/train_stream/Task002 = 0.6220
	TRACK_MB_P100/train_phase/train_stream/Task003 = 0.6740
	TRACK_MB_P100/train_phase/train_stream/Task004 = 0.0000
	TRACK_MB_P100_AVG/train_phase/train_stream/Task000 = 0.4132
	TRACK_MB_P10_AVG/train_phase/train_stream/Task000 = 0.2694
	TRACK_MB_WCACC/train_phase/train_stream/Task000 = 0.0628
	TRACK_MB_acc/train_phase/train_stream/Task000 = 0.6690
	TRACK_MB_acc/train_phase/train_stream/Task001 = 0.0040
	TRACK_MB_acc/train_phase/train_stream/Task002 = 0.0030
	TRACK_MB_acc/train_phase/train_stream/Task003 = 0.4110
	TRACK_MB_acc/train_phase/train_stream/Task004 = 0.0000
	TRACK_MB_acc_MIN/train_phase/train_stream/Task000 = 0.0000
	TRACK_MB_acc_MIN/train_phase/train_stream/Task001 = 0.0000
	TRACK_MB_acc_MIN/train_phase/train_stream/Task002 = 0.0000
	TRACK_MB_acc_MIN/train_phase/train_stream/Task003 = 0.3140
	TRACK_MB_acc_MIN_AVG/train_phase/train_stream/Task000 = 0.0785
	TRACK_MB_loss/train_phase/train_stream/Task000 = 1.6253
	TRACK_MB_loss/train_phase/train_stream/Task001 = 11.0749
	TRACK_MB_loss/train_phase/train_stream/Task002 = 11.7301
	TRACK_MB_loss/train_phase/train_stream/Task003 = 2.7368
	TRACK_MB_loss/train_phase/train_stream/Task004 = 6.9900
	Time_Epoch/train_phase/train_stream/Task000 = 124.5229
Epoch 5 ended.
	CURRENT_MB_avg_gradnorm_G/train_phase/train_stream/Task000 = 0.0000
	CURRENT_MB_gradnorm_stab/train_phase/train_stream/Task000 = 0.0000
	CURRENT_MB_loss_new/train_phase/train_stream/Task000 = 0.6300
	CURRENT_MB_loss_reg/train_phase/train_stream/Task000 = 0.1421
	Loss_MB/train_phase/train_stream/Task000 = 0.7722
	TRACK_MB_F10/train_phase/train_stream/Task000 = 0.5210
	TRACK_MB_F10/train_phase/train_stream/Task001 = 0.0070
	TRACK_MB_F10/train_phase/train_stream/Task002 = 0.4930
	TRACK_MB_F10/train_phase/train_stream/Task003 = 0.1430
	TRACK_MB_F10/train_phase/train_stream/Task004 = 0.0000
	TRACK_MB_F100/train_phase/train_stream/Task000 = 0.5230
	TRACK_MB_F100/train_phase/train_stream/Task001 = 0.0070
	TRACK_MB_F100/train_phase/train_stream/Task002 = 0.5390
	TRACK_MB_F100/train_phase/train_stream/Task003 = 0.2520
	TRACK_MB_F100/train_phase/train_stream/Task004 = 0.0000
	TRACK_MB_F100_AVG/train_phase/train_stream/Task000 = 0.2642
	TRACK_MB_F10_AVG/train_phase/train_stream/Task000 = 0.2328
	TRACK_MB_LCA/train_phase/train_stream/Task000 = 0.0895
	TRACK_MB_P10/train_phase/train_stream/Task000 = 0.5260
	TRACK_MB_P10/train_phase/train_stream/Task001 = 0.0080
	TRACK_MB_P10/train_phase/train_stream/Task002 = 0.3240
	TRACK_MB_P10/train_phase/train_stream/Task003 = 0.4900
	TRACK_MB_P10/train_phase/train_stream/Task004 = 0.0000
	TRACK_MB_P100/train_phase/train_stream/Task000 = 0.7630
	TRACK_MB_P100/train_phase/train_stream/Task001 = 0.0090
	TRACK_MB_P100/train_phase/train_stream/Task002 = 0.6220
	TRACK_MB_P100/train_phase/train_stream/Task003 = 0.6740
	TRACK_MB_P100/train_phase/train_stream/Task004 = 0.0000
	TRACK_MB_P100_AVG/train_phase/train_stream/Task000 = 0.4136
	TRACK_MB_P10_AVG/train_phase/train_stream/Task000 = 0.2696
	TRACK_MB_WCACC/train_phase/train_stream/Task000 = 0.0628
	TRACK_MB_acc/train_phase/train_stream/Task000 = 0.6220
	TRACK_MB_acc/train_phase/train_stream/Task001 = 0.0060
	TRACK_MB_acc/train_phase/train_stream/Task002 = 0.0170
	TRACK_MB_acc/train_phase/train_stream/Task003 = 0.3900
	TRACK_MB_acc/train_phase/train_stream/Task004 = 0.0000
	TRACK_MB_acc_MIN/train_phase/train_stream/Task000 = 0.0000
	TRACK_MB_acc_MIN/train_phase/train_stream/Task001 = 0.0000
	TRACK_MB_acc_MIN/train_phase/train_stream/Task002 = 0.0000
	TRACK_MB_acc_MIN/train_phase/train_stream/Task003 = 0.3140
	TRACK_MB_acc_MIN_AVG/train_phase/train_stream/Task000 = 0.0785
	TRACK_MB_loss/train_phase/train_stream/Task000 = 1.7512
	TRACK_MB_loss/train_phase/train_stream/Task001 = 10.9202
	TRACK_MB_loss/train_phase/train_stream/Task002 = 9.8544
	TRACK_MB_loss/train_phase/train_stream/Task003 = 2.8082
	TRACK_MB_loss/train_phase/train_stream/Task004 = 6.5104
	Time_Epoch/train_phase/train_stream/Task000 = 124.3677
Epoch 6 ended.
	CURRENT_MB_avg_gradnorm_G/train_phase/train_stream/Task000 = 0.0000
	CURRENT_MB_gradnorm_stab/train_phase/train_stream/Task000 = 0.0000
	CURRENT_MB_loss_new/train_phase/train_stream/Task000 = 0.6300
	CURRENT_MB_loss_reg/train_phase/train_stream/Task000 = 0.1318
	Loss_MB/train_phase/train_stream/Task000 = 0.7618
	TRACK_MB_F10/train_phase/train_stream/Task000 = 0.5210
	TRACK_MB_F10/train_phase/train_stream/Task001 = 0.0070
	TRACK_MB_F10/train_phase/train_stream/Task002 = 0.4930
	TRACK_MB_F10/train_phase/train_stream/Task003 = 0.1430
	TRACK_MB_F10/train_phase/train_stream/Task004 = 0.0000
	TRACK_MB_F100/train_phase/train_stream/Task000 = 0.5230
	TRACK_MB_F100/train_phase/train_stream/Task001 = 0.0080
	TRACK_MB_F100/train_phase/train_stream/Task002 = 0.5390
	TRACK_MB_F100/train_phase/train_stream/Task003 = 0.2520
	TRACK_MB_F100/train_phase/train_stream/Task004 = 0.0000
	TRACK_MB_F100_AVG/train_phase/train_stream/Task000 = 0.2644
	TRACK_MB_F10_AVG/train_phase/train_stream/Task000 = 0.2328
	TRACK_MB_LCA/train_phase/train_stream/Task000 = 0.0895
	TRACK_MB_P10/train_phase/train_stream/Task000 = 0.5260
	TRACK_MB_P10/train_phase/train_stream/Task001 = 0.0080
	TRACK_MB_P10/train_phase/train_stream/Task002 = 0.3240
	TRACK_MB_P10/train_phase/train_stream/Task003 = 0.4900
	TRACK_MB_P10/train_phase/train_stream/Task004 = 0.0000
	TRACK_MB_P100/train_phase/train_stream/Task000 = 0.7630
	TRACK_MB_P100/train_phase/train_stream/Task001 = 0.0090
	TRACK_MB_P100/train_phase/train_stream/Task002 = 0.6220
	TRACK_MB_P100/train_phase/train_stream/Task003 = 0.6740
	TRACK_MB_P100/train_phase/train_stream/Task004 = 0.0000
	TRACK_MB_P100_AVG/train_phase/train_stream/Task000 = 0.4136
	TRACK_MB_P10_AVG/train_phase/train_stream/Task000 = 0.2696
	TRACK_MB_WCACC/train_phase/train_stream/Task000 = 0.0628
	TRACK_MB_acc/train_phase/train_stream/Task000 = 0.5680
	TRACK_MB_acc/train_phase/train_stream/Task001 = 0.0040
	TRACK_MB_acc/train_phase/train_stream/Task002 = 0.0140
	TRACK_MB_acc/train_phase/train_stream/Task003 = 0.4340
	TRACK_MB_acc/train_phase/train_stream/Task004 = 0.0000
	TRACK_MB_acc_MIN/train_phase/train_stream/Task000 = 0.0000
	TRACK_MB_acc_MIN/train_phase/train_stream/Task001 = 0.0000
	TRACK_MB_acc_MIN/train_phase/train_stream/Task002 = 0.0000
	TRACK_MB_acc_MIN/train_phase/train_stream/Task003 = 0.3140
	TRACK_MB_acc_MIN_AVG/train_phase/train_stream/Task000 = 0.0785
	TRACK_MB_loss/train_phase/train_stream/Task000 = 2.1710
	TRACK_MB_loss/train_phase/train_stream/Task001 = 12.7085
	TRACK_MB_loss/train_phase/train_stream/Task002 = 11.3693
	TRACK_MB_loss/train_phase/train_stream/Task003 = 2.9062
	TRACK_MB_loss/train_phase/train_stream/Task004 = 6.2380
	Time_Epoch/train_phase/train_stream/Task000 = 128.2108
Epoch 7 ended.
	CURRENT_MB_avg_gradnorm_G/train_phase/train_stream/Task000 = 0.0000
	CURRENT_MB_gradnorm_stab/train_phase/train_stream/Task000 = 0.0000
	CURRENT_MB_loss_new/train_phase/train_stream/Task000 = 0.6300
	CURRENT_MB_loss_reg/train_phase/train_stream/Task000 = 0.1263
	Loss_MB/train_phase/train_stream/Task000 = 0.7563
	TRACK_MB_F10/train_phase/train_stream/Task000 = 0.5210
	TRACK_MB_F10/train_phase/train_stream/Task001 = 0.0090
	TRACK_MB_F10/train_phase/train_stream/Task002 = 0.4930
	TRACK_MB_F10/train_phase/train_stream/Task003 = 0.1430
	TRACK_MB_F10/train_phase/train_stream/Task004 = 0.0000
	TRACK_MB_F100/train_phase/train_stream/Task000 = 0.5230
	TRACK_MB_F100/train_phase/train_stream/Task001 = 0.0090
	TRACK_MB_F100/train_phase/train_stream/Task002 = 0.5390
	TRACK_MB_F100/train_phase/train_stream/Task003 = 0.2520
	TRACK_MB_F100/train_phase/train_stream/Task004 = 0.0000
	TRACK_MB_F100_AVG/train_phase/train_stream/Task000 = 0.2646
	TRACK_MB_F10_AVG/train_phase/train_stream/Task000 = 0.2332
	TRACK_MB_LCA/train_phase/train_stream/Task000 = 0.0895
	TRACK_MB_P10/train_phase/train_stream/Task000 = 0.5260
	TRACK_MB_P10/train_phase/train_stream/Task001 = 0.0170
	TRACK_MB_P10/train_phase/train_stream/Task002 = 0.3240
	TRACK_MB_P10/train_phase/train_stream/Task003 = 0.4900
	TRACK_MB_P10/train_phase/train_stream/Task004 = 0.0000
	TRACK_MB_P100/train_phase/train_stream/Task000 = 0.7630
	TRACK_MB_P100/train_phase/train_stream/Task001 = 0.0190
	TRACK_MB_P100/train_phase/train_stream/Task002 = 0.6220
	TRACK_MB_P100/train_phase/train_stream/Task003 = 0.6740
	TRACK_MB_P100/train_phase/train_stream/Task004 = 0.0000
	TRACK_MB_P100_AVG/train_phase/train_stream/Task000 = 0.4156
	TRACK_MB_P10_AVG/train_phase/train_stream/Task000 = 0.2714
	TRACK_MB_WCACC/train_phase/train_stream/Task000 = 0.0628
	TRACK_MB_acc/train_phase/train_stream/Task000 = 0.5420
	TRACK_MB_acc/train_phase/train_stream/Task001 = 0.0140
	TRACK_MB_acc/train_phase/train_stream/Task002 = 0.0300
	TRACK_MB_acc/train_phase/train_stream/Task003 = 0.3720
	TRACK_MB_acc/train_phase/train_stream/Task004 = 0.0000
	TRACK_MB_acc_MIN/train_phase/train_stream/Task000 = 0.0000
	TRACK_MB_acc_MIN/train_phase/train_stream/Task001 = 0.0000
	TRACK_MB_acc_MIN/train_phase/train_stream/Task002 = 0.0000
	TRACK_MB_acc_MIN/train_phase/train_stream/Task003 = 0.3140
	TRACK_MB_acc_MIN_AVG/train_phase/train_stream/Task000 = 0.0785
	TRACK_MB_loss/train_phase/train_stream/Task000 = 2.2251
	TRACK_MB_loss/train_phase/train_stream/Task001 = 10.0546
	TRACK_MB_loss/train_phase/train_stream/Task002 = 9.6388
	TRACK_MB_loss/train_phase/train_stream/Task003 = 3.2854
	TRACK_MB_loss/train_phase/train_stream/Task004 = 5.9374
	Time_Epoch/train_phase/train_stream/Task000 = 127.9246
Epoch 8 ended.
	CURRENT_MB_avg_gradnorm_G/train_phase/train_stream/Task000 = 0.0000
	CURRENT_MB_gradnorm_stab/train_phase/train_stream/Task000 = 0.0000
	CURRENT_MB_loss_new/train_phase/train_stream/Task000 = 0.6300
	CURRENT_MB_loss_reg/train_phase/train_stream/Task000 = 0.1276
	Loss_MB/train_phase/train_stream/Task000 = 0.7576
	TRACK_MB_F10/train_phase/train_stream/Task000 = 0.5210
	TRACK_MB_F10/train_phase/train_stream/Task001 = 0.0110
	TRACK_MB_F10/train_phase/train_stream/Task002 = 0.4930
	TRACK_MB_F10/train_phase/train_stream/Task003 = 0.1430
	TRACK_MB_F10/train_phase/train_stream/Task004 = 0.0000
	TRACK_MB_F100/train_phase/train_stream/Task000 = 0.5230
	TRACK_MB_F100/train_phase/train_stream/Task001 = 0.0150
	TRACK_MB_F100/train_phase/train_stream/Task002 = 0.5390
	TRACK_MB_F100/train_phase/train_stream/Task003 = 0.2520
	TRACK_MB_F100/train_phase/train_stream/Task004 = 0.0000
	TRACK_MB_F100_AVG/train_phase/train_stream/Task000 = 0.2658
	TRACK_MB_F10_AVG/train_phase/train_stream/Task000 = 0.2336
	TRACK_MB_LCA/train_phase/train_stream/Task000 = 0.0895
	TRACK_MB_P10/train_phase/train_stream/Task000 = 0.5260
	TRACK_MB_P10/train_phase/train_stream/Task001 = 0.0170
	TRACK_MB_P10/train_phase/train_stream/Task002 = 0.3240
	TRACK_MB_P10/train_phase/train_stream/Task003 = 0.4900
	TRACK_MB_P10/train_phase/train_stream/Task004 = 0.0000
	TRACK_MB_P100/train_phase/train_stream/Task000 = 0.7630
	TRACK_MB_P100/train_phase/train_stream/Task001 = 0.0200
	TRACK_MB_P100/train_phase/train_stream/Task002 = 0.6220
	TRACK_MB_P100/train_phase/train_stream/Task003 = 0.6740
	TRACK_MB_P100/train_phase/train_stream/Task004 = 0.0000
	TRACK_MB_P100_AVG/train_phase/train_stream/Task000 = 0.4158
	TRACK_MB_P10_AVG/train_phase/train_stream/Task000 = 0.2714
	TRACK_MB_WCACC/train_phase/train_stream/Task000 = 0.0628
	TRACK_MB_acc/train_phase/train_stream/Task000 = 0.5360
	TRACK_MB_acc/train_phase/train_stream/Task001 = 0.0110
	TRACK_MB_acc/train_phase/train_stream/Task002 = 0.0310
	TRACK_MB_acc/train_phase/train_stream/Task003 = 0.3850
	TRACK_MB_acc/train_phase/train_stream/Task004 = 0.0000
	TRACK_MB_acc_MIN/train_phase/train_stream/Task000 = 0.0000
	TRACK_MB_acc_MIN/train_phase/train_stream/Task001 = 0.0000
	TRACK_MB_acc_MIN/train_phase/train_stream/Task002 = 0.0000
	TRACK_MB_acc_MIN/train_phase/train_stream/Task003 = 0.3140
	TRACK_MB_acc_MIN_AVG/train_phase/train_stream/Task000 = 0.0785
	TRACK_MB_loss/train_phase/train_stream/Task000 = 2.1134
	TRACK_MB_loss/train_phase/train_stream/Task001 = 9.9251
	TRACK_MB_loss/train_phase/train_stream/Task002 = 9.1405
	TRACK_MB_loss/train_phase/train_stream/Task003 = 3.1407
	TRACK_MB_loss/train_phase/train_stream/Task004 = 5.6335
	Time_Epoch/train_phase/train_stream/Task000 = 125.8324
Epoch 9 ended.
	CURRENT_MB_avg_gradnorm_G/train_phase/train_stream/Task000 = 0.0000
	CURRENT_MB_gradnorm_stab/train_phase/train_stream/Task000 = 0.0000
	CURRENT_MB_loss_new/train_phase/train_stream/Task000 = 0.6300
	CURRENT_MB_loss_reg/train_phase/train_stream/Task000 = 0.1123
	Loss_MB/train_phase/train_stream/Task000 = 0.7423
	TRACK_MB_F10/train_phase/train_stream/Task000 = 0.5210
	TRACK_MB_F10/train_phase/train_stream/Task001 = 0.0150
	TRACK_MB_F10/train_phase/train_stream/Task002 = 0.4930
	TRACK_MB_F10/train_phase/train_stream/Task003 = 0.1430
	TRACK_MB_F10/train_phase/train_stream/Task004 = 0.0000
	TRACK_MB_F100/train_phase/train_stream/Task000 = 0.5230
	TRACK_MB_F100/train_phase/train_stream/Task001 = 0.0150
	TRACK_MB_F100/train_phase/train_stream/Task002 = 0.5390
	TRACK_MB_F100/train_phase/train_stream/Task003 = 0.2520
	TRACK_MB_F100/train_phase/train_stream/Task004 = 0.0000
	TRACK_MB_F100_AVG/train_phase/train_stream/Task000 = 0.2658
	TRACK_MB_F10_AVG/train_phase/train_stream/Task000 = 0.2344
	TRACK_MB_LCA/train_phase/train_stream/Task000 = 0.0895
	TRACK_MB_P10/train_phase/train_stream/Task000 = 0.5260
	TRACK_MB_P10/train_phase/train_stream/Task001 = 0.0170
	TRACK_MB_P10/train_phase/train_stream/Task002 = 0.3240
	TRACK_MB_P10/train_phase/train_stream/Task003 = 0.4900
	TRACK_MB_P10/train_phase/train_stream/Task004 = 0.0000
	TRACK_MB_P100/train_phase/train_stream/Task000 = 0.7630
	TRACK_MB_P100/train_phase/train_stream/Task001 = 0.0220
	TRACK_MB_P100/train_phase/train_stream/Task002 = 0.6220
	TRACK_MB_P100/train_phase/train_stream/Task003 = 0.6740
	TRACK_MB_P100/train_phase/train_stream/Task004 = 0.0000
	TRACK_MB_P100_AVG/train_phase/train_stream/Task000 = 0.4162
	TRACK_MB_P10_AVG/train_phase/train_stream/Task000 = 0.2714
	TRACK_MB_WCACC/train_phase/train_stream/Task000 = 0.0628
	TRACK_MB_acc/train_phase/train_stream/Task000 = 0.5140
	TRACK_MB_acc/train_phase/train_stream/Task001 = 0.0180
	TRACK_MB_acc/train_phase/train_stream/Task002 = 0.0440
	TRACK_MB_acc/train_phase/train_stream/Task003 = 0.3970
	TRACK_MB_acc/train_phase/train_stream/Task004 = 0.0000
	TRACK_MB_acc_MIN/train_phase/train_stream/Task000 = 0.0000
	TRACK_MB_acc_MIN/train_phase/train_stream/Task001 = 0.0000
	TRACK_MB_acc_MIN/train_phase/train_stream/Task002 = 0.0000
	TRACK_MB_acc_MIN/train_phase/train_stream/Task003 = 0.3140
	TRACK_MB_acc_MIN_AVG/train_phase/train_stream/Task000 = 0.0785
	TRACK_MB_loss/train_phase/train_stream/Task000 = 2.2216
	TRACK_MB_loss/train_phase/train_stream/Task001 = 10.5957
	TRACK_MB_loss/train_phase/train_stream/Task002 = 10.4056
	TRACK_MB_loss/train_phase/train_stream/Task003 = 3.5365
	TRACK_MB_loss/train_phase/train_stream/Task004 = 5.4032
	Time_Epoch/train_phase/train_stream/Task000 = 124.3702
-- >> End of training phase << --
End training on experience 4

======================================== EVAL ========================================
Standard Continual Learning eval on entire test set on task transition.
-- >> Start of eval phase << --
-- Starting eval on experience 0 (Task 0) from test stream --
> Eval on experience 0 (Task 0) from test stream ended.
	ExperienceForgetting/eval_phase/test_stream/Task000/Exp000 = 0.1425
	Loss_Exp/eval_phase/test_stream/Task000/Exp000 = 2.2834
	Top1_Acc_Exp/eval_phase/test_stream/Task000/Exp000 = 0.5105
-- Starting eval on experience 1 (Task 0) from test stream --
> Eval on experience 1 (Task 0) from test stream ended.
	ExperienceForgetting/eval_phase/test_stream/Task000/Exp001 = -0.0190
	Loss_Exp/eval_phase/test_stream/Task000/Exp001 = 10.6042
	Top1_Acc_Exp/eval_phase/test_stream/Task000/Exp001 = 0.0190
-- Starting eval on experience 2 (Task 0) from test stream --
> Eval on experience 2 (Task 0) from test stream ended.
	ExperienceForgetting/eval_phase/test_stream/Task000/Exp002 = 0.5455
	Loss_Exp/eval_phase/test_stream/Task000/Exp002 = 10.5618
	Top1_Acc_Exp/eval_phase/test_stream/Task000/Exp002 = 0.0430
-- Starting eval on experience 3 (Task 0) from test stream --
> Eval on experience 3 (Task 0) from test stream ended.
	ExperienceForgetting/eval_phase/test_stream/Task000/Exp003 = 0.0845
	Loss_Exp/eval_phase/test_stream/Task000/Exp003 = 3.4575
	Top1_Acc_Exp/eval_phase/test_stream/Task000/Exp003 = 0.4045
-- Starting eval on experience 4 (Task 0) from test stream --
> Eval on experience 4 (Task 0) from test stream ended.
	Loss_Exp/eval_phase/test_stream/Task000/Exp004 = 5.3689
	Top1_Acc_Exp/eval_phase/test_stream/Task000/Exp004 = 0.0000
-- >> End of eval phase << --
	ConfusionMatrix_Stream/eval_phase/test_stream = <avalanche.evaluation.metric_results.AlternativeValues object at 0x7f5266ee0100>
	Loss_Stream/eval_phase/test_stream/Task000 = 6.4551
	StreamForgetting/eval_phase/test_stream = 0.1884
	Top1_Acc_Stream/eval_phase/test_stream/Task000 = 0.1954
[FILE:TASK-RESULTS]: /home/yhguo/yuxuan/CL/origin/ContinualEvaluation/results/ER_CIFAR10_e=10_reproduce_paper_now=2024-04-07_06-18_uid=c9f5c6c857fe4735aea4919407478057/results_summary/seed=3/task4_results.pt
[FILE:SEED-RESULTS]: /home/yhguo/yuxuan/CL/origin/ContinualEvaluation/results/ER_CIFAR10_e=10_reproduce_paper_now=2024-04-07_06-18_uid=c9f5c6c857fe4735aea4919407478057/results_summary/seed=3_finalresults.pt
[FILE:TB-SEED-RESULTS]: /home/yhguo/yuxuan/CL/origin/ContinualEvaluation/results/ER_CIFAR10_e=10_reproduce_paper_now=2024-04-07_06-18_uid=c9f5c6c857fe4735aea4919407478057/tb_run/seed=3
STARTING SEED 4/4
[SCENARIO] CIFAR10, Task Incr = False
Files already downloaded and verified
Files already downloaded and verified
Scenario = CIFAR10
[Tensorboard] tb_log_dir=/home/yhguo/yuxuan/CL/origin/ContinualEvaluation/results/ER_CIFAR10_e=10_reproduce_paper_now=2024-04-07_06-18_uid=c9f5c6c857fe4735aea4919407478057/tb_run/seed=4
Evaluating on stream (eval=True): <avalanche.benchmarks.scenarios.generic_cl_scenario.GenericScenarioStream object at 0x7f5267e003d0>
TRACKING: subsetsize=1000,freq=1,stream=<avalanche.benchmarks.scenarios.generic_cl_scenario.GenericScenarioStream object at 0x7f5267e003d0>
[METHOD CONFIG] n_total_mems=1000 
[METHOD CONFIG] SUMMARY: { 'n_total_memories': 1000,
  'num_tasks': 5,
  'storage_policy': <avalanche.training.storage_policy.ClassBalancedBuffer object at 0x7f5267123b20>}
Running strategy:<src.methods.replay.ERStrategy object at 0x7f5267123970>
with Plugins: [<src.methods.replay.ERPlugin object at 0x7f5267123a00>, <src.eval.minibatch_logging.StrategyAttributeAdderPlugin object at 0x7f5267123610>, <avalanche.training.plugins.evaluation.EvaluationPlugin object at 0x7f52671235e0>, <avalanche.training.plugins.clock.Clock object at 0x7f52671231f0>]
Starting experiment...

---------------------------------------- TRAIN ----------------------------------------
Start training on experience 0
-- >> Start of training phase << --
-- Starting training on experience 0 (Task 0) from train stream --
'ERStrategy' object has no attribute 'avg_gradnorm_G'
strategy_attr not valid for strategy: '['avg_gradnorm_G']'
Epoch 0 ended.
	CURRENT_MB_avg_gradnorm_G/train_phase/train_stream/Task000 = 0.0000
	CURRENT_MB_gradnorm_stab/train_phase/train_stream/Task000 = 0.0000
	CURRENT_MB_loss_new/train_phase/train_stream/Task000 = 0.0700
	CURRENT_MB_loss_reg/train_phase/train_stream/Task000 = 0.0000
	Loss_MB/train_phase/train_stream/Task000 = 0.0700
	TRACK_MB_F10/train_phase/train_stream/Task000 = 0.0220
	TRACK_MB_F100/train_phase/train_stream/Task000 = 0.0220
	TRACK_MB_F100_AVG/train_phase/train_stream/Task000 = 0.0220
	TRACK_MB_F10_AVG/train_phase/train_stream/Task000 = 0.0220
	TRACK_MB_LCA/train_phase/train_stream/Task000 = 0.4005
	TRACK_MB_P10/train_phase/train_stream/Task000 = 0.5060
	TRACK_MB_P100/train_phase/train_stream/Task000 = 0.6420
	TRACK_MB_P100_AVG/train_phase/train_stream/Task000 = 0.6420
	TRACK_MB_P10_AVG/train_phase/train_stream/Task000 = 0.5060
	TRACK_MB_WCACC/train_phase/train_stream/Task000 = 0.6410
	TRACK_MB_acc/train_phase/train_stream/Task000 = 0.6410
	TRACK_MB_acc_MIN_AVG/train_phase/train_stream/Task000 = None
	TRACK_MB_loss/train_phase/train_stream/Task000 = 0.7361
	Time_Epoch/train_phase/train_stream/Task000 = 26.6501
Epoch 1 ended.
	CURRENT_MB_avg_gradnorm_G/train_phase/train_stream/Task000 = 0.0000
	CURRENT_MB_gradnorm_stab/train_phase/train_stream/Task000 = 0.0000
	CURRENT_MB_loss_new/train_phase/train_stream/Task000 = 0.0700
	CURRENT_MB_loss_reg/train_phase/train_stream/Task000 = 0.0000
	Loss_MB/train_phase/train_stream/Task000 = 0.0700
	TRACK_MB_F10/train_phase/train_stream/Task000 = 0.0250
	TRACK_MB_F100/train_phase/train_stream/Task000 = 0.0250
	TRACK_MB_F100_AVG/train_phase/train_stream/Task000 = 0.0250
	TRACK_MB_F10_AVG/train_phase/train_stream/Task000 = 0.0250
	TRACK_MB_LCA/train_phase/train_stream/Task000 = 0.4005
	TRACK_MB_P10/train_phase/train_stream/Task000 = 0.5060
	TRACK_MB_P100/train_phase/train_stream/Task000 = 0.7350
	TRACK_MB_P100_AVG/train_phase/train_stream/Task000 = 0.7350
	TRACK_MB_P10_AVG/train_phase/train_stream/Task000 = 0.5060
	TRACK_MB_WCACC/train_phase/train_stream/Task000 = 0.7280
	TRACK_MB_acc/train_phase/train_stream/Task000 = 0.7280
	TRACK_MB_acc_MIN_AVG/train_phase/train_stream/Task000 = None
	TRACK_MB_loss/train_phase/train_stream/Task000 = 0.6116
	Time_Epoch/train_phase/train_stream/Task000 = 25.9894
Epoch 2 ended.
	CURRENT_MB_avg_gradnorm_G/train_phase/train_stream/Task000 = 0.0000
	CURRENT_MB_gradnorm_stab/train_phase/train_stream/Task000 = 0.0000
	CURRENT_MB_loss_new/train_phase/train_stream/Task000 = 0.0700
	CURRENT_MB_loss_reg/train_phase/train_stream/Task000 = 0.0000
	Loss_MB/train_phase/train_stream/Task000 = 0.0700
	TRACK_MB_F10/train_phase/train_stream/Task000 = 0.0270
	TRACK_MB_F100/train_phase/train_stream/Task000 = 0.0330
	TRACK_MB_F100_AVG/train_phase/train_stream/Task000 = 0.0330
	TRACK_MB_F10_AVG/train_phase/train_stream/Task000 = 0.0270
	TRACK_MB_LCA/train_phase/train_stream/Task000 = 0.4005
	TRACK_MB_P10/train_phase/train_stream/Task000 = 0.5060
	TRACK_MB_P100/train_phase/train_stream/Task000 = 0.7380
	TRACK_MB_P100_AVG/train_phase/train_stream/Task000 = 0.7380
	TRACK_MB_P10_AVG/train_phase/train_stream/Task000 = 0.5060
	TRACK_MB_WCACC/train_phase/train_stream/Task000 = 0.7210
	TRACK_MB_acc/train_phase/train_stream/Task000 = 0.7210
	TRACK_MB_acc_MIN_AVG/train_phase/train_stream/Task000 = None
	TRACK_MB_loss/train_phase/train_stream/Task000 = 0.6072
	Time_Epoch/train_phase/train_stream/Task000 = 26.5500
Epoch 3 ended.
	CURRENT_MB_avg_gradnorm_G/train_phase/train_stream/Task000 = 0.0000
	CURRENT_MB_gradnorm_stab/train_phase/train_stream/Task000 = 0.0000
	CURRENT_MB_loss_new/train_phase/train_stream/Task000 = 0.0700
	CURRENT_MB_loss_reg/train_phase/train_stream/Task000 = 0.0000
	Loss_MB/train_phase/train_stream/Task000 = 0.0700
	TRACK_MB_F10/train_phase/train_stream/Task000 = 0.0280
	TRACK_MB_F100/train_phase/train_stream/Task000 = 0.0330
	TRACK_MB_F100_AVG/train_phase/train_stream/Task000 = 0.0330
	TRACK_MB_F10_AVG/train_phase/train_stream/Task000 = 0.0280
	TRACK_MB_LCA/train_phase/train_stream/Task000 = 0.4005
	TRACK_MB_P10/train_phase/train_stream/Task000 = 0.5060
	TRACK_MB_P100/train_phase/train_stream/Task000 = 0.7380
	TRACK_MB_P100_AVG/train_phase/train_stream/Task000 = 0.7380
	TRACK_MB_P10_AVG/train_phase/train_stream/Task000 = 0.5060
	TRACK_MB_WCACC/train_phase/train_stream/Task000 = 0.7240
	TRACK_MB_acc/train_phase/train_stream/Task000 = 0.7240
	TRACK_MB_acc_MIN_AVG/train_phase/train_stream/Task000 = None
	TRACK_MB_loss/train_phase/train_stream/Task000 = 0.6431
	Time_Epoch/train_phase/train_stream/Task000 = 25.9245
Epoch 4 ended.
	CURRENT_MB_avg_gradnorm_G/train_phase/train_stream/Task000 = 0.0000
	CURRENT_MB_gradnorm_stab/train_phase/train_stream/Task000 = 0.0000
	CURRENT_MB_loss_new/train_phase/train_stream/Task000 = 0.0700
	CURRENT_MB_loss_reg/train_phase/train_stream/Task000 = 0.0000
	Loss_MB/train_phase/train_stream/Task000 = 0.0700
	TRACK_MB_F10/train_phase/train_stream/Task000 = 0.0390
	TRACK_MB_F100/train_phase/train_stream/Task000 = 0.0410
	TRACK_MB_F100_AVG/train_phase/train_stream/Task000 = 0.0410
	TRACK_MB_F10_AVG/train_phase/train_stream/Task000 = 0.0390
	TRACK_MB_LCA/train_phase/train_stream/Task000 = 0.4005
	TRACK_MB_P10/train_phase/train_stream/Task000 = 0.5060
	TRACK_MB_P100/train_phase/train_stream/Task000 = 0.7380
	TRACK_MB_P100_AVG/train_phase/train_stream/Task000 = 0.7380
	TRACK_MB_P10_AVG/train_phase/train_stream/Task000 = 0.5060
	TRACK_MB_WCACC/train_phase/train_stream/Task000 = 0.7140
	TRACK_MB_acc/train_phase/train_stream/Task000 = 0.7140
	TRACK_MB_acc_MIN_AVG/train_phase/train_stream/Task000 = None
	TRACK_MB_loss/train_phase/train_stream/Task000 = 0.6486
	Time_Epoch/train_phase/train_stream/Task000 = 26.0128
Epoch 5 ended.
	CURRENT_MB_avg_gradnorm_G/train_phase/train_stream/Task000 = 0.0000
	CURRENT_MB_gradnorm_stab/train_phase/train_stream/Task000 = 0.0000
	CURRENT_MB_loss_new/train_phase/train_stream/Task000 = 0.0700
	CURRENT_MB_loss_reg/train_phase/train_stream/Task000 = 0.0000
	Loss_MB/train_phase/train_stream/Task000 = 0.0700
	TRACK_MB_F10/train_phase/train_stream/Task000 = 0.0410
	TRACK_MB_F100/train_phase/train_stream/Task000 = 0.0540
	TRACK_MB_F100_AVG/train_phase/train_stream/Task000 = 0.0540
	TRACK_MB_F10_AVG/train_phase/train_stream/Task000 = 0.0410
	TRACK_MB_LCA/train_phase/train_stream/Task000 = 0.4005
	TRACK_MB_P10/train_phase/train_stream/Task000 = 0.5060
	TRACK_MB_P100/train_phase/train_stream/Task000 = 0.7380
	TRACK_MB_P100_AVG/train_phase/train_stream/Task000 = 0.7380
	TRACK_MB_P10_AVG/train_phase/train_stream/Task000 = 0.5060
	TRACK_MB_WCACC/train_phase/train_stream/Task000 = 0.7210
	TRACK_MB_acc/train_phase/train_stream/Task000 = 0.7210
	TRACK_MB_acc_MIN_AVG/train_phase/train_stream/Task000 = None
	TRACK_MB_loss/train_phase/train_stream/Task000 = 0.6061
	Time_Epoch/train_phase/train_stream/Task000 = 26.1650
Epoch 6 ended.
	CURRENT_MB_avg_gradnorm_G/train_phase/train_stream/Task000 = 0.0000
	CURRENT_MB_gradnorm_stab/train_phase/train_stream/Task000 = 0.0000
	CURRENT_MB_loss_new/train_phase/train_stream/Task000 = 0.0700
	CURRENT_MB_loss_reg/train_phase/train_stream/Task000 = 0.0000
	Loss_MB/train_phase/train_stream/Task000 = 0.0700
	TRACK_MB_F10/train_phase/train_stream/Task000 = 0.0410
	TRACK_MB_F100/train_phase/train_stream/Task000 = 0.0540
	TRACK_MB_F100_AVG/train_phase/train_stream/Task000 = 0.0540
	TRACK_MB_F10_AVG/train_phase/train_stream/Task000 = 0.0410
	TRACK_MB_LCA/train_phase/train_stream/Task000 = 0.4005
	TRACK_MB_P10/train_phase/train_stream/Task000 = 0.5060
	TRACK_MB_P100/train_phase/train_stream/Task000 = 0.7380
	TRACK_MB_P100_AVG/train_phase/train_stream/Task000 = 0.7380
	TRACK_MB_P10_AVG/train_phase/train_stream/Task000 = 0.5060
	TRACK_MB_WCACC/train_phase/train_stream/Task000 = 0.7180
	TRACK_MB_acc/train_phase/train_stream/Task000 = 0.7180
	TRACK_MB_acc_MIN_AVG/train_phase/train_stream/Task000 = None
	TRACK_MB_loss/train_phase/train_stream/Task000 = 0.6364
	Time_Epoch/train_phase/train_stream/Task000 = 26.6384
Epoch 7 ended.
	CURRENT_MB_avg_gradnorm_G/train_phase/train_stream/Task000 = 0.0000
	CURRENT_MB_gradnorm_stab/train_phase/train_stream/Task000 = 0.0000
	CURRENT_MB_loss_new/train_phase/train_stream/Task000 = 0.0700
	CURRENT_MB_loss_reg/train_phase/train_stream/Task000 = 0.0000
	Loss_MB/train_phase/train_stream/Task000 = 0.0700
	TRACK_MB_F10/train_phase/train_stream/Task000 = 0.0470
	TRACK_MB_F100/train_phase/train_stream/Task000 = 0.0540
	TRACK_MB_F100_AVG/train_phase/train_stream/Task000 = 0.0540
	TRACK_MB_F10_AVG/train_phase/train_stream/Task000 = 0.0470
	TRACK_MB_LCA/train_phase/train_stream/Task000 = 0.4005
	TRACK_MB_P10/train_phase/train_stream/Task000 = 0.5060
	TRACK_MB_P100/train_phase/train_stream/Task000 = 0.7380
	TRACK_MB_P100_AVG/train_phase/train_stream/Task000 = 0.7380
	TRACK_MB_P10_AVG/train_phase/train_stream/Task000 = 0.5060
	TRACK_MB_WCACC/train_phase/train_stream/Task000 = 0.7380
	TRACK_MB_acc/train_phase/train_stream/Task000 = 0.7380
	TRACK_MB_acc_MIN_AVG/train_phase/train_stream/Task000 = None
	TRACK_MB_loss/train_phase/train_stream/Task000 = 0.5909
	Time_Epoch/train_phase/train_stream/Task000 = 26.3850
Epoch 8 ended.
	CURRENT_MB_avg_gradnorm_G/train_phase/train_stream/Task000 = 0.0000
	CURRENT_MB_gradnorm_stab/train_phase/train_stream/Task000 = 0.0000
	CURRENT_MB_loss_new/train_phase/train_stream/Task000 = 0.0700
	CURRENT_MB_loss_reg/train_phase/train_stream/Task000 = 0.0000
	Loss_MB/train_phase/train_stream/Task000 = 0.0700
	TRACK_MB_F10/train_phase/train_stream/Task000 = 0.0470
	TRACK_MB_F100/train_phase/train_stream/Task000 = 0.0540
	TRACK_MB_F100_AVG/train_phase/train_stream/Task000 = 0.0540
	TRACK_MB_F10_AVG/train_phase/train_stream/Task000 = 0.0470
	TRACK_MB_LCA/train_phase/train_stream/Task000 = 0.4005
	TRACK_MB_P10/train_phase/train_stream/Task000 = 0.5060
	TRACK_MB_P100/train_phase/train_stream/Task000 = 0.7380
	TRACK_MB_P100_AVG/train_phase/train_stream/Task000 = 0.7380
	TRACK_MB_P10_AVG/train_phase/train_stream/Task000 = 0.5060
	TRACK_MB_WCACC/train_phase/train_stream/Task000 = 0.7310
	TRACK_MB_acc/train_phase/train_stream/Task000 = 0.7310
	TRACK_MB_acc_MIN_AVG/train_phase/train_stream/Task000 = None
	TRACK_MB_loss/train_phase/train_stream/Task000 = 0.6322
	Time_Epoch/train_phase/train_stream/Task000 = 26.3130
Epoch 9 ended.
	CURRENT_MB_avg_gradnorm_G/train_phase/train_stream/Task000 = 0.0000
	CURRENT_MB_gradnorm_stab/train_phase/train_stream/Task000 = 0.0000
	CURRENT_MB_loss_new/train_phase/train_stream/Task000 = 0.0700
	CURRENT_MB_loss_reg/train_phase/train_stream/Task000 = 0.0000
	Loss_MB/train_phase/train_stream/Task000 = 0.0700
	TRACK_MB_F10/train_phase/train_stream/Task000 = 0.0470
	TRACK_MB_F100/train_phase/train_stream/Task000 = 0.0550
	TRACK_MB_F100_AVG/train_phase/train_stream/Task000 = 0.0550
	TRACK_MB_F10_AVG/train_phase/train_stream/Task000 = 0.0470
	TRACK_MB_LCA/train_phase/train_stream/Task000 = 0.4005
	TRACK_MB_P10/train_phase/train_stream/Task000 = 0.5060
	TRACK_MB_P100/train_phase/train_stream/Task000 = 0.7380
	TRACK_MB_P100_AVG/train_phase/train_stream/Task000 = 0.7380
	TRACK_MB_P10_AVG/train_phase/train_stream/Task000 = 0.5060
	TRACK_MB_WCACC/train_phase/train_stream/Task000 = 0.7290
	TRACK_MB_acc/train_phase/train_stream/Task000 = 0.7290
	TRACK_MB_acc_MIN_AVG/train_phase/train_stream/Task000 = None
	TRACK_MB_loss/train_phase/train_stream/Task000 = 0.6136
	Time_Epoch/train_phase/train_stream/Task000 = 26.3848
-- >> End of training phase << --
End training on experience 0

======================================== EVAL ========================================
Standard Continual Learning eval on entire test set on task transition.
-- >> Start of eval phase << --
-- Starting eval on experience 0 (Task 0) from test stream --
> Eval on experience 0 (Task 0) from test stream ended.
	Loss_Exp/eval_phase/test_stream/Task000/Exp000 = 0.6184
	Top1_Acc_Exp/eval_phase/test_stream/Task000/Exp000 = 0.7290
-- Starting eval on experience 1 (Task 0) from test stream --
> Eval on experience 1 (Task 0) from test stream ended.
	Loss_Exp/eval_phase/test_stream/Task000/Exp001 = 33.0220
	Top1_Acc_Exp/eval_phase/test_stream/Task000/Exp001 = 0.0000
-- Starting eval on experience 2 (Task 0) from test stream --
> Eval on experience 2 (Task 0) from test stream ended.
	Loss_Exp/eval_phase/test_stream/Task000/Exp002 = 33.0692
	Top1_Acc_Exp/eval_phase/test_stream/Task000/Exp002 = 0.0000
-- Starting eval on experience 3 (Task 0) from test stream --
> Eval on experience 3 (Task 0) from test stream ended.
	Loss_Exp/eval_phase/test_stream/Task000/Exp003 = 33.3403
	Top1_Acc_Exp/eval_phase/test_stream/Task000/Exp003 = 0.0000
-- Starting eval on experience 4 (Task 0) from test stream --
> Eval on experience 4 (Task 0) from test stream ended.
	Loss_Exp/eval_phase/test_stream/Task000/Exp004 = 33.0086
	Top1_Acc_Exp/eval_phase/test_stream/Task000/Exp004 = 0.0000
-- >> End of eval phase << --
	ConfusionMatrix_Stream/eval_phase/test_stream = <avalanche.evaluation.metric_results.AlternativeValues object at 0x7f52679de700>
	Loss_Stream/eval_phase/test_stream/Task000 = 26.6117
	StreamForgetting/eval_phase/test_stream = 0.0000
	Top1_Acc_Stream/eval_phase/test_stream/Task000 = 0.1458
[FILE:TASK-RESULTS]: /home/yhguo/yuxuan/CL/origin/ContinualEvaluation/results/ER_CIFAR10_e=10_reproduce_paper_now=2024-04-07_06-18_uid=c9f5c6c857fe4735aea4919407478057/results_summary/seed=4/task0_results.pt

---------------------------------------- TRAIN ----------------------------------------
Start training on experience 1
-- >> Start of training phase << --
-- Starting training on experience 1 (Task 0) from train stream --
Epoch 0 ended.
	CURRENT_MB_avg_gradnorm_G/train_phase/train_stream/Task000 = 0.0000
	CURRENT_MB_gradnorm_stab/train_phase/train_stream/Task000 = 0.0000
	CURRENT_MB_loss_new/train_phase/train_stream/Task000 = 0.7700
	CURRENT_MB_loss_reg/train_phase/train_stream/Task000 = 0.0300
	Loss_MB/train_phase/train_stream/Task000 = 0.8000
	TRACK_MB_F10/train_phase/train_stream/Task000 = 0.0470
	TRACK_MB_F10/train_phase/train_stream/Task001 = 0.0000
	TRACK_MB_F100/train_phase/train_stream/Task000 = 0.0650
	TRACK_MB_F100/train_phase/train_stream/Task001 = 0.0000
	TRACK_MB_F100_AVG/train_phase/train_stream/Task000 = 0.0325
	TRACK_MB_F10_AVG/train_phase/train_stream/Task000 = 0.0235
	TRACK_MB_LCA/train_phase/train_stream/Task000 = 0.2002
	TRACK_MB_P10/train_phase/train_stream/Task000 = 0.5060
	TRACK_MB_P10/train_phase/train_stream/Task001 = 0.0000
	TRACK_MB_P100/train_phase/train_stream/Task000 = 0.7380
	TRACK_MB_P100/train_phase/train_stream/Task001 = 0.0000
	TRACK_MB_P100_AVG/train_phase/train_stream/Task000 = 0.3690
	TRACK_MB_P10_AVG/train_phase/train_stream/Task000 = 0.2530
	TRACK_MB_WCACC/train_phase/train_stream/Task000 = 0.3465
	TRACK_MB_acc/train_phase/train_stream/Task000 = 0.7210
	TRACK_MB_acc/train_phase/train_stream/Task001 = 0.0000
	TRACK_MB_acc_MIN/train_phase/train_stream/Task000 = 0.6930
	TRACK_MB_acc_MIN_AVG/train_phase/train_stream/Task000 = 0.6930
	TRACK_MB_loss/train_phase/train_stream/Task000 = 0.5740
	TRACK_MB_loss/train_phase/train_stream/Task001 = 32.6671
	Time_Epoch/train_phase/train_stream/Task000 = 56.4368
Epoch 1 ended.
	CURRENT_MB_avg_gradnorm_G/train_phase/train_stream/Task000 = 0.0000
	CURRENT_MB_gradnorm_stab/train_phase/train_stream/Task000 = 0.0000
	CURRENT_MB_loss_new/train_phase/train_stream/Task000 = 0.7700
	CURRENT_MB_loss_reg/train_phase/train_stream/Task000 = 0.0300
	Loss_MB/train_phase/train_stream/Task000 = 0.8000
	TRACK_MB_F10/train_phase/train_stream/Task000 = 0.0470
	TRACK_MB_F10/train_phase/train_stream/Task001 = 0.0000
	TRACK_MB_F100/train_phase/train_stream/Task000 = 0.0650
	TRACK_MB_F100/train_phase/train_stream/Task001 = 0.0000
	TRACK_MB_F100_AVG/train_phase/train_stream/Task000 = 0.0325
	TRACK_MB_F10_AVG/train_phase/train_stream/Task000 = 0.0235
	TRACK_MB_LCA/train_phase/train_stream/Task000 = 0.2002
	TRACK_MB_P10/train_phase/train_stream/Task000 = 0.5060
	TRACK_MB_P10/train_phase/train_stream/Task001 = 0.0000
	TRACK_MB_P100/train_phase/train_stream/Task000 = 0.7380
	TRACK_MB_P100/train_phase/train_stream/Task001 = 0.0000
	TRACK_MB_P100_AVG/train_phase/train_stream/Task000 = 0.3690
	TRACK_MB_P10_AVG/train_phase/train_stream/Task000 = 0.2530
	TRACK_MB_WCACC/train_phase/train_stream/Task000 = 0.3465
	TRACK_MB_acc/train_phase/train_stream/Task000 = 0.7290
	TRACK_MB_acc/train_phase/train_stream/Task001 = 0.0000
	TRACK_MB_acc_MIN/train_phase/train_stream/Task000 = 0.6930
	TRACK_MB_acc_MIN_AVG/train_phase/train_stream/Task000 = 0.6930
	TRACK_MB_loss/train_phase/train_stream/Task000 = 0.5881
	TRACK_MB_loss/train_phase/train_stream/Task001 = 32.5571
	Time_Epoch/train_phase/train_stream/Task000 = 56.2851
Epoch 2 ended.
	CURRENT_MB_avg_gradnorm_G/train_phase/train_stream/Task000 = 0.0000
	CURRENT_MB_gradnorm_stab/train_phase/train_stream/Task000 = 0.0000
	CURRENT_MB_loss_new/train_phase/train_stream/Task000 = 0.7700
	CURRENT_MB_loss_reg/train_phase/train_stream/Task000 = 0.0300
	Loss_MB/train_phase/train_stream/Task000 = 0.8000
	TRACK_MB_F10/train_phase/train_stream/Task000 = 0.0470
	TRACK_MB_F10/train_phase/train_stream/Task001 = 0.0000
	TRACK_MB_F100/train_phase/train_stream/Task000 = 0.0650
	TRACK_MB_F100/train_phase/train_stream/Task001 = 0.0000
	TRACK_MB_F100_AVG/train_phase/train_stream/Task000 = 0.0325
	TRACK_MB_F10_AVG/train_phase/train_stream/Task000 = 0.0235
	TRACK_MB_LCA/train_phase/train_stream/Task000 = 0.2002
	TRACK_MB_P10/train_phase/train_stream/Task000 = 0.5060
	TRACK_MB_P10/train_phase/train_stream/Task001 = 0.0000
	TRACK_MB_P100/train_phase/train_stream/Task000 = 0.7380
	TRACK_MB_P100/train_phase/train_stream/Task001 = 0.0000
	TRACK_MB_P100_AVG/train_phase/train_stream/Task000 = 0.3690
	TRACK_MB_P10_AVG/train_phase/train_stream/Task000 = 0.2530
	TRACK_MB_WCACC/train_phase/train_stream/Task000 = 0.3465
	TRACK_MB_acc/train_phase/train_stream/Task000 = 0.7150
	TRACK_MB_acc/train_phase/train_stream/Task001 = 0.0000
	TRACK_MB_acc_MIN/train_phase/train_stream/Task000 = 0.6930
	TRACK_MB_acc_MIN_AVG/train_phase/train_stream/Task000 = 0.6930
	TRACK_MB_loss/train_phase/train_stream/Task000 = 0.5739
	TRACK_MB_loss/train_phase/train_stream/Task001 = 32.5701
	Time_Epoch/train_phase/train_stream/Task000 = 56.4540
Epoch 3 ended.
	CURRENT_MB_avg_gradnorm_G/train_phase/train_stream/Task000 = 0.0000
	CURRENT_MB_gradnorm_stab/train_phase/train_stream/Task000 = 0.0000
	CURRENT_MB_loss_new/train_phase/train_stream/Task000 = 0.7700
	CURRENT_MB_loss_reg/train_phase/train_stream/Task000 = 0.0300
	Loss_MB/train_phase/train_stream/Task000 = 0.8000
	TRACK_MB_F10/train_phase/train_stream/Task000 = 0.0470
	TRACK_MB_F10/train_phase/train_stream/Task001 = 0.0000
	TRACK_MB_F100/train_phase/train_stream/Task000 = 0.0650
	TRACK_MB_F100/train_phase/train_stream/Task001 = 0.0000
	TRACK_MB_F100_AVG/train_phase/train_stream/Task000 = 0.0325
	TRACK_MB_F10_AVG/train_phase/train_stream/Task000 = 0.0235
	TRACK_MB_LCA/train_phase/train_stream/Task000 = 0.2002
	TRACK_MB_P10/train_phase/train_stream/Task000 = 0.5060
	TRACK_MB_P10/train_phase/train_stream/Task001 = 0.0000
	TRACK_MB_P100/train_phase/train_stream/Task000 = 0.7380
	TRACK_MB_P100/train_phase/train_stream/Task001 = 0.0000
	TRACK_MB_P100_AVG/train_phase/train_stream/Task000 = 0.3690
	TRACK_MB_P10_AVG/train_phase/train_stream/Task000 = 0.2530
	TRACK_MB_WCACC/train_phase/train_stream/Task000 = 0.3465
	TRACK_MB_acc/train_phase/train_stream/Task000 = 0.7170
	TRACK_MB_acc/train_phase/train_stream/Task001 = 0.0000
	TRACK_MB_acc_MIN/train_phase/train_stream/Task000 = 0.6930
	TRACK_MB_acc_MIN_AVG/train_phase/train_stream/Task000 = 0.6930
	TRACK_MB_loss/train_phase/train_stream/Task000 = 0.5885
	TRACK_MB_loss/train_phase/train_stream/Task001 = 32.5019
	Time_Epoch/train_phase/train_stream/Task000 = 56.8092
Epoch 4 ended.
	CURRENT_MB_avg_gradnorm_G/train_phase/train_stream/Task000 = 0.0000
	CURRENT_MB_gradnorm_stab/train_phase/train_stream/Task000 = 0.0000
	CURRENT_MB_loss_new/train_phase/train_stream/Task000 = 0.7700
	CURRENT_MB_loss_reg/train_phase/train_stream/Task000 = 0.0300
	Loss_MB/train_phase/train_stream/Task000 = 0.8000
	TRACK_MB_F10/train_phase/train_stream/Task000 = 0.0470
	TRACK_MB_F10/train_phase/train_stream/Task001 = 0.0000
	TRACK_MB_F100/train_phase/train_stream/Task000 = 0.0650
	TRACK_MB_F100/train_phase/train_stream/Task001 = 0.0000
	TRACK_MB_F100_AVG/train_phase/train_stream/Task000 = 0.0325
	TRACK_MB_F10_AVG/train_phase/train_stream/Task000 = 0.0235
	TRACK_MB_LCA/train_phase/train_stream/Task000 = 0.2002
	TRACK_MB_P10/train_phase/train_stream/Task000 = 0.5060
	TRACK_MB_P10/train_phase/train_stream/Task001 = 0.0000
	TRACK_MB_P100/train_phase/train_stream/Task000 = 0.7380
	TRACK_MB_P100/train_phase/train_stream/Task001 = 0.0000
	TRACK_MB_P100_AVG/train_phase/train_stream/Task000 = 0.3690
	TRACK_MB_P10_AVG/train_phase/train_stream/Task000 = 0.2530
	TRACK_MB_WCACC/train_phase/train_stream/Task000 = 0.3465
	TRACK_MB_acc/train_phase/train_stream/Task000 = 0.7180
	TRACK_MB_acc/train_phase/train_stream/Task001 = 0.0000
	TRACK_MB_acc_MIN/train_phase/train_stream/Task000 = 0.6930
	TRACK_MB_acc_MIN_AVG/train_phase/train_stream/Task000 = 0.6930
	TRACK_MB_loss/train_phase/train_stream/Task000 = 0.5982
	TRACK_MB_loss/train_phase/train_stream/Task001 = 32.3001
	Time_Epoch/train_phase/train_stream/Task000 = 55.6570
Epoch 5 ended.
	CURRENT_MB_avg_gradnorm_G/train_phase/train_stream/Task000 = 0.0000
	CURRENT_MB_gradnorm_stab/train_phase/train_stream/Task000 = 0.0000
	CURRENT_MB_loss_new/train_phase/train_stream/Task000 = 0.7700
	CURRENT_MB_loss_reg/train_phase/train_stream/Task000 = 0.0300
	Loss_MB/train_phase/train_stream/Task000 = 0.8000
	TRACK_MB_F10/train_phase/train_stream/Task000 = 0.0470
	TRACK_MB_F10/train_phase/train_stream/Task001 = 0.0000
	TRACK_MB_F100/train_phase/train_stream/Task000 = 0.0650
	TRACK_MB_F100/train_phase/train_stream/Task001 = 0.0000
	TRACK_MB_F100_AVG/train_phase/train_stream/Task000 = 0.0325
	TRACK_MB_F10_AVG/train_phase/train_stream/Task000 = 0.0235
	TRACK_MB_LCA/train_phase/train_stream/Task000 = 0.2002
	TRACK_MB_P10/train_phase/train_stream/Task000 = 0.5060
	TRACK_MB_P10/train_phase/train_stream/Task001 = 0.0000
	TRACK_MB_P100/train_phase/train_stream/Task000 = 0.7380
	TRACK_MB_P100/train_phase/train_stream/Task001 = 0.0000
	TRACK_MB_P100_AVG/train_phase/train_stream/Task000 = 0.3690
	TRACK_MB_P10_AVG/train_phase/train_stream/Task000 = 0.2530
	TRACK_MB_WCACC/train_phase/train_stream/Task000 = 0.3465
	TRACK_MB_acc/train_phase/train_stream/Task000 = 0.7290
	TRACK_MB_acc/train_phase/train_stream/Task001 = 0.0000
	TRACK_MB_acc_MIN/train_phase/train_stream/Task000 = 0.6930
	TRACK_MB_acc_MIN_AVG/train_phase/train_stream/Task000 = 0.6930
	TRACK_MB_loss/train_phase/train_stream/Task000 = 0.5894
	TRACK_MB_loss/train_phase/train_stream/Task001 = 32.3040
	Time_Epoch/train_phase/train_stream/Task000 = 55.7527
Epoch 6 ended.
	CURRENT_MB_avg_gradnorm_G/train_phase/train_stream/Task000 = 0.0000
	CURRENT_MB_gradnorm_stab/train_phase/train_stream/Task000 = 0.0000
	CURRENT_MB_loss_new/train_phase/train_stream/Task000 = 0.7700
	CURRENT_MB_loss_reg/train_phase/train_stream/Task000 = 0.0300
	Loss_MB/train_phase/train_stream/Task000 = 0.8000
	TRACK_MB_F10/train_phase/train_stream/Task000 = 0.0470
	TRACK_MB_F10/train_phase/train_stream/Task001 = 0.0000
	TRACK_MB_F100/train_phase/train_stream/Task000 = 0.0650
	TRACK_MB_F100/train_phase/train_stream/Task001 = 0.0000
	TRACK_MB_F100_AVG/train_phase/train_stream/Task000 = 0.0325
	TRACK_MB_F10_AVG/train_phase/train_stream/Task000 = 0.0235
	TRACK_MB_LCA/train_phase/train_stream/Task000 = 0.2002
	TRACK_MB_P10/train_phase/train_stream/Task000 = 0.5060
	TRACK_MB_P10/train_phase/train_stream/Task001 = 0.0000
	TRACK_MB_P100/train_phase/train_stream/Task000 = 0.7380
	TRACK_MB_P100/train_phase/train_stream/Task001 = 0.0000
	TRACK_MB_P100_AVG/train_phase/train_stream/Task000 = 0.3690
	TRACK_MB_P10_AVG/train_phase/train_stream/Task000 = 0.2530
	TRACK_MB_WCACC/train_phase/train_stream/Task000 = 0.3465
	TRACK_MB_acc/train_phase/train_stream/Task000 = 0.7270
	TRACK_MB_acc/train_phase/train_stream/Task001 = 0.0000
	TRACK_MB_acc_MIN/train_phase/train_stream/Task000 = 0.6930
	TRACK_MB_acc_MIN_AVG/train_phase/train_stream/Task000 = 0.6930
	TRACK_MB_loss/train_phase/train_stream/Task000 = 0.5684
	TRACK_MB_loss/train_phase/train_stream/Task001 = 32.0715
	Time_Epoch/train_phase/train_stream/Task000 = 56.4714
Epoch 7 ended.
	CURRENT_MB_avg_gradnorm_G/train_phase/train_stream/Task000 = 0.0000
	CURRENT_MB_gradnorm_stab/train_phase/train_stream/Task000 = 0.0000
	CURRENT_MB_loss_new/train_phase/train_stream/Task000 = 0.7700
	CURRENT_MB_loss_reg/train_phase/train_stream/Task000 = 0.0300
	Loss_MB/train_phase/train_stream/Task000 = 0.8000
	TRACK_MB_F10/train_phase/train_stream/Task000 = 0.0470
	TRACK_MB_F10/train_phase/train_stream/Task001 = 0.0000
	TRACK_MB_F100/train_phase/train_stream/Task000 = 0.0650
	TRACK_MB_F100/train_phase/train_stream/Task001 = 0.0000
	TRACK_MB_F100_AVG/train_phase/train_stream/Task000 = 0.0325
	TRACK_MB_F10_AVG/train_phase/train_stream/Task000 = 0.0235
	TRACK_MB_LCA/train_phase/train_stream/Task000 = 0.2002
	TRACK_MB_P10/train_phase/train_stream/Task000 = 0.5060
	TRACK_MB_P10/train_phase/train_stream/Task001 = 0.0000
	TRACK_MB_P100/train_phase/train_stream/Task000 = 0.7380
	TRACK_MB_P100/train_phase/train_stream/Task001 = 0.0000
	TRACK_MB_P100_AVG/train_phase/train_stream/Task000 = 0.3690
	TRACK_MB_P10_AVG/train_phase/train_stream/Task000 = 0.2530
	TRACK_MB_WCACC/train_phase/train_stream/Task000 = 0.3465
	TRACK_MB_acc/train_phase/train_stream/Task000 = 0.7450
	TRACK_MB_acc/train_phase/train_stream/Task001 = 0.0000
	TRACK_MB_acc_MIN/train_phase/train_stream/Task000 = 0.6930
	TRACK_MB_acc_MIN_AVG/train_phase/train_stream/Task000 = 0.6930
	TRACK_MB_loss/train_phase/train_stream/Task000 = 0.5560
	TRACK_MB_loss/train_phase/train_stream/Task001 = 31.9783
	Time_Epoch/train_phase/train_stream/Task000 = 55.8832
Epoch 8 ended.
	CURRENT_MB_avg_gradnorm_G/train_phase/train_stream/Task000 = 0.0000
	CURRENT_MB_gradnorm_stab/train_phase/train_stream/Task000 = 0.0000
	CURRENT_MB_loss_new/train_phase/train_stream/Task000 = 0.7700
	CURRENT_MB_loss_reg/train_phase/train_stream/Task000 = 0.0300
	Loss_MB/train_phase/train_stream/Task000 = 0.8000
	TRACK_MB_F10/train_phase/train_stream/Task000 = 0.0470
	TRACK_MB_F10/train_phase/train_stream/Task001 = 0.0000
	TRACK_MB_F100/train_phase/train_stream/Task000 = 0.0650
	TRACK_MB_F100/train_phase/train_stream/Task001 = 0.0000
	TRACK_MB_F100_AVG/train_phase/train_stream/Task000 = 0.0325
	TRACK_MB_F10_AVG/train_phase/train_stream/Task000 = 0.0235
	TRACK_MB_LCA/train_phase/train_stream/Task000 = 0.2002
	TRACK_MB_P10/train_phase/train_stream/Task000 = 0.5060
	TRACK_MB_P10/train_phase/train_stream/Task001 = 0.0000
	TRACK_MB_P100/train_phase/train_stream/Task000 = 0.7380
	TRACK_MB_P100/train_phase/train_stream/Task001 = 0.0000
	TRACK_MB_P100_AVG/train_phase/train_stream/Task000 = 0.3690
	TRACK_MB_P10_AVG/train_phase/train_stream/Task000 = 0.2530
	TRACK_MB_WCACC/train_phase/train_stream/Task000 = 0.3465
	TRACK_MB_acc/train_phase/train_stream/Task000 = 0.7220
	TRACK_MB_acc/train_phase/train_stream/Task001 = 0.0000
	TRACK_MB_acc_MIN/train_phase/train_stream/Task000 = 0.6930
	TRACK_MB_acc_MIN_AVG/train_phase/train_stream/Task000 = 0.6930
	TRACK_MB_loss/train_phase/train_stream/Task000 = 0.5826
	TRACK_MB_loss/train_phase/train_stream/Task001 = 31.7896
	Time_Epoch/train_phase/train_stream/Task000 = 56.3228
Epoch 9 ended.
	CURRENT_MB_avg_gradnorm_G/train_phase/train_stream/Task000 = 0.0000
	CURRENT_MB_gradnorm_stab/train_phase/train_stream/Task000 = 0.0000
	CURRENT_MB_loss_new/train_phase/train_stream/Task000 = 0.7700
	CURRENT_MB_loss_reg/train_phase/train_stream/Task000 = 0.0300
	Loss_MB/train_phase/train_stream/Task000 = 0.8000
	TRACK_MB_F10/train_phase/train_stream/Task000 = 0.0470
	TRACK_MB_F10/train_phase/train_stream/Task001 = 0.0000
	TRACK_MB_F100/train_phase/train_stream/Task000 = 0.0650
	TRACK_MB_F100/train_phase/train_stream/Task001 = 0.0000
	TRACK_MB_F100_AVG/train_phase/train_stream/Task000 = 0.0325
	TRACK_MB_F10_AVG/train_phase/train_stream/Task000 = 0.0235
	TRACK_MB_LCA/train_phase/train_stream/Task000 = 0.2002
	TRACK_MB_P10/train_phase/train_stream/Task000 = 0.5060
	TRACK_MB_P10/train_phase/train_stream/Task001 = 0.0000
	TRACK_MB_P100/train_phase/train_stream/Task000 = 0.7380
	TRACK_MB_P100/train_phase/train_stream/Task001 = 0.0000
	TRACK_MB_P100_AVG/train_phase/train_stream/Task000 = 0.3690
	TRACK_MB_P10_AVG/train_phase/train_stream/Task000 = 0.2530
	TRACK_MB_WCACC/train_phase/train_stream/Task000 = 0.3465
	TRACK_MB_acc/train_phase/train_stream/Task000 = 0.7440
	TRACK_MB_acc/train_phase/train_stream/Task001 = 0.0000
	TRACK_MB_acc_MIN/train_phase/train_stream/Task000 = 0.6930
	TRACK_MB_acc_MIN_AVG/train_phase/train_stream/Task000 = 0.6930
	TRACK_MB_loss/train_phase/train_stream/Task000 = 0.5568
	TRACK_MB_loss/train_phase/train_stream/Task001 = 31.6076
	Time_Epoch/train_phase/train_stream/Task000 = 56.8020
-- >> End of training phase << --
End training on experience 1

======================================== EVAL ========================================
Standard Continual Learning eval on entire test set on task transition.
-- >> Start of eval phase << --
-- Starting eval on experience 0 (Task 0) from test stream --
> Eval on experience 0 (Task 0) from test stream ended.
	ExperienceForgetting/eval_phase/test_stream/Task000/Exp000 = 0.0015
	Loss_Exp/eval_phase/test_stream/Task000/Exp000 = 0.5802
	Top1_Acc_Exp/eval_phase/test_stream/Task000/Exp000 = 0.7275
-- Starting eval on experience 1 (Task 0) from test stream --
> Eval on experience 1 (Task 0) from test stream ended.
	Loss_Exp/eval_phase/test_stream/Task000/Exp001 = 31.6040
	Top1_Acc_Exp/eval_phase/test_stream/Task000/Exp001 = 0.0000
-- Starting eval on experience 2 (Task 0) from test stream --
> Eval on experience 2 (Task 0) from test stream ended.
	Loss_Exp/eval_phase/test_stream/Task000/Exp002 = 32.2319
	Top1_Acc_Exp/eval_phase/test_stream/Task000/Exp002 = 0.0000
-- Starting eval on experience 3 (Task 0) from test stream --
> Eval on experience 3 (Task 0) from test stream ended.
	Loss_Exp/eval_phase/test_stream/Task000/Exp003 = 32.6009
	Top1_Acc_Exp/eval_phase/test_stream/Task000/Exp003 = 0.0000
-- Starting eval on experience 4 (Task 0) from test stream --
> Eval on experience 4 (Task 0) from test stream ended.
	Loss_Exp/eval_phase/test_stream/Task000/Exp004 = 33.3370
	Top1_Acc_Exp/eval_phase/test_stream/Task000/Exp004 = 0.0000
-- >> End of eval phase << --
	ConfusionMatrix_Stream/eval_phase/test_stream = <avalanche.evaluation.metric_results.AlternativeValues object at 0x7f5270093be0>
	Loss_Stream/eval_phase/test_stream/Task000 = 26.0708
	StreamForgetting/eval_phase/test_stream = 0.0015
	Top1_Acc_Stream/eval_phase/test_stream/Task000 = 0.1455
[FILE:TASK-RESULTS]: /home/yhguo/yuxuan/CL/origin/ContinualEvaluation/results/ER_CIFAR10_e=10_reproduce_paper_now=2024-04-07_06-18_uid=c9f5c6c857fe4735aea4919407478057/results_summary/seed=4/task1_results.pt

---------------------------------------- TRAIN ----------------------------------------
Start training on experience 2
-- >> Start of training phase << --
-- Starting training on experience 2 (Task 0) from train stream --
Epoch 0 ended.
	CURRENT_MB_avg_gradnorm_G/train_phase/train_stream/Task000 = 0.0000
	CURRENT_MB_gradnorm_stab/train_phase/train_stream/Task000 = 0.0000
	CURRENT_MB_loss_new/train_phase/train_stream/Task000 = 0.7700
	CURRENT_MB_loss_reg/train_phase/train_stream/Task000 = 0.1835
	Loss_MB/train_phase/train_stream/Task000 = 0.9535
	TRACK_MB_F10/train_phase/train_stream/Task000 = 0.0470
	TRACK_MB_F10/train_phase/train_stream/Task001 = 0.0000
	TRACK_MB_F10/train_phase/train_stream/Task002 = 0.0000
	TRACK_MB_F100/train_phase/train_stream/Task000 = 0.0650
	TRACK_MB_F100/train_phase/train_stream/Task001 = 0.0000
	TRACK_MB_F100/train_phase/train_stream/Task002 = 0.0000
	TRACK_MB_F100_AVG/train_phase/train_stream/Task000 = 0.0217
	TRACK_MB_F10_AVG/train_phase/train_stream/Task000 = 0.0157
	TRACK_MB_LCA/train_phase/train_stream/Task000 = 0.1335
	TRACK_MB_P10/train_phase/train_stream/Task000 = 0.5060
	TRACK_MB_P10/train_phase/train_stream/Task001 = 0.0000
	TRACK_MB_P10/train_phase/train_stream/Task002 = 0.0000
	TRACK_MB_P100/train_phase/train_stream/Task000 = 0.7380
	TRACK_MB_P100/train_phase/train_stream/Task001 = 0.0000
	TRACK_MB_P100/train_phase/train_stream/Task002 = 0.0000
	TRACK_MB_P100_AVG/train_phase/train_stream/Task000 = 0.2460
	TRACK_MB_P10_AVG/train_phase/train_stream/Task000 = 0.1687
	TRACK_MB_WCACC/train_phase/train_stream/Task000 = 0.2277
	TRACK_MB_acc/train_phase/train_stream/Task000 = 0.6960
	TRACK_MB_acc/train_phase/train_stream/Task001 = 0.0000
	TRACK_MB_acc/train_phase/train_stream/Task002 = 0.0000
	TRACK_MB_acc_MIN/train_phase/train_stream/Task000 = 0.6830
	TRACK_MB_acc_MIN/train_phase/train_stream/Task001 = 0.0000
	TRACK_MB_acc_MIN_AVG/train_phase/train_stream/Task000 = 0.3415
	TRACK_MB_loss/train_phase/train_stream/Task000 = 0.5906
	TRACK_MB_loss/train_phase/train_stream/Task001 = 31.6546
	TRACK_MB_loss/train_phase/train_stream/Task002 = 32.2323
	Time_Epoch/train_phase/train_stream/Task000 = 79.0360
Epoch 1 ended.
	CURRENT_MB_avg_gradnorm_G/train_phase/train_stream/Task000 = 0.0000
	CURRENT_MB_gradnorm_stab/train_phase/train_stream/Task000 = 0.0000
	CURRENT_MB_loss_new/train_phase/train_stream/Task000 = 0.7700
	CURRENT_MB_loss_reg/train_phase/train_stream/Task000 = 0.1765
	Loss_MB/train_phase/train_stream/Task000 = 0.9465
	TRACK_MB_F10/train_phase/train_stream/Task000 = 0.0600
	TRACK_MB_F10/train_phase/train_stream/Task001 = 0.0000
	TRACK_MB_F10/train_phase/train_stream/Task002 = 0.0000
	TRACK_MB_F100/train_phase/train_stream/Task000 = 0.0650
	TRACK_MB_F100/train_phase/train_stream/Task001 = 0.0000
	TRACK_MB_F100/train_phase/train_stream/Task002 = 0.0000
	TRACK_MB_F100_AVG/train_phase/train_stream/Task000 = 0.0217
	TRACK_MB_F10_AVG/train_phase/train_stream/Task000 = 0.0200
	TRACK_MB_LCA/train_phase/train_stream/Task000 = 0.1335
	TRACK_MB_P10/train_phase/train_stream/Task000 = 0.5060
	TRACK_MB_P10/train_phase/train_stream/Task001 = 0.0000
	TRACK_MB_P10/train_phase/train_stream/Task002 = 0.0000
	TRACK_MB_P100/train_phase/train_stream/Task000 = 0.7380
	TRACK_MB_P100/train_phase/train_stream/Task001 = 0.0000
	TRACK_MB_P100/train_phase/train_stream/Task002 = 0.0000
	TRACK_MB_P100_AVG/train_phase/train_stream/Task000 = 0.2460
	TRACK_MB_P10_AVG/train_phase/train_stream/Task000 = 0.1687
	TRACK_MB_WCACC/train_phase/train_stream/Task000 = 0.2267
	TRACK_MB_acc/train_phase/train_stream/Task000 = 0.7220
	TRACK_MB_acc/train_phase/train_stream/Task001 = 0.0000
	TRACK_MB_acc/train_phase/train_stream/Task002 = 0.0000
	TRACK_MB_acc_MIN/train_phase/train_stream/Task000 = 0.6800
	TRACK_MB_acc_MIN/train_phase/train_stream/Task001 = 0.0000
	TRACK_MB_acc_MIN_AVG/train_phase/train_stream/Task000 = 0.3400
	TRACK_MB_loss/train_phase/train_stream/Task000 = 0.5820
	TRACK_MB_loss/train_phase/train_stream/Task001 = 31.6588
	TRACK_MB_loss/train_phase/train_stream/Task002 = 32.0937
	Time_Epoch/train_phase/train_stream/Task000 = 80.3601
Epoch 2 ended.
	CURRENT_MB_avg_gradnorm_G/train_phase/train_stream/Task000 = 0.0000
	CURRENT_MB_gradnorm_stab/train_phase/train_stream/Task000 = 0.0000
	CURRENT_MB_loss_new/train_phase/train_stream/Task000 = 0.7700
	CURRENT_MB_loss_reg/train_phase/train_stream/Task000 = 0.1812
	Loss_MB/train_phase/train_stream/Task000 = 0.9512
	TRACK_MB_F10/train_phase/train_stream/Task000 = 0.0600
	TRACK_MB_F10/train_phase/train_stream/Task001 = 0.0000
	TRACK_MB_F10/train_phase/train_stream/Task002 = 0.0000
	TRACK_MB_F100/train_phase/train_stream/Task000 = 0.0650
	TRACK_MB_F100/train_phase/train_stream/Task001 = 0.0000
	TRACK_MB_F100/train_phase/train_stream/Task002 = 0.0000
	TRACK_MB_F100_AVG/train_phase/train_stream/Task000 = 0.0217
	TRACK_MB_F10_AVG/train_phase/train_stream/Task000 = 0.0200
	TRACK_MB_LCA/train_phase/train_stream/Task000 = 0.1335
	TRACK_MB_P10/train_phase/train_stream/Task000 = 0.5060
	TRACK_MB_P10/train_phase/train_stream/Task001 = 0.0000
	TRACK_MB_P10/train_phase/train_stream/Task002 = 0.0000
	TRACK_MB_P100/train_phase/train_stream/Task000 = 0.7380
	TRACK_MB_P100/train_phase/train_stream/Task001 = 0.0000
	TRACK_MB_P100/train_phase/train_stream/Task002 = 0.0000
	TRACK_MB_P100_AVG/train_phase/train_stream/Task000 = 0.2460
	TRACK_MB_P10_AVG/train_phase/train_stream/Task000 = 0.1687
	TRACK_MB_WCACC/train_phase/train_stream/Task000 = 0.2267
	TRACK_MB_acc/train_phase/train_stream/Task000 = 0.7000
	TRACK_MB_acc/train_phase/train_stream/Task001 = 0.0000
	TRACK_MB_acc/train_phase/train_stream/Task002 = 0.0000
	TRACK_MB_acc_MIN/train_phase/train_stream/Task000 = 0.6800
	TRACK_MB_acc_MIN/train_phase/train_stream/Task001 = 0.0000
	TRACK_MB_acc_MIN_AVG/train_phase/train_stream/Task000 = 0.3400
	TRACK_MB_loss/train_phase/train_stream/Task000 = 0.5963
	TRACK_MB_loss/train_phase/train_stream/Task001 = 31.6663
	TRACK_MB_loss/train_phase/train_stream/Task002 = 31.9756
	Time_Epoch/train_phase/train_stream/Task000 = 79.3934
Epoch 3 ended.
	CURRENT_MB_avg_gradnorm_G/train_phase/train_stream/Task000 = 0.0000
	CURRENT_MB_gradnorm_stab/train_phase/train_stream/Task000 = 0.0000
	CURRENT_MB_loss_new/train_phase/train_stream/Task000 = 0.7700
	CURRENT_MB_loss_reg/train_phase/train_stream/Task000 = 0.1812
	Loss_MB/train_phase/train_stream/Task000 = 0.9512
	TRACK_MB_F10/train_phase/train_stream/Task000 = 0.0600
	TRACK_MB_F10/train_phase/train_stream/Task001 = 0.0000
	TRACK_MB_F10/train_phase/train_stream/Task002 = 0.0000
	TRACK_MB_F100/train_phase/train_stream/Task000 = 0.0650
	TRACK_MB_F100/train_phase/train_stream/Task001 = 0.0000
	TRACK_MB_F100/train_phase/train_stream/Task002 = 0.0000
	TRACK_MB_F100_AVG/train_phase/train_stream/Task000 = 0.0217
	TRACK_MB_F10_AVG/train_phase/train_stream/Task000 = 0.0200
	TRACK_MB_LCA/train_phase/train_stream/Task000 = 0.1335
	TRACK_MB_P10/train_phase/train_stream/Task000 = 0.5060
	TRACK_MB_P10/train_phase/train_stream/Task001 = 0.0000
	TRACK_MB_P10/train_phase/train_stream/Task002 = 0.0000
	TRACK_MB_P100/train_phase/train_stream/Task000 = 0.7380
	TRACK_MB_P100/train_phase/train_stream/Task001 = 0.0000
	TRACK_MB_P100/train_phase/train_stream/Task002 = 0.0000
	TRACK_MB_P100_AVG/train_phase/train_stream/Task000 = 0.2460
	TRACK_MB_P10_AVG/train_phase/train_stream/Task000 = 0.1687
	TRACK_MB_WCACC/train_phase/train_stream/Task000 = 0.2267
	TRACK_MB_acc/train_phase/train_stream/Task000 = 0.6920
	TRACK_MB_acc/train_phase/train_stream/Task001 = 0.0000
	TRACK_MB_acc/train_phase/train_stream/Task002 = 0.0000
	TRACK_MB_acc_MIN/train_phase/train_stream/Task000 = 0.6800
	TRACK_MB_acc_MIN/train_phase/train_stream/Task001 = 0.0000
	TRACK_MB_acc_MIN_AVG/train_phase/train_stream/Task000 = 0.3400
	TRACK_MB_loss/train_phase/train_stream/Task000 = 0.6043
	TRACK_MB_loss/train_phase/train_stream/Task001 = 31.6223
	TRACK_MB_loss/train_phase/train_stream/Task002 = 31.9133
	Time_Epoch/train_phase/train_stream/Task000 = 78.5030
Epoch 4 ended.
	CURRENT_MB_avg_gradnorm_G/train_phase/train_stream/Task000 = 0.0000
	CURRENT_MB_gradnorm_stab/train_phase/train_stream/Task000 = 0.0000
	CURRENT_MB_loss_new/train_phase/train_stream/Task000 = 0.7700
	CURRENT_MB_loss_reg/train_phase/train_stream/Task000 = 0.1730
	Loss_MB/train_phase/train_stream/Task000 = 0.9430
	TRACK_MB_F10/train_phase/train_stream/Task000 = 0.0600
	TRACK_MB_F10/train_phase/train_stream/Task001 = 0.0000
	TRACK_MB_F10/train_phase/train_stream/Task002 = 0.0000
	TRACK_MB_F100/train_phase/train_stream/Task000 = 0.0650
	TRACK_MB_F100/train_phase/train_stream/Task001 = 0.0000
	TRACK_MB_F100/train_phase/train_stream/Task002 = 0.0000
	TRACK_MB_F100_AVG/train_phase/train_stream/Task000 = 0.0217
	TRACK_MB_F10_AVG/train_phase/train_stream/Task000 = 0.0200
	TRACK_MB_LCA/train_phase/train_stream/Task000 = 0.1335
	TRACK_MB_P10/train_phase/train_stream/Task000 = 0.5060
	TRACK_MB_P10/train_phase/train_stream/Task001 = 0.0000
	TRACK_MB_P10/train_phase/train_stream/Task002 = 0.0000
	TRACK_MB_P100/train_phase/train_stream/Task000 = 0.7380
	TRACK_MB_P100/train_phase/train_stream/Task001 = 0.0000
	TRACK_MB_P100/train_phase/train_stream/Task002 = 0.0000
	TRACK_MB_P100_AVG/train_phase/train_stream/Task000 = 0.2460
	TRACK_MB_P10_AVG/train_phase/train_stream/Task000 = 0.1687
	TRACK_MB_WCACC/train_phase/train_stream/Task000 = 0.2267
	TRACK_MB_acc/train_phase/train_stream/Task000 = 0.7050
	TRACK_MB_acc/train_phase/train_stream/Task001 = 0.0000
	TRACK_MB_acc/train_phase/train_stream/Task002 = 0.0000
	TRACK_MB_acc_MIN/train_phase/train_stream/Task000 = 0.6800
	TRACK_MB_acc_MIN/train_phase/train_stream/Task001 = 0.0000
	TRACK_MB_acc_MIN_AVG/train_phase/train_stream/Task000 = 0.3400
	TRACK_MB_loss/train_phase/train_stream/Task000 = 0.5873
	TRACK_MB_loss/train_phase/train_stream/Task001 = 31.6402
	TRACK_MB_loss/train_phase/train_stream/Task002 = 31.8211
	Time_Epoch/train_phase/train_stream/Task000 = 78.5091
Epoch 5 ended.
	CURRENT_MB_avg_gradnorm_G/train_phase/train_stream/Task000 = 0.0000
	CURRENT_MB_gradnorm_stab/train_phase/train_stream/Task000 = 0.0000
	CURRENT_MB_loss_new/train_phase/train_stream/Task000 = 0.7700
	CURRENT_MB_loss_reg/train_phase/train_stream/Task000 = 0.1987
	Loss_MB/train_phase/train_stream/Task000 = 0.9687
	TRACK_MB_F10/train_phase/train_stream/Task000 = 0.0600
	TRACK_MB_F10/train_phase/train_stream/Task001 = 0.0000
	TRACK_MB_F10/train_phase/train_stream/Task002 = 0.0000
	TRACK_MB_F100/train_phase/train_stream/Task000 = 0.0650
	TRACK_MB_F100/train_phase/train_stream/Task001 = 0.0000
	TRACK_MB_F100/train_phase/train_stream/Task002 = 0.0000
	TRACK_MB_F100_AVG/train_phase/train_stream/Task000 = 0.0217
	TRACK_MB_F10_AVG/train_phase/train_stream/Task000 = 0.0200
	TRACK_MB_LCA/train_phase/train_stream/Task000 = 0.1335
	TRACK_MB_P10/train_phase/train_stream/Task000 = 0.5060
	TRACK_MB_P10/train_phase/train_stream/Task001 = 0.0000
	TRACK_MB_P10/train_phase/train_stream/Task002 = 0.0000
	TRACK_MB_P100/train_phase/train_stream/Task000 = 0.7380
	TRACK_MB_P100/train_phase/train_stream/Task001 = 0.0000
	TRACK_MB_P100/train_phase/train_stream/Task002 = 0.0000
	TRACK_MB_P100_AVG/train_phase/train_stream/Task000 = 0.2460
	TRACK_MB_P10_AVG/train_phase/train_stream/Task000 = 0.1687
	TRACK_MB_WCACC/train_phase/train_stream/Task000 = 0.2267
	TRACK_MB_acc/train_phase/train_stream/Task000 = 0.7010
	TRACK_MB_acc/train_phase/train_stream/Task001 = 0.0000
	TRACK_MB_acc/train_phase/train_stream/Task002 = 0.0000
	TRACK_MB_acc_MIN/train_phase/train_stream/Task000 = 0.6800
	TRACK_MB_acc_MIN/train_phase/train_stream/Task001 = 0.0000
	TRACK_MB_acc_MIN_AVG/train_phase/train_stream/Task000 = 0.3400
	TRACK_MB_loss/train_phase/train_stream/Task000 = 0.6053
	TRACK_MB_loss/train_phase/train_stream/Task001 = 31.5472
	TRACK_MB_loss/train_phase/train_stream/Task002 = 31.6925
	Time_Epoch/train_phase/train_stream/Task000 = 78.0863
Epoch 6 ended.
	CURRENT_MB_avg_gradnorm_G/train_phase/train_stream/Task000 = 0.0000
	CURRENT_MB_gradnorm_stab/train_phase/train_stream/Task000 = 0.0000
	CURRENT_MB_loss_new/train_phase/train_stream/Task000 = 0.7700
	CURRENT_MB_loss_reg/train_phase/train_stream/Task000 = 0.1741
	Loss_MB/train_phase/train_stream/Task000 = 0.9441
	TRACK_MB_F10/train_phase/train_stream/Task000 = 0.0600
	TRACK_MB_F10/train_phase/train_stream/Task001 = 0.0000
	TRACK_MB_F10/train_phase/train_stream/Task002 = 0.0000
	TRACK_MB_F100/train_phase/train_stream/Task000 = 0.0650
	TRACK_MB_F100/train_phase/train_stream/Task001 = 0.0000
	TRACK_MB_F100/train_phase/train_stream/Task002 = 0.0000
	TRACK_MB_F100_AVG/train_phase/train_stream/Task000 = 0.0217
	TRACK_MB_F10_AVG/train_phase/train_stream/Task000 = 0.0200
	TRACK_MB_LCA/train_phase/train_stream/Task000 = 0.1335
	TRACK_MB_P10/train_phase/train_stream/Task000 = 0.5060
	TRACK_MB_P10/train_phase/train_stream/Task001 = 0.0000
	TRACK_MB_P10/train_phase/train_stream/Task002 = 0.0000
	TRACK_MB_P100/train_phase/train_stream/Task000 = 0.7380
	TRACK_MB_P100/train_phase/train_stream/Task001 = 0.0000
	TRACK_MB_P100/train_phase/train_stream/Task002 = 0.0000
	TRACK_MB_P100_AVG/train_phase/train_stream/Task000 = 0.2460
	TRACK_MB_P10_AVG/train_phase/train_stream/Task000 = 0.1687
	TRACK_MB_WCACC/train_phase/train_stream/Task000 = 0.2257
	TRACK_MB_acc/train_phase/train_stream/Task000 = 0.7020
	TRACK_MB_acc/train_phase/train_stream/Task001 = 0.0000
	TRACK_MB_acc/train_phase/train_stream/Task002 = 0.0000
	TRACK_MB_acc_MIN/train_phase/train_stream/Task000 = 0.6770
	TRACK_MB_acc_MIN/train_phase/train_stream/Task001 = 0.0000
	TRACK_MB_acc_MIN_AVG/train_phase/train_stream/Task000 = 0.3385
	TRACK_MB_loss/train_phase/train_stream/Task000 = 0.6009
	TRACK_MB_loss/train_phase/train_stream/Task001 = 31.6071
	TRACK_MB_loss/train_phase/train_stream/Task002 = 31.5946
	Time_Epoch/train_phase/train_stream/Task000 = 79.0476
Epoch 7 ended.
	CURRENT_MB_avg_gradnorm_G/train_phase/train_stream/Task000 = 0.0000
	CURRENT_MB_gradnorm_stab/train_phase/train_stream/Task000 = 0.0000
	CURRENT_MB_loss_new/train_phase/train_stream/Task000 = 0.7700
	CURRENT_MB_loss_reg/train_phase/train_stream/Task000 = 0.1683
	Loss_MB/train_phase/train_stream/Task000 = 0.9382
	TRACK_MB_F10/train_phase/train_stream/Task000 = 0.0600
	TRACK_MB_F10/train_phase/train_stream/Task001 = 0.0000
	TRACK_MB_F10/train_phase/train_stream/Task002 = 0.0000
	TRACK_MB_F100/train_phase/train_stream/Task000 = 0.0650
	TRACK_MB_F100/train_phase/train_stream/Task001 = 0.0000
	TRACK_MB_F100/train_phase/train_stream/Task002 = 0.0000
	TRACK_MB_F100_AVG/train_phase/train_stream/Task000 = 0.0217
	TRACK_MB_F10_AVG/train_phase/train_stream/Task000 = 0.0200
	TRACK_MB_LCA/train_phase/train_stream/Task000 = 0.1335
	TRACK_MB_P10/train_phase/train_stream/Task000 = 0.5060
	TRACK_MB_P10/train_phase/train_stream/Task001 = 0.0000
	TRACK_MB_P10/train_phase/train_stream/Task002 = 0.0000
	TRACK_MB_P100/train_phase/train_stream/Task000 = 0.7380
	TRACK_MB_P100/train_phase/train_stream/Task001 = 0.0000
	TRACK_MB_P100/train_phase/train_stream/Task002 = 0.0000
	TRACK_MB_P100_AVG/train_phase/train_stream/Task000 = 0.2460
	TRACK_MB_P10_AVG/train_phase/train_stream/Task000 = 0.1687
	TRACK_MB_WCACC/train_phase/train_stream/Task000 = 0.2203
	TRACK_MB_acc/train_phase/train_stream/Task000 = 0.6920
	TRACK_MB_acc/train_phase/train_stream/Task001 = 0.0000
	TRACK_MB_acc/train_phase/train_stream/Task002 = 0.0000
	TRACK_MB_acc_MIN/train_phase/train_stream/Task000 = 0.6610
	TRACK_MB_acc_MIN/train_phase/train_stream/Task001 = 0.0000
	TRACK_MB_acc_MIN_AVG/train_phase/train_stream/Task000 = 0.3305
	TRACK_MB_loss/train_phase/train_stream/Task000 = 0.6054
	TRACK_MB_loss/train_phase/train_stream/Task001 = 31.4772
	TRACK_MB_loss/train_phase/train_stream/Task002 = 31.2980
	Time_Epoch/train_phase/train_stream/Task000 = 79.3518
Epoch 8 ended.
	CURRENT_MB_avg_gradnorm_G/train_phase/train_stream/Task000 = 0.0000
	CURRENT_MB_gradnorm_stab/train_phase/train_stream/Task000 = 0.0000
	CURRENT_MB_loss_new/train_phase/train_stream/Task000 = 0.7700
	CURRENT_MB_loss_reg/train_phase/train_stream/Task000 = 0.1882
	Loss_MB/train_phase/train_stream/Task000 = 0.9582
	TRACK_MB_F10/train_phase/train_stream/Task000 = 0.0600
	TRACK_MB_F10/train_phase/train_stream/Task001 = 0.0000
	TRACK_MB_F10/train_phase/train_stream/Task002 = 0.0000
	TRACK_MB_F100/train_phase/train_stream/Task000 = 0.0650
	TRACK_MB_F100/train_phase/train_stream/Task001 = 0.0000
	TRACK_MB_F100/train_phase/train_stream/Task002 = 0.0000
	TRACK_MB_F100_AVG/train_phase/train_stream/Task000 = 0.0217
	TRACK_MB_F10_AVG/train_phase/train_stream/Task000 = 0.0200
	TRACK_MB_LCA/train_phase/train_stream/Task000 = 0.1335
	TRACK_MB_P10/train_phase/train_stream/Task000 = 0.5060
	TRACK_MB_P10/train_phase/train_stream/Task001 = 0.0000
	TRACK_MB_P10/train_phase/train_stream/Task002 = 0.0000
	TRACK_MB_P100/train_phase/train_stream/Task000 = 0.7380
	TRACK_MB_P100/train_phase/train_stream/Task001 = 0.0000
	TRACK_MB_P100/train_phase/train_stream/Task002 = 0.0000
	TRACK_MB_P100_AVG/train_phase/train_stream/Task000 = 0.2460
	TRACK_MB_P10_AVG/train_phase/train_stream/Task000 = 0.1687
	TRACK_MB_WCACC/train_phase/train_stream/Task000 = 0.2203
	TRACK_MB_acc/train_phase/train_stream/Task000 = 0.6740
	TRACK_MB_acc/train_phase/train_stream/Task001 = 0.0000
	TRACK_MB_acc/train_phase/train_stream/Task002 = 0.0000
	TRACK_MB_acc_MIN/train_phase/train_stream/Task000 = 0.6610
	TRACK_MB_acc_MIN/train_phase/train_stream/Task001 = 0.0000
	TRACK_MB_acc_MIN_AVG/train_phase/train_stream/Task000 = 0.3305
	TRACK_MB_loss/train_phase/train_stream/Task000 = 0.6130
	TRACK_MB_loss/train_phase/train_stream/Task001 = 31.3778
	TRACK_MB_loss/train_phase/train_stream/Task002 = 31.0851
	Time_Epoch/train_phase/train_stream/Task000 = 78.6437
Epoch 9 ended.
	CURRENT_MB_avg_gradnorm_G/train_phase/train_stream/Task000 = 0.0000
	CURRENT_MB_gradnorm_stab/train_phase/train_stream/Task000 = 0.0000
	CURRENT_MB_loss_new/train_phase/train_stream/Task000 = 0.7698
	CURRENT_MB_loss_reg/train_phase/train_stream/Task000 = 0.1788
	Loss_MB/train_phase/train_stream/Task000 = 0.9487
	TRACK_MB_F10/train_phase/train_stream/Task000 = 0.0600
	TRACK_MB_F10/train_phase/train_stream/Task001 = 0.0000
	TRACK_MB_F10/train_phase/train_stream/Task002 = 0.0000
	TRACK_MB_F100/train_phase/train_stream/Task000 = 0.0650
	TRACK_MB_F100/train_phase/train_stream/Task001 = 0.0000
	TRACK_MB_F100/train_phase/train_stream/Task002 = 0.0000
	TRACK_MB_F100_AVG/train_phase/train_stream/Task000 = 0.0217
	TRACK_MB_F10_AVG/train_phase/train_stream/Task000 = 0.0200
	TRACK_MB_LCA/train_phase/train_stream/Task000 = 0.1335
	TRACK_MB_P10/train_phase/train_stream/Task000 = 0.5060
	TRACK_MB_P10/train_phase/train_stream/Task001 = 0.0000
	TRACK_MB_P10/train_phase/train_stream/Task002 = 0.0000
	TRACK_MB_P100/train_phase/train_stream/Task000 = 0.7380
	TRACK_MB_P100/train_phase/train_stream/Task001 = 0.0000
	TRACK_MB_P100/train_phase/train_stream/Task002 = 0.0000
	TRACK_MB_P100_AVG/train_phase/train_stream/Task000 = 0.2460
	TRACK_MB_P10_AVG/train_phase/train_stream/Task000 = 0.1687
	TRACK_MB_WCACC/train_phase/train_stream/Task000 = 0.2177
	TRACK_MB_acc/train_phase/train_stream/Task000 = 0.6640
	TRACK_MB_acc/train_phase/train_stream/Task001 = 0.0000
	TRACK_MB_acc/train_phase/train_stream/Task002 = 0.0000
	TRACK_MB_acc_MIN/train_phase/train_stream/Task000 = 0.6530
	TRACK_MB_acc_MIN/train_phase/train_stream/Task001 = 0.0000
	TRACK_MB_acc_MIN_AVG/train_phase/train_stream/Task000 = 0.3265
	TRACK_MB_loss/train_phase/train_stream/Task000 = 0.6327
	TRACK_MB_loss/train_phase/train_stream/Task001 = 31.1783
	TRACK_MB_loss/train_phase/train_stream/Task002 = 30.7439
	Time_Epoch/train_phase/train_stream/Task000 = 79.7068
-- >> End of training phase << --
End training on experience 2

======================================== EVAL ========================================
Standard Continual Learning eval on entire test set on task transition.
-- >> Start of eval phase << --
-- Starting eval on experience 0 (Task 0) from test stream --
> Eval on experience 0 (Task 0) from test stream ended.
	ExperienceForgetting/eval_phase/test_stream/Task000/Exp000 = 0.0540
	Loss_Exp/eval_phase/test_stream/Task000/Exp000 = 0.6152
	Top1_Acc_Exp/eval_phase/test_stream/Task000/Exp000 = 0.6750
-- Starting eval on experience 1 (Task 0) from test stream --
> Eval on experience 1 (Task 0) from test stream ended.
	ExperienceForgetting/eval_phase/test_stream/Task000/Exp001 = 0.0000
	Loss_Exp/eval_phase/test_stream/Task000/Exp001 = 31.2566
	Top1_Acc_Exp/eval_phase/test_stream/Task000/Exp001 = 0.0000
-- Starting eval on experience 2 (Task 0) from test stream --
> Eval on experience 2 (Task 0) from test stream ended.
	Loss_Exp/eval_phase/test_stream/Task000/Exp002 = 30.6676
	Top1_Acc_Exp/eval_phase/test_stream/Task000/Exp002 = 0.0000
-- Starting eval on experience 3 (Task 0) from test stream --
> Eval on experience 3 (Task 0) from test stream ended.
	Loss_Exp/eval_phase/test_stream/Task000/Exp003 = 32.0250
	Top1_Acc_Exp/eval_phase/test_stream/Task000/Exp003 = 0.0000
-- Starting eval on experience 4 (Task 0) from test stream --
> Eval on experience 4 (Task 0) from test stream ended.
	Loss_Exp/eval_phase/test_stream/Task000/Exp004 = 34.4438
	Top1_Acc_Exp/eval_phase/test_stream/Task000/Exp004 = 0.0000
-- >> End of eval phase << --
	ConfusionMatrix_Stream/eval_phase/test_stream = <avalanche.evaluation.metric_results.AlternativeValues object at 0x7f526756ec70>
	Loss_Stream/eval_phase/test_stream/Task000 = 25.8016
	StreamForgetting/eval_phase/test_stream = 0.0270
	Top1_Acc_Stream/eval_phase/test_stream/Task000 = 0.1350
[FILE:TASK-RESULTS]: /home/yhguo/yuxuan/CL/origin/ContinualEvaluation/results/ER_CIFAR10_e=10_reproduce_paper_now=2024-04-07_06-18_uid=c9f5c6c857fe4735aea4919407478057/results_summary/seed=4/task2_results.pt

---------------------------------------- TRAIN ----------------------------------------
Start training on experience 3
-- >> Start of training phase << --
-- Starting training on experience 3 (Task 0) from train stream --
Epoch 0 ended.
	CURRENT_MB_avg_gradnorm_G/train_phase/train_stream/Task000 = 0.0000
	CURRENT_MB_gradnorm_stab/train_phase/train_stream/Task000 = 0.0000
	CURRENT_MB_loss_new/train_phase/train_stream/Task000 = 0.7700
	CURRENT_MB_loss_reg/train_phase/train_stream/Task000 = 0.2128
	Loss_MB/train_phase/train_stream/Task000 = 0.9828
	TRACK_MB_F10/train_phase/train_stream/Task000 = 0.0600
	TRACK_MB_F10/train_phase/train_stream/Task001 = 0.0000
	TRACK_MB_F10/train_phase/train_stream/Task002 = 0.0000
	TRACK_MB_F10/train_phase/train_stream/Task003 = 0.0000
	TRACK_MB_F100/train_phase/train_stream/Task000 = 0.0750
	TRACK_MB_F100/train_phase/train_stream/Task001 = 0.0000
	TRACK_MB_F100/train_phase/train_stream/Task002 = 0.0000
	TRACK_MB_F100/train_phase/train_stream/Task003 = 0.0000
	TRACK_MB_F100_AVG/train_phase/train_stream/Task000 = 0.0188
	TRACK_MB_F10_AVG/train_phase/train_stream/Task000 = 0.0150
	TRACK_MB_LCA/train_phase/train_stream/Task000 = 0.1001
	TRACK_MB_P10/train_phase/train_stream/Task000 = 0.5060
	TRACK_MB_P10/train_phase/train_stream/Task001 = 0.0000
	TRACK_MB_P10/train_phase/train_stream/Task002 = 0.0000
	TRACK_MB_P10/train_phase/train_stream/Task003 = 0.0000
	TRACK_MB_P100/train_phase/train_stream/Task000 = 0.7380
	TRACK_MB_P100/train_phase/train_stream/Task001 = 0.0000
	TRACK_MB_P100/train_phase/train_stream/Task002 = 0.0000
	TRACK_MB_P100/train_phase/train_stream/Task003 = 0.0000
	TRACK_MB_P100_AVG/train_phase/train_stream/Task000 = 0.1845
	TRACK_MB_P10_AVG/train_phase/train_stream/Task000 = 0.1265
	TRACK_MB_WCACC/train_phase/train_stream/Task000 = 0.1575
	TRACK_MB_acc/train_phase/train_stream/Task000 = 0.6420
	TRACK_MB_acc/train_phase/train_stream/Task001 = 0.0000
	TRACK_MB_acc/train_phase/train_stream/Task002 = 0.0000
	TRACK_MB_acc/train_phase/train_stream/Task003 = 0.0000
	TRACK_MB_acc_MIN/train_phase/train_stream/Task000 = 0.6300
	TRACK_MB_acc_MIN/train_phase/train_stream/Task001 = 0.0000
	TRACK_MB_acc_MIN/train_phase/train_stream/Task002 = 0.0000
	TRACK_MB_acc_MIN_AVG/train_phase/train_stream/Task000 = 0.2100
	TRACK_MB_loss/train_phase/train_stream/Task000 = 0.6781
	TRACK_MB_loss/train_phase/train_stream/Task001 = 31.3600
	TRACK_MB_loss/train_phase/train_stream/Task002 = 30.7285
	TRACK_MB_loss/train_phase/train_stream/Task003 = 31.9438
	Time_Epoch/train_phase/train_stream/Task000 = 101.5215
Epoch 1 ended.
	CURRENT_MB_avg_gradnorm_G/train_phase/train_stream/Task000 = 0.0000
	CURRENT_MB_gradnorm_stab/train_phase/train_stream/Task000 = 0.0000
	CURRENT_MB_loss_new/train_phase/train_stream/Task000 = 0.7700
	CURRENT_MB_loss_reg/train_phase/train_stream/Task000 = 0.2292
	Loss_MB/train_phase/train_stream/Task000 = 0.9992
	TRACK_MB_F10/train_phase/train_stream/Task000 = 0.0600
	TRACK_MB_F10/train_phase/train_stream/Task001 = 0.0000
	TRACK_MB_F10/train_phase/train_stream/Task002 = 0.0000
	TRACK_MB_F10/train_phase/train_stream/Task003 = 0.0000
	TRACK_MB_F100/train_phase/train_stream/Task000 = 0.0750
	TRACK_MB_F100/train_phase/train_stream/Task001 = 0.0000
	TRACK_MB_F100/train_phase/train_stream/Task002 = 0.0000
	TRACK_MB_F100/train_phase/train_stream/Task003 = 0.0000
	TRACK_MB_F100_AVG/train_phase/train_stream/Task000 = 0.0188
	TRACK_MB_F10_AVG/train_phase/train_stream/Task000 = 0.0150
	TRACK_MB_LCA/train_phase/train_stream/Task000 = 0.1001
	TRACK_MB_P10/train_phase/train_stream/Task000 = 0.5060
	TRACK_MB_P10/train_phase/train_stream/Task001 = 0.0000
	TRACK_MB_P10/train_phase/train_stream/Task002 = 0.0000
	TRACK_MB_P10/train_phase/train_stream/Task003 = 0.0000
	TRACK_MB_P100/train_phase/train_stream/Task000 = 0.7380
	TRACK_MB_P100/train_phase/train_stream/Task001 = 0.0000
	TRACK_MB_P100/train_phase/train_stream/Task002 = 0.0000
	TRACK_MB_P100/train_phase/train_stream/Task003 = 0.0000
	TRACK_MB_P100_AVG/train_phase/train_stream/Task000 = 0.1845
	TRACK_MB_P10_AVG/train_phase/train_stream/Task000 = 0.1265
	TRACK_MB_WCACC/train_phase/train_stream/Task000 = 0.1570
	TRACK_MB_acc/train_phase/train_stream/Task000 = 0.6500
	TRACK_MB_acc/train_phase/train_stream/Task001 = 0.0000
	TRACK_MB_acc/train_phase/train_stream/Task002 = 0.0000
	TRACK_MB_acc/train_phase/train_stream/Task003 = 0.0000
	TRACK_MB_acc_MIN/train_phase/train_stream/Task000 = 0.6280
	TRACK_MB_acc_MIN/train_phase/train_stream/Task001 = 0.0000
	TRACK_MB_acc_MIN/train_phase/train_stream/Task002 = 0.0000
	TRACK_MB_acc_MIN_AVG/train_phase/train_stream/Task000 = 0.2093
	TRACK_MB_loss/train_phase/train_stream/Task000 = 0.6530
	TRACK_MB_loss/train_phase/train_stream/Task001 = 31.4343
	TRACK_MB_loss/train_phase/train_stream/Task002 = 30.8939
	TRACK_MB_loss/train_phase/train_stream/Task003 = 32.0353
	Time_Epoch/train_phase/train_stream/Task000 = 102.2413
Epoch 2 ended.
	CURRENT_MB_avg_gradnorm_G/train_phase/train_stream/Task000 = 0.0000
	CURRENT_MB_gradnorm_stab/train_phase/train_stream/Task000 = 0.0000
	CURRENT_MB_loss_new/train_phase/train_stream/Task000 = 0.7700
	CURRENT_MB_loss_reg/train_phase/train_stream/Task000 = 0.2210
	Loss_MB/train_phase/train_stream/Task000 = 0.9910
	TRACK_MB_F10/train_phase/train_stream/Task000 = 0.0600
	TRACK_MB_F10/train_phase/train_stream/Task001 = 0.0000
	TRACK_MB_F10/train_phase/train_stream/Task002 = 0.0000
	TRACK_MB_F10/train_phase/train_stream/Task003 = 0.0000
	TRACK_MB_F100/train_phase/train_stream/Task000 = 0.0750
	TRACK_MB_F100/train_phase/train_stream/Task001 = 0.0000
	TRACK_MB_F100/train_phase/train_stream/Task002 = 0.0000
	TRACK_MB_F100/train_phase/train_stream/Task003 = 0.0000
	TRACK_MB_F100_AVG/train_phase/train_stream/Task000 = 0.0188
	TRACK_MB_F10_AVG/train_phase/train_stream/Task000 = 0.0150
	TRACK_MB_LCA/train_phase/train_stream/Task000 = 0.1001
	TRACK_MB_P10/train_phase/train_stream/Task000 = 0.5060
	TRACK_MB_P10/train_phase/train_stream/Task001 = 0.0000
	TRACK_MB_P10/train_phase/train_stream/Task002 = 0.0000
	TRACK_MB_P10/train_phase/train_stream/Task003 = 0.0000
	TRACK_MB_P100/train_phase/train_stream/Task000 = 0.7380
	TRACK_MB_P100/train_phase/train_stream/Task001 = 0.0000
	TRACK_MB_P100/train_phase/train_stream/Task002 = 0.0000
	TRACK_MB_P100/train_phase/train_stream/Task003 = 0.0000
	TRACK_MB_P100_AVG/train_phase/train_stream/Task000 = 0.1845
	TRACK_MB_P10_AVG/train_phase/train_stream/Task000 = 0.1265
	TRACK_MB_WCACC/train_phase/train_stream/Task000 = 0.1550
	TRACK_MB_acc/train_phase/train_stream/Task000 = 0.6530
	TRACK_MB_acc/train_phase/train_stream/Task001 = 0.0000
	TRACK_MB_acc/train_phase/train_stream/Task002 = 0.0000
	TRACK_MB_acc/train_phase/train_stream/Task003 = 0.0000
	TRACK_MB_acc_MIN/train_phase/train_stream/Task000 = 0.6200
	TRACK_MB_acc_MIN/train_phase/train_stream/Task001 = 0.0000
	TRACK_MB_acc_MIN/train_phase/train_stream/Task002 = 0.0000
	TRACK_MB_acc_MIN_AVG/train_phase/train_stream/Task000 = 0.2067
	TRACK_MB_loss/train_phase/train_stream/Task000 = 0.6540
	TRACK_MB_loss/train_phase/train_stream/Task001 = 31.3935
	TRACK_MB_loss/train_phase/train_stream/Task002 = 30.7122
	TRACK_MB_loss/train_phase/train_stream/Task003 = 31.8364
	Time_Epoch/train_phase/train_stream/Task000 = 105.0610
Epoch 3 ended.
	CURRENT_MB_avg_gradnorm_G/train_phase/train_stream/Task000 = 0.0000
	CURRENT_MB_gradnorm_stab/train_phase/train_stream/Task000 = 0.0000
	CURRENT_MB_loss_new/train_phase/train_stream/Task000 = 0.7700
	CURRENT_MB_loss_reg/train_phase/train_stream/Task000 = 0.2257
	Loss_MB/train_phase/train_stream/Task000 = 0.9957
	TRACK_MB_F10/train_phase/train_stream/Task000 = 0.0600
	TRACK_MB_F10/train_phase/train_stream/Task001 = 0.0000
	TRACK_MB_F10/train_phase/train_stream/Task002 = 0.0000
	TRACK_MB_F10/train_phase/train_stream/Task003 = 0.0000
	TRACK_MB_F100/train_phase/train_stream/Task000 = 0.0750
	TRACK_MB_F100/train_phase/train_stream/Task001 = 0.0000
	TRACK_MB_F100/train_phase/train_stream/Task002 = 0.0000
	TRACK_MB_F100/train_phase/train_stream/Task003 = 0.0000
	TRACK_MB_F100_AVG/train_phase/train_stream/Task000 = 0.0188
	TRACK_MB_F10_AVG/train_phase/train_stream/Task000 = 0.0150
	TRACK_MB_LCA/train_phase/train_stream/Task000 = 0.1001
	TRACK_MB_P10/train_phase/train_stream/Task000 = 0.5060
	TRACK_MB_P10/train_phase/train_stream/Task001 = 0.0000
	TRACK_MB_P10/train_phase/train_stream/Task002 = 0.0000
	TRACK_MB_P10/train_phase/train_stream/Task003 = 0.0000
	TRACK_MB_P100/train_phase/train_stream/Task000 = 0.7380
	TRACK_MB_P100/train_phase/train_stream/Task001 = 0.0000
	TRACK_MB_P100/train_phase/train_stream/Task002 = 0.0000
	TRACK_MB_P100/train_phase/train_stream/Task003 = 0.0000
	TRACK_MB_P100_AVG/train_phase/train_stream/Task000 = 0.1845
	TRACK_MB_P10_AVG/train_phase/train_stream/Task000 = 0.1265
	TRACK_MB_WCACC/train_phase/train_stream/Task000 = 0.1548
	TRACK_MB_acc/train_phase/train_stream/Task000 = 0.6550
	TRACK_MB_acc/train_phase/train_stream/Task001 = 0.0000
	TRACK_MB_acc/train_phase/train_stream/Task002 = 0.0000
	TRACK_MB_acc/train_phase/train_stream/Task003 = 0.0000
	TRACK_MB_acc_MIN/train_phase/train_stream/Task000 = 0.6190
	TRACK_MB_acc_MIN/train_phase/train_stream/Task001 = 0.0000
	TRACK_MB_acc_MIN/train_phase/train_stream/Task002 = 0.0000
	TRACK_MB_acc_MIN_AVG/train_phase/train_stream/Task000 = 0.2063
	TRACK_MB_loss/train_phase/train_stream/Task000 = 0.6608
	TRACK_MB_loss/train_phase/train_stream/Task001 = 31.4246
	TRACK_MB_loss/train_phase/train_stream/Task002 = 30.7793
	TRACK_MB_loss/train_phase/train_stream/Task003 = 31.9449
	Time_Epoch/train_phase/train_stream/Task000 = 101.8520
Epoch 4 ended.
	CURRENT_MB_avg_gradnorm_G/train_phase/train_stream/Task000 = 0.0000
	CURRENT_MB_gradnorm_stab/train_phase/train_stream/Task000 = 0.0000
	CURRENT_MB_loss_new/train_phase/train_stream/Task000 = 0.7700
	CURRENT_MB_loss_reg/train_phase/train_stream/Task000 = 0.2292
	Loss_MB/train_phase/train_stream/Task000 = 0.9992
	TRACK_MB_F10/train_phase/train_stream/Task000 = 0.0600
	TRACK_MB_F10/train_phase/train_stream/Task001 = 0.0000
	TRACK_MB_F10/train_phase/train_stream/Task002 = 0.0000
	TRACK_MB_F10/train_phase/train_stream/Task003 = 0.0000
	TRACK_MB_F100/train_phase/train_stream/Task000 = 0.0750
	TRACK_MB_F100/train_phase/train_stream/Task001 = 0.0000
	TRACK_MB_F100/train_phase/train_stream/Task002 = 0.0000
	TRACK_MB_F100/train_phase/train_stream/Task003 = 0.0000
	TRACK_MB_F100_AVG/train_phase/train_stream/Task000 = 0.0188
	TRACK_MB_F10_AVG/train_phase/train_stream/Task000 = 0.0150
	TRACK_MB_LCA/train_phase/train_stream/Task000 = 0.1001
	TRACK_MB_P10/train_phase/train_stream/Task000 = 0.5060
	TRACK_MB_P10/train_phase/train_stream/Task001 = 0.0000
	TRACK_MB_P10/train_phase/train_stream/Task002 = 0.0000
	TRACK_MB_P10/train_phase/train_stream/Task003 = 0.0000
	TRACK_MB_P100/train_phase/train_stream/Task000 = 0.7380
	TRACK_MB_P100/train_phase/train_stream/Task001 = 0.0000
	TRACK_MB_P100/train_phase/train_stream/Task002 = 0.0000
	TRACK_MB_P100/train_phase/train_stream/Task003 = 0.0000
	TRACK_MB_P100_AVG/train_phase/train_stream/Task000 = 0.1845
	TRACK_MB_P10_AVG/train_phase/train_stream/Task000 = 0.1265
	TRACK_MB_WCACC/train_phase/train_stream/Task000 = 0.1548
	TRACK_MB_acc/train_phase/train_stream/Task000 = 0.6530
	TRACK_MB_acc/train_phase/train_stream/Task001 = 0.0000
	TRACK_MB_acc/train_phase/train_stream/Task002 = 0.0000
	TRACK_MB_acc/train_phase/train_stream/Task003 = 0.0000
	TRACK_MB_acc_MIN/train_phase/train_stream/Task000 = 0.6190
	TRACK_MB_acc_MIN/train_phase/train_stream/Task001 = 0.0000
	TRACK_MB_acc_MIN/train_phase/train_stream/Task002 = 0.0000
	TRACK_MB_acc_MIN_AVG/train_phase/train_stream/Task000 = 0.2063
	TRACK_MB_loss/train_phase/train_stream/Task000 = 0.6493
	TRACK_MB_loss/train_phase/train_stream/Task001 = 31.4259
	TRACK_MB_loss/train_phase/train_stream/Task002 = 30.7914
	TRACK_MB_loss/train_phase/train_stream/Task003 = 31.8261
	Time_Epoch/train_phase/train_stream/Task000 = 102.7117
Epoch 5 ended.
	CURRENT_MB_avg_gradnorm_G/train_phase/train_stream/Task000 = 0.0000
	CURRENT_MB_gradnorm_stab/train_phase/train_stream/Task000 = 0.0000
	CURRENT_MB_loss_new/train_phase/train_stream/Task000 = 0.7700
	CURRENT_MB_loss_reg/train_phase/train_stream/Task000 = 0.2257
	Loss_MB/train_phase/train_stream/Task000 = 0.9957
	TRACK_MB_F10/train_phase/train_stream/Task000 = 0.0600
	TRACK_MB_F10/train_phase/train_stream/Task001 = 0.0000
	TRACK_MB_F10/train_phase/train_stream/Task002 = 0.0000
	TRACK_MB_F10/train_phase/train_stream/Task003 = 0.0000
	TRACK_MB_F100/train_phase/train_stream/Task000 = 0.0750
	TRACK_MB_F100/train_phase/train_stream/Task001 = 0.0000
	TRACK_MB_F100/train_phase/train_stream/Task002 = 0.0000
	TRACK_MB_F100/train_phase/train_stream/Task003 = 0.0000
	TRACK_MB_F100_AVG/train_phase/train_stream/Task000 = 0.0188
	TRACK_MB_F10_AVG/train_phase/train_stream/Task000 = 0.0150
	TRACK_MB_LCA/train_phase/train_stream/Task000 = 0.1001
	TRACK_MB_P10/train_phase/train_stream/Task000 = 0.5060
	TRACK_MB_P10/train_phase/train_stream/Task001 = 0.0000
	TRACK_MB_P10/train_phase/train_stream/Task002 = 0.0000
	TRACK_MB_P10/train_phase/train_stream/Task003 = 0.0000
	TRACK_MB_P100/train_phase/train_stream/Task000 = 0.7380
	TRACK_MB_P100/train_phase/train_stream/Task001 = 0.0000
	TRACK_MB_P100/train_phase/train_stream/Task002 = 0.0000
	TRACK_MB_P100/train_phase/train_stream/Task003 = 0.0000
	TRACK_MB_P100_AVG/train_phase/train_stream/Task000 = 0.1845
	TRACK_MB_P10_AVG/train_phase/train_stream/Task000 = 0.1265
	TRACK_MB_WCACC/train_phase/train_stream/Task000 = 0.1535
	TRACK_MB_acc/train_phase/train_stream/Task000 = 0.6430
	TRACK_MB_acc/train_phase/train_stream/Task001 = 0.0000
	TRACK_MB_acc/train_phase/train_stream/Task002 = 0.0000
	TRACK_MB_acc/train_phase/train_stream/Task003 = 0.0000
	TRACK_MB_acc_MIN/train_phase/train_stream/Task000 = 0.6140
	TRACK_MB_acc_MIN/train_phase/train_stream/Task001 = 0.0000
	TRACK_MB_acc_MIN/train_phase/train_stream/Task002 = 0.0000
	TRACK_MB_acc_MIN_AVG/train_phase/train_stream/Task000 = 0.2047
	TRACK_MB_loss/train_phase/train_stream/Task000 = 0.6440
	TRACK_MB_loss/train_phase/train_stream/Task001 = 31.3746
	TRACK_MB_loss/train_phase/train_stream/Task002 = 30.8435
	TRACK_MB_loss/train_phase/train_stream/Task003 = 31.6625
	Time_Epoch/train_phase/train_stream/Task000 = 102.4377
Epoch 6 ended.
	CURRENT_MB_avg_gradnorm_G/train_phase/train_stream/Task000 = 0.0000
	CURRENT_MB_gradnorm_stab/train_phase/train_stream/Task000 = 0.0000
	CURRENT_MB_loss_new/train_phase/train_stream/Task000 = 0.7700
	CURRENT_MB_loss_reg/train_phase/train_stream/Task000 = 0.2374
	Loss_MB/train_phase/train_stream/Task000 = 1.0074
	TRACK_MB_F10/train_phase/train_stream/Task000 = 0.0600
	TRACK_MB_F10/train_phase/train_stream/Task001 = 0.0000
	TRACK_MB_F10/train_phase/train_stream/Task002 = 0.0000
	TRACK_MB_F10/train_phase/train_stream/Task003 = 0.0000
	TRACK_MB_F100/train_phase/train_stream/Task000 = 0.0750
	TRACK_MB_F100/train_phase/train_stream/Task001 = 0.0000
	TRACK_MB_F100/train_phase/train_stream/Task002 = 0.0000
	TRACK_MB_F100/train_phase/train_stream/Task003 = 0.0000
	TRACK_MB_F100_AVG/train_phase/train_stream/Task000 = 0.0188
	TRACK_MB_F10_AVG/train_phase/train_stream/Task000 = 0.0150
	TRACK_MB_LCA/train_phase/train_stream/Task000 = 0.1001
	TRACK_MB_P10/train_phase/train_stream/Task000 = 0.5060
	TRACK_MB_P10/train_phase/train_stream/Task001 = 0.0000
	TRACK_MB_P10/train_phase/train_stream/Task002 = 0.0000
	TRACK_MB_P10/train_phase/train_stream/Task003 = 0.0000
	TRACK_MB_P100/train_phase/train_stream/Task000 = 0.7380
	TRACK_MB_P100/train_phase/train_stream/Task001 = 0.0000
	TRACK_MB_P100/train_phase/train_stream/Task002 = 0.0000
	TRACK_MB_P100/train_phase/train_stream/Task003 = 0.0000
	TRACK_MB_P100_AVG/train_phase/train_stream/Task000 = 0.1845
	TRACK_MB_P10_AVG/train_phase/train_stream/Task000 = 0.1265
	TRACK_MB_WCACC/train_phase/train_stream/Task000 = 0.1535
	TRACK_MB_acc/train_phase/train_stream/Task000 = 0.6370
	TRACK_MB_acc/train_phase/train_stream/Task001 = 0.0000
	TRACK_MB_acc/train_phase/train_stream/Task002 = 0.0000
	TRACK_MB_acc/train_phase/train_stream/Task003 = 0.0000
	TRACK_MB_acc_MIN/train_phase/train_stream/Task000 = 0.6140
	TRACK_MB_acc_MIN/train_phase/train_stream/Task001 = 0.0000
	TRACK_MB_acc_MIN/train_phase/train_stream/Task002 = 0.0000
	TRACK_MB_acc_MIN_AVG/train_phase/train_stream/Task000 = 0.2047
	TRACK_MB_loss/train_phase/train_stream/Task000 = 0.6539
	TRACK_MB_loss/train_phase/train_stream/Task001 = 31.3607
	TRACK_MB_loss/train_phase/train_stream/Task002 = 30.8576
	TRACK_MB_loss/train_phase/train_stream/Task003 = 31.5525
	Time_Epoch/train_phase/train_stream/Task000 = 102.3943
Epoch 7 ended.
	CURRENT_MB_avg_gradnorm_G/train_phase/train_stream/Task000 = 0.0000
	CURRENT_MB_gradnorm_stab/train_phase/train_stream/Task000 = 0.0000
	CURRENT_MB_loss_new/train_phase/train_stream/Task000 = 0.7700
	CURRENT_MB_loss_reg/train_phase/train_stream/Task000 = 0.2409
	Loss_MB/train_phase/train_stream/Task000 = 1.0109
	TRACK_MB_F10/train_phase/train_stream/Task000 = 0.0600
	TRACK_MB_F10/train_phase/train_stream/Task001 = 0.0000
	TRACK_MB_F10/train_phase/train_stream/Task002 = 0.0000
	TRACK_MB_F10/train_phase/train_stream/Task003 = 0.0000
	TRACK_MB_F100/train_phase/train_stream/Task000 = 0.0750
	TRACK_MB_F100/train_phase/train_stream/Task001 = 0.0000
	TRACK_MB_F100/train_phase/train_stream/Task002 = 0.0000
	TRACK_MB_F100/train_phase/train_stream/Task003 = 0.0000
	TRACK_MB_F100_AVG/train_phase/train_stream/Task000 = 0.0188
	TRACK_MB_F10_AVG/train_phase/train_stream/Task000 = 0.0150
	TRACK_MB_LCA/train_phase/train_stream/Task000 = 0.1001
	TRACK_MB_P10/train_phase/train_stream/Task000 = 0.5060
	TRACK_MB_P10/train_phase/train_stream/Task001 = 0.0000
	TRACK_MB_P10/train_phase/train_stream/Task002 = 0.0000
	TRACK_MB_P10/train_phase/train_stream/Task003 = 0.0000
	TRACK_MB_P100/train_phase/train_stream/Task000 = 0.7380
	TRACK_MB_P100/train_phase/train_stream/Task001 = 0.0000
	TRACK_MB_P100/train_phase/train_stream/Task002 = 0.0000
	TRACK_MB_P100/train_phase/train_stream/Task003 = 0.0000
	TRACK_MB_P100_AVG/train_phase/train_stream/Task000 = 0.1845
	TRACK_MB_P10_AVG/train_phase/train_stream/Task000 = 0.1265
	TRACK_MB_WCACC/train_phase/train_stream/Task000 = 0.1528
	TRACK_MB_acc/train_phase/train_stream/Task000 = 0.6220
	TRACK_MB_acc/train_phase/train_stream/Task001 = 0.0000
	TRACK_MB_acc/train_phase/train_stream/Task002 = 0.0000
	TRACK_MB_acc/train_phase/train_stream/Task003 = 0.0000
	TRACK_MB_acc_MIN/train_phase/train_stream/Task000 = 0.6110
	TRACK_MB_acc_MIN/train_phase/train_stream/Task001 = 0.0000
	TRACK_MB_acc_MIN/train_phase/train_stream/Task002 = 0.0000
	TRACK_MB_acc_MIN_AVG/train_phase/train_stream/Task000 = 0.2037
	TRACK_MB_loss/train_phase/train_stream/Task000 = 0.6763
	TRACK_MB_loss/train_phase/train_stream/Task001 = 31.3508
	TRACK_MB_loss/train_phase/train_stream/Task002 = 30.7433
	TRACK_MB_loss/train_phase/train_stream/Task003 = 31.4171
	Time_Epoch/train_phase/train_stream/Task000 = 102.6229
Epoch 8 ended.
	CURRENT_MB_avg_gradnorm_G/train_phase/train_stream/Task000 = 0.0000
	CURRENT_MB_gradnorm_stab/train_phase/train_stream/Task000 = 0.0000
	CURRENT_MB_loss_new/train_phase/train_stream/Task000 = 0.7700
	CURRENT_MB_loss_reg/train_phase/train_stream/Task000 = 0.2234
	Loss_MB/train_phase/train_stream/Task000 = 0.9933
	TRACK_MB_F10/train_phase/train_stream/Task000 = 0.0600
	TRACK_MB_F10/train_phase/train_stream/Task001 = 0.0000
	TRACK_MB_F10/train_phase/train_stream/Task002 = 0.0000
	TRACK_MB_F10/train_phase/train_stream/Task003 = 0.0000
	TRACK_MB_F100/train_phase/train_stream/Task000 = 0.0750
	TRACK_MB_F100/train_phase/train_stream/Task001 = 0.0000
	TRACK_MB_F100/train_phase/train_stream/Task002 = 0.0000
	TRACK_MB_F100/train_phase/train_stream/Task003 = 0.0000
	TRACK_MB_F100_AVG/train_phase/train_stream/Task000 = 0.0188
	TRACK_MB_F10_AVG/train_phase/train_stream/Task000 = 0.0150
	TRACK_MB_LCA/train_phase/train_stream/Task000 = 0.1001
	TRACK_MB_P10/train_phase/train_stream/Task000 = 0.5060
	TRACK_MB_P10/train_phase/train_stream/Task001 = 0.0000
	TRACK_MB_P10/train_phase/train_stream/Task002 = 0.0000
	TRACK_MB_P10/train_phase/train_stream/Task003 = 0.0000
	TRACK_MB_P100/train_phase/train_stream/Task000 = 0.7380
	TRACK_MB_P100/train_phase/train_stream/Task001 = 0.0000
	TRACK_MB_P100/train_phase/train_stream/Task002 = 0.0000
	TRACK_MB_P100/train_phase/train_stream/Task003 = 0.0000
	TRACK_MB_P100_AVG/train_phase/train_stream/Task000 = 0.1845
	TRACK_MB_P10_AVG/train_phase/train_stream/Task000 = 0.1265
	TRACK_MB_WCACC/train_phase/train_stream/Task000 = 0.1488
	TRACK_MB_acc/train_phase/train_stream/Task000 = 0.6220
	TRACK_MB_acc/train_phase/train_stream/Task001 = 0.0000
	TRACK_MB_acc/train_phase/train_stream/Task002 = 0.0000
	TRACK_MB_acc/train_phase/train_stream/Task003 = 0.0000
	TRACK_MB_acc_MIN/train_phase/train_stream/Task000 = 0.5950
	TRACK_MB_acc_MIN/train_phase/train_stream/Task001 = 0.0000
	TRACK_MB_acc_MIN/train_phase/train_stream/Task002 = 0.0000
	TRACK_MB_acc_MIN_AVG/train_phase/train_stream/Task000 = 0.1983
	TRACK_MB_loss/train_phase/train_stream/Task000 = 0.6868
	TRACK_MB_loss/train_phase/train_stream/Task001 = 31.3289
	TRACK_MB_loss/train_phase/train_stream/Task002 = 30.6376
	TRACK_MB_loss/train_phase/train_stream/Task003 = 31.2392
	Time_Epoch/train_phase/train_stream/Task000 = 103.5866
Epoch 9 ended.
	CURRENT_MB_avg_gradnorm_G/train_phase/train_stream/Task000 = 0.0000
	CURRENT_MB_gradnorm_stab/train_phase/train_stream/Task000 = 0.0000
	CURRENT_MB_loss_new/train_phase/train_stream/Task000 = 0.7700
	CURRENT_MB_loss_reg/train_phase/train_stream/Task000 = 0.2280
	Loss_MB/train_phase/train_stream/Task000 = 0.9980
	TRACK_MB_F10/train_phase/train_stream/Task000 = 0.0600
	TRACK_MB_F10/train_phase/train_stream/Task001 = 0.0000
	TRACK_MB_F10/train_phase/train_stream/Task002 = 0.0000
	TRACK_MB_F10/train_phase/train_stream/Task003 = 0.0000
	TRACK_MB_F100/train_phase/train_stream/Task000 = 0.0760
	TRACK_MB_F100/train_phase/train_stream/Task001 = 0.0000
	TRACK_MB_F100/train_phase/train_stream/Task002 = 0.0000
	TRACK_MB_F100/train_phase/train_stream/Task003 = 0.0000
	TRACK_MB_F100_AVG/train_phase/train_stream/Task000 = 0.0190
	TRACK_MB_F10_AVG/train_phase/train_stream/Task000 = 0.0150
	TRACK_MB_LCA/train_phase/train_stream/Task000 = 0.1001
	TRACK_MB_P10/train_phase/train_stream/Task000 = 0.5060
	TRACK_MB_P10/train_phase/train_stream/Task001 = 0.0000
	TRACK_MB_P10/train_phase/train_stream/Task002 = 0.0000
	TRACK_MB_P10/train_phase/train_stream/Task003 = 0.0000
	TRACK_MB_P100/train_phase/train_stream/Task000 = 0.7380
	TRACK_MB_P100/train_phase/train_stream/Task001 = 0.0000
	TRACK_MB_P100/train_phase/train_stream/Task002 = 0.0000
	TRACK_MB_P100/train_phase/train_stream/Task003 = 0.0000
	TRACK_MB_P100_AVG/train_phase/train_stream/Task000 = 0.1845
	TRACK_MB_P10_AVG/train_phase/train_stream/Task000 = 0.1265
	TRACK_MB_WCACC/train_phase/train_stream/Task000 = 0.1445
	TRACK_MB_acc/train_phase/train_stream/Task000 = 0.6110
	TRACK_MB_acc/train_phase/train_stream/Task001 = 0.0000
	TRACK_MB_acc/train_phase/train_stream/Task002 = 0.0000
	TRACK_MB_acc/train_phase/train_stream/Task003 = 0.0000
	TRACK_MB_acc_MIN/train_phase/train_stream/Task000 = 0.5780
	TRACK_MB_acc_MIN/train_phase/train_stream/Task001 = 0.0000
	TRACK_MB_acc_MIN/train_phase/train_stream/Task002 = 0.0000
	TRACK_MB_acc_MIN_AVG/train_phase/train_stream/Task000 = 0.1927
	TRACK_MB_loss/train_phase/train_stream/Task000 = 0.7498
	TRACK_MB_loss/train_phase/train_stream/Task001 = 31.3220
	TRACK_MB_loss/train_phase/train_stream/Task002 = 30.6078
	TRACK_MB_loss/train_phase/train_stream/Task003 = 30.9762
	Time_Epoch/train_phase/train_stream/Task000 = 103.4448
-- >> End of training phase << --
End training on experience 3

======================================== EVAL ========================================
Standard Continual Learning eval on entire test set on task transition.
-- >> Start of eval phase << --
-- Starting eval on experience 0 (Task 0) from test stream --
> Eval on experience 0 (Task 0) from test stream ended.
	ExperienceForgetting/eval_phase/test_stream/Task000/Exp000 = 0.1225
	Loss_Exp/eval_phase/test_stream/Task000/Exp000 = 0.7268
	Top1_Acc_Exp/eval_phase/test_stream/Task000/Exp000 = 0.6065
-- Starting eval on experience 1 (Task 0) from test stream --
> Eval on experience 1 (Task 0) from test stream ended.
	ExperienceForgetting/eval_phase/test_stream/Task000/Exp001 = 0.0000
	Loss_Exp/eval_phase/test_stream/Task000/Exp001 = 31.2860
	Top1_Acc_Exp/eval_phase/test_stream/Task000/Exp001 = 0.0000
-- Starting eval on experience 2 (Task 0) from test stream --
> Eval on experience 2 (Task 0) from test stream ended.
	ExperienceForgetting/eval_phase/test_stream/Task000/Exp002 = 0.0000
	Loss_Exp/eval_phase/test_stream/Task000/Exp002 = 30.5590
	Top1_Acc_Exp/eval_phase/test_stream/Task000/Exp002 = 0.0000
-- Starting eval on experience 3 (Task 0) from test stream --
> Eval on experience 3 (Task 0) from test stream ended.
	Loss_Exp/eval_phase/test_stream/Task000/Exp003 = 30.8833
	Top1_Acc_Exp/eval_phase/test_stream/Task000/Exp003 = 0.0000
-- Starting eval on experience 4 (Task 0) from test stream --
> Eval on experience 4 (Task 0) from test stream ended.
	Loss_Exp/eval_phase/test_stream/Task000/Exp004 = 35.7619
	Top1_Acc_Exp/eval_phase/test_stream/Task000/Exp004 = 0.0000
-- >> End of eval phase << --
	ConfusionMatrix_Stream/eval_phase/test_stream = <avalanche.evaluation.metric_results.AlternativeValues object at 0x7f5267eca190>
	Loss_Stream/eval_phase/test_stream/Task000 = 25.8434
	StreamForgetting/eval_phase/test_stream = 0.0408
	Top1_Acc_Stream/eval_phase/test_stream/Task000 = 0.1213
[FILE:TASK-RESULTS]: /home/yhguo/yuxuan/CL/origin/ContinualEvaluation/results/ER_CIFAR10_e=10_reproduce_paper_now=2024-04-07_06-18_uid=c9f5c6c857fe4735aea4919407478057/results_summary/seed=4/task3_results.pt

---------------------------------------- TRAIN ----------------------------------------
Start training on experience 4
-- >> Start of training phase << --
-- Starting training on experience 4 (Task 0) from train stream --
Epoch 0 ended.
	CURRENT_MB_avg_gradnorm_G/train_phase/train_stream/Task000 = 0.0000
	CURRENT_MB_gradnorm_stab/train_phase/train_stream/Task000 = 0.0000
	CURRENT_MB_loss_new/train_phase/train_stream/Task000 = 0.7700
	CURRENT_MB_loss_reg/train_phase/train_stream/Task000 = 0.2597
	Loss_MB/train_phase/train_stream/Task000 = 1.0297
	TRACK_MB_F10/train_phase/train_stream/Task000 = 0.0600
	TRACK_MB_F10/train_phase/train_stream/Task001 = 0.0000
	TRACK_MB_F10/train_phase/train_stream/Task002 = 0.0000
	TRACK_MB_F10/train_phase/train_stream/Task003 = 0.0000
	TRACK_MB_F10/train_phase/train_stream/Task004 = 0.0000
	TRACK_MB_F100/train_phase/train_stream/Task000 = 0.0760
	TRACK_MB_F100/train_phase/train_stream/Task001 = 0.0000
	TRACK_MB_F100/train_phase/train_stream/Task002 = 0.0000
	TRACK_MB_F100/train_phase/train_stream/Task003 = 0.0000
	TRACK_MB_F100/train_phase/train_stream/Task004 = 0.0000
	TRACK_MB_F100_AVG/train_phase/train_stream/Task000 = 0.0152
	TRACK_MB_F10_AVG/train_phase/train_stream/Task000 = 0.0120
	TRACK_MB_LCA/train_phase/train_stream/Task000 = 0.0801
	TRACK_MB_P10/train_phase/train_stream/Task000 = 0.5060
	TRACK_MB_P10/train_phase/train_stream/Task001 = 0.0000
	TRACK_MB_P10/train_phase/train_stream/Task002 = 0.0000
	TRACK_MB_P10/train_phase/train_stream/Task003 = 0.0000
	TRACK_MB_P10/train_phase/train_stream/Task004 = 0.0000
	TRACK_MB_P100/train_phase/train_stream/Task000 = 0.7380
	TRACK_MB_P100/train_phase/train_stream/Task001 = 0.0000
	TRACK_MB_P100/train_phase/train_stream/Task002 = 0.0000
	TRACK_MB_P100/train_phase/train_stream/Task003 = 0.0000
	TRACK_MB_P100/train_phase/train_stream/Task004 = 0.0000
	TRACK_MB_P100_AVG/train_phase/train_stream/Task000 = 0.1476
	TRACK_MB_P10_AVG/train_phase/train_stream/Task000 = 0.1012
	TRACK_MB_WCACC/train_phase/train_stream/Task000 = 0.1156
	TRACK_MB_acc/train_phase/train_stream/Task000 = 0.6610
	TRACK_MB_acc/train_phase/train_stream/Task001 = 0.0000
	TRACK_MB_acc/train_phase/train_stream/Task002 = 0.0000
	TRACK_MB_acc/train_phase/train_stream/Task003 = 0.0000
	TRACK_MB_acc/train_phase/train_stream/Task004 = 0.0000
	TRACK_MB_acc_MIN/train_phase/train_stream/Task000 = 0.5780
	TRACK_MB_acc_MIN/train_phase/train_stream/Task001 = 0.0000
	TRACK_MB_acc_MIN/train_phase/train_stream/Task002 = 0.0000
	TRACK_MB_acc_MIN/train_phase/train_stream/Task003 = 0.0000
	TRACK_MB_acc_MIN_AVG/train_phase/train_stream/Task000 = 0.1445
	TRACK_MB_loss/train_phase/train_stream/Task000 = 0.6475
	TRACK_MB_loss/train_phase/train_stream/Task001 = 30.0741
	TRACK_MB_loss/train_phase/train_stream/Task002 = 29.5467
	TRACK_MB_loss/train_phase/train_stream/Task003 = 29.9617
	TRACK_MB_loss/train_phase/train_stream/Task004 = 33.8903
	Time_Epoch/train_phase/train_stream/Task000 = 125.0316
Epoch 1 ended.
	CURRENT_MB_avg_gradnorm_G/train_phase/train_stream/Task000 = 0.0000
	CURRENT_MB_gradnorm_stab/train_phase/train_stream/Task000 = 0.0000
	CURRENT_MB_loss_new/train_phase/train_stream/Task000 = 0.7700
	CURRENT_MB_loss_reg/train_phase/train_stream/Task000 = 0.2444
	Loss_MB/train_phase/train_stream/Task000 = 1.0145
	TRACK_MB_F10/train_phase/train_stream/Task000 = 0.0600
	TRACK_MB_F10/train_phase/train_stream/Task001 = 0.0000
	TRACK_MB_F10/train_phase/train_stream/Task002 = 0.0000
	TRACK_MB_F10/train_phase/train_stream/Task003 = 0.0000
	TRACK_MB_F10/train_phase/train_stream/Task004 = 0.0000
	TRACK_MB_F100/train_phase/train_stream/Task000 = 0.0760
	TRACK_MB_F100/train_phase/train_stream/Task001 = 0.0000
	TRACK_MB_F100/train_phase/train_stream/Task002 = 0.0000
	TRACK_MB_F100/train_phase/train_stream/Task003 = 0.0000
	TRACK_MB_F100/train_phase/train_stream/Task004 = 0.0000
	TRACK_MB_F100_AVG/train_phase/train_stream/Task000 = 0.0152
	TRACK_MB_F10_AVG/train_phase/train_stream/Task000 = 0.0120
	TRACK_MB_LCA/train_phase/train_stream/Task000 = 0.0801
	TRACK_MB_P10/train_phase/train_stream/Task000 = 0.5060
	TRACK_MB_P10/train_phase/train_stream/Task001 = 0.0000
	TRACK_MB_P10/train_phase/train_stream/Task002 = 0.0000
	TRACK_MB_P10/train_phase/train_stream/Task003 = 0.0000
	TRACK_MB_P10/train_phase/train_stream/Task004 = 0.0000
	TRACK_MB_P100/train_phase/train_stream/Task000 = 0.7380
	TRACK_MB_P100/train_phase/train_stream/Task001 = 0.0000
	TRACK_MB_P100/train_phase/train_stream/Task002 = 0.0000
	TRACK_MB_P100/train_phase/train_stream/Task003 = 0.0000
	TRACK_MB_P100/train_phase/train_stream/Task004 = 0.0000
	TRACK_MB_P100_AVG/train_phase/train_stream/Task000 = 0.1476
	TRACK_MB_P10_AVG/train_phase/train_stream/Task000 = 0.1012
	TRACK_MB_WCACC/train_phase/train_stream/Task000 = 0.1156
	TRACK_MB_acc/train_phase/train_stream/Task000 = 0.6790
	TRACK_MB_acc/train_phase/train_stream/Task001 = 0.0000
	TRACK_MB_acc/train_phase/train_stream/Task002 = 0.0000
	TRACK_MB_acc/train_phase/train_stream/Task003 = 0.0000
	TRACK_MB_acc/train_phase/train_stream/Task004 = 0.0000
	TRACK_MB_acc_MIN/train_phase/train_stream/Task000 = 0.5780
	TRACK_MB_acc_MIN/train_phase/train_stream/Task001 = 0.0000
	TRACK_MB_acc_MIN/train_phase/train_stream/Task002 = 0.0000
	TRACK_MB_acc_MIN/train_phase/train_stream/Task003 = 0.0000
	TRACK_MB_acc_MIN_AVG/train_phase/train_stream/Task000 = 0.1445
	TRACK_MB_loss/train_phase/train_stream/Task000 = 0.6332
	TRACK_MB_loss/train_phase/train_stream/Task001 = 29.9990
	TRACK_MB_loss/train_phase/train_stream/Task002 = 29.5030
	TRACK_MB_loss/train_phase/train_stream/Task003 = 29.9312
	TRACK_MB_loss/train_phase/train_stream/Task004 = 33.8722
	Time_Epoch/train_phase/train_stream/Task000 = 125.5476
Epoch 2 ended.
	CURRENT_MB_avg_gradnorm_G/train_phase/train_stream/Task000 = 0.0000
	CURRENT_MB_gradnorm_stab/train_phase/train_stream/Task000 = 0.0000
	CURRENT_MB_loss_new/train_phase/train_stream/Task000 = 0.7700
	CURRENT_MB_loss_reg/train_phase/train_stream/Task000 = 0.2597
	Loss_MB/train_phase/train_stream/Task000 = 1.0297
	TRACK_MB_F10/train_phase/train_stream/Task000 = 0.0600
	TRACK_MB_F10/train_phase/train_stream/Task001 = 0.0000
	TRACK_MB_F10/train_phase/train_stream/Task002 = 0.0000
	TRACK_MB_F10/train_phase/train_stream/Task003 = 0.0000
	TRACK_MB_F10/train_phase/train_stream/Task004 = 0.0000
	TRACK_MB_F100/train_phase/train_stream/Task000 = 0.0760
	TRACK_MB_F100/train_phase/train_stream/Task001 = 0.0000
	TRACK_MB_F100/train_phase/train_stream/Task002 = 0.0000
	TRACK_MB_F100/train_phase/train_stream/Task003 = 0.0000
	TRACK_MB_F100/train_phase/train_stream/Task004 = 0.0000
	TRACK_MB_F100_AVG/train_phase/train_stream/Task000 = 0.0152
	TRACK_MB_F10_AVG/train_phase/train_stream/Task000 = 0.0120
	TRACK_MB_LCA/train_phase/train_stream/Task000 = 0.0801
	TRACK_MB_P10/train_phase/train_stream/Task000 = 0.5060
	TRACK_MB_P10/train_phase/train_stream/Task001 = 0.0000
	TRACK_MB_P10/train_phase/train_stream/Task002 = 0.0000
	TRACK_MB_P10/train_phase/train_stream/Task003 = 0.0000
	TRACK_MB_P10/train_phase/train_stream/Task004 = 0.0000
	TRACK_MB_P100/train_phase/train_stream/Task000 = 0.7380
	TRACK_MB_P100/train_phase/train_stream/Task001 = 0.0000
	TRACK_MB_P100/train_phase/train_stream/Task002 = 0.0000
	TRACK_MB_P100/train_phase/train_stream/Task003 = 0.0000
	TRACK_MB_P100/train_phase/train_stream/Task004 = 0.0000
	TRACK_MB_P100_AVG/train_phase/train_stream/Task000 = 0.1476
	TRACK_MB_P10_AVG/train_phase/train_stream/Task000 = 0.1012
	TRACK_MB_WCACC/train_phase/train_stream/Task000 = 0.1156
	TRACK_MB_acc/train_phase/train_stream/Task000 = 0.6760
	TRACK_MB_acc/train_phase/train_stream/Task001 = 0.0000
	TRACK_MB_acc/train_phase/train_stream/Task002 = 0.0000
	TRACK_MB_acc/train_phase/train_stream/Task003 = 0.0000
	TRACK_MB_acc/train_phase/train_stream/Task004 = 0.0000
	TRACK_MB_acc_MIN/train_phase/train_stream/Task000 = 0.5780
	TRACK_MB_acc_MIN/train_phase/train_stream/Task001 = 0.0000
	TRACK_MB_acc_MIN/train_phase/train_stream/Task002 = 0.0000
	TRACK_MB_acc_MIN/train_phase/train_stream/Task003 = 0.0000
	TRACK_MB_acc_MIN_AVG/train_phase/train_stream/Task000 = 0.1445
	TRACK_MB_loss/train_phase/train_stream/Task000 = 0.6352
	TRACK_MB_loss/train_phase/train_stream/Task001 = 30.1205
	TRACK_MB_loss/train_phase/train_stream/Task002 = 29.4716
	TRACK_MB_loss/train_phase/train_stream/Task003 = 29.9529
	TRACK_MB_loss/train_phase/train_stream/Task004 = 33.7911
	Time_Epoch/train_phase/train_stream/Task000 = 124.9478
Epoch 3 ended.
	CURRENT_MB_avg_gradnorm_G/train_phase/train_stream/Task000 = 0.0000
	CURRENT_MB_gradnorm_stab/train_phase/train_stream/Task000 = 0.0000
	CURRENT_MB_loss_new/train_phase/train_stream/Task000 = 0.7700
	CURRENT_MB_loss_reg/train_phase/train_stream/Task000 = 0.2620
	Loss_MB/train_phase/train_stream/Task000 = 1.0320
	TRACK_MB_F10/train_phase/train_stream/Task000 = 0.0600
	TRACK_MB_F10/train_phase/train_stream/Task001 = 0.0000
	TRACK_MB_F10/train_phase/train_stream/Task002 = 0.0000
	TRACK_MB_F10/train_phase/train_stream/Task003 = 0.0000
	TRACK_MB_F10/train_phase/train_stream/Task004 = 0.0000
	TRACK_MB_F100/train_phase/train_stream/Task000 = 0.0760
	TRACK_MB_F100/train_phase/train_stream/Task001 = 0.0000
	TRACK_MB_F100/train_phase/train_stream/Task002 = 0.0000
	TRACK_MB_F100/train_phase/train_stream/Task003 = 0.0000
	TRACK_MB_F100/train_phase/train_stream/Task004 = 0.0000
	TRACK_MB_F100_AVG/train_phase/train_stream/Task000 = 0.0152
	TRACK_MB_F10_AVG/train_phase/train_stream/Task000 = 0.0120
	TRACK_MB_LCA/train_phase/train_stream/Task000 = 0.0801
	TRACK_MB_P10/train_phase/train_stream/Task000 = 0.5060
	TRACK_MB_P10/train_phase/train_stream/Task001 = 0.0000
	TRACK_MB_P10/train_phase/train_stream/Task002 = 0.0000
	TRACK_MB_P10/train_phase/train_stream/Task003 = 0.0000
	TRACK_MB_P10/train_phase/train_stream/Task004 = 0.0000
	TRACK_MB_P100/train_phase/train_stream/Task000 = 0.7380
	TRACK_MB_P100/train_phase/train_stream/Task001 = 0.0000
	TRACK_MB_P100/train_phase/train_stream/Task002 = 0.0000
	TRACK_MB_P100/train_phase/train_stream/Task003 = 0.0000
	TRACK_MB_P100/train_phase/train_stream/Task004 = 0.0000
	TRACK_MB_P100_AVG/train_phase/train_stream/Task000 = 0.1476
	TRACK_MB_P10_AVG/train_phase/train_stream/Task000 = 0.1012
	TRACK_MB_WCACC/train_phase/train_stream/Task000 = 0.1156
	TRACK_MB_acc/train_phase/train_stream/Task000 = 0.6750
	TRACK_MB_acc/train_phase/train_stream/Task001 = 0.0000
	TRACK_MB_acc/train_phase/train_stream/Task002 = 0.0000
	TRACK_MB_acc/train_phase/train_stream/Task003 = 0.0000
	TRACK_MB_acc/train_phase/train_stream/Task004 = 0.0000
	TRACK_MB_acc_MIN/train_phase/train_stream/Task000 = 0.5780
	TRACK_MB_acc_MIN/train_phase/train_stream/Task001 = 0.0000
	TRACK_MB_acc_MIN/train_phase/train_stream/Task002 = 0.0000
	TRACK_MB_acc_MIN/train_phase/train_stream/Task003 = 0.0000
	TRACK_MB_acc_MIN_AVG/train_phase/train_stream/Task000 = 0.1445
	TRACK_MB_loss/train_phase/train_stream/Task000 = 0.6420
	TRACK_MB_loss/train_phase/train_stream/Task001 = 29.9779
	TRACK_MB_loss/train_phase/train_stream/Task002 = 29.4022
	TRACK_MB_loss/train_phase/train_stream/Task003 = 29.7713
	TRACK_MB_loss/train_phase/train_stream/Task004 = 33.9002
	Time_Epoch/train_phase/train_stream/Task000 = 126.0199
Epoch 4 ended.
	CURRENT_MB_avg_gradnorm_G/train_phase/train_stream/Task000 = 0.0000
	CURRENT_MB_gradnorm_stab/train_phase/train_stream/Task000 = 0.0000
	CURRENT_MB_loss_new/train_phase/train_stream/Task000 = 0.7700
	CURRENT_MB_loss_reg/train_phase/train_stream/Task000 = 0.2667
	Loss_MB/train_phase/train_stream/Task000 = 1.0367
	TRACK_MB_F10/train_phase/train_stream/Task000 = 0.0600
	TRACK_MB_F10/train_phase/train_stream/Task001 = 0.0000
	TRACK_MB_F10/train_phase/train_stream/Task002 = 0.0000
	TRACK_MB_F10/train_phase/train_stream/Task003 = 0.0000
	TRACK_MB_F10/train_phase/train_stream/Task004 = 0.0000
	TRACK_MB_F100/train_phase/train_stream/Task000 = 0.0760
	TRACK_MB_F100/train_phase/train_stream/Task001 = 0.0000
	TRACK_MB_F100/train_phase/train_stream/Task002 = 0.0000
	TRACK_MB_F100/train_phase/train_stream/Task003 = 0.0000
	TRACK_MB_F100/train_phase/train_stream/Task004 = 0.0000
	TRACK_MB_F100_AVG/train_phase/train_stream/Task000 = 0.0152
	TRACK_MB_F10_AVG/train_phase/train_stream/Task000 = 0.0120
	TRACK_MB_LCA/train_phase/train_stream/Task000 = 0.0801
	TRACK_MB_P10/train_phase/train_stream/Task000 = 0.5060
	TRACK_MB_P10/train_phase/train_stream/Task001 = 0.0000
	TRACK_MB_P10/train_phase/train_stream/Task002 = 0.0000
	TRACK_MB_P10/train_phase/train_stream/Task003 = 0.0000
	TRACK_MB_P10/train_phase/train_stream/Task004 = 0.0000
	TRACK_MB_P100/train_phase/train_stream/Task000 = 0.7380
	TRACK_MB_P100/train_phase/train_stream/Task001 = 0.0000
	TRACK_MB_P100/train_phase/train_stream/Task002 = 0.0000
	TRACK_MB_P100/train_phase/train_stream/Task003 = 0.0000
	TRACK_MB_P100/train_phase/train_stream/Task004 = 0.0000
	TRACK_MB_P100_AVG/train_phase/train_stream/Task000 = 0.1476
	TRACK_MB_P10_AVG/train_phase/train_stream/Task000 = 0.1012
	TRACK_MB_WCACC/train_phase/train_stream/Task000 = 0.1156
	TRACK_MB_acc/train_phase/train_stream/Task000 = 0.6700
	TRACK_MB_acc/train_phase/train_stream/Task001 = 0.0000
	TRACK_MB_acc/train_phase/train_stream/Task002 = 0.0000
	TRACK_MB_acc/train_phase/train_stream/Task003 = 0.0000
	TRACK_MB_acc/train_phase/train_stream/Task004 = 0.0000
	TRACK_MB_acc_MIN/train_phase/train_stream/Task000 = 0.5780
	TRACK_MB_acc_MIN/train_phase/train_stream/Task001 = 0.0000
	TRACK_MB_acc_MIN/train_phase/train_stream/Task002 = 0.0000
	TRACK_MB_acc_MIN/train_phase/train_stream/Task003 = 0.0000
	TRACK_MB_acc_MIN_AVG/train_phase/train_stream/Task000 = 0.1445
	TRACK_MB_loss/train_phase/train_stream/Task000 = 0.6396
	TRACK_MB_loss/train_phase/train_stream/Task001 = 29.9830
	TRACK_MB_loss/train_phase/train_stream/Task002 = 29.3797
	TRACK_MB_loss/train_phase/train_stream/Task003 = 29.8155
	TRACK_MB_loss/train_phase/train_stream/Task004 = 33.9915
	Time_Epoch/train_phase/train_stream/Task000 = 124.7465
Epoch 5 ended.
	CURRENT_MB_avg_gradnorm_G/train_phase/train_stream/Task000 = 0.0000
	CURRENT_MB_gradnorm_stab/train_phase/train_stream/Task000 = 0.0000
	CURRENT_MB_loss_new/train_phase/train_stream/Task000 = 0.7700
	CURRENT_MB_loss_reg/train_phase/train_stream/Task000 = 0.2538
	Loss_MB/train_phase/train_stream/Task000 = 1.0238
	TRACK_MB_F10/train_phase/train_stream/Task000 = 0.0600
	TRACK_MB_F10/train_phase/train_stream/Task001 = 0.0000
	TRACK_MB_F10/train_phase/train_stream/Task002 = 0.0000
	TRACK_MB_F10/train_phase/train_stream/Task003 = 0.0000
	TRACK_MB_F10/train_phase/train_stream/Task004 = 0.0000
	TRACK_MB_F100/train_phase/train_stream/Task000 = 0.0760
	TRACK_MB_F100/train_phase/train_stream/Task001 = 0.0000
	TRACK_MB_F100/train_phase/train_stream/Task002 = 0.0000
	TRACK_MB_F100/train_phase/train_stream/Task003 = 0.0000
	TRACK_MB_F100/train_phase/train_stream/Task004 = 0.0000
	TRACK_MB_F100_AVG/train_phase/train_stream/Task000 = 0.0152
	TRACK_MB_F10_AVG/train_phase/train_stream/Task000 = 0.0120
	TRACK_MB_LCA/train_phase/train_stream/Task000 = 0.0801
	TRACK_MB_P10/train_phase/train_stream/Task000 = 0.5060
	TRACK_MB_P10/train_phase/train_stream/Task001 = 0.0000
	TRACK_MB_P10/train_phase/train_stream/Task002 = 0.0000
	TRACK_MB_P10/train_phase/train_stream/Task003 = 0.0000
	TRACK_MB_P10/train_phase/train_stream/Task004 = 0.0000
	TRACK_MB_P100/train_phase/train_stream/Task000 = 0.7380
	TRACK_MB_P100/train_phase/train_stream/Task001 = 0.0000
	TRACK_MB_P100/train_phase/train_stream/Task002 = 0.0000
	TRACK_MB_P100/train_phase/train_stream/Task003 = 0.0000
	TRACK_MB_P100/train_phase/train_stream/Task004 = 0.0000
	TRACK_MB_P100_AVG/train_phase/train_stream/Task000 = 0.1476
	TRACK_MB_P10_AVG/train_phase/train_stream/Task000 = 0.1012
	TRACK_MB_WCACC/train_phase/train_stream/Task000 = 0.1156
	TRACK_MB_acc/train_phase/train_stream/Task000 = 0.6930
	TRACK_MB_acc/train_phase/train_stream/Task001 = 0.0000
	TRACK_MB_acc/train_phase/train_stream/Task002 = 0.0000
	TRACK_MB_acc/train_phase/train_stream/Task003 = 0.0000
	TRACK_MB_acc/train_phase/train_stream/Task004 = 0.0000
	TRACK_MB_acc_MIN/train_phase/train_stream/Task000 = 0.5780
	TRACK_MB_acc_MIN/train_phase/train_stream/Task001 = 0.0000
	TRACK_MB_acc_MIN/train_phase/train_stream/Task002 = 0.0000
	TRACK_MB_acc_MIN/train_phase/train_stream/Task003 = 0.0000
	TRACK_MB_acc_MIN_AVG/train_phase/train_stream/Task000 = 0.1445
	TRACK_MB_loss/train_phase/train_stream/Task000 = 0.6235
	TRACK_MB_loss/train_phase/train_stream/Task001 = 29.8889
	TRACK_MB_loss/train_phase/train_stream/Task002 = 29.3628
	TRACK_MB_loss/train_phase/train_stream/Task003 = 29.7565
	TRACK_MB_loss/train_phase/train_stream/Task004 = 33.8957
	Time_Epoch/train_phase/train_stream/Task000 = 125.6268
Epoch 6 ended.
	CURRENT_MB_avg_gradnorm_G/train_phase/train_stream/Task000 = 0.0000
	CURRENT_MB_gradnorm_stab/train_phase/train_stream/Task000 = 0.0000
	CURRENT_MB_loss_new/train_phase/train_stream/Task000 = 0.7700
	CURRENT_MB_loss_reg/train_phase/train_stream/Task000 = 0.2386
	Loss_MB/train_phase/train_stream/Task000 = 1.0086
	TRACK_MB_F10/train_phase/train_stream/Task000 = 0.0600
	TRACK_MB_F10/train_phase/train_stream/Task001 = 0.0000
	TRACK_MB_F10/train_phase/train_stream/Task002 = 0.0000
	TRACK_MB_F10/train_phase/train_stream/Task003 = 0.0000
	TRACK_MB_F10/train_phase/train_stream/Task004 = 0.0000
	TRACK_MB_F100/train_phase/train_stream/Task000 = 0.0760
	TRACK_MB_F100/train_phase/train_stream/Task001 = 0.0000
	TRACK_MB_F100/train_phase/train_stream/Task002 = 0.0000
	TRACK_MB_F100/train_phase/train_stream/Task003 = 0.0000
	TRACK_MB_F100/train_phase/train_stream/Task004 = 0.0000
	TRACK_MB_F100_AVG/train_phase/train_stream/Task000 = 0.0152
	TRACK_MB_F10_AVG/train_phase/train_stream/Task000 = 0.0120
	TRACK_MB_LCA/train_phase/train_stream/Task000 = 0.0801
	TRACK_MB_P10/train_phase/train_stream/Task000 = 0.5060
	TRACK_MB_P10/train_phase/train_stream/Task001 = 0.0000
	TRACK_MB_P10/train_phase/train_stream/Task002 = 0.0000
	TRACK_MB_P10/train_phase/train_stream/Task003 = 0.0000
	TRACK_MB_P10/train_phase/train_stream/Task004 = 0.0000
	TRACK_MB_P100/train_phase/train_stream/Task000 = 0.7380
	TRACK_MB_P100/train_phase/train_stream/Task001 = 0.0000
	TRACK_MB_P100/train_phase/train_stream/Task002 = 0.0000
	TRACK_MB_P100/train_phase/train_stream/Task003 = 0.0000
	TRACK_MB_P100/train_phase/train_stream/Task004 = 0.0000
	TRACK_MB_P100_AVG/train_phase/train_stream/Task000 = 0.1476
	TRACK_MB_P10_AVG/train_phase/train_stream/Task000 = 0.1012
	TRACK_MB_WCACC/train_phase/train_stream/Task000 = 0.1156
	TRACK_MB_acc/train_phase/train_stream/Task000 = 0.6670
	TRACK_MB_acc/train_phase/train_stream/Task001 = 0.0000
	TRACK_MB_acc/train_phase/train_stream/Task002 = 0.0000
	TRACK_MB_acc/train_phase/train_stream/Task003 = 0.0000
	TRACK_MB_acc/train_phase/train_stream/Task004 = 0.0000
	TRACK_MB_acc_MIN/train_phase/train_stream/Task000 = 0.5780
	TRACK_MB_acc_MIN/train_phase/train_stream/Task001 = 0.0000
	TRACK_MB_acc_MIN/train_phase/train_stream/Task002 = 0.0000
	TRACK_MB_acc_MIN/train_phase/train_stream/Task003 = 0.0000
	TRACK_MB_acc_MIN_AVG/train_phase/train_stream/Task000 = 0.1445
	TRACK_MB_loss/train_phase/train_stream/Task000 = 0.6626
	TRACK_MB_loss/train_phase/train_stream/Task001 = 29.9050
	TRACK_MB_loss/train_phase/train_stream/Task002 = 29.3018
	TRACK_MB_loss/train_phase/train_stream/Task003 = 29.6487
	TRACK_MB_loss/train_phase/train_stream/Task004 = 33.9498
	Time_Epoch/train_phase/train_stream/Task000 = 124.7603
Epoch 7 ended.
	CURRENT_MB_avg_gradnorm_G/train_phase/train_stream/Task000 = 0.0000
	CURRENT_MB_gradnorm_stab/train_phase/train_stream/Task000 = 0.0000
	CURRENT_MB_loss_new/train_phase/train_stream/Task000 = 0.7700
	CURRENT_MB_loss_reg/train_phase/train_stream/Task000 = 0.2503
	Loss_MB/train_phase/train_stream/Task000 = 1.0203
	TRACK_MB_F10/train_phase/train_stream/Task000 = 0.0600
	TRACK_MB_F10/train_phase/train_stream/Task001 = 0.0000
	TRACK_MB_F10/train_phase/train_stream/Task002 = 0.0000
	TRACK_MB_F10/train_phase/train_stream/Task003 = 0.0000
	TRACK_MB_F10/train_phase/train_stream/Task004 = 0.0000
	TRACK_MB_F100/train_phase/train_stream/Task000 = 0.0760
	TRACK_MB_F100/train_phase/train_stream/Task001 = 0.0000
	TRACK_MB_F100/train_phase/train_stream/Task002 = 0.0000
	TRACK_MB_F100/train_phase/train_stream/Task003 = 0.0000
	TRACK_MB_F100/train_phase/train_stream/Task004 = 0.0000
	TRACK_MB_F100_AVG/train_phase/train_stream/Task000 = 0.0152
	TRACK_MB_F10_AVG/train_phase/train_stream/Task000 = 0.0120
	TRACK_MB_LCA/train_phase/train_stream/Task000 = 0.0801
	TRACK_MB_P10/train_phase/train_stream/Task000 = 0.5060
	TRACK_MB_P10/train_phase/train_stream/Task001 = 0.0000
	TRACK_MB_P10/train_phase/train_stream/Task002 = 0.0000
	TRACK_MB_P10/train_phase/train_stream/Task003 = 0.0000
	TRACK_MB_P10/train_phase/train_stream/Task004 = 0.0000
	TRACK_MB_P100/train_phase/train_stream/Task000 = 0.7380
	TRACK_MB_P100/train_phase/train_stream/Task001 = 0.0000
	TRACK_MB_P100/train_phase/train_stream/Task002 = 0.0000
	TRACK_MB_P100/train_phase/train_stream/Task003 = 0.0000
	TRACK_MB_P100/train_phase/train_stream/Task004 = 0.0000
	TRACK_MB_P100_AVG/train_phase/train_stream/Task000 = 0.1476
	TRACK_MB_P10_AVG/train_phase/train_stream/Task000 = 0.1012
	TRACK_MB_WCACC/train_phase/train_stream/Task000 = 0.1156
	TRACK_MB_acc/train_phase/train_stream/Task000 = 0.6750
	TRACK_MB_acc/train_phase/train_stream/Task001 = 0.0000
	TRACK_MB_acc/train_phase/train_stream/Task002 = 0.0000
	TRACK_MB_acc/train_phase/train_stream/Task003 = 0.0000
	TRACK_MB_acc/train_phase/train_stream/Task004 = 0.0000
	TRACK_MB_acc_MIN/train_phase/train_stream/Task000 = 0.5780
	TRACK_MB_acc_MIN/train_phase/train_stream/Task001 = 0.0000
	TRACK_MB_acc_MIN/train_phase/train_stream/Task002 = 0.0000
	TRACK_MB_acc_MIN/train_phase/train_stream/Task003 = 0.0000
	TRACK_MB_acc_MIN_AVG/train_phase/train_stream/Task000 = 0.1445
	TRACK_MB_loss/train_phase/train_stream/Task000 = 0.6298
	TRACK_MB_loss/train_phase/train_stream/Task001 = 29.8465
	TRACK_MB_loss/train_phase/train_stream/Task002 = 29.2846
	TRACK_MB_loss/train_phase/train_stream/Task003 = 29.6188
	TRACK_MB_loss/train_phase/train_stream/Task004 = 34.1121
	Time_Epoch/train_phase/train_stream/Task000 = 125.9513
Epoch 8 ended.
	CURRENT_MB_avg_gradnorm_G/train_phase/train_stream/Task000 = 0.0000
	CURRENT_MB_gradnorm_stab/train_phase/train_stream/Task000 = 0.0000
	CURRENT_MB_loss_new/train_phase/train_stream/Task000 = 0.7700
	CURRENT_MB_loss_reg/train_phase/train_stream/Task000 = 0.2515
	Loss_MB/train_phase/train_stream/Task000 = 1.0215
	TRACK_MB_F10/train_phase/train_stream/Task000 = 0.0600
	TRACK_MB_F10/train_phase/train_stream/Task001 = 0.0000
	TRACK_MB_F10/train_phase/train_stream/Task002 = 0.0000
	TRACK_MB_F10/train_phase/train_stream/Task003 = 0.0000
	TRACK_MB_F10/train_phase/train_stream/Task004 = 0.0000
	TRACK_MB_F100/train_phase/train_stream/Task000 = 0.0760
	TRACK_MB_F100/train_phase/train_stream/Task001 = 0.0000
	TRACK_MB_F100/train_phase/train_stream/Task002 = 0.0000
	TRACK_MB_F100/train_phase/train_stream/Task003 = 0.0000
	TRACK_MB_F100/train_phase/train_stream/Task004 = 0.0000
	TRACK_MB_F100_AVG/train_phase/train_stream/Task000 = 0.0152
	TRACK_MB_F10_AVG/train_phase/train_stream/Task000 = 0.0120
	TRACK_MB_LCA/train_phase/train_stream/Task000 = 0.0801
	TRACK_MB_P10/train_phase/train_stream/Task000 = 0.5060
	TRACK_MB_P10/train_phase/train_stream/Task001 = 0.0000
	TRACK_MB_P10/train_phase/train_stream/Task002 = 0.0000
	TRACK_MB_P10/train_phase/train_stream/Task003 = 0.0000
	TRACK_MB_P10/train_phase/train_stream/Task004 = 0.0000
	TRACK_MB_P100/train_phase/train_stream/Task000 = 0.7380
	TRACK_MB_P100/train_phase/train_stream/Task001 = 0.0000
	TRACK_MB_P100/train_phase/train_stream/Task002 = 0.0000
	TRACK_MB_P100/train_phase/train_stream/Task003 = 0.0000
	TRACK_MB_P100/train_phase/train_stream/Task004 = 0.0000
	TRACK_MB_P100_AVG/train_phase/train_stream/Task000 = 0.1476
	TRACK_MB_P10_AVG/train_phase/train_stream/Task000 = 0.1012
	TRACK_MB_WCACC/train_phase/train_stream/Task000 = 0.1156
	TRACK_MB_acc/train_phase/train_stream/Task000 = 0.6820
	TRACK_MB_acc/train_phase/train_stream/Task001 = 0.0000
	TRACK_MB_acc/train_phase/train_stream/Task002 = 0.0000
	TRACK_MB_acc/train_phase/train_stream/Task003 = 0.0000
	TRACK_MB_acc/train_phase/train_stream/Task004 = 0.0000
	TRACK_MB_acc_MIN/train_phase/train_stream/Task000 = 0.5780
	TRACK_MB_acc_MIN/train_phase/train_stream/Task001 = 0.0000
	TRACK_MB_acc_MIN/train_phase/train_stream/Task002 = 0.0000
	TRACK_MB_acc_MIN/train_phase/train_stream/Task003 = 0.0000
	TRACK_MB_acc_MIN_AVG/train_phase/train_stream/Task000 = 0.1445
	TRACK_MB_loss/train_phase/train_stream/Task000 = 0.6464
	TRACK_MB_loss/train_phase/train_stream/Task001 = 29.8832
	TRACK_MB_loss/train_phase/train_stream/Task002 = 29.1178
	TRACK_MB_loss/train_phase/train_stream/Task003 = 29.3960
	TRACK_MB_loss/train_phase/train_stream/Task004 = 34.0597
	Time_Epoch/train_phase/train_stream/Task000 = 125.9631
Epoch 9 ended.
	CURRENT_MB_avg_gradnorm_G/train_phase/train_stream/Task000 = 0.0000
	CURRENT_MB_gradnorm_stab/train_phase/train_stream/Task000 = 0.0000
	CURRENT_MB_loss_new/train_phase/train_stream/Task000 = 0.7700
	CURRENT_MB_loss_reg/train_phase/train_stream/Task000 = 0.2597
	Loss_MB/train_phase/train_stream/Task000 = 1.0297
	TRACK_MB_F10/train_phase/train_stream/Task000 = 0.0600
	TRACK_MB_F10/train_phase/train_stream/Task001 = 0.0000
	TRACK_MB_F10/train_phase/train_stream/Task002 = 0.0000
	TRACK_MB_F10/train_phase/train_stream/Task003 = 0.0000
	TRACK_MB_F10/train_phase/train_stream/Task004 = 0.0000
	TRACK_MB_F100/train_phase/train_stream/Task000 = 0.0760
	TRACK_MB_F100/train_phase/train_stream/Task001 = 0.0000
	TRACK_MB_F100/train_phase/train_stream/Task002 = 0.0000
	TRACK_MB_F100/train_phase/train_stream/Task003 = 0.0000
	TRACK_MB_F100/train_phase/train_stream/Task004 = 0.0000
	TRACK_MB_F100_AVG/train_phase/train_stream/Task000 = 0.0152
	TRACK_MB_F10_AVG/train_phase/train_stream/Task000 = 0.0120
	TRACK_MB_LCA/train_phase/train_stream/Task000 = 0.0801
	TRACK_MB_P10/train_phase/train_stream/Task000 = 0.5060
	TRACK_MB_P10/train_phase/train_stream/Task001 = 0.0000
	TRACK_MB_P10/train_phase/train_stream/Task002 = 0.0000
	TRACK_MB_P10/train_phase/train_stream/Task003 = 0.0000
	TRACK_MB_P10/train_phase/train_stream/Task004 = 0.0000
	TRACK_MB_P100/train_phase/train_stream/Task000 = 0.7380
	TRACK_MB_P100/train_phase/train_stream/Task001 = 0.0000
	TRACK_MB_P100/train_phase/train_stream/Task002 = 0.0000
	TRACK_MB_P100/train_phase/train_stream/Task003 = 0.0000
	TRACK_MB_P100/train_phase/train_stream/Task004 = 0.0000
	TRACK_MB_P100_AVG/train_phase/train_stream/Task000 = 0.1476
	TRACK_MB_P10_AVG/train_phase/train_stream/Task000 = 0.1012
	TRACK_MB_WCACC/train_phase/train_stream/Task000 = 0.1156
	TRACK_MB_acc/train_phase/train_stream/Task000 = 0.6790
	TRACK_MB_acc/train_phase/train_stream/Task001 = 0.0000
	TRACK_MB_acc/train_phase/train_stream/Task002 = 0.0000
	TRACK_MB_acc/train_phase/train_stream/Task003 = 0.0000
	TRACK_MB_acc/train_phase/train_stream/Task004 = 0.0000
	TRACK_MB_acc_MIN/train_phase/train_stream/Task000 = 0.5780
	TRACK_MB_acc_MIN/train_phase/train_stream/Task001 = 0.0000
	TRACK_MB_acc_MIN/train_phase/train_stream/Task002 = 0.0000
	TRACK_MB_acc_MIN/train_phase/train_stream/Task003 = 0.0000
	TRACK_MB_acc_MIN_AVG/train_phase/train_stream/Task000 = 0.1445
	TRACK_MB_loss/train_phase/train_stream/Task000 = 0.6166
	TRACK_MB_loss/train_phase/train_stream/Task001 = 29.7258
	TRACK_MB_loss/train_phase/train_stream/Task002 = 29.0297
	TRACK_MB_loss/train_phase/train_stream/Task003 = 29.3438
	TRACK_MB_loss/train_phase/train_stream/Task004 = 34.0802
	Time_Epoch/train_phase/train_stream/Task000 = 126.6705
-- >> End of training phase << --
End training on experience 4

======================================== EVAL ========================================
Standard Continual Learning eval on entire test set on task transition.
-- >> Start of eval phase << --
-- Starting eval on experience 0 (Task 0) from test stream --
> Eval on experience 0 (Task 0) from test stream ended.
	ExperienceForgetting/eval_phase/test_stream/Task000/Exp000 = 0.0585
	Loss_Exp/eval_phase/test_stream/Task000/Exp000 = 0.6393
	Top1_Acc_Exp/eval_phase/test_stream/Task000/Exp000 = 0.6705
-- Starting eval on experience 1 (Task 0) from test stream --
> Eval on experience 1 (Task 0) from test stream ended.
	ExperienceForgetting/eval_phase/test_stream/Task000/Exp001 = 0.0000
	Loss_Exp/eval_phase/test_stream/Task000/Exp001 = 29.7313
	Top1_Acc_Exp/eval_phase/test_stream/Task000/Exp001 = 0.0000
-- Starting eval on experience 2 (Task 0) from test stream --
> Eval on experience 2 (Task 0) from test stream ended.
	ExperienceForgetting/eval_phase/test_stream/Task000/Exp002 = 0.0000
	Loss_Exp/eval_phase/test_stream/Task000/Exp002 = 28.9919
	Top1_Acc_Exp/eval_phase/test_stream/Task000/Exp002 = 0.0000
-- Starting eval on experience 3 (Task 0) from test stream --
> Eval on experience 3 (Task 0) from test stream ended.
	ExperienceForgetting/eval_phase/test_stream/Task000/Exp003 = 0.0000
	Loss_Exp/eval_phase/test_stream/Task000/Exp003 = 29.3892
	Top1_Acc_Exp/eval_phase/test_stream/Task000/Exp003 = 0.0000
-- Starting eval on experience 4 (Task 0) from test stream --
> Eval on experience 4 (Task 0) from test stream ended.
	Loss_Exp/eval_phase/test_stream/Task000/Exp004 = 34.0496
	Top1_Acc_Exp/eval_phase/test_stream/Task000/Exp004 = 0.0000
-- >> End of eval phase << --
	ConfusionMatrix_Stream/eval_phase/test_stream = <avalanche.evaluation.metric_results.AlternativeValues object at 0x7f5267ded550>
	Loss_Stream/eval_phase/test_stream/Task000 = 24.5603
	StreamForgetting/eval_phase/test_stream = 0.0146
	Top1_Acc_Stream/eval_phase/test_stream/Task000 = 0.1341
[FILE:TASK-RESULTS]: /home/yhguo/yuxuan/CL/origin/ContinualEvaluation/results/ER_CIFAR10_e=10_reproduce_paper_now=2024-04-07_06-18_uid=c9f5c6c857fe4735aea4919407478057/results_summary/seed=4/task4_results.pt
[FILE:SEED-RESULTS]: /home/yhguo/yuxuan/CL/origin/ContinualEvaluation/results/ER_CIFAR10_e=10_reproduce_paper_now=2024-04-07_06-18_uid=c9f5c6c857fe4735aea4919407478057/results_summary/seed=4_finalresults.pt
[FILE:TB-SEED-RESULTS]: /home/yhguo/yuxuan/CL/origin/ContinualEvaluation/results/ER_CIFAR10_e=10_reproduce_paper_now=2024-04-07_06-18_uid=c9f5c6c857fe4735aea4919407478057/tb_run/seed=4
[SEED-AVGED-RESULTS]=|avg_acc_final[test]	avg_forg_final[test]	WCACC_final[test]	avg_acc_MIN_final[test]	avg_F10_final[test]	avg_F100_final[test]	avg_P10_final[test]	avg_P100_final[test]|17.17600\pm8.02925	9.70000\pm13.58326	8.06000\pm3.59622	10.07500\pm4.49528	12.20000\pm10.27069	17.62000\pm14.90241	19.41200\pm8.65631	29.59200\pm14.53640
[FILE:FINAL-RESULTS]: /home/yhguo/yuxuan/CL/origin/ContinualEvaluation/results/ER_CIFAR10_e=10_reproduce_paper_now=2024-04-07_06-18_uid=c9f5c6c857fe4735aea4919407478057/results_summary/seed_summary.pt
FINISHED SCRIPT
TIMING: PYTHON EXECUTION FINISHED IN 5:27:46.351158 (h:mm:ss)
